<testsuites id="" name="" tests="290" failures="290" skipped="0" errors="0" time="1725.473876">
<testsuite name="login-biometric.spec.ts" timestamp="2025-07-14T13:04:14.079Z" hostname="chromium" tests="7" failures="7" skipped="0" time="192.002" errors="0">
<testcase name="Login and Biometric Authentication › @login Successful login with valid credentials" classname="login-biometric.spec.ts" time="31.113">
<failure message="login-biometric.spec.ts:8:7 @login Successful login with valid credentials" type="FAILURE">
<![CDATA[  [chromium] › login-biometric.spec.ts:8:7 › Login and Biometric Authentication › @login Successful login with valid credentials 

    Test timeout of 30000ms exceeded.

    Error: page.fill: Test timeout of 30000ms exceeded.
    Call log:
      - waiting for locator('input[placeholder*="email"]')


       8 |   test('@login Successful login with valid credentials', async ({ page }) => {
       9 |     // Fill login form
    > 10 |     await page.fill('input[placeholder*="email"]', 'test@example.com');
         |                ^
      11 |     await page.fill('input[placeholder*="password"]', 'password123');
      12 |     
      13 |     // Submit login
        at /Users/gailad/Documents/Dev Projects/PacheduConnect/tests/e2e/login-biometric.spec.ts:10:16

    attachment #1: screenshot (image/png) ──────────────────────────────────────────────────────────
    ../../test-results/login-biometric-Login-and--c5ada-ogin-with-valid-credentials-chromium/test-failed-1.png
    ────────────────────────────────────────────────────────────────────────────────────────────────

    attachment #2: video (video/webm) ──────────────────────────────────────────────────────────────
    ../../test-results/login-biometric-Login-and--c5ada-ogin-with-valid-credentials-chromium/video.webm
    ────────────────────────────────────────────────────────────────────────────────────────────────

    Error Context: ../../test-results/login-biometric-Login-and--c5ada-ogin-with-valid-credentials-chromium/error-context.md
]]>
</failure>
<system-out>
<![CDATA[
[[ATTACHMENT|login-biometric-Login-and--c5ada-ogin-with-valid-credentials-chromium/test-failed-1.png]]

[[ATTACHMENT|login-biometric-Login-and--c5ada-ogin-with-valid-credentials-chromium/video.webm]]

[[ATTACHMENT|login-biometric-Login-and--c5ada-ogin-with-valid-credentials-chromium/error-context.md]]
]]>
</system-out>
</testcase>
<testcase name="Login and Biometric Authentication › @login Login validation errors" classname="login-biometric.spec.ts" time="31.221">
<failure message="login-biometric.spec.ts:24:7 @login Login validation errors" type="FAILURE">
<![CDATA[  [chromium] › login-biometric.spec.ts:24:7 › Login and Biometric Authentication › @login Login validation errors 

    Test timeout of 30000ms exceeded.

    Error: page.click: Test timeout of 30000ms exceeded.
    Call log:
      - waiting for locator('button[type="submit"]')


      24 |   test('@login Login validation errors', async ({ page }) => {
      25 |     // Test empty form
    > 26 |     await page.click('button[type="submit"]');
         |                ^
      27 |     await expect(page.locator('text=required')).toBeVisible();
      28 |     
      29 |     // Test invalid credentials
        at /Users/gailad/Documents/Dev Projects/PacheduConnect/tests/e2e/login-biometric.spec.ts:26:16

    attachment #1: screenshot (image/png) ──────────────────────────────────────────────────────────
    ../../test-results/login-biometric-Login-and--733f4-gin-Login-validation-errors-chromium/test-failed-1.png
    ────────────────────────────────────────────────────────────────────────────────────────────────

    attachment #2: video (video/webm) ──────────────────────────────────────────────────────────────
    ../../test-results/login-biometric-Login-and--733f4-gin-Login-validation-errors-chromium/video.webm
    ────────────────────────────────────────────────────────────────────────────────────────────────

    Error Context: ../../test-results/login-biometric-Login-and--733f4-gin-Login-validation-errors-chromium/error-context.md
]]>
</failure>
<system-out>
<![CDATA[
[[ATTACHMENT|login-biometric-Login-and--733f4-gin-Login-validation-errors-chromium/test-failed-1.png]]

[[ATTACHMENT|login-biometric-Login-and--733f4-gin-Login-validation-errors-chromium/video.webm]]

[[ATTACHMENT|login-biometric-Login-and--733f4-gin-Login-validation-errors-chromium/error-context.md]]
]]>
</system-out>
</testcase>
<testcase name="Login and Biometric Authentication › @login Password reset flow" classname="login-biometric.spec.ts" time="31.007">
<failure message="login-biometric.spec.ts:37:7 @login Password reset flow" type="FAILURE">
<![CDATA[  [chromium] › login-biometric.spec.ts:37:7 › Login and Biometric Authentication › @login Password reset flow 

    Test timeout of 30000ms exceeded.

    Error: page.fill: Test timeout of 30000ms exceeded.
    Call log:
      - waiting for locator('input[placeholder*="email"]')


      40 |     
      41 |     // Fill email for password reset
    > 42 |     await page.fill('input[placeholder*="email"]', 'test@example.com');
         |                ^
      43 |     await page.click('button[type="submit"]');
      44 |     
      45 |     // Verify OTP sent message
        at /Users/gailad/Documents/Dev Projects/PacheduConnect/tests/e2e/login-biometric.spec.ts:42:16

    attachment #1: screenshot (image/png) ──────────────────────────────────────────────────────────
    ../../test-results/login-biometric-Login-and--1e0bb-n-login-Password-reset-flow-chromium/test-failed-1.png
    ────────────────────────────────────────────────────────────────────────────────────────────────

    attachment #2: video (video/webm) ──────────────────────────────────────────────────────────────
    ../../test-results/login-biometric-Login-and--1e0bb-n-login-Password-reset-flow-chromium/video.webm
    ────────────────────────────────────────────────────────────────────────────────────────────────

    Error Context: ../../test-results/login-biometric-Login-and--1e0bb-n-login-Password-reset-flow-chromium/error-context.md
]]>
</failure>
<system-out>
<![CDATA[
[[ATTACHMENT|login-biometric-Login-and--1e0bb-n-login-Password-reset-flow-chromium/test-failed-1.png]]

[[ATTACHMENT|login-biometric-Login-and--1e0bb-n-login-Password-reset-flow-chromium/video.webm]]

[[ATTACHMENT|login-biometric-Login-and--1e0bb-n-login-Password-reset-flow-chromium/error-context.md]]
]]>
</system-out>
</testcase>
<testcase name="Login and Biometric Authentication › @login Biometric authentication prompt" classname="login-biometric.spec.ts" time="31.101">
<failure message="login-biometric.spec.ts:58:7 @login Biometric authentication prompt" type="FAILURE">
<![CDATA[  [chromium] › login-biometric.spec.ts:58:7 › Login and Biometric Authentication › @login Biometric authentication prompt 

    Test timeout of 30000ms exceeded.

    Error: page.fill: Test timeout of 30000ms exceeded.
    Call log:
      - waiting for locator('input[placeholder*="email"]')


      68 |     
      69 |     // Login first
    > 70 |     await page.fill('input[placeholder*="email"]', 'test@example.com');
         |                ^
      71 |     await page.fill('input[placeholder*="password"]', 'password123');
      72 |     await page.click('button[type="submit"]');
      73 |     
        at /Users/gailad/Documents/Dev Projects/PacheduConnect/tests/e2e/login-biometric.spec.ts:70:16

    attachment #1: screenshot (image/png) ──────────────────────────────────────────────────────────
    ../../test-results/login-biometric-Login-and--67027-etric-authentication-prompt-chromium/test-failed-1.png
    ────────────────────────────────────────────────────────────────────────────────────────────────

    attachment #2: video (video/webm) ──────────────────────────────────────────────────────────────
    ../../test-results/login-biometric-Login-and--67027-etric-authentication-prompt-chromium/video.webm
    ────────────────────────────────────────────────────────────────────────────────────────────────

    Error Context: ../../test-results/login-biometric-Login-and--67027-etric-authentication-prompt-chromium/error-context.md
]]>
</failure>
<system-out>
<![CDATA[
[[ATTACHMENT|login-biometric-Login-and--67027-etric-authentication-prompt-chromium/test-failed-1.png]]

[[ATTACHMENT|login-biometric-Login-and--67027-etric-authentication-prompt-chromium/video.webm]]

[[ATTACHMENT|login-biometric-Login-and--67027-etric-authentication-prompt-chromium/error-context.md]]
]]>
</system-out>
</testcase>
<testcase name="Login and Biometric Authentication › @login Biometric login flow" classname="login-biometric.spec.ts" time="6.067">
<failure message="login-biometric.spec.ts:91:7 @login Biometric login flow" type="FAILURE">
<![CDATA[  [chromium] › login-biometric.spec.ts:91:7 › Login and Biometric Authentication › @login Biometric login flow 

    Error: Timed out 5000ms waiting for expect(locator).toBeVisible()

    Locator: locator('text=Login with biometrics')
    Expected: visible
    Received: <element(s) not found>
    Call log:
      - Expect "toBeVisible" with timeout 5000ms
      - waiting for locator('text=Login with biometrics')


      104 |     
      105 |     // Should show biometric login option
    > 106 |     await expect(page.locator('text=Login with biometrics')).toBeVisible();
          |                                                              ^
      107 |     
      108 |     // Click biometric login
      109 |     await page.click('button:has-text("Login with biometrics")');
        at /Users/gailad/Documents/Dev Projects/PacheduConnect/tests/e2e/login-biometric.spec.ts:106:62

    attachment #1: screenshot (image/png) ──────────────────────────────────────────────────────────
    ../../test-results/login-biometric-Login-and--80bd0--login-Biometric-login-flow-chromium/test-failed-1.png
    ────────────────────────────────────────────────────────────────────────────────────────────────

    attachment #2: video (video/webm) ──────────────────────────────────────────────────────────────
    ../../test-results/login-biometric-Login-and--80bd0--login-Biometric-login-flow-chromium/video.webm
    ────────────────────────────────────────────────────────────────────────────────────────────────

    Error Context: ../../test-results/login-biometric-Login-and--80bd0--login-Biometric-login-flow-chromium/error-context.md
]]>
</failure>
<system-out>
<![CDATA[
[[ATTACHMENT|login-biometric-Login-and--80bd0--login-Biometric-login-flow-chromium/test-failed-1.png]]

[[ATTACHMENT|login-biometric-Login-and--80bd0--login-Biometric-login-flow-chromium/video.webm]]

[[ATTACHMENT|login-biometric-Login-and--80bd0--login-Biometric-login-flow-chromium/error-context.md]]
]]>
</system-out>
</testcase>
<testcase name="Login and Biometric Authentication › @login Session management" classname="login-biometric.spec.ts" time="30.74">
<failure message="login-biometric.spec.ts:122:7 @login Session management" type="FAILURE">
<![CDATA[  [chromium] › login-biometric.spec.ts:122:7 › Login and Biometric Authentication › @login Session management 

    Test timeout of 30000ms exceeded.

    Error: page.fill: Test timeout of 30000ms exceeded.
    Call log:
      - waiting for locator('input[placeholder*="email"]')


      122 |   test('@login Session management', async ({ page }) => {
      123 |     // Login first
    > 124 |     await page.fill('input[placeholder*="email"]', 'test@example.com');
          |                ^
      125 |     await page.fill('input[placeholder*="password"]', 'password123');
      126 |     await page.click('button[type="submit"]');
      127 |     
        at /Users/gailad/Documents/Dev Projects/PacheduConnect/tests/e2e/login-biometric.spec.ts:124:16

    attachment #1: screenshot (image/png) ──────────────────────────────────────────────────────────
    ../../test-results/login-biometric-Login-and--cc850-on-login-Session-management-chromium/test-failed-1.png
    ────────────────────────────────────────────────────────────────────────────────────────────────

    attachment #2: video (video/webm) ──────────────────────────────────────────────────────────────
    ../../test-results/login-biometric-Login-and--cc850-on-login-Session-management-chromium/video.webm
    ────────────────────────────────────────────────────────────────────────────────────────────────

    Error Context: ../../test-results/login-biometric-Login-and--cc850-on-login-Session-management-chromium/error-context.md
]]>
</failure>
<system-out>
<![CDATA[
[[ATTACHMENT|login-biometric-Login-and--cc850-on-login-Session-management-chromium/test-failed-1.png]]

[[ATTACHMENT|login-biometric-Login-and--cc850-on-login-Session-management-chromium/video.webm]]

[[ATTACHMENT|login-biometric-Login-and--cc850-on-login-Session-management-chromium/error-context.md]]
]]>
</system-out>
</testcase>
<testcase name="Login and Biometric Authentication › @login Offline login handling" classname="login-biometric.spec.ts" time="30.753">
<failure message="login-biometric.spec.ts:145:7 @login Offline login handling" type="FAILURE">
<![CDATA[  [chromium] › login-biometric.spec.ts:145:7 › Login and Biometric Authentication › @login Offline login handling 

    Test timeout of 30000ms exceeded.

    Error: page.fill: Test timeout of 30000ms exceeded.
    Call log:
      - waiting for locator('input[placeholder*="email"]')


      148 |     
      149 |     // Try to login
    > 150 |     await page.fill('input[placeholder*="email"]', 'test@example.com');
          |                ^
      151 |     await page.fill('input[placeholder*="password"]', 'password123');
      152 |     await page.click('button[type="submit"]');
      153 |     
        at /Users/gailad/Documents/Dev Projects/PacheduConnect/tests/e2e/login-biometric.spec.ts:150:16

    attachment #1: screenshot (image/png) ──────────────────────────────────────────────────────────
    ../../test-results/login-biometric-Login-and--3bab3-ogin-Offline-login-handling-chromium/test-failed-1.png
    ────────────────────────────────────────────────────────────────────────────────────────────────

    attachment #2: video (video/webm) ──────────────────────────────────────────────────────────────
    ../../test-results/login-biometric-Login-and--3bab3-ogin-Offline-login-handling-chromium/video.webm
    ────────────────────────────────────────────────────────────────────────────────────────────────

    Error Context: ../../test-results/login-biometric-Login-and--3bab3-ogin-Offline-login-handling-chromium/error-context.md
]]>
</failure>
<system-out>
<![CDATA[
[[ATTACHMENT|login-biometric-Login-and--3bab3-ogin-Offline-login-handling-chromium/test-failed-1.png]]

[[ATTACHMENT|login-biometric-Login-and--3bab3-ogin-Offline-login-handling-chromium/video.webm]]

[[ATTACHMENT|login-biometric-Login-and--3bab3-ogin-Offline-login-handling-chromium/error-context.md]]
]]>
</system-out>
</testcase>
</testsuite>
<testsuite name="registration-kyc.spec.ts" timestamp="2025-07-14T13:04:14.079Z" hostname="chromium" tests="4" failures="4" skipped="0" time="22.434" errors="0">
<testcase name="Registration &amp; KYC Flow › @registration Complete registration and KYC flow" classname="registration-kyc.spec.ts" time="5.65">
<failure message="registration-kyc.spec.ts:10:7 @registration Complete registration and KYC flow" type="FAILURE">
<![CDATA[  [chromium] › registration-kyc.spec.ts:10:7 › Registration & KYC Flow › @registration Complete registration and KYC flow 

    Error: Timed out 5000ms waiting for expect(page).toHaveTitle(expected)

    Expected pattern: /PacheduConnect/
    Received string:  "Pachedu - Send Money to Zimbabwe from South Africa"
    Call log:
      - Expect "toHaveTitle" with timeout 5000ms
        9 × unexpected value "Pachedu - Send Money to Zimbabwe from South Africa"


       5 |     // Navigate to homepage
       6 |     await page.goto('/');
    >  7 |     await expect(page).toHaveTitle(/PacheduConnect/);
         |                        ^
       8 |   });
       9 |
      10 |   test('@registration Complete registration and KYC flow', async ({ page }) => {
        at /Users/gailad/Documents/Dev Projects/PacheduConnect/tests/e2e/registration-kyc.spec.ts:7:24

    attachment #1: screenshot (image/png) ──────────────────────────────────────────────────────────
    ../../test-results/registration-kyc-Registrat-1593a-e-registration-and-KYC-flow-chromium/test-failed-1.png
    ────────────────────────────────────────────────────────────────────────────────────────────────

    attachment #2: video (video/webm) ──────────────────────────────────────────────────────────────
    ../../test-results/registration-kyc-Registrat-1593a-e-registration-and-KYC-flow-chromium/video.webm
    ────────────────────────────────────────────────────────────────────────────────────────────────

    Error Context: ../../test-results/registration-kyc-Registrat-1593a-e-registration-and-KYC-flow-chromium/error-context.md
]]>
</failure>
<system-out>
<![CDATA[
[[ATTACHMENT|registration-kyc-Registrat-1593a-e-registration-and-KYC-flow-chromium/test-failed-1.png]]

[[ATTACHMENT|registration-kyc-Registrat-1593a-e-registration-and-KYC-flow-chromium/video.webm]]

[[ATTACHMENT|registration-kyc-Registrat-1593a-e-registration-and-KYC-flow-chromium/error-context.md]]
]]>
</system-out>
</testcase>
<testcase name="Registration &amp; KYC Flow › @registration Registration form validation" classname="registration-kyc.spec.ts" time="5.628">
<failure message="registration-kyc.spec.ts:73:7 @registration Registration form validation" type="FAILURE">
<![CDATA[  [chromium] › registration-kyc.spec.ts:73:7 › Registration & KYC Flow › @registration Registration form validation 

    Error: Timed out 5000ms waiting for expect(page).toHaveTitle(expected)

    Expected pattern: /PacheduConnect/
    Received string:  "Pachedu - Send Money to Zimbabwe from South Africa"
    Call log:
      - Expect "toHaveTitle" with timeout 5000ms
        9 × unexpected value "Pachedu - Send Money to Zimbabwe from South Africa"


       5 |     // Navigate to homepage
       6 |     await page.goto('/');
    >  7 |     await expect(page).toHaveTitle(/PacheduConnect/);
         |                        ^
       8 |   });
       9 |
      10 |   test('@registration Complete registration and KYC flow', async ({ page }) => {
        at /Users/gailad/Documents/Dev Projects/PacheduConnect/tests/e2e/registration-kyc.spec.ts:7:24

    attachment #1: screenshot (image/png) ──────────────────────────────────────────────────────────
    ../../test-results/registration-kyc-Registrat-ded3a-egistration-form-validation-chromium/test-failed-1.png
    ────────────────────────────────────────────────────────────────────────────────────────────────

    attachment #2: video (video/webm) ──────────────────────────────────────────────────────────────
    ../../test-results/registration-kyc-Registrat-ded3a-egistration-form-validation-chromium/video.webm
    ────────────────────────────────────────────────────────────────────────────────────────────────

    Error Context: ../../test-results/registration-kyc-Registrat-ded3a-egistration-form-validation-chromium/error-context.md
]]>
</failure>
<system-out>
<![CDATA[
[[ATTACHMENT|registration-kyc-Registrat-ded3a-egistration-form-validation-chromium/test-failed-1.png]]

[[ATTACHMENT|registration-kyc-Registrat-ded3a-egistration-form-validation-chromium/video.webm]]

[[ATTACHMENT|registration-kyc-Registrat-ded3a-egistration-form-validation-chromium/error-context.md]]
]]>
</system-out>
</testcase>
<testcase name="Registration &amp; KYC Flow › @registration KYC document upload validation" classname="registration-kyc.spec.ts" time="5.621">
<failure message="registration-kyc.spec.ts:96:7 @registration KYC document upload validation" type="FAILURE">
<![CDATA[  [chromium] › registration-kyc.spec.ts:96:7 › Registration & KYC Flow › @registration KYC document upload validation 

    Error: Timed out 5000ms waiting for expect(page).toHaveTitle(expected)

    Expected pattern: /PacheduConnect/
    Received string:  "Pachedu - Send Money to Zimbabwe from South Africa"
    Call log:
      - Expect "toHaveTitle" with timeout 5000ms
        9 × unexpected value "Pachedu - Send Money to Zimbabwe from South Africa"


       5 |     // Navigate to homepage
       6 |     await page.goto('/');
    >  7 |     await expect(page).toHaveTitle(/PacheduConnect/);
         |                        ^
       8 |   });
       9 |
      10 |   test('@registration Complete registration and KYC flow', async ({ page }) => {
        at /Users/gailad/Documents/Dev Projects/PacheduConnect/tests/e2e/registration-kyc.spec.ts:7:24

    attachment #1: screenshot (image/png) ──────────────────────────────────────────────────────────
    ../../test-results/registration-kyc-Registrat-31361--document-upload-validation-chromium/test-failed-1.png
    ────────────────────────────────────────────────────────────────────────────────────────────────

    attachment #2: video (video/webm) ──────────────────────────────────────────────────────────────
    ../../test-results/registration-kyc-Registrat-31361--document-upload-validation-chromium/video.webm
    ────────────────────────────────────────────────────────────────────────────────────────────────

    Error Context: ../../test-results/registration-kyc-Registrat-31361--document-upload-validation-chromium/error-context.md
]]>
</failure>
<system-out>
<![CDATA[
[[ATTACHMENT|registration-kyc-Registrat-31361--document-upload-validation-chromium/test-failed-1.png]]

[[ATTACHMENT|registration-kyc-Registrat-31361--document-upload-validation-chromium/video.webm]]

[[ATTACHMENT|registration-kyc-Registrat-31361--document-upload-validation-chromium/error-context.md]]
]]>
</system-out>
</testcase>
<testcase name="Registration &amp; KYC Flow › @registration Real-time KYC feedback" classname="registration-kyc.spec.ts" time="5.535">
<failure message="registration-kyc.spec.ts:119:7 @registration Real-time KYC feedback" type="FAILURE">
<![CDATA[  [chromium] › registration-kyc.spec.ts:119:7 › Registration & KYC Flow › @registration Real-time KYC feedback 

    Error: Timed out 5000ms waiting for expect(page).toHaveTitle(expected)

    Expected pattern: /PacheduConnect/
    Received string:  "Pachedu - Send Money to Zimbabwe from South Africa"
    Call log:
      - Expect "toHaveTitle" with timeout 5000ms
        9 × unexpected value "Pachedu - Send Money to Zimbabwe from South Africa"


       5 |     // Navigate to homepage
       6 |     await page.goto('/');
    >  7 |     await expect(page).toHaveTitle(/PacheduConnect/);
         |                        ^
       8 |   });
       9 |
      10 |   test('@registration Complete registration and KYC flow', async ({ page }) => {
        at /Users/gailad/Documents/Dev Projects/PacheduConnect/tests/e2e/registration-kyc.spec.ts:7:24

    attachment #1: screenshot (image/png) ──────────────────────────────────────────────────────────
    ../../test-results/registration-kyc-Registrat-46006-tion-Real-time-KYC-feedback-chromium/test-failed-1.png
    ────────────────────────────────────────────────────────────────────────────────────────────────

    attachment #2: video (video/webm) ──────────────────────────────────────────────────────────────
    ../../test-results/registration-kyc-Registrat-46006-tion-Real-time-KYC-feedback-chromium/video.webm
    ────────────────────────────────────────────────────────────────────────────────────────────────

    Error Context: ../../test-results/registration-kyc-Registrat-46006-tion-Real-time-KYC-feedback-chromium/error-context.md
]]>
</failure>
<system-out>
<![CDATA[
[[ATTACHMENT|registration-kyc-Registrat-46006-tion-Real-time-KYC-feedback-chromium/test-failed-1.png]]

[[ATTACHMENT|registration-kyc-Registrat-46006-tion-Real-time-KYC-feedback-chromium/video.webm]]

[[ATTACHMENT|registration-kyc-Registrat-46006-tion-Real-time-KYC-feedback-chromium/error-context.md]]
]]>
</system-out>
</testcase>
</testsuite>
<testsuite name="send-money.spec.ts" timestamp="2025-07-14T13:04:14.079Z" hostname="chromium" tests="6" failures="6" skipped="0" time="184.568" errors="0">
<testcase name="Send Money Journey › @send Complete send money flow" classname="send-money.spec.ts" time="30.777">
<failure message="send-money.spec.ts:13:7 @send Complete send money flow" type="FAILURE">
<![CDATA[  [chromium] › send-money.spec.ts:13:7 › Send Money Journey › @send Complete send money flow ───────

    Test timeout of 30000ms exceeded while running "beforeEach" hook.

      2 |
      3 | test.describe('Send Money Journey', () => {
    > 4 |   test.beforeEach(async ({ page }) => {
        |        ^
      5 |     // Login first
      6 |     await page.goto('/auth');
      7 |     await page.fill('input[placeholder*="email"]', 'test@example.com');
        at /Users/gailad/Documents/Dev Projects/PacheduConnect/tests/e2e/send-money.spec.ts:4:8

    Error: page.fill: Test timeout of 30000ms exceeded.
    Call log:
      - waiting for locator('input[placeholder*="email"]')


       5 |     // Login first
       6 |     await page.goto('/auth');
    >  7 |     await page.fill('input[placeholder*="email"]', 'test@example.com');
         |                ^
       8 |     await page.fill('input[placeholder*="password"]', 'password123');
       9 |     await page.click('button[type="submit"]');
      10 |     await expect(page).toHaveURL(/.*dashboard/);
        at /Users/gailad/Documents/Dev Projects/PacheduConnect/tests/e2e/send-money.spec.ts:7:16

    attachment #1: screenshot (image/png) ──────────────────────────────────────────────────────────
    ../../test-results/send-money-Send-Money-Journey-send-Complete-send-money-flow-chromium/test-failed-1.png
    ────────────────────────────────────────────────────────────────────────────────────────────────

    attachment #2: video (video/webm) ──────────────────────────────────────────────────────────────
    ../../test-results/send-money-Send-Money-Journey-send-Complete-send-money-flow-chromium/video.webm
    ────────────────────────────────────────────────────────────────────────────────────────────────

    Error Context: ../../test-results/send-money-Send-Money-Journey-send-Complete-send-money-flow-chromium/error-context.md
]]>
</failure>
<system-out>
<![CDATA[
[[ATTACHMENT|send-money-Send-Money-Journey-send-Complete-send-money-flow-chromium/test-failed-1.png]]

[[ATTACHMENT|send-money-Send-Money-Journey-send-Complete-send-money-flow-chromium/video.webm]]

[[ATTACHMENT|send-money-Send-Money-Journey-send-Complete-send-money-flow-chromium/error-context.md]]
]]>
</system-out>
</testcase>
<testcase name="Send Money Journey › @send Currency converter validation" classname="send-money.spec.ts" time="30.746">
<failure message="send-money.spec.ts:82:7 @send Currency converter validation" type="FAILURE">
<![CDATA[  [chromium] › send-money.spec.ts:82:7 › Send Money Journey › @send Currency converter validation ──

    Test timeout of 30000ms exceeded while running "beforeEach" hook.

      2 |
      3 | test.describe('Send Money Journey', () => {
    > 4 |   test.beforeEach(async ({ page }) => {
        |        ^
      5 |     // Login first
      6 |     await page.goto('/auth');
      7 |     await page.fill('input[placeholder*="email"]', 'test@example.com');
        at /Users/gailad/Documents/Dev Projects/PacheduConnect/tests/e2e/send-money.spec.ts:4:8

    Error: page.fill: Test timeout of 30000ms exceeded.
    Call log:
      - waiting for locator('input[placeholder*="email"]')


       5 |     // Login first
       6 |     await page.goto('/auth');
    >  7 |     await page.fill('input[placeholder*="email"]', 'test@example.com');
         |                ^
       8 |     await page.fill('input[placeholder*="password"]', 'password123');
       9 |     await page.click('button[type="submit"]');
      10 |     await expect(page).toHaveURL(/.*dashboard/);
        at /Users/gailad/Documents/Dev Projects/PacheduConnect/tests/e2e/send-money.spec.ts:7:16

    attachment #1: screenshot (image/png) ──────────────────────────────────────────────────────────
    ../../test-results/send-money-Send-Money-Jour-eb7a3-rrency-converter-validation-chromium/test-failed-1.png
    ────────────────────────────────────────────────────────────────────────────────────────────────

    attachment #2: video (video/webm) ──────────────────────────────────────────────────────────────
    ../../test-results/send-money-Send-Money-Jour-eb7a3-rrency-converter-validation-chromium/video.webm
    ────────────────────────────────────────────────────────────────────────────────────────────────

    Error Context: ../../test-results/send-money-Send-Money-Jour-eb7a3-rrency-converter-validation-chromium/error-context.md
]]>
</failure>
<system-out>
<![CDATA[
[[ATTACHMENT|send-money-Send-Money-Jour-eb7a3-rrency-converter-validation-chromium/test-failed-1.png]]

[[ATTACHMENT|send-money-Send-Money-Jour-eb7a3-rrency-converter-validation-chromium/video.webm]]

[[ATTACHMENT|send-money-Send-Money-Jour-eb7a3-rrency-converter-validation-chromium/error-context.md]]
]]>
</system-out>
</testcase>
<testcase name="Send Money Journey › @send Fee breakdown validation" classname="send-money.spec.ts" time="30.821">
<failure message="send-money.spec.ts:112:7 @send Fee breakdown validation" type="FAILURE">
<![CDATA[  [chromium] › send-money.spec.ts:112:7 › Send Money Journey › @send Fee breakdown validation ──────

    Test timeout of 30000ms exceeded while running "beforeEach" hook.

      2 |
      3 | test.describe('Send Money Journey', () => {
    > 4 |   test.beforeEach(async ({ page }) => {
        |        ^
      5 |     // Login first
      6 |     await page.goto('/auth');
      7 |     await page.fill('input[placeholder*="email"]', 'test@example.com');
        at /Users/gailad/Documents/Dev Projects/PacheduConnect/tests/e2e/send-money.spec.ts:4:8

    Error: page.fill: Test timeout of 30000ms exceeded.
    Call log:
      - waiting for locator('input[placeholder*="email"]')


       5 |     // Login first
       6 |     await page.goto('/auth');
    >  7 |     await page.fill('input[placeholder*="email"]', 'test@example.com');
         |                ^
       8 |     await page.fill('input[placeholder*="password"]', 'password123');
       9 |     await page.click('button[type="submit"]');
      10 |     await expect(page).toHaveURL(/.*dashboard/);
        at /Users/gailad/Documents/Dev Projects/PacheduConnect/tests/e2e/send-money.spec.ts:7:16

    attachment #1: screenshot (image/png) ──────────────────────────────────────────────────────────
    ../../test-results/send-money-Send-Money-Journey-send-Fee-breakdown-validation-chromium/test-failed-1.png
    ────────────────────────────────────────────────────────────────────────────────────────────────

    attachment #2: video (video/webm) ──────────────────────────────────────────────────────────────
    ../../test-results/send-money-Send-Money-Journey-send-Fee-breakdown-validation-chromium/video.webm
    ────────────────────────────────────────────────────────────────────────────────────────────────

    Error Context: ../../test-results/send-money-Send-Money-Journey-send-Fee-breakdown-validation-chromium/error-context.md
]]>
</failure>
<system-out>
<![CDATA[
[[ATTACHMENT|send-money-Send-Money-Journey-send-Fee-breakdown-validation-chromium/test-failed-1.png]]

[[ATTACHMENT|send-money-Send-Money-Journey-send-Fee-breakdown-validation-chromium/video.webm]]

[[ATTACHMENT|send-money-Send-Money-Journey-send-Fee-breakdown-validation-chromium/error-context.md]]
]]>
</system-out>
</testcase>
<testcase name="Send Money Journey › @send Recipient management" classname="send-money.spec.ts" time="30.823">
<failure message="send-money.spec.ts:137:7 @send Recipient management" type="FAILURE">
<![CDATA[  [chromium] › send-money.spec.ts:137:7 › Send Money Journey › @send Recipient management ──────────

    Test timeout of 30000ms exceeded while running "beforeEach" hook.

      2 |
      3 | test.describe('Send Money Journey', () => {
    > 4 |   test.beforeEach(async ({ page }) => {
        |        ^
      5 |     // Login first
      6 |     await page.goto('/auth');
      7 |     await page.fill('input[placeholder*="email"]', 'test@example.com');
        at /Users/gailad/Documents/Dev Projects/PacheduConnect/tests/e2e/send-money.spec.ts:4:8

    Error: page.fill: Test timeout of 30000ms exceeded.
    Call log:
      - waiting for locator('input[placeholder*="email"]')


       5 |     // Login first
       6 |     await page.goto('/auth');
    >  7 |     await page.fill('input[placeholder*="email"]', 'test@example.com');
         |                ^
       8 |     await page.fill('input[placeholder*="password"]', 'password123');
       9 |     await page.click('button[type="submit"]');
      10 |     await expect(page).toHaveURL(/.*dashboard/);
        at /Users/gailad/Documents/Dev Projects/PacheduConnect/tests/e2e/send-money.spec.ts:7:16

    attachment #1: screenshot (image/png) ──────────────────────────────────────────────────────────
    ../../test-results/send-money-Send-Money-Journey-send-Recipient-management-chromium/test-failed-1.png
    ────────────────────────────────────────────────────────────────────────────────────────────────

    attachment #2: video (video/webm) ──────────────────────────────────────────────────────────────
    ../../test-results/send-money-Send-Money-Journey-send-Recipient-management-chromium/video.webm
    ────────────────────────────────────────────────────────────────────────────────────────────────

    Error Context: ../../test-results/send-money-Send-Money-Journey-send-Recipient-management-chromium/error-context.md
]]>
</failure>
<system-out>
<![CDATA[
[[ATTACHMENT|send-money-Send-Money-Journey-send-Recipient-management-chromium/test-failed-1.png]]

[[ATTACHMENT|send-money-Send-Money-Journey-send-Recipient-management-chromium/video.webm]]

[[ATTACHMENT|send-money-Send-Money-Journey-send-Recipient-management-chromium/error-context.md]]
]]>
</system-out>
</testcase>
<testcase name="Send Money Journey › @send Transaction limits validation" classname="send-money.spec.ts" time="30.708">
<failure message="send-money.spec.ts:181:7 @send Transaction limits validation" type="FAILURE">
<![CDATA[  [chromium] › send-money.spec.ts:181:7 › Send Money Journey › @send Transaction limits validation ─

    Test timeout of 30000ms exceeded while running "beforeEach" hook.

      2 |
      3 | test.describe('Send Money Journey', () => {
    > 4 |   test.beforeEach(async ({ page }) => {
        |        ^
      5 |     // Login first
      6 |     await page.goto('/auth');
      7 |     await page.fill('input[placeholder*="email"]', 'test@example.com');
        at /Users/gailad/Documents/Dev Projects/PacheduConnect/tests/e2e/send-money.spec.ts:4:8

    Error: page.fill: Test timeout of 30000ms exceeded.
    Call log:
      - waiting for locator('input[placeholder*="email"]')


       5 |     // Login first
       6 |     await page.goto('/auth');
    >  7 |     await page.fill('input[placeholder*="email"]', 'test@example.com');
         |                ^
       8 |     await page.fill('input[placeholder*="password"]', 'password123');
       9 |     await page.click('button[type="submit"]');
      10 |     await expect(page).toHaveURL(/.*dashboard/);
        at /Users/gailad/Documents/Dev Projects/PacheduConnect/tests/e2e/send-money.spec.ts:7:16

    attachment #1: screenshot (image/png) ──────────────────────────────────────────────────────────
    ../../test-results/send-money-Send-Money-Jour-b6f5f-ansaction-limits-validation-chromium/test-failed-1.png
    ────────────────────────────────────────────────────────────────────────────────────────────────

    attachment #2: video (video/webm) ──────────────────────────────────────────────────────────────
    ../../test-results/send-money-Send-Money-Jour-b6f5f-ansaction-limits-validation-chromium/video.webm
    ────────────────────────────────────────────────────────────────────────────────────────────────

    Error Context: ../../test-results/send-money-Send-Money-Jour-b6f5f-ansaction-limits-validation-chromium/error-context.md
]]>
</failure>
<system-out>
<![CDATA[
[[ATTACHMENT|send-money-Send-Money-Jour-b6f5f-ansaction-limits-validation-chromium/test-failed-1.png]]

[[ATTACHMENT|send-money-Send-Money-Jour-b6f5f-ansaction-limits-validation-chromium/video.webm]]

[[ATTACHMENT|send-money-Send-Money-Jour-b6f5f-ansaction-limits-validation-chromium/error-context.md]]
]]>
</system-out>
</testcase>
<testcase name="Send Money Journey › @send Network error handling" classname="send-money.spec.ts" time="30.693">
<failure message="send-money.spec.ts:203:7 @send Network error handling" type="FAILURE">
<![CDATA[  [chromium] › send-money.spec.ts:203:7 › Send Money Journey › @send Network error handling ────────

    Test timeout of 30000ms exceeded while running "beforeEach" hook.

      2 |
      3 | test.describe('Send Money Journey', () => {
    > 4 |   test.beforeEach(async ({ page }) => {
        |        ^
      5 |     // Login first
      6 |     await page.goto('/auth');
      7 |     await page.fill('input[placeholder*="email"]', 'test@example.com');
        at /Users/gailad/Documents/Dev Projects/PacheduConnect/tests/e2e/send-money.spec.ts:4:8

    Error: page.fill: Test timeout of 30000ms exceeded.
    Call log:
      - waiting for locator('input[placeholder*="email"]')


       5 |     // Login first
       6 |     await page.goto('/auth');
    >  7 |     await page.fill('input[placeholder*="email"]', 'test@example.com');
         |                ^
       8 |     await page.fill('input[placeholder*="password"]', 'password123');
       9 |     await page.click('button[type="submit"]');
      10 |     await expect(page).toHaveURL(/.*dashboard/);
        at /Users/gailad/Documents/Dev Projects/PacheduConnect/tests/e2e/send-money.spec.ts:7:16

    attachment #1: screenshot (image/png) ──────────────────────────────────────────────────────────
    ../../test-results/send-money-Send-Money-Journey-send-Network-error-handling-chromium/test-failed-1.png
    ────────────────────────────────────────────────────────────────────────────────────────────────

    attachment #2: video (video/webm) ──────────────────────────────────────────────────────────────
    ../../test-results/send-money-Send-Money-Journey-send-Network-error-handling-chromium/video.webm
    ────────────────────────────────────────────────────────────────────────────────────────────────

    Error Context: ../../test-results/send-money-Send-Money-Journey-send-Network-error-handling-chromium/error-context.md
]]>
</failure>
<system-out>
<![CDATA[
[[ATTACHMENT|send-money-Send-Money-Journey-send-Network-error-handling-chromium/test-failed-1.png]]

[[ATTACHMENT|send-money-Send-Money-Journey-send-Network-error-handling-chromium/video.webm]]

[[ATTACHMENT|send-money-Send-Money-Journey-send-Network-error-handling-chromium/error-context.md]]
]]>
</system-out>
</testcase>
</testsuite>
<testsuite name="support-chatbot.spec.ts" timestamp="2025-07-14T13:04:14.079Z" hostname="chromium" tests="11" failures="11" skipped="0" time="338.448" errors="0">
<testcase name="Support and Chatbot Interaction › @support Open chatbot widget" classname="support-chatbot.spec.ts" time="30.86">
<failure message="support-chatbot.spec.ts:13:7 @support Open chatbot widget" type="FAILURE">
<![CDATA[  [chromium] › support-chatbot.spec.ts:13:7 › Support and Chatbot Interaction › @support Open chatbot widget 

    Test timeout of 30000ms exceeded while running "beforeEach" hook.

      2 |
      3 | test.describe('Support and Chatbot Interaction', () => {
    > 4 |   test.beforeEach(async ({ page }) => {
        |        ^
      5 |     // Login first
      6 |     await page.goto('/auth');
      7 |     await page.fill('input[placeholder*="email"]', 'test@example.com');
        at /Users/gailad/Documents/Dev Projects/PacheduConnect/tests/e2e/support-chatbot.spec.ts:4:8

    Error: page.fill: Test timeout of 30000ms exceeded.
    Call log:
      - waiting for locator('input[placeholder*="email"]')


       5 |     // Login first
       6 |     await page.goto('/auth');
    >  7 |     await page.fill('input[placeholder*="email"]', 'test@example.com');
         |                ^
       8 |     await page.fill('input[placeholder*="password"]', 'password123');
       9 |     await page.click('button[type="submit"]');
      10 |     await expect(page).toHaveURL(/.*dashboard/);
        at /Users/gailad/Documents/Dev Projects/PacheduConnect/tests/e2e/support-chatbot.spec.ts:7:16

    attachment #1: screenshot (image/png) ──────────────────────────────────────────────────────────
    ../../test-results/support-chatbot-Support-an-e17c1-support-Open-chatbot-widget-chromium/test-failed-1.png
    ────────────────────────────────────────────────────────────────────────────────────────────────

    attachment #2: video (video/webm) ──────────────────────────────────────────────────────────────
    ../../test-results/support-chatbot-Support-an-e17c1-support-Open-chatbot-widget-chromium/video.webm
    ────────────────────────────────────────────────────────────────────────────────────────────────

    Error Context: ../../test-results/support-chatbot-Support-an-e17c1-support-Open-chatbot-widget-chromium/error-context.md
]]>
</failure>
<system-out>
<![CDATA[
[[ATTACHMENT|support-chatbot-Support-an-e17c1-support-Open-chatbot-widget-chromium/test-failed-1.png]]

[[ATTACHMENT|support-chatbot-Support-an-e17c1-support-Open-chatbot-widget-chromium/video.webm]]

[[ATTACHMENT|support-chatbot-Support-an-e17c1-support-Open-chatbot-widget-chromium/error-context.md]]
]]>
</system-out>
</testcase>
<testcase name="Support and Chatbot Interaction › @support KYC upload question" classname="support-chatbot.spec.ts" time="30.867">
<failure message="support-chatbot.spec.ts:33:7 @support KYC upload question" type="FAILURE">
<![CDATA[  [chromium] › support-chatbot.spec.ts:33:7 › Support and Chatbot Interaction › @support KYC upload question 

    Test timeout of 30000ms exceeded while running "beforeEach" hook.

      2 |
      3 | test.describe('Support and Chatbot Interaction', () => {
    > 4 |   test.beforeEach(async ({ page }) => {
        |        ^
      5 |     // Login first
      6 |     await page.goto('/auth');
      7 |     await page.fill('input[placeholder*="email"]', 'test@example.com');
        at /Users/gailad/Documents/Dev Projects/PacheduConnect/tests/e2e/support-chatbot.spec.ts:4:8

    Error: page.fill: Test timeout of 30000ms exceeded.
    Call log:
      - waiting for locator('input[placeholder*="email"]')


       5 |     // Login first
       6 |     await page.goto('/auth');
    >  7 |     await page.fill('input[placeholder*="email"]', 'test@example.com');
         |                ^
       8 |     await page.fill('input[placeholder*="password"]', 'password123');
       9 |     await page.click('button[type="submit"]');
      10 |     await expect(page).toHaveURL(/.*dashboard/);
        at /Users/gailad/Documents/Dev Projects/PacheduConnect/tests/e2e/support-chatbot.spec.ts:7:16

    attachment #1: screenshot (image/png) ──────────────────────────────────────────────────────────
    ../../test-results/support-chatbot-Support-an-6c13b-support-KYC-upload-question-chromium/test-failed-1.png
    ────────────────────────────────────────────────────────────────────────────────────────────────

    attachment #2: video (video/webm) ──────────────────────────────────────────────────────────────
    ../../test-results/support-chatbot-Support-an-6c13b-support-KYC-upload-question-chromium/video.webm
    ────────────────────────────────────────────────────────────────────────────────────────────────

    Error Context: ../../test-results/support-chatbot-Support-an-6c13b-support-KYC-upload-question-chromium/error-context.md
]]>
</failure>
<system-out>
<![CDATA[
[[ATTACHMENT|support-chatbot-Support-an-6c13b-support-KYC-upload-question-chromium/test-failed-1.png]]

[[ATTACHMENT|support-chatbot-Support-an-6c13b-support-KYC-upload-question-chromium/video.webm]]

[[ATTACHMENT|support-chatbot-Support-an-6c13b-support-KYC-upload-question-chromium/error-context.md]]
]]>
</system-out>
</testcase>
<testcase name="Support and Chatbot Interaction › @support Transaction tracking via chat" classname="support-chatbot.spec.ts" time="30.688">
<failure message="support-chatbot.spec.ts:54:7 @support Transaction tracking via chat" type="FAILURE">
<![CDATA[  [chromium] › support-chatbot.spec.ts:54:7 › Support and Chatbot Interaction › @support Transaction tracking via chat 

    Test timeout of 30000ms exceeded while running "beforeEach" hook.

      2 |
      3 | test.describe('Support and Chatbot Interaction', () => {
    > 4 |   test.beforeEach(async ({ page }) => {
        |        ^
      5 |     // Login first
      6 |     await page.goto('/auth');
      7 |     await page.fill('input[placeholder*="email"]', 'test@example.com');
        at /Users/gailad/Documents/Dev Projects/PacheduConnect/tests/e2e/support-chatbot.spec.ts:4:8

    Error: page.fill: Test timeout of 30000ms exceeded.
    Call log:
      - waiting for locator('input[placeholder*="email"]')


       5 |     // Login first
       6 |     await page.goto('/auth');
    >  7 |     await page.fill('input[placeholder*="email"]', 'test@example.com');
         |                ^
       8 |     await page.fill('input[placeholder*="password"]', 'password123');
       9 |     await page.click('button[type="submit"]');
      10 |     await expect(page).toHaveURL(/.*dashboard/);
        at /Users/gailad/Documents/Dev Projects/PacheduConnect/tests/e2e/support-chatbot.spec.ts:7:16

    attachment #1: screenshot (image/png) ──────────────────────────────────────────────────────────
    ../../test-results/support-chatbot-Support-an-eac0f-ansaction-tracking-via-chat-chromium/test-failed-1.png
    ────────────────────────────────────────────────────────────────────────────────────────────────

    attachment #2: video (video/webm) ──────────────────────────────────────────────────────────────
    ../../test-results/support-chatbot-Support-an-eac0f-ansaction-tracking-via-chat-chromium/video.webm
    ────────────────────────────────────────────────────────────────────────────────────────────────

    Error Context: ../../test-results/support-chatbot-Support-an-eac0f-ansaction-tracking-via-chat-chromium/error-context.md
]]>
</failure>
<system-out>
<![CDATA[
[[ATTACHMENT|support-chatbot-Support-an-eac0f-ansaction-tracking-via-chat-chromium/test-failed-1.png]]

[[ATTACHMENT|support-chatbot-Support-an-eac0f-ansaction-tracking-via-chat-chromium/video.webm]]

[[ATTACHMENT|support-chatbot-Support-an-eac0f-ansaction-tracking-via-chat-chromium/error-context.md]]
]]>
</system-out>
</testcase>
<testcase name="Support and Chatbot Interaction › @support Exchange rate questions" classname="support-chatbot.spec.ts" time="30.74">
<failure message="support-chatbot.spec.ts:73:7 @support Exchange rate questions" type="FAILURE">
<![CDATA[  [chromium] › support-chatbot.spec.ts:73:7 › Support and Chatbot Interaction › @support Exchange rate questions 

    Test timeout of 30000ms exceeded while running "beforeEach" hook.

      2 |
      3 | test.describe('Support and Chatbot Interaction', () => {
    > 4 |   test.beforeEach(async ({ page }) => {
        |        ^
      5 |     // Login first
      6 |     await page.goto('/auth');
      7 |     await page.fill('input[placeholder*="email"]', 'test@example.com');
        at /Users/gailad/Documents/Dev Projects/PacheduConnect/tests/e2e/support-chatbot.spec.ts:4:8

    Error: page.fill: Test timeout of 30000ms exceeded.
    Call log:
      - waiting for locator('input[placeholder*="email"]')


       5 |     // Login first
       6 |     await page.goto('/auth');
    >  7 |     await page.fill('input[placeholder*="email"]', 'test@example.com');
         |                ^
       8 |     await page.fill('input[placeholder*="password"]', 'password123');
       9 |     await page.click('button[type="submit"]');
      10 |     await expect(page).toHaveURL(/.*dashboard/);
        at /Users/gailad/Documents/Dev Projects/PacheduConnect/tests/e2e/support-chatbot.spec.ts:7:16

    attachment #1: screenshot (image/png) ──────────────────────────────────────────────────────────
    ../../test-results/support-chatbot-Support-an-2f033-ort-Exchange-rate-questions-chromium/test-failed-1.png
    ────────────────────────────────────────────────────────────────────────────────────────────────

    attachment #2: video (video/webm) ──────────────────────────────────────────────────────────────
    ../../test-results/support-chatbot-Support-an-2f033-ort-Exchange-rate-questions-chromium/video.webm
    ────────────────────────────────────────────────────────────────────────────────────────────────

    Error Context: ../../test-results/support-chatbot-Support-an-2f033-ort-Exchange-rate-questions-chromium/error-context.md
]]>
</failure>
<system-out>
<![CDATA[
[[ATTACHMENT|support-chatbot-Support-an-2f033-ort-Exchange-rate-questions-chromium/test-failed-1.png]]

[[ATTACHMENT|support-chatbot-Support-an-2f033-ort-Exchange-rate-questions-chromium/video.webm]]

[[ATTACHMENT|support-chatbot-Support-an-2f033-ort-Exchange-rate-questions-chromium/error-context.md]]
]]>
</system-out>
</testcase>
<testcase name="Support and Chatbot Interaction › @support Fee structure questions" classname="support-chatbot.spec.ts" time="30.756">
<failure message="support-chatbot.spec.ts:91:7 @support Fee structure questions" type="FAILURE">
<![CDATA[  [chromium] › support-chatbot.spec.ts:91:7 › Support and Chatbot Interaction › @support Fee structure questions 

    Test timeout of 30000ms exceeded while running "beforeEach" hook.

      2 |
      3 | test.describe('Support and Chatbot Interaction', () => {
    > 4 |   test.beforeEach(async ({ page }) => {
        |        ^
      5 |     // Login first
      6 |     await page.goto('/auth');
      7 |     await page.fill('input[placeholder*="email"]', 'test@example.com');
        at /Users/gailad/Documents/Dev Projects/PacheduConnect/tests/e2e/support-chatbot.spec.ts:4:8

    Error: page.fill: Test timeout of 30000ms exceeded.
    Call log:
      - waiting for locator('input[placeholder*="email"]')


       5 |     // Login first
       6 |     await page.goto('/auth');
    >  7 |     await page.fill('input[placeholder*="email"]', 'test@example.com');
         |                ^
       8 |     await page.fill('input[placeholder*="password"]', 'password123');
       9 |     await page.click('button[type="submit"]');
      10 |     await expect(page).toHaveURL(/.*dashboard/);
        at /Users/gailad/Documents/Dev Projects/PacheduConnect/tests/e2e/support-chatbot.spec.ts:7:16

    attachment #1: screenshot (image/png) ──────────────────────────────────────────────────────────
    ../../test-results/support-chatbot-Support-an-9d52f-ort-Fee-structure-questions-chromium/test-failed-1.png
    ────────────────────────────────────────────────────────────────────────────────────────────────

    attachment #2: video (video/webm) ──────────────────────────────────────────────────────────────
    ../../test-results/support-chatbot-Support-an-9d52f-ort-Fee-structure-questions-chromium/video.webm
    ────────────────────────────────────────────────────────────────────────────────────────────────

    Error Context: ../../test-results/support-chatbot-Support-an-9d52f-ort-Fee-structure-questions-chromium/error-context.md
]]>
</failure>
<system-out>
<![CDATA[
[[ATTACHMENT|support-chatbot-Support-an-9d52f-ort-Fee-structure-questions-chromium/test-failed-1.png]]

[[ATTACHMENT|support-chatbot-Support-an-9d52f-ort-Fee-structure-questions-chromium/video.webm]]

[[ATTACHMENT|support-chatbot-Support-an-9d52f-ort-Fee-structure-questions-chromium/error-context.md]]
]]>
</system-out>
</testcase>
<testcase name="Support and Chatbot Interaction › @support Account limits questions" classname="support-chatbot.spec.ts" time="30.798">
<failure message="support-chatbot.spec.ts:110:7 @support Account limits questions" type="FAILURE">
<![CDATA[  [chromium] › support-chatbot.spec.ts:110:7 › Support and Chatbot Interaction › @support Account limits questions 

    Test timeout of 30000ms exceeded while running "beforeEach" hook.

      2 |
      3 | test.describe('Support and Chatbot Interaction', () => {
    > 4 |   test.beforeEach(async ({ page }) => {
        |        ^
      5 |     // Login first
      6 |     await page.goto('/auth');
      7 |     await page.fill('input[placeholder*="email"]', 'test@example.com');
        at /Users/gailad/Documents/Dev Projects/PacheduConnect/tests/e2e/support-chatbot.spec.ts:4:8

    Error: page.fill: Test timeout of 30000ms exceeded.
    Call log:
      - waiting for locator('input[placeholder*="email"]')


       5 |     // Login first
       6 |     await page.goto('/auth');
    >  7 |     await page.fill('input[placeholder*="email"]', 'test@example.com');
         |                ^
       8 |     await page.fill('input[placeholder*="password"]', 'password123');
       9 |     await page.click('button[type="submit"]');
      10 |     await expect(page).toHaveURL(/.*dashboard/);
        at /Users/gailad/Documents/Dev Projects/PacheduConnect/tests/e2e/support-chatbot.spec.ts:7:16

    attachment #1: screenshot (image/png) ──────────────────────────────────────────────────────────
    ../../test-results/support-chatbot-Support-an-ad940-rt-Account-limits-questions-chromium/test-failed-1.png
    ────────────────────────────────────────────────────────────────────────────────────────────────

    attachment #2: video (video/webm) ──────────────────────────────────────────────────────────────
    ../../test-results/support-chatbot-Support-an-ad940-rt-Account-limits-questions-chromium/video.webm
    ────────────────────────────────────────────────────────────────────────────────────────────────

    Error Context: ../../test-results/support-chatbot-Support-an-ad940-rt-Account-limits-questions-chromium/error-context.md
]]>
</failure>
<system-out>
<![CDATA[
[[ATTACHMENT|support-chatbot-Support-an-ad940-rt-Account-limits-questions-chromium/test-failed-1.png]]

[[ATTACHMENT|support-chatbot-Support-an-ad940-rt-Account-limits-questions-chromium/video.webm]]

[[ATTACHMENT|support-chatbot-Support-an-ad940-rt-Account-limits-questions-chromium/error-context.md]]
]]>
</system-out>
</testcase>
<testcase name="Support and Chatbot Interaction › @support Live agent escalation" classname="support-chatbot.spec.ts" time="30.709">
<failure message="support-chatbot.spec.ts:126:7 @support Live agent escalation" type="FAILURE">
<![CDATA[  [chromium] › support-chatbot.spec.ts:126:7 › Support and Chatbot Interaction › @support Live agent escalation 

    Test timeout of 30000ms exceeded while running "beforeEach" hook.

      2 |
      3 | test.describe('Support and Chatbot Interaction', () => {
    > 4 |   test.beforeEach(async ({ page }) => {
        |        ^
      5 |     // Login first
      6 |     await page.goto('/auth');
      7 |     await page.fill('input[placeholder*="email"]', 'test@example.com');
        at /Users/gailad/Documents/Dev Projects/PacheduConnect/tests/e2e/support-chatbot.spec.ts:4:8

    Error: page.fill: Test timeout of 30000ms exceeded.
    Call log:
      - waiting for locator('input[placeholder*="email"]')


       5 |     // Login first
       6 |     await page.goto('/auth');
    >  7 |     await page.fill('input[placeholder*="email"]', 'test@example.com');
         |                ^
       8 |     await page.fill('input[placeholder*="password"]', 'password123');
       9 |     await page.click('button[type="submit"]');
      10 |     await expect(page).toHaveURL(/.*dashboard/);
        at /Users/gailad/Documents/Dev Projects/PacheduConnect/tests/e2e/support-chatbot.spec.ts:7:16

    attachment #1: screenshot (image/png) ──────────────────────────────────────────────────────────
    ../../test-results/support-chatbot-Support-an-ebca2-pport-Live-agent-escalation-chromium/test-failed-1.png
    ────────────────────────────────────────────────────────────────────────────────────────────────

    attachment #2: video (video/webm) ──────────────────────────────────────────────────────────────
    ../../test-results/support-chatbot-Support-an-ebca2-pport-Live-agent-escalation-chromium/video.webm
    ────────────────────────────────────────────────────────────────────────────────────────────────

    Error Context: ../../test-results/support-chatbot-Support-an-ebca2-pport-Live-agent-escalation-chromium/error-context.md
]]>
</failure>
<system-out>
<![CDATA[
[[ATTACHMENT|support-chatbot-Support-an-ebca2-pport-Live-agent-escalation-chromium/test-failed-1.png]]

[[ATTACHMENT|support-chatbot-Support-an-ebca2-pport-Live-agent-escalation-chromium/video.webm]]

[[ATTACHMENT|support-chatbot-Support-an-ebca2-pport-Live-agent-escalation-chromium/error-context.md]]
]]>
</system-out>
</testcase>
<testcase name="Support and Chatbot Interaction › @support Chatbot language support" classname="support-chatbot.spec.ts" time="30.731">
<failure message="support-chatbot.spec.ts:148:7 @support Chatbot language support" type="FAILURE">
<![CDATA[  [chromium] › support-chatbot.spec.ts:148:7 › Support and Chatbot Interaction › @support Chatbot language support 

    Test timeout of 30000ms exceeded while running "beforeEach" hook.

      2 |
      3 | test.describe('Support and Chatbot Interaction', () => {
    > 4 |   test.beforeEach(async ({ page }) => {
        |        ^
      5 |     // Login first
      6 |     await page.goto('/auth');
      7 |     await page.fill('input[placeholder*="email"]', 'test@example.com');
        at /Users/gailad/Documents/Dev Projects/PacheduConnect/tests/e2e/support-chatbot.spec.ts:4:8

    Error: page.fill: Test timeout of 30000ms exceeded.
    Call log:
      - waiting for locator('input[placeholder*="email"]')


       5 |     // Login first
       6 |     await page.goto('/auth');
    >  7 |     await page.fill('input[placeholder*="email"]', 'test@example.com');
         |                ^
       8 |     await page.fill('input[placeholder*="password"]', 'password123');
       9 |     await page.click('button[type="submit"]');
      10 |     await expect(page).toHaveURL(/.*dashboard/);
        at /Users/gailad/Documents/Dev Projects/PacheduConnect/tests/e2e/support-chatbot.spec.ts:7:16

    attachment #1: screenshot (image/png) ──────────────────────────────────────────────────────────
    ../../test-results/support-chatbot-Support-an-ab084-rt-Chatbot-language-support-chromium/test-failed-1.png
    ────────────────────────────────────────────────────────────────────────────────────────────────

    attachment #2: video (video/webm) ──────────────────────────────────────────────────────────────
    ../../test-results/support-chatbot-Support-an-ab084-rt-Chatbot-language-support-chromium/video.webm
    ────────────────────────────────────────────────────────────────────────────────────────────────

    Error Context: ../../test-results/support-chatbot-Support-an-ab084-rt-Chatbot-language-support-chromium/error-context.md
]]>
</failure>
<system-out>
<![CDATA[
[[ATTACHMENT|support-chatbot-Support-an-ab084-rt-Chatbot-language-support-chromium/test-failed-1.png]]

[[ATTACHMENT|support-chatbot-Support-an-ab084-rt-Chatbot-language-support-chromium/video.webm]]

[[ATTACHMENT|support-chatbot-Support-an-ab084-rt-Chatbot-language-support-chromium/error-context.md]]
]]>
</system-out>
</testcase>
<testcase name="Support and Chatbot Interaction › @support Chatbot conversation history" classname="support-chatbot.spec.ts" time="30.761">
<failure message="support-chatbot.spec.ts:168:7 @support Chatbot conversation history" type="FAILURE">
<![CDATA[  [chromium] › support-chatbot.spec.ts:168:7 › Support and Chatbot Interaction › @support Chatbot conversation history 

    Test timeout of 30000ms exceeded while running "beforeEach" hook.

      2 |
      3 | test.describe('Support and Chatbot Interaction', () => {
    > 4 |   test.beforeEach(async ({ page }) => {
        |        ^
      5 |     // Login first
      6 |     await page.goto('/auth');
      7 |     await page.fill('input[placeholder*="email"]', 'test@example.com');
        at /Users/gailad/Documents/Dev Projects/PacheduConnect/tests/e2e/support-chatbot.spec.ts:4:8

    Error: page.fill: Test timeout of 30000ms exceeded.
    Call log:
      - waiting for locator('input[placeholder*="email"]')


       5 |     // Login first
       6 |     await page.goto('/auth');
    >  7 |     await page.fill('input[placeholder*="email"]', 'test@example.com');
         |                ^
       8 |     await page.fill('input[placeholder*="password"]', 'password123');
       9 |     await page.click('button[type="submit"]');
      10 |     await expect(page).toHaveURL(/.*dashboard/);
        at /Users/gailad/Documents/Dev Projects/PacheduConnect/tests/e2e/support-chatbot.spec.ts:7:16

    attachment #1: screenshot (image/png) ──────────────────────────────────────────────────────────
    ../../test-results/support-chatbot-Support-an-9a6ee-hatbot-conversation-history-chromium/test-failed-1.png
    ────────────────────────────────────────────────────────────────────────────────────────────────

    attachment #2: video (video/webm) ──────────────────────────────────────────────────────────────
    ../../test-results/support-chatbot-Support-an-9a6ee-hatbot-conversation-history-chromium/video.webm
    ────────────────────────────────────────────────────────────────────────────────────────────────

    Error Context: ../../test-results/support-chatbot-Support-an-9a6ee-hatbot-conversation-history-chromium/error-context.md
]]>
</failure>
<system-out>
<![CDATA[
[[ATTACHMENT|support-chatbot-Support-an-9a6ee-hatbot-conversation-history-chromium/test-failed-1.png]]

[[ATTACHMENT|support-chatbot-Support-an-9a6ee-hatbot-conversation-history-chromium/video.webm]]

[[ATTACHMENT|support-chatbot-Support-an-9a6ee-hatbot-conversation-history-chromium/error-context.md]]
]]>
</system-out>
</testcase>
<testcase name="Support and Chatbot Interaction › @support Chatbot offline handling" classname="support-chatbot.spec.ts" time="30.805">
<failure message="support-chatbot.spec.ts:199:7 @support Chatbot offline handling" type="FAILURE">
<![CDATA[  [chromium] › support-chatbot.spec.ts:199:7 › Support and Chatbot Interaction › @support Chatbot offline handling 

    Test timeout of 30000ms exceeded while running "beforeEach" hook.

      2 |
      3 | test.describe('Support and Chatbot Interaction', () => {
    > 4 |   test.beforeEach(async ({ page }) => {
        |        ^
      5 |     // Login first
      6 |     await page.goto('/auth');
      7 |     await page.fill('input[placeholder*="email"]', 'test@example.com');
        at /Users/gailad/Documents/Dev Projects/PacheduConnect/tests/e2e/support-chatbot.spec.ts:4:8

    Error: page.fill: Test timeout of 30000ms exceeded.
    Call log:
      - waiting for locator('input[placeholder*="email"]')


       5 |     // Login first
       6 |     await page.goto('/auth');
    >  7 |     await page.fill('input[placeholder*="email"]', 'test@example.com');
         |                ^
       8 |     await page.fill('input[placeholder*="password"]', 'password123');
       9 |     await page.click('button[type="submit"]');
      10 |     await expect(page).toHaveURL(/.*dashboard/);
        at /Users/gailad/Documents/Dev Projects/PacheduConnect/tests/e2e/support-chatbot.spec.ts:7:16

    attachment #1: screenshot (image/png) ──────────────────────────────────────────────────────────
    ../../test-results/support-chatbot-Support-an-ab948-rt-Chatbot-offline-handling-chromium/test-failed-1.png
    ────────────────────────────────────────────────────────────────────────────────────────────────

    attachment #2: video (video/webm) ──────────────────────────────────────────────────────────────
    ../../test-results/support-chatbot-Support-an-ab948-rt-Chatbot-offline-handling-chromium/video.webm
    ────────────────────────────────────────────────────────────────────────────────────────────────

    Error Context: ../../test-results/support-chatbot-Support-an-ab948-rt-Chatbot-offline-handling-chromium/error-context.md
]]>
</failure>
<system-out>
<![CDATA[
[[ATTACHMENT|support-chatbot-Support-an-ab948-rt-Chatbot-offline-handling-chromium/test-failed-1.png]]

[[ATTACHMENT|support-chatbot-Support-an-ab948-rt-Chatbot-offline-handling-chromium/video.webm]]

[[ATTACHMENT|support-chatbot-Support-an-ab948-rt-Chatbot-offline-handling-chromium/error-context.md]]
]]>
</system-out>
</testcase>
<testcase name="Support and Chatbot Interaction › @support Chatbot voice input" classname="support-chatbot.spec.ts" time="30.733">
<failure message="support-chatbot.spec.ts:224:7 @support Chatbot voice input" type="FAILURE">
<![CDATA[  [chromium] › support-chatbot.spec.ts:224:7 › Support and Chatbot Interaction › @support Chatbot voice input 

    Test timeout of 30000ms exceeded while running "beforeEach" hook.

      2 |
      3 | test.describe('Support and Chatbot Interaction', () => {
    > 4 |   test.beforeEach(async ({ page }) => {
        |        ^
      5 |     // Login first
      6 |     await page.goto('/auth');
      7 |     await page.fill('input[placeholder*="email"]', 'test@example.com');
        at /Users/gailad/Documents/Dev Projects/PacheduConnect/tests/e2e/support-chatbot.spec.ts:4:8

    Error: page.fill: Test timeout of 30000ms exceeded.
    Call log:
      - waiting for locator('input[placeholder*="email"]')


       5 |     // Login first
       6 |     await page.goto('/auth');
    >  7 |     await page.fill('input[placeholder*="email"]', 'test@example.com');
         |                ^
       8 |     await page.fill('input[placeholder*="password"]', 'password123');
       9 |     await page.click('button[type="submit"]');
      10 |     await expect(page).toHaveURL(/.*dashboard/);
        at /Users/gailad/Documents/Dev Projects/PacheduConnect/tests/e2e/support-chatbot.spec.ts:7:16

    attachment #1: screenshot (image/png) ──────────────────────────────────────────────────────────
    ../../test-results/support-chatbot-Support-an-43751-support-Chatbot-voice-input-chromium/test-failed-1.png
    ────────────────────────────────────────────────────────────────────────────────────────────────

    attachment #2: video (video/webm) ──────────────────────────────────────────────────────────────
    ../../test-results/support-chatbot-Support-an-43751-support-Chatbot-voice-input-chromium/video.webm
    ────────────────────────────────────────────────────────────────────────────────────────────────

    Error Context: ../../test-results/support-chatbot-Support-an-43751-support-Chatbot-voice-input-chromium/error-context.md
]]>
</failure>
<system-out>
<![CDATA[
[[ATTACHMENT|support-chatbot-Support-an-43751-support-Chatbot-voice-input-chromium/test-failed-1.png]]

[[ATTACHMENT|support-chatbot-Support-an-43751-support-Chatbot-voice-input-chromium/video.webm]]

[[ATTACHMENT|support-chatbot-Support-an-43751-support-Chatbot-voice-input-chromium/error-context.md]]
]]>
</system-out>
</testcase>
</testsuite>
<testsuite name="transaction-history.spec.ts" timestamp="2025-07-14T13:04:14.079Z" hostname="chromium" tests="30" failures="30" skipped="0" time="604.674" errors="0">
<testcase name="Transaction History &amp; Tracking › @transactions View transaction history" classname="transaction-history.spec.ts" time="6.357">
<failure message="transaction-history.spec.ts:12:7 @transactions View transaction history" type="FAILURE">
<![CDATA[  [chromium] › transaction-history.spec.ts:12:7 › Transaction History & Tracking › @transactions View transaction history 

    Error: Timed out 5000ms waiting for expect(locator).toBeVisible()

    Locator: locator('text=Transaction History')
    Expected: visible
    Received: <element(s) not found>
    Call log:
      - Expect "toBeVisible" with timeout 5000ms
      - waiting for locator('text=Transaction History')


      14 |     
      15 |     // Verify transaction list loads
    > 16 |     await expect(page.locator('text=Transaction History')).toBeVisible();
         |                                                            ^
      17 |     await expect(page.locator('text=Recent Transactions')).toBeVisible();
      18 |     
      19 |     // Verify transaction list structure
        at /Users/gailad/Documents/Dev Projects/PacheduConnect/tests/e2e/transaction-history.spec.ts:16:60

    attachment #1: screenshot (image/png) ──────────────────────────────────────────────────────────
    ../../test-results/transaction-history-Transa-9477a-ns-View-transaction-history-chromium/test-failed-1.png
    ────────────────────────────────────────────────────────────────────────────────────────────────

    attachment #2: video (video/webm) ──────────────────────────────────────────────────────────────
    ../../test-results/transaction-history-Transa-9477a-ns-View-transaction-history-chromium/video.webm
    ────────────────────────────────────────────────────────────────────────────────────────────────

    Error Context: ../../test-results/transaction-history-Transa-9477a-ns-View-transaction-history-chromium/error-context.md
]]>
</failure>
<system-out>
<![CDATA[
[[ATTACHMENT|transaction-history-Transa-9477a-ns-View-transaction-history-chromium/test-failed-1.png]]

[[ATTACHMENT|transaction-history-Transa-9477a-ns-View-transaction-history-chromium/video.webm]]

[[ATTACHMENT|transaction-history-Transa-9477a-ns-View-transaction-history-chromium/error-context.md]]
]]>
</system-out>
</testcase>
<testcase name="Transaction History &amp; Tracking › @transactions Transaction details view" classname="transaction-history.spec.ts" time="30.631">
<failure message="transaction-history.spec.ts:31:7 @transactions Transaction details view" type="FAILURE">
<![CDATA[  [chromium] › transaction-history.spec.ts:31:7 › Transaction History & Tracking › @transactions Transaction details view 

    Test timeout of 30000ms exceeded.

    Error: page.click: Test timeout of 30000ms exceeded.
    Call log:
      - waiting for locator('[data-testid="transaction-row"]:first-child')


      34 |     
      35 |     // Click on first transaction
    > 36 |     await page.click('[data-testid="transaction-row"]:first-child');
         |                ^
      37 |     
      38 |     // Verify transaction details page
      39 |     await expect(page.locator('text=Transaction Details')).toBeVisible();
        at /Users/gailad/Documents/Dev Projects/PacheduConnect/tests/e2e/transaction-history.spec.ts:36:16

    attachment #1: screenshot (image/png) ──────────────────────────────────────────────────────────
    ../../test-results/transaction-history-Transa-74ae5-ns-Transaction-details-view-chromium/test-failed-1.png
    ────────────────────────────────────────────────────────────────────────────────────────────────

    attachment #2: video (video/webm) ──────────────────────────────────────────────────────────────
    ../../test-results/transaction-history-Transa-74ae5-ns-Transaction-details-view-chromium/video.webm
    ────────────────────────────────────────────────────────────────────────────────────────────────

    Error Context: ../../test-results/transaction-history-Transa-74ae5-ns-Transaction-details-view-chromium/error-context.md
]]>
</failure>
<system-out>
<![CDATA[
[[ATTACHMENT|transaction-history-Transa-74ae5-ns-Transaction-details-view-chromium/test-failed-1.png]]

[[ATTACHMENT|transaction-history-Transa-74ae5-ns-Transaction-details-view-chromium/video.webm]]

[[ATTACHMENT|transaction-history-Transa-74ae5-ns-Transaction-details-view-chromium/error-context.md]]
]]>
</system-out>
</testcase>
<testcase name="Transaction History &amp; Tracking › @transactions Transaction status tracking" classname="transaction-history.spec.ts" time="30.677">
<failure message="transaction-history.spec.ts:56:7 @transactions Transaction status tracking" type="FAILURE">
<![CDATA[  [chromium] › transaction-history.spec.ts:56:7 › Transaction History & Tracking › @transactions Transaction status tracking 

    Test timeout of 30000ms exceeded.

    Error: page.click: Test timeout of 30000ms exceeded.
    Call log:
      - waiting for locator('[data-testid="transaction-row"]:first-child')


      59 |     
      60 |     // Click on a transaction
    > 61 |     await page.click('[data-testid="transaction-row"]:first-child');
         |                ^
      62 |     
      63 |     // Verify progress timeline is displayed
      64 |     await expect(page.locator('text=Transaction Progress')).toBeVisible();
        at /Users/gailad/Documents/Dev Projects/PacheduConnect/tests/e2e/transaction-history.spec.ts:61:16

    attachment #1: screenshot (image/png) ──────────────────────────────────────────────────────────
    ../../test-results/transaction-history-Transa-9d739-Transaction-status-tracking-chromium/test-failed-1.png
    ────────────────────────────────────────────────────────────────────────────────────────────────

    attachment #2: video (video/webm) ──────────────────────────────────────────────────────────────
    ../../test-results/transaction-history-Transa-9d739-Transaction-status-tracking-chromium/video.webm
    ────────────────────────────────────────────────────────────────────────────────────────────────

    Error Context: ../../test-results/transaction-history-Transa-9d739-Transaction-status-tracking-chromium/error-context.md
]]>
</failure>
<system-out>
<![CDATA[
[[ATTACHMENT|transaction-history-Transa-9d739-Transaction-status-tracking-chromium/test-failed-1.png]]

[[ATTACHMENT|transaction-history-Transa-9d739-Transaction-status-tracking-chromium/video.webm]]

[[ATTACHMENT|transaction-history-Transa-9d739-Transaction-status-tracking-chromium/error-context.md]]
]]>
</system-out>
</testcase>
<testcase name="Transaction History &amp; Tracking › @transactions Filter and search transactions" classname="transaction-history.spec.ts" time="30.684">
<failure message="transaction-history.spec.ts:83:7 @transactions Filter and search transactions" type="FAILURE">
<![CDATA[  [chromium] › transaction-history.spec.ts:83:7 › Transaction History & Tracking › @transactions Filter and search transactions 

    Test timeout of 30000ms exceeded.

    Error: page.click: Test timeout of 30000ms exceeded.
    Call log:
      - waiting for locator('select[name="status"]')


      86 |     
      87 |     // Test status filter
    > 88 |     await page.click('select[name="status"]');
         |                ^
      89 |     await page.selectOption('select[name="status"]', 'completed');
      90 |     
      91 |     // Verify filtered results
        at /Users/gailad/Documents/Dev Projects/PacheduConnect/tests/e2e/transaction-history.spec.ts:88:16

    attachment #1: screenshot (image/png) ──────────────────────────────────────────────────────────
    ../../test-results/transaction-history-Transa-f0b6a-ter-and-search-transactions-chromium/test-failed-1.png
    ────────────────────────────────────────────────────────────────────────────────────────────────

    attachment #2: video (video/webm) ──────────────────────────────────────────────────────────────
    ../../test-results/transaction-history-Transa-f0b6a-ter-and-search-transactions-chromium/video.webm
    ────────────────────────────────────────────────────────────────────────────────────────────────

    Error Context: ../../test-results/transaction-history-Transa-f0b6a-ter-and-search-transactions-chromium/error-context.md
]]>
</failure>
<system-out>
<![CDATA[
[[ATTACHMENT|transaction-history-Transa-f0b6a-ter-and-search-transactions-chromium/test-failed-1.png]]

[[ATTACHMENT|transaction-history-Transa-f0b6a-ter-and-search-transactions-chromium/video.webm]]

[[ATTACHMENT|transaction-history-Transa-f0b6a-ter-and-search-transactions-chromium/error-context.md]]
]]>
</system-out>
</testcase>
<testcase name="Transaction History &amp; Tracking › @transactions Export transaction history" classname="transaction-history.spec.ts" time="30.602">
<failure message="transaction-history.spec.ts:111:7 @transactions Export transaction history" type="FAILURE">
<![CDATA[  [chromium] › transaction-history.spec.ts:111:7 › Transaction History & Tracking › @transactions Export transaction history 

    Test timeout of 30000ms exceeded.

    Error: page.click: Test timeout of 30000ms exceeded.
    Call log:
      - waiting for locator('button:has-text("Export")')


      114 |     
      115 |     // Click export button
    > 116 |     await page.click('button:has-text("Export")');
          |                ^
      117 |     
      118 |     // Verify export options
      119 |     await expect(page.locator('text=Export Format')).toBeVisible();
        at /Users/gailad/Documents/Dev Projects/PacheduConnect/tests/e2e/transaction-history.spec.ts:116:16

    attachment #1: screenshot (image/png) ──────────────────────────────────────────────────────────
    ../../test-results/transaction-history-Transa-58cbb--Export-transaction-history-chromium/test-failed-1.png
    ────────────────────────────────────────────────────────────────────────────────────────────────

    attachment #2: video (video/webm) ──────────────────────────────────────────────────────────────
    ../../test-results/transaction-history-Transa-58cbb--Export-transaction-history-chromium/video.webm
    ────────────────────────────────────────────────────────────────────────────────────────────────

    Error Context: ../../test-results/transaction-history-Transa-58cbb--Export-transaction-history-chromium/error-context.md
]]>
</failure>
<system-out>
<![CDATA[
[[ATTACHMENT|transaction-history-Transa-58cbb--Export-transaction-history-chromium/test-failed-1.png]]

[[ATTACHMENT|transaction-history-Transa-58cbb--Export-transaction-history-chromium/video.webm]]

[[ATTACHMENT|transaction-history-Transa-58cbb--Export-transaction-history-chromium/error-context.md]]
]]>
</system-out>
</testcase>
<testcase name="Transaction History &amp; Tracking › @transactions Transaction receipt generation" classname="transaction-history.spec.ts" time="30.693">
<failure message="transaction-history.spec.ts:133:7 @transactions Transaction receipt generation" type="FAILURE">
<![CDATA[  [chromium] › transaction-history.spec.ts:133:7 › Transaction History & Tracking › @transactions Transaction receipt generation 

    Test timeout of 30000ms exceeded.

    Error: page.click: Test timeout of 30000ms exceeded.
    Call log:
      - waiting for locator('[data-testid="transaction-row"]:first-child')


      134 |     // Navigate to a specific transaction
      135 |     await page.goto('/transactions');
    > 136 |     await page.click('[data-testid="transaction-row"]:first-child');
          |                ^
      137 |     
      138 |     // Click download receipt
      139 |     await page.click('button:has-text("Download Receipt")');
        at /Users/gailad/Documents/Dev Projects/PacheduConnect/tests/e2e/transaction-history.spec.ts:136:16

    attachment #1: screenshot (image/png) ──────────────────────────────────────────────────────────
    ../../test-results/transaction-history-Transa-da7b6-nsaction-receipt-generation-chromium/test-failed-1.png
    ────────────────────────────────────────────────────────────────────────────────────────────────

    attachment #2: video (video/webm) ──────────────────────────────────────────────────────────────
    ../../test-results/transaction-history-Transa-da7b6-nsaction-receipt-generation-chromium/video.webm
    ────────────────────────────────────────────────────────────────────────────────────────────────

    Error Context: ../../test-results/transaction-history-Transa-da7b6-nsaction-receipt-generation-chromium/error-context.md
]]>
</failure>
<system-out>
<![CDATA[
[[ATTACHMENT|transaction-history-Transa-da7b6-nsaction-receipt-generation-chromium/test-failed-1.png]]

[[ATTACHMENT|transaction-history-Transa-da7b6-nsaction-receipt-generation-chromium/video.webm]]

[[ATTACHMENT|transaction-history-Transa-da7b6-nsaction-receipt-generation-chromium/error-context.md]]
]]>
</system-out>
</testcase>
<testcase name="Transaction History &amp; Tracking › @transactions Real-time status updates" classname="transaction-history.spec.ts" time="6.308">
<failure message="transaction-history.spec.ts:147:7 @transactions Real-time status updates" type="FAILURE">
<![CDATA[  [chromium] › transaction-history.spec.ts:147:7 › Transaction History & Tracking › @transactions Real-time status updates 

    Error: Timed out 5000ms waiting for expect(locator).toBeVisible()

    Locator: locator('text=Live Updates')
    Expected: visible
    Received: <element(s) not found>
    Call log:
      - Expect "toBeVisible" with timeout 5000ms
      - waiting for locator('text=Live Updates')


      159 |     
      160 |     // Verify real-time indicator
    > 161 |     await expect(page.locator('text=Live Updates')).toBeVisible();
          |                                                     ^
      162 |     
      163 |     // Simulate status change
      164 |     await page.evaluate(() => {
        at /Users/gailad/Documents/Dev Projects/PacheduConnect/tests/e2e/transaction-history.spec.ts:161:53

    attachment #1: screenshot (image/png) ──────────────────────────────────────────────────────────
    ../../test-results/transaction-history-Transa-f7ca1-ns-Real-time-status-updates-chromium/test-failed-1.png
    ────────────────────────────────────────────────────────────────────────────────────────────────

    attachment #2: video (video/webm) ──────────────────────────────────────────────────────────────
    ../../test-results/transaction-history-Transa-f7ca1-ns-Real-time-status-updates-chromium/video.webm
    ────────────────────────────────────────────────────────────────────────────────────────────────

    Error Context: ../../test-results/transaction-history-Transa-f7ca1-ns-Real-time-status-updates-chromium/error-context.md
]]>
</failure>
<system-out>
<![CDATA[
[[ATTACHMENT|transaction-history-Transa-f7ca1-ns-Real-time-status-updates-chromium/test-failed-1.png]]

[[ATTACHMENT|transaction-history-Transa-f7ca1-ns-Real-time-status-updates-chromium/video.webm]]

[[ATTACHMENT|transaction-history-Transa-f7ca1-ns-Real-time-status-updates-chromium/error-context.md]]
]]>
</system-out>
</testcase>
<testcase name="Transaction History &amp; Tracking › @transactions Transaction notifications" classname="transaction-history.spec.ts" time="30.645">
<failure message="transaction-history.spec.ts:176:7 @transactions Transaction notifications" type="FAILURE">
<![CDATA[  [chromium] › transaction-history.spec.ts:176:7 › Transaction History & Tracking › @transactions Transaction notifications 

    Test timeout of 30000ms exceeded.

    Error: page.click: Test timeout of 30000ms exceeded.
    Call log:
      - waiting for locator('[data-testid="transaction-row"]:first-child')


      179 |     
      180 |     // Enable notifications for a transaction
    > 181 |     await page.click('[data-testid="transaction-row"]:first-child');
          |                ^
      182 |     await page.click('button:has-text("Enable Notifications")');
      183 |     
      184 |     // Verify notification settings
        at /Users/gailad/Documents/Dev Projects/PacheduConnect/tests/e2e/transaction-history.spec.ts:181:16

    attachment #1: screenshot (image/png) ──────────────────────────────────────────────────────────
    ../../test-results/transaction-history-Transa-73cfe-s-Transaction-notifications-chromium/test-failed-1.png
    ────────────────────────────────────────────────────────────────────────────────────────────────

    attachment #2: video (video/webm) ──────────────────────────────────────────────────────────────
    ../../test-results/transaction-history-Transa-73cfe-s-Transaction-notifications-chromium/video.webm
    ────────────────────────────────────────────────────────────────────────────────────────────────

    Error Context: ../../test-results/transaction-history-Transa-73cfe-s-Transaction-notifications-chromium/error-context.md
]]>
</failure>
<system-out>
<![CDATA[
[[ATTACHMENT|transaction-history-Transa-73cfe-s-Transaction-notifications-chromium/test-failed-1.png]]

[[ATTACHMENT|transaction-history-Transa-73cfe-s-Transaction-notifications-chromium/video.webm]]

[[ATTACHMENT|transaction-history-Transa-73cfe-s-Transaction-notifications-chromium/error-context.md]]
]]>
</system-out>
</testcase>
<testcase name="Transaction History &amp; Tracking › @transactions Offline transaction history" classname="transaction-history.spec.ts" time="6.199">
<failure message="transaction-history.spec.ts:201:7 @transactions Offline transaction history" type="FAILURE">
<![CDATA[  [chromium] › transaction-history.spec.ts:201:7 › Transaction History & Tracking › @transactions Offline transaction history 

    Error: Timed out 5000ms waiting for expect(locator).toBeVisible()

    Locator: locator('text=Transaction History')
    Expected: visible
    Received: <element(s) not found>
    Call log:
      - Expect "toBeVisible" with timeout 5000ms
      - waiting for locator('text=Transaction History')


      207 |     
      208 |     // Should still show cached transactions
    > 209 |     await expect(page.locator('text=Transaction History')).toBeVisible();
          |                                                            ^
      210 |     await expect(page.locator('text=Offline Mode')).toBeVisible();
      211 |     
      212 |     // Go back online
        at /Users/gailad/Documents/Dev Projects/PacheduConnect/tests/e2e/transaction-history.spec.ts:209:60

    attachment #1: screenshot (image/png) ──────────────────────────────────────────────────────────
    ../../test-results/transaction-history-Transa-44191-Offline-transaction-history-chromium/test-failed-1.png
    ────────────────────────────────────────────────────────────────────────────────────────────────

    attachment #2: video (video/webm) ──────────────────────────────────────────────────────────────
    ../../test-results/transaction-history-Transa-44191-Offline-transaction-history-chromium/video.webm
    ────────────────────────────────────────────────────────────────────────────────────────────────
]]>
</failure>
<system-out>
<![CDATA[
[[ATTACHMENT|transaction-history-Transa-44191-Offline-transaction-history-chromium/test-failed-1.png]]

[[ATTACHMENT|transaction-history-Transa-44191-Offline-transaction-history-chromium/video.webm]]
]]>
</system-out>
</testcase>
<testcase name="Transaction History &amp; Tracking › @pagination Pagination functionality" classname="transaction-history.spec.ts" time="6.164">
<failure message="transaction-history.spec.ts:221:7 @pagination Pagination functionality" type="FAILURE">
<![CDATA[  [chromium] › transaction-history.spec.ts:221:7 › Transaction History & Tracking › @pagination Pagination functionality 

    Error: Timed out 5000ms waiting for expect(locator).toBeVisible()

    Locator: locator('[data-testid="pagination"]')
    Expected: visible
    Received: <element(s) not found>
    Call log:
      - Expect "toBeVisible" with timeout 5000ms
      - waiting for locator('[data-testid="pagination"]')


      223 |     
      224 |     // Verify pagination controls are visible
    > 225 |     await expect(page.locator('[data-testid="pagination"]')).toBeVisible();
          |                                                              ^
      226 |     await expect(page.locator('button:has-text("Previous")')).toBeVisible();
      227 |     await expect(page.locator('button:has-text("Next")')).toBeVisible();
      228 |     
        at /Users/gailad/Documents/Dev Projects/PacheduConnect/tests/e2e/transaction-history.spec.ts:225:62

    attachment #1: screenshot (image/png) ──────────────────────────────────────────────────────────
    ../../test-results/transaction-history-Transa-870bf-on-Pagination-functionality-chromium/test-failed-1.png
    ────────────────────────────────────────────────────────────────────────────────────────────────

    attachment #2: video (video/webm) ──────────────────────────────────────────────────────────────
    ../../test-results/transaction-history-Transa-870bf-on-Pagination-functionality-chromium/video.webm
    ────────────────────────────────────────────────────────────────────────────────────────────────

    Error Context: ../../test-results/transaction-history-Transa-870bf-on-Pagination-functionality-chromium/error-context.md
]]>
</failure>
<system-out>
<![CDATA[
[[ATTACHMENT|transaction-history-Transa-870bf-on-Pagination-functionality-chromium/test-failed-1.png]]

[[ATTACHMENT|transaction-history-Transa-870bf-on-Pagination-functionality-chromium/video.webm]]

[[ATTACHMENT|transaction-history-Transa-870bf-on-Pagination-functionality-chromium/error-context.md]]
]]>
</system-out>
</testcase>
<testcase name="Transaction History &amp; Tracking › @pagination Infinite scroll functionality" classname="transaction-history.spec.ts" time="30.652">
<failure message="transaction-history.spec.ts:241:7 @pagination Infinite scroll functionality" type="FAILURE">
<![CDATA[  [chromium] › transaction-history.spec.ts:241:7 › Transaction History & Tracking › @pagination Infinite scroll functionality 

    Test timeout of 30000ms exceeded.

    Error: page.waitForSelector: Test timeout of 30000ms exceeded.
    Call log:
      - waiting for locator('[data-testid="loading-spinner"]') to be visible


      248 |     
      249 |     // Wait for new content to load
    > 250 |     await page.waitForSelector('[data-testid="loading-spinner"]', { state: 'visible' });
          |                ^
      251 |     await page.waitForSelector('[data-testid="loading-spinner"]', { state: 'hidden' });
      252 |     
      253 |     // Verify more transactions loaded
        at /Users/gailad/Documents/Dev Projects/PacheduConnect/tests/e2e/transaction-history.spec.ts:250:16

    attachment #1: screenshot (image/png) ──────────────────────────────────────────────────────────
    ../../test-results/transaction-history-Transa-e9741-finite-scroll-functionality-chromium/test-failed-1.png
    ────────────────────────────────────────────────────────────────────────────────────────────────

    attachment #2: video (video/webm) ──────────────────────────────────────────────────────────────
    ../../test-results/transaction-history-Transa-e9741-finite-scroll-functionality-chromium/video.webm
    ────────────────────────────────────────────────────────────────────────────────────────────────

    Error Context: ../../test-results/transaction-history-Transa-e9741-finite-scroll-functionality-chromium/error-context.md
]]>
</failure>
<system-out>
<![CDATA[
[[ATTACHMENT|transaction-history-Transa-e9741-finite-scroll-functionality-chromium/test-failed-1.png]]

[[ATTACHMENT|transaction-history-Transa-e9741-finite-scroll-functionality-chromium/video.webm]]

[[ATTACHMENT|transaction-history-Transa-e9741-finite-scroll-functionality-chromium/error-context.md]]
]]>
</system-out>
</testcase>
<testcase name="Transaction History &amp; Tracking › @roles Regular user sees only own transactions" classname="transaction-history.spec.ts" time="30.604">
<failure message="transaction-history.spec.ts:273:7 @roles Regular user sees only own transactions" type="FAILURE">
<![CDATA[  [chromium] › transaction-history.spec.ts:273:7 › Transaction History & Tracking › @roles Regular user sees only own transactions 

    Test timeout of 30000ms exceeded.

    Error: page.fill: Test timeout of 30000ms exceeded.
    Call log:
      - waiting for locator('input[placeholder*="email"]')


      274 |     // Login as regular user
      275 |     await page.goto('/auth');
    > 276 |     await page.fill('input[placeholder*="email"]', 'user@example.com');
          |                ^
      277 |     await page.fill('input[placeholder*="password"]', 'password123');
      278 |     await page.click('button[type="submit"]');
      279 |     
        at /Users/gailad/Documents/Dev Projects/PacheduConnect/tests/e2e/transaction-history.spec.ts:276:16

    attachment #1: screenshot (image/png) ──────────────────────────────────────────────────────────
    ../../test-results/transaction-history-Transa-ad279--sees-only-own-transactions-chromium/test-failed-1.png
    ────────────────────────────────────────────────────────────────────────────────────────────────

    attachment #2: video (video/webm) ──────────────────────────────────────────────────────────────
    ../../test-results/transaction-history-Transa-ad279--sees-only-own-transactions-chromium/video.webm
    ────────────────────────────────────────────────────────────────────────────────────────────────

    Error Context: ../../test-results/transaction-history-Transa-ad279--sees-only-own-transactions-chromium/error-context.md
]]>
</failure>
<system-out>
<![CDATA[
[[ATTACHMENT|transaction-history-Transa-ad279--sees-only-own-transactions-chromium/test-failed-1.png]]

[[ATTACHMENT|transaction-history-Transa-ad279--sees-only-own-transactions-chromium/video.webm]]

[[ATTACHMENT|transaction-history-Transa-ad279--sees-only-own-transactions-chromium/error-context.md]]
]]>
</system-out>
</testcase>
<testcase name="Transaction History &amp; Tracking › @roles Admin sees all users transactions" classname="transaction-history.spec.ts" time="30.674">
<failure message="transaction-history.spec.ts:290:7 @roles Admin sees all users transactions" type="FAILURE">
<![CDATA[  [chromium] › transaction-history.spec.ts:290:7 › Transaction History & Tracking › @roles Admin sees all users transactions 

    Test timeout of 30000ms exceeded.

    Error: page.fill: Test timeout of 30000ms exceeded.
    Call log:
      - waiting for locator('input[placeholder*="email"]')


      291 |     // Login as admin
      292 |     await page.goto('/auth');
    > 293 |     await page.fill('input[placeholder*="email"]', 'admin@example.com');
          |                ^
      294 |     await page.fill('input[placeholder*="password"]', 'admin123');
      295 |     await page.click('button[type="submit"]');
      296 |     
        at /Users/gailad/Documents/Dev Projects/PacheduConnect/tests/e2e/transaction-history.spec.ts:293:16

    attachment #1: screenshot (image/png) ──────────────────────────────────────────────────────────
    ../../test-results/transaction-history-Transa-401ef-sees-all-users-transactions-chromium/test-failed-1.png
    ────────────────────────────────────────────────────────────────────────────────────────────────

    attachment #2: video (video/webm) ──────────────────────────────────────────────────────────────
    ../../test-results/transaction-history-Transa-401ef-sees-all-users-transactions-chromium/video.webm
    ────────────────────────────────────────────────────────────────────────────────────────────────

    Error Context: ../../test-results/transaction-history-Transa-401ef-sees-all-users-transactions-chromium/error-context.md
]]>
</failure>
<system-out>
<![CDATA[
[[ATTACHMENT|transaction-history-Transa-401ef-sees-all-users-transactions-chromium/test-failed-1.png]]

[[ATTACHMENT|transaction-history-Transa-401ef-sees-all-users-transactions-chromium/video.webm]]

[[ATTACHMENT|transaction-history-Transa-401ef-sees-all-users-transactions-chromium/error-context.md]]
]]>
</system-out>
</testcase>
<testcase name="Transaction History &amp; Tracking › @roles Unauthorized access prevention" classname="transaction-history.spec.ts" time="6.199">
<failure message="transaction-history.spec.ts:313:7 @roles Unauthorized access prevention" type="FAILURE">
<![CDATA[  [chromium] › transaction-history.spec.ts:313:7 › Transaction History & Tracking › @roles Unauthorized access prevention 

    Error: Timed out 5000ms waiting for expect(locator).toBeVisible()

    Locator: locator('text=Unauthorized')
    Expected: visible
    Received: <element(s) not found>
    Call log:
      - Expect "toBeVisible" with timeout 5000ms
      - waiting for locator('text=Unauthorized')


      316 |     
      317 |     // Should be redirected to login or show error
    > 318 |     await expect(page.locator('text=Unauthorized') || page.locator('text=Login')).toBeVisible();
          |                                                                                   ^
      319 |     
      320 |     // Try to access other user's transaction directly
      321 |     await page.goto('/transactions/TXN123');
        at /Users/gailad/Documents/Dev Projects/PacheduConnect/tests/e2e/transaction-history.spec.ts:318:83

    attachment #1: screenshot (image/png) ──────────────────────────────────────────────────────────
    ../../test-results/transaction-history-Transa-b9fda-uthorized-access-prevention-chromium/test-failed-1.png
    ────────────────────────────────────────────────────────────────────────────────────────────────

    attachment #2: video (video/webm) ──────────────────────────────────────────────────────────────
    ../../test-results/transaction-history-Transa-b9fda-uthorized-access-prevention-chromium/video.webm
    ────────────────────────────────────────────────────────────────────────────────────────────────

    Error Context: ../../test-results/transaction-history-Transa-b9fda-uthorized-access-prevention-chromium/error-context.md
]]>
</failure>
<system-out>
<![CDATA[
[[ATTACHMENT|transaction-history-Transa-b9fda-uthorized-access-prevention-chromium/test-failed-1.png]]

[[ATTACHMENT|transaction-history-Transa-b9fda-uthorized-access-prevention-chromium/video.webm]]

[[ATTACHMENT|transaction-history-Transa-b9fda-uthorized-access-prevention-chromium/error-context.md]]
]]>
</system-out>
</testcase>
<testcase name="Transaction History &amp; Tracking › @dispute Open dispute from transaction" classname="transaction-history.spec.ts" time="30.64">
<failure message="transaction-history.spec.ts:328:7 @dispute Open dispute from transaction" type="FAILURE">
<![CDATA[  [chromium] › transaction-history.spec.ts:328:7 › Transaction History & Tracking › @dispute Open dispute from transaction 

    Test timeout of 30000ms exceeded.

    Error: page.click: Test timeout of 30000ms exceeded.
    Call log:
      - waiting for locator('[data-testid="transaction-row"]:first-child')


      328 |   test('@dispute Open dispute from transaction', async ({ page }) => {
      329 |     await page.goto('/transactions');
    > 330 |     await page.click('[data-testid="transaction-row"]:first-child');
          |                ^
      331 |     
      332 |     // Click dispute button
      333 |     await page.click('button:has-text("Report Issue")');
        at /Users/gailad/Documents/Dev Projects/PacheduConnect/tests/e2e/transaction-history.spec.ts:330:16

    attachment #1: screenshot (image/png) ──────────────────────────────────────────────────────────
    ../../test-results/transaction-history-Transa-20d3d-en-dispute-from-transaction-chromium/test-failed-1.png
    ────────────────────────────────────────────────────────────────────────────────────────────────

    attachment #2: video (video/webm) ──────────────────────────────────────────────────────────────
    ../../test-results/transaction-history-Transa-20d3d-en-dispute-from-transaction-chromium/video.webm
    ────────────────────────────────────────────────────────────────────────────────────────────────

    Error Context: ../../test-results/transaction-history-Transa-20d3d-en-dispute-from-transaction-chromium/error-context.md
]]>
</failure>
<system-out>
<![CDATA[
[[ATTACHMENT|transaction-history-Transa-20d3d-en-dispute-from-transaction-chromium/test-failed-1.png]]

[[ATTACHMENT|transaction-history-Transa-20d3d-en-dispute-from-transaction-chromium/video.webm]]

[[ATTACHMENT|transaction-history-Transa-20d3d-en-dispute-from-transaction-chromium/error-context.md]]
]]>
</system-out>
</testcase>
<testcase name="Transaction History &amp; Tracking › @dispute Track dispute status" classname="transaction-history.spec.ts" time="30.679">
<failure message="transaction-history.spec.ts:353:7 @dispute Track dispute status" type="FAILURE">
<![CDATA[  [chromium] › transaction-history.spec.ts:353:7 › Transaction History & Tracking › @dispute Track dispute status 

    Test timeout of 30000ms exceeded.

    Error: page.click: Test timeout of 30000ms exceeded.
    Call log:
      - waiting for locator('[data-testid="transaction-row"]:first-child')


      353 |   test('@dispute Track dispute status', async ({ page }) => {
      354 |     await page.goto('/transactions');
    > 355 |     await page.click('[data-testid="transaction-row"]:first-child');
          |                ^
      356 |     
      357 |     // Check if transaction has active dispute
      358 |     const disputeStatus = page.locator('[data-testid="dispute-status"]');
        at /Users/gailad/Documents/Dev Projects/PacheduConnect/tests/e2e/transaction-history.spec.ts:355:16

    attachment #1: screenshot (image/png) ──────────────────────────────────────────────────────────
    ../../test-results/transaction-history-Transa-32fbb-ispute-Track-dispute-status-chromium/test-failed-1.png
    ────────────────────────────────────────────────────────────────────────────────────────────────

    attachment #2: video (video/webm) ──────────────────────────────────────────────────────────────
    ../../test-results/transaction-history-Transa-32fbb-ispute-Track-dispute-status-chromium/video.webm
    ────────────────────────────────────────────────────────────────────────────────────────────────

    Error Context: ../../test-results/transaction-history-Transa-32fbb-ispute-Track-dispute-status-chromium/error-context.md
]]>
</failure>
<system-out>
<![CDATA[
[[ATTACHMENT|transaction-history-Transa-32fbb-ispute-Track-dispute-status-chromium/test-failed-1.png]]

[[ATTACHMENT|transaction-history-Transa-32fbb-ispute-Track-dispute-status-chromium/video.webm]]

[[ATTACHMENT|transaction-history-Transa-32fbb-ispute-Track-dispute-status-chromium/error-context.md]]
]]>
</system-out>
</testcase>
<testcase name="Transaction History &amp; Tracking › @dispute Support chat integration" classname="transaction-history.spec.ts" time="30.614">
<failure message="transaction-history.spec.ts:373:7 @dispute Support chat integration" type="FAILURE">
<![CDATA[  [chromium] › transaction-history.spec.ts:373:7 › Transaction History & Tracking › @dispute Support chat integration 

    Test timeout of 30000ms exceeded.

    Error: page.click: Test timeout of 30000ms exceeded.
    Call log:
      - waiting for locator('[data-testid="transaction-row"]:first-child')


      373 |   test('@dispute Support chat integration', async ({ page }) => {
      374 |     await page.goto('/transactions');
    > 375 |     await page.click('[data-testid="transaction-row"]:first-child');
          |                ^
      376 |     
      377 |     // Open support chat
      378 |     await page.click('button:has-text("Get Help")');
        at /Users/gailad/Documents/Dev Projects/PacheduConnect/tests/e2e/transaction-history.spec.ts:375:16

    attachment #1: screenshot (image/png) ──────────────────────────────────────────────────────────
    ../../test-results/transaction-history-Transa-3044a-te-Support-chat-integration-chromium/test-failed-1.png
    ────────────────────────────────────────────────────────────────────────────────────────────────

    attachment #2: video (video/webm) ──────────────────────────────────────────────────────────────
    ../../test-results/transaction-history-Transa-3044a-te-Support-chat-integration-chromium/video.webm
    ────────────────────────────────────────────────────────────────────────────────────────────────

    Error Context: ../../test-results/transaction-history-Transa-3044a-te-Support-chat-integration-chromium/error-context.md
]]>
</failure>
<system-out>
<![CDATA[
[[ATTACHMENT|transaction-history-Transa-3044a-te-Support-chat-integration-chromium/test-failed-1.png]]

[[ATTACHMENT|transaction-history-Transa-3044a-te-Support-chat-integration-chromium/video.webm]]

[[ATTACHMENT|transaction-history-Transa-3044a-te-Support-chat-integration-chromium/error-context.md]]
]]>
</system-out>
</testcase>
<testcase name="Transaction History &amp; Tracking › @bulk Bulk transaction selection" classname="transaction-history.spec.ts" time="30.591">
<failure message="transaction-history.spec.ts:393:7 @bulk Bulk transaction selection" type="FAILURE">
<![CDATA[  [chromium] › transaction-history.spec.ts:393:7 › Transaction History & Tracking › @bulk Bulk transaction selection 

    Test timeout of 30000ms exceeded.

    Error: page.click: Test timeout of 30000ms exceeded.
    Call log:
      - waiting for locator('input[type="checkbox"]:nth-child(1)')


      395 |     
      396 |     // Select multiple transactions
    > 397 |     await page.click('input[type="checkbox"]:nth-child(1)');
          |                ^
      398 |     await page.click('input[type="checkbox"]:nth-child(2)');
      399 |     await page.click('input[type="checkbox"]:nth-child(3)');
      400 |     
        at /Users/gailad/Documents/Dev Projects/PacheduConnect/tests/e2e/transaction-history.spec.ts:397:16

    attachment #1: screenshot (image/png) ──────────────────────────────────────────────────────────
    ../../test-results/transaction-history-Transa-c87f0--Bulk-transaction-selection-chromium/test-failed-1.png
    ────────────────────────────────────────────────────────────────────────────────────────────────

    attachment #2: video (video/webm) ──────────────────────────────────────────────────────────────
    ../../test-results/transaction-history-Transa-c87f0--Bulk-transaction-selection-chromium/video.webm
    ────────────────────────────────────────────────────────────────────────────────────────────────

    Error Context: ../../test-results/transaction-history-Transa-c87f0--Bulk-transaction-selection-chromium/error-context.md
]]>
</failure>
<system-out>
<![CDATA[
[[ATTACHMENT|transaction-history-Transa-c87f0--Bulk-transaction-selection-chromium/test-failed-1.png]]

[[ATTACHMENT|transaction-history-Transa-c87f0--Bulk-transaction-selection-chromium/video.webm]]

[[ATTACHMENT|transaction-history-Transa-c87f0--Bulk-transaction-selection-chromium/error-context.md]]
]]>
</system-out>
</testcase>
<testcase name="Transaction History &amp; Tracking › @bulk Bulk notification settings" classname="transaction-history.spec.ts" time="30.737">
<failure message="transaction-history.spec.ts:416:7 @bulk Bulk notification settings" type="FAILURE">
<![CDATA[  [chromium] › transaction-history.spec.ts:416:7 › Transaction History & Tracking › @bulk Bulk notification settings 

    Test timeout of 30000ms exceeded.

    Error: page.click: Test timeout of 30000ms exceeded.
    Call log:
      - waiting for locator('input[type="checkbox"]:nth-child(1)')


      418 |     
      419 |     // Select transactions
    > 420 |     await page.click('input[type="checkbox"]:nth-child(1)');
          |                ^
      421 |     await page.click('input[type="checkbox"]:nth-child(2)');
      422 |     
      423 |     // Open bulk notification settings
        at /Users/gailad/Documents/Dev Projects/PacheduConnect/tests/e2e/transaction-history.spec.ts:420:16

    attachment #1: screenshot (image/png) ──────────────────────────────────────────────────────────
    ../../test-results/transaction-history-Transa-6f9d7--Bulk-notification-settings-chromium/test-failed-1.png
    ────────────────────────────────────────────────────────────────────────────────────────────────

    attachment #2: video (video/webm) ──────────────────────────────────────────────────────────────
    ../../test-results/transaction-history-Transa-6f9d7--Bulk-notification-settings-chromium/video.webm
    ────────────────────────────────────────────────────────────────────────────────────────────────

    Error Context: ../../test-results/transaction-history-Transa-6f9d7--Bulk-notification-settings-chromium/error-context.md
]]>
</failure>
<system-out>
<![CDATA[
[[ATTACHMENT|transaction-history-Transa-6f9d7--Bulk-notification-settings-chromium/test-failed-1.png]]

[[ATTACHMENT|transaction-history-Transa-6f9d7--Bulk-notification-settings-chromium/video.webm]]

[[ATTACHMENT|transaction-history-Transa-6f9d7--Bulk-notification-settings-chromium/error-context.md]]
]]>
</system-out>
</testcase>
<testcase name="Transaction History &amp; Tracking › @a11y Keyboard navigation" classname="transaction-history.spec.ts" time="6.263">
<failure message="transaction-history.spec.ts:438:7 @a11y Keyboard navigation" type="FAILURE">
<![CDATA[  [chromium] › transaction-history.spec.ts:438:7 › Transaction History & Tracking › @a11y Keyboard navigation 

    Error: Timed out 5000ms waiting for expect(locator).toBeVisible()

    Locator: locator(':focus')
    Expected: visible
    Received: <element(s) not found>
    Call log:
      - Expect "toBeVisible" with timeout 5000ms
      - waiting for locator(':focus')


      441 |     // Test tab navigation
      442 |     await page.keyboard.press('Tab');
    > 443 |     await expect(page.locator(':focus')).toBeVisible();
          |                                          ^
      444 |     
      445 |     // Navigate through transaction rows with keyboard
      446 |     await page.keyboard.press('Tab');
        at /Users/gailad/Documents/Dev Projects/PacheduConnect/tests/e2e/transaction-history.spec.ts:443:42

    attachment #1: screenshot (image/png) ──────────────────────────────────────────────────────────
    ../../test-results/transaction-history-Transa-8c663-ng-a11y-Keyboard-navigation-chromium/test-failed-1.png
    ────────────────────────────────────────────────────────────────────────────────────────────────

    attachment #2: video (video/webm) ──────────────────────────────────────────────────────────────
    ../../test-results/transaction-history-Transa-8c663-ng-a11y-Keyboard-navigation-chromium/video.webm
    ────────────────────────────────────────────────────────────────────────────────────────────────

    Error Context: ../../test-results/transaction-history-Transa-8c663-ng-a11y-Keyboard-navigation-chromium/error-context.md
]]>
</failure>
<system-out>
<![CDATA[
[[ATTACHMENT|transaction-history-Transa-8c663-ng-a11y-Keyboard-navigation-chromium/test-failed-1.png]]

[[ATTACHMENT|transaction-history-Transa-8c663-ng-a11y-Keyboard-navigation-chromium/video.webm]]

[[ATTACHMENT|transaction-history-Transa-8c663-ng-a11y-Keyboard-navigation-chromium/error-context.md]]
]]>
</system-out>
</testcase>
<testcase name="Transaction History &amp; Tracking › @a11y Screen reader compatibility" classname="transaction-history.spec.ts" time="6.375">
<failure message="transaction-history.spec.ts:458:7 @a11y Screen reader compatibility" type="FAILURE">
<![CDATA[  [chromium] › transaction-history.spec.ts:458:7 › Transaction History & Tracking › @a11y Screen reader compatibility 

    Error: Timed out 5000ms waiting for expect(locator).toBeVisible()

    Locator: locator('[aria-label*="transaction"]')
    Expected: visible
    Received: <element(s) not found>
    Call log:
      - Expect "toBeVisible" with timeout 5000ms
      - waiting for locator('[aria-label*="transaction"]')


      460 |     
      461 |     // Verify ARIA labels are present
    > 462 |     await expect(page.locator('[aria-label*="transaction"]')).toBeVisible();
          |                                                               ^
      463 |     await expect(page.locator('[role="table"]')).toBeVisible();
      464 |     await expect(page.locator('[role="row"]')).toBeVisible();
      465 |     
        at /Users/gailad/Documents/Dev Projects/PacheduConnect/tests/e2e/transaction-history.spec.ts:462:63

    attachment #1: screenshot (image/png) ──────────────────────────────────────────────────────────
    ../../test-results/transaction-history-Transa-b7bf0-Screen-reader-compatibility-chromium/test-failed-1.png
    ────────────────────────────────────────────────────────────────────────────────────────────────

    attachment #2: video (video/webm) ──────────────────────────────────────────────────────────────
    ../../test-results/transaction-history-Transa-b7bf0-Screen-reader-compatibility-chromium/video.webm
    ────────────────────────────────────────────────────────────────────────────────────────────────

    Error Context: ../../test-results/transaction-history-Transa-b7bf0-Screen-reader-compatibility-chromium/error-context.md
]]>
</failure>
<system-out>
<![CDATA[
[[ATTACHMENT|transaction-history-Transa-b7bf0-Screen-reader-compatibility-chromium/test-failed-1.png]]

[[ATTACHMENT|transaction-history-Transa-b7bf0-Screen-reader-compatibility-chromium/video.webm]]

[[ATTACHMENT|transaction-history-Transa-b7bf0-Screen-reader-compatibility-chromium/error-context.md]]
]]>
</system-out>
</testcase>
<testcase name="Transaction History &amp; Tracking › @edge No transactions state" classname="transaction-history.spec.ts" time="6.244">
<failure message="transaction-history.spec.ts:479:7 @edge No transactions state" type="FAILURE">
<![CDATA[  [chromium] › transaction-history.spec.ts:479:7 › Transaction History & Tracking › @edge No transactions state 

    Error: Timed out 5000ms waiting for expect(locator).toBeVisible()

    Locator: locator('text=No transactions found')
    Expected: visible
    Received: <element(s) not found>
    Call log:
      - Expect "toBeVisible" with timeout 5000ms
      - waiting for locator('text=No transactions found')


      490 |     
      491 |     // Verify empty state
    > 492 |     await expect(page.locator('text=No transactions found')).toBeVisible();
          |                                                              ^
      493 |     await expect(page.locator('text=Start your first transfer')).toBeVisible();
      494 |     await expect(page.locator('button:has-text("Send Money")')).toBeVisible();
      495 |   });
        at /Users/gailad/Documents/Dev Projects/PacheduConnect/tests/e2e/transaction-history.spec.ts:492:62

    attachment #1: screenshot (image/png) ──────────────────────────────────────────────────────────
    ../../test-results/transaction-history-Transa-c35d9--edge-No-transactions-state-chromium/test-failed-1.png
    ────────────────────────────────────────────────────────────────────────────────────────────────

    attachment #2: video (video/webm) ──────────────────────────────────────────────────────────────
    ../../test-results/transaction-history-Transa-c35d9--edge-No-transactions-state-chromium/video.webm
    ────────────────────────────────────────────────────────────────────────────────────────────────

    Error Context: ../../test-results/transaction-history-Transa-c35d9--edge-No-transactions-state-chromium/error-context.md
]]>
</failure>
<system-out>
<![CDATA[
[[ATTACHMENT|transaction-history-Transa-c35d9--edge-No-transactions-state-chromium/test-failed-1.png]]

[[ATTACHMENT|transaction-history-Transa-c35d9--edge-No-transactions-state-chromium/video.webm]]

[[ATTACHMENT|transaction-history-Transa-c35d9--edge-No-transactions-state-chromium/error-context.md]]
]]>
</system-out>
</testcase>
<testcase name="Transaction History &amp; Tracking › @edge Large transaction amounts" classname="transaction-history.spec.ts" time="6.535">
<failure message="transaction-history.spec.ts:497:7 @edge Large transaction amounts" type="FAILURE">
<![CDATA[  [chromium] › transaction-history.spec.ts:497:7 › Transaction History & Tracking › @edge Large transaction amounts 

    Error: Timed out 5000ms waiting for expect(locator).toBeVisible()

    Locator: locator('text=$999,999,999.99')
    Expected: visible
    Received: <element(s) not found>
    Call log:
      - Expect "toBeVisible" with timeout 5000ms
      - waiting for locator('text=$999,999,999.99')


      517 |     
      518 |     // Verify large amount displays correctly
    > 519 |     await expect(page.locator('text=$999,999,999.99')).toBeVisible();
          |                                                        ^
      520 |   });
      521 |
      522 |   test('@edge Failed/cancelled transactions', async ({ page }) => {
        at /Users/gailad/Documents/Dev Projects/PacheduConnect/tests/e2e/transaction-history.spec.ts:519:56

    attachment #1: screenshot (image/png) ──────────────────────────────────────────────────────────
    ../../test-results/transaction-history-Transa-19010-e-Large-transaction-amounts-chromium/test-failed-1.png
    ────────────────────────────────────────────────────────────────────────────────────────────────

    attachment #2: video (video/webm) ──────────────────────────────────────────────────────────────
    ../../test-results/transaction-history-Transa-19010-e-Large-transaction-amounts-chromium/video.webm
    ────────────────────────────────────────────────────────────────────────────────────────────────

    Error Context: ../../test-results/transaction-history-Transa-19010-e-Large-transaction-amounts-chromium/error-context.md
]]>
</failure>
<system-out>
<![CDATA[
[[ATTACHMENT|transaction-history-Transa-19010-e-Large-transaction-amounts-chromium/test-failed-1.png]]

[[ATTACHMENT|transaction-history-Transa-19010-e-Large-transaction-amounts-chromium/video.webm]]

[[ATTACHMENT|transaction-history-Transa-19010-e-Large-transaction-amounts-chromium/error-context.md]]
]]>
</system-out>
</testcase>
<testcase name="Transaction History &amp; Tracking › @edge Failed/cancelled transactions" classname="transaction-history.spec.ts" time="6.691">
<failure message="transaction-history.spec.ts:522:7 @edge Failed/cancelled transactions" type="FAILURE">
<![CDATA[  [chromium] › transaction-history.spec.ts:522:7 › Transaction History & Tracking › @edge Failed/cancelled transactions 

    Error: Timed out 5000ms waiting for expect(locator).toBeVisible()

    Locator: locator('text=Failed')
    Expected: visible
    Received: <element(s) not found>
    Call log:
      - Expect "toBeVisible" with timeout 5000ms
      - waiting for locator('text=Failed')


      542 |     
      543 |     // Verify failed transaction display
    > 544 |     await expect(page.locator('text=Failed')).toBeVisible();
          |                                               ^
      545 |     await expect(page.locator('text=Insufficient funds')).toBeVisible();
      546 |     
      547 |     // Test retry functionality
        at /Users/gailad/Documents/Dev Projects/PacheduConnect/tests/e2e/transaction-history.spec.ts:544:47

    attachment #1: screenshot (image/png) ──────────────────────────────────────────────────────────
    ../../test-results/transaction-history-Transa-2ab61-iled-cancelled-transactions-chromium/test-failed-1.png
    ────────────────────────────────────────────────────────────────────────────────────────────────

    attachment #2: video (video/webm) ──────────────────────────────────────────────────────────────
    ../../test-results/transaction-history-Transa-2ab61-iled-cancelled-transactions-chromium/video.webm
    ────────────────────────────────────────────────────────────────────────────────────────────────

    Error Context: ../../test-results/transaction-history-Transa-2ab61-iled-cancelled-transactions-chromium/error-context.md
]]>
</failure>
<system-out>
<![CDATA[
[[ATTACHMENT|transaction-history-Transa-2ab61-iled-cancelled-transactions-chromium/test-failed-1.png]]

[[ATTACHMENT|transaction-history-Transa-2ab61-iled-cancelled-transactions-chromium/video.webm]]

[[ATTACHMENT|transaction-history-Transa-2ab61-iled-cancelled-transactions-chromium/error-context.md]]
]]>
</system-out>
</testcase>
<testcase name="Transaction History &amp; Tracking › @edge Corrupted data handling" classname="transaction-history.spec.ts" time="6.413">
<failure message="transaction-history.spec.ts:552:7 @edge Corrupted data handling" type="FAILURE">
<![CDATA[  [chromium] › transaction-history.spec.ts:552:7 › Transaction History & Tracking › @edge Corrupted data handling 

    Error: Timed out 5000ms waiting for expect(locator).toBeVisible()

    Locator: locator('text=Error loading transactions')
    Expected: visible
    Received: <element(s) not found>
    Call log:
      - Expect "toBeVisible" with timeout 5000ms
      - waiting for locator('text=Error loading transactions')


      563 |     
      564 |     // Verify error handling
    > 565 |     await expect(page.locator('text=Error loading transactions')).toBeVisible();
          |                                                                   ^
      566 |     await expect(page.locator('button:has-text("Retry")')).toBeVisible();
      567 |   });
      568 |
        at /Users/gailad/Documents/Dev Projects/PacheduConnect/tests/e2e/transaction-history.spec.ts:565:67

    attachment #1: screenshot (image/png) ──────────────────────────────────────────────────────────
    ../../test-results/transaction-history-Transa-f77b3-dge-Corrupted-data-handling-chromium/test-failed-1.png
    ────────────────────────────────────────────────────────────────────────────────────────────────

    attachment #2: video (video/webm) ──────────────────────────────────────────────────────────────
    ../../test-results/transaction-history-Transa-f77b3-dge-Corrupted-data-handling-chromium/video.webm
    ────────────────────────────────────────────────────────────────────────────────────────────────

    Error Context: ../../test-results/transaction-history-Transa-f77b3-dge-Corrupted-data-handling-chromium/error-context.md
]]>
</failure>
<system-out>
<![CDATA[
[[ATTACHMENT|transaction-history-Transa-f77b3-dge-Corrupted-data-handling-chromium/test-failed-1.png]]

[[ATTACHMENT|transaction-history-Transa-f77b3-dge-Corrupted-data-handling-chromium/video.webm]]

[[ATTACHMENT|transaction-history-Transa-f77b3-dge-Corrupted-data-handling-chromium/error-context.md]]
]]>
</system-out>
</testcase>
<testcase name="Transaction History &amp; Tracking › @mobile Mobile transaction list view" classname="transaction-history.spec.ts" time="6.309">
<failure message="transaction-history.spec.ts:570:7 @mobile Mobile transaction list view" type="FAILURE">
<![CDATA[  [chromium] › transaction-history.spec.ts:570:7 › Transaction History & Tracking › @mobile Mobile transaction list view 

    Error: Timed out 5000ms waiting for expect(locator).toBeVisible()

    Locator: locator('[data-testid="mobile-transaction-card"]')
    Expected: visible
    Received: <element(s) not found>
    Call log:
      - Expect "toBeVisible" with timeout 5000ms
      - waiting for locator('[data-testid="mobile-transaction-card"]')


      575 |     
      576 |     // Verify mobile-optimized layout
    > 577 |     await expect(page.locator('[data-testid="mobile-transaction-card"]')).toBeVisible();
          |                                                                           ^
      578 |     
      579 |     // Test mobile-specific interactions
      580 |     await page.click('[data-testid="mobile-transaction-card"]:first-child');
        at /Users/gailad/Documents/Dev Projects/PacheduConnect/tests/e2e/transaction-history.spec.ts:577:75

    attachment #1: screenshot (image/png) ──────────────────────────────────────────────────────────
    ../../test-results/transaction-history-Transa-762ad-obile-transaction-list-view-chromium/test-failed-1.png
    ────────────────────────────────────────────────────────────────────────────────────────────────

    attachment #2: video (video/webm) ──────────────────────────────────────────────────────────────
    ../../test-results/transaction-history-Transa-762ad-obile-transaction-list-view-chromium/video.webm
    ────────────────────────────────────────────────────────────────────────────────────────────────

    Error Context: ../../test-results/transaction-history-Transa-762ad-obile-transaction-list-view-chromium/error-context.md
]]>
</failure>
<system-out>
<![CDATA[
[[ATTACHMENT|transaction-history-Transa-762ad-obile-transaction-list-view-chromium/test-failed-1.png]]

[[ATTACHMENT|transaction-history-Transa-762ad-obile-transaction-list-view-chromium/video.webm]]

[[ATTACHMENT|transaction-history-Transa-762ad-obile-transaction-list-view-chromium/error-context.md]]
]]>
</system-out>
</testcase>
<testcase name="Transaction History &amp; Tracking › @mobile Mobile filters and search" classname="transaction-history.spec.ts" time="31.464">
<failure message="transaction-history.spec.ts:588:7 @mobile Mobile filters and search" type="FAILURE">
<![CDATA[  [chromium] › transaction-history.spec.ts:588:7 › Transaction History & Tracking › @mobile Mobile filters and search 

    Test timeout of 30000ms exceeded.

    Error: page.click: Test timeout of 30000ms exceeded.
    Call log:
      - waiting for locator('button[aria-label="Open filters"]')


      592 |     
      593 |     // Open mobile filter menu
    > 594 |     await page.click('button[aria-label="Open filters"]');
          |                ^
      595 |     
      596 |     // Verify mobile filter interface
      597 |     await expect(page.locator('[data-testid="mobile-filters"]')).toBeVisible();
        at /Users/gailad/Documents/Dev Projects/PacheduConnect/tests/e2e/transaction-history.spec.ts:594:16

    attachment #1: screenshot (image/png) ──────────────────────────────────────────────────────────
    ../../test-results/transaction-history-Transa-729b7-e-Mobile-filters-and-search-chromium/test-failed-1.png
    ────────────────────────────────────────────────────────────────────────────────────────────────

    attachment #2: video (video/webm) ──────────────────────────────────────────────────────────────
    ../../test-results/transaction-history-Transa-729b7-e-Mobile-filters-and-search-chromium/video.webm
    ────────────────────────────────────────────────────────────────────────────────────────────────

    Error Context: ../../test-results/transaction-history-Transa-729b7-e-Mobile-filters-and-search-chromium/error-context.md
]]>
</failure>
<system-out>
<![CDATA[
[[ATTACHMENT|transaction-history-Transa-729b7-e-Mobile-filters-and-search-chromium/test-failed-1.png]]

[[ATTACHMENT|transaction-history-Transa-729b7-e-Mobile-filters-and-search-chromium/video.webm]]

[[ATTACHMENT|transaction-history-Transa-729b7-e-Mobile-filters-and-search-chromium/error-context.md]]
]]>
</system-out>
</testcase>
<testcase name="Transaction History &amp; Tracking › @mobile Mobile bulk actions" classname="transaction-history.spec.ts" time="31.197">
<failure message="transaction-history.spec.ts:609:7 @mobile Mobile bulk actions" type="FAILURE">
<![CDATA[  [chromium] › transaction-history.spec.ts:609:7 › Transaction History & Tracking › @mobile Mobile bulk actions 

    Test timeout of 30000ms exceeded.

    Error: page.click: Test timeout of 30000ms exceeded.
    Call log:
      - waiting for locator('[data-testid="mobile-transaction-card"]:first-child')


      613 |     
      614 |     // Long press to select (mobile gesture)
    > 615 |     await page.click('[data-testid="mobile-transaction-card"]:first-child', { button: 'right' });
          |                ^
      616 |     await expect(page.locator('[data-testid="mobile-selection-mode"]')).toBeVisible();
      617 |     
      618 |     // Select multiple items
        at /Users/gailad/Documents/Dev Projects/PacheduConnect/tests/e2e/transaction-history.spec.ts:615:16

    attachment #1: screenshot (image/png) ──────────────────────────────────────────────────────────
    ../../test-results/transaction-history-Transa-e69f3--mobile-Mobile-bulk-actions-chromium/test-failed-1.png
    ────────────────────────────────────────────────────────────────────────────────────────────────

    attachment #2: video (video/webm) ──────────────────────────────────────────────────────────────
    ../../test-results/transaction-history-Transa-e69f3--mobile-Mobile-bulk-actions-chromium/video.webm
    ────────────────────────────────────────────────────────────────────────────────────────────────

    Error Context: ../../test-results/transaction-history-Transa-e69f3--mobile-Mobile-bulk-actions-chromium/error-context.md
]]>
</failure>
<system-out>
<![CDATA[
[[ATTACHMENT|transaction-history-Transa-e69f3--mobile-Mobile-bulk-actions-chromium/test-failed-1.png]]

[[ATTACHMENT|transaction-history-Transa-e69f3--mobile-Mobile-bulk-actions-chromium/video.webm]]

[[ATTACHMENT|transaction-history-Transa-e69f3--mobile-Mobile-bulk-actions-chromium/error-context.md]]
]]>
</system-out>
</testcase>
<testcase name="Transaction History &amp; Tracking › @mobile Mobile dispute flow" classname="transaction-history.spec.ts" time="30.598">
<failure message="transaction-history.spec.ts:628:7 @mobile Mobile dispute flow" type="FAILURE">
<![CDATA[  [chromium] › transaction-history.spec.ts:628:7 › Transaction History & Tracking › @mobile Mobile dispute flow 

    Test timeout of 30000ms exceeded.

    Error: page.click: Test timeout of 30000ms exceeded.
    Call log:
      - waiting for locator('[data-testid="mobile-transaction-card"]:first-child')


      630 |     
      631 |     await page.goto('/transactions');
    > 632 |     await page.click('[data-testid="mobile-transaction-card"]:first-child');
          |                ^
      633 |     
      634 |     // Open mobile dispute form
      635 |     await page.click('button:has-text("Report Issue")');
        at /Users/gailad/Documents/Dev Projects/PacheduConnect/tests/e2e/transaction-history.spec.ts:632:16

    attachment #1: screenshot (image/png) ──────────────────────────────────────────────────────────
    ../../test-results/transaction-history-Transa-19a14--mobile-Mobile-dispute-flow-chromium/test-failed-1.png
    ────────────────────────────────────────────────────────────────────────────────────────────────

    attachment #2: video (video/webm) ──────────────────────────────────────────────────────────────
    ../../test-results/transaction-history-Transa-19a14--mobile-Mobile-dispute-flow-chromium/video.webm
    ────────────────────────────────────────────────────────────────────────────────────────────────

    Error Context: ../../test-results/transaction-history-Transa-19a14--mobile-Mobile-dispute-flow-chromium/error-context.md
]]>
</failure>
<system-out>
<![CDATA[
[[ATTACHMENT|transaction-history-Transa-19a14--mobile-Mobile-dispute-flow-chromium/test-failed-1.png]]

[[ATTACHMENT|transaction-history-Transa-19a14--mobile-Mobile-dispute-flow-chromium/video.webm]]

[[ATTACHMENT|transaction-history-Transa-19a14--mobile-Mobile-dispute-flow-chromium/error-context.md]]
]]>
</system-out>
</testcase>
<testcase name="Transaction History &amp; Tracking › @mobile Mobile accessibility" classname="transaction-history.spec.ts" time="6.235">
<failure message="transaction-history.spec.ts:651:7 @mobile Mobile accessibility" type="FAILURE">
<![CDATA[  [chromium] › transaction-history.spec.ts:651:7 › Transaction History & Tracking › @mobile Mobile accessibility 

    Error: Timed out 5000ms waiting for expect(locator).toBeVisible()

    Locator: locator('[aria-label*="transaction"]')
    Expected: visible
    Received: <element(s) not found>
    Call log:
      - Expect "toBeVisible" with timeout 5000ms
      - waiting for locator('[aria-label*="transaction"]')


      655 |     
      656 |     // Test mobile screen reader compatibility
    > 657 |     await expect(page.locator('[aria-label*="transaction"]')).toBeVisible();
          |                                                               ^
      658 |     
      659 |     // Test mobile keyboard navigation
      660 |     await page.keyboard.press('Tab');
        at /Users/gailad/Documents/Dev Projects/PacheduConnect/tests/e2e/transaction-history.spec.ts:657:63

    attachment #1: screenshot (image/png) ──────────────────────────────────────────────────────────
    ../../test-results/transaction-history-Transa-5f924-mobile-Mobile-accessibility-chromium/test-failed-1.png
    ────────────────────────────────────────────────────────────────────────────────────────────────

    attachment #2: video (video/webm) ──────────────────────────────────────────────────────────────
    ../../test-results/transaction-history-Transa-5f924-mobile-Mobile-accessibility-chromium/video.webm
    ────────────────────────────────────────────────────────────────────────────────────────────────

    Error Context: ../../test-results/transaction-history-Transa-5f924-mobile-Mobile-accessibility-chromium/error-context.md
]]>
</failure>
<system-out>
<![CDATA[
[[ATTACHMENT|transaction-history-Transa-5f924-mobile-Mobile-accessibility-chromium/test-failed-1.png]]

[[ATTACHMENT|transaction-history-Transa-5f924-mobile-Mobile-accessibility-chromium/video.webm]]

[[ATTACHMENT|transaction-history-Transa-5f924-mobile-Mobile-accessibility-chromium/error-context.md]]
]]>
</system-out>
</testcase>
</testsuite>
<testsuite name="login-biometric.spec.ts" timestamp="2025-07-14T13:04:14.079Z" hostname="firefox" tests="7" failures="7" skipped="0" time="189.027" errors="0">
<testcase name="Login and Biometric Authentication › @login Successful login with valid credentials" classname="login-biometric.spec.ts" time="30.151">
<failure message="login-biometric.spec.ts:8:7 @login Successful login with valid credentials" type="FAILURE">
<![CDATA[  [firefox] › login-biometric.spec.ts:8:7 › Login and Biometric Authentication › @login Successful login with valid credentials 

    Test timeout of 30000ms exceeded.

    Error: page.fill: Test timeout of 30000ms exceeded.
    Call log:
      - waiting for locator('input[placeholder*="email"]')


       8 |   test('@login Successful login with valid credentials', async ({ page }) => {
       9 |     // Fill login form
    > 10 |     await page.fill('input[placeholder*="email"]', 'test@example.com');
         |                ^
      11 |     await page.fill('input[placeholder*="password"]', 'password123');
      12 |     
      13 |     // Submit login
        at /Users/gailad/Documents/Dev Projects/PacheduConnect/tests/e2e/login-biometric.spec.ts:10:16

    attachment #1: screenshot (image/png) ──────────────────────────────────────────────────────────
    ../../test-results/login-biometric-Login-and--c5ada-ogin-with-valid-credentials-firefox/test-failed-1.png
    ────────────────────────────────────────────────────────────────────────────────────────────────

    attachment #2: video (video/webm) ──────────────────────────────────────────────────────────────
    ../../test-results/login-biometric-Login-and--c5ada-ogin-with-valid-credentials-firefox/video.webm
    ────────────────────────────────────────────────────────────────────────────────────────────────

    Error Context: ../../test-results/login-biometric-Login-and--c5ada-ogin-with-valid-credentials-firefox/error-context.md
]]>
</failure>
<system-out>
<![CDATA[
[[ATTACHMENT|login-biometric-Login-and--c5ada-ogin-with-valid-credentials-firefox/test-failed-1.png]]

[[ATTACHMENT|login-biometric-Login-and--c5ada-ogin-with-valid-credentials-firefox/video.webm]]

[[ATTACHMENT|login-biometric-Login-and--c5ada-ogin-with-valid-credentials-firefox/error-context.md]]
]]>
</system-out>
</testcase>
<testcase name="Login and Biometric Authentication › @login Login validation errors" classname="login-biometric.spec.ts" time="30.099">
<failure message="login-biometric.spec.ts:24:7 @login Login validation errors" type="FAILURE">
<![CDATA[  [firefox] › login-biometric.spec.ts:24:7 › Login and Biometric Authentication › @login Login validation errors 

    Test timeout of 30000ms exceeded.

    Error: page.click: Test timeout of 30000ms exceeded.
    Call log:
      - waiting for locator('button[type="submit"]')


      24 |   test('@login Login validation errors', async ({ page }) => {
      25 |     // Test empty form
    > 26 |     await page.click('button[type="submit"]');
         |                ^
      27 |     await expect(page.locator('text=required')).toBeVisible();
      28 |     
      29 |     // Test invalid credentials
        at /Users/gailad/Documents/Dev Projects/PacheduConnect/tests/e2e/login-biometric.spec.ts:26:16

    attachment #1: screenshot (image/png) ──────────────────────────────────────────────────────────
    ../../test-results/login-biometric-Login-and--733f4-gin-Login-validation-errors-firefox/test-failed-1.png
    ────────────────────────────────────────────────────────────────────────────────────────────────

    attachment #2: video (video/webm) ──────────────────────────────────────────────────────────────
    ../../test-results/login-biometric-Login-and--733f4-gin-Login-validation-errors-firefox/video.webm
    ────────────────────────────────────────────────────────────────────────────────────────────────

    Error Context: ../../test-results/login-biometric-Login-and--733f4-gin-Login-validation-errors-firefox/error-context.md
]]>
</failure>
<system-out>
<![CDATA[
[[ATTACHMENT|login-biometric-Login-and--733f4-gin-Login-validation-errors-firefox/test-failed-1.png]]

[[ATTACHMENT|login-biometric-Login-and--733f4-gin-Login-validation-errors-firefox/video.webm]]

[[ATTACHMENT|login-biometric-Login-and--733f4-gin-Login-validation-errors-firefox/error-context.md]]
]]>
</system-out>
</testcase>
<testcase name="Login and Biometric Authentication › @login Password reset flow" classname="login-biometric.spec.ts" time="30.085">
<failure message="login-biometric.spec.ts:37:7 @login Password reset flow" type="FAILURE">
<![CDATA[  [firefox] › login-biometric.spec.ts:37:7 › Login and Biometric Authentication › @login Password reset flow 

    Test timeout of 30000ms exceeded.

    Error: page.fill: Test timeout of 30000ms exceeded.
    Call log:
      - waiting for locator('input[placeholder*="email"]')


      40 |     
      41 |     // Fill email for password reset
    > 42 |     await page.fill('input[placeholder*="email"]', 'test@example.com');
         |                ^
      43 |     await page.click('button[type="submit"]');
      44 |     
      45 |     // Verify OTP sent message
        at /Users/gailad/Documents/Dev Projects/PacheduConnect/tests/e2e/login-biometric.spec.ts:42:16

    attachment #1: screenshot (image/png) ──────────────────────────────────────────────────────────
    ../../test-results/login-biometric-Login-and--1e0bb-n-login-Password-reset-flow-firefox/test-failed-1.png
    ────────────────────────────────────────────────────────────────────────────────────────────────

    attachment #2: video (video/webm) ──────────────────────────────────────────────────────────────
    ../../test-results/login-biometric-Login-and--1e0bb-n-login-Password-reset-flow-firefox/video.webm
    ────────────────────────────────────────────────────────────────────────────────────────────────

    Error Context: ../../test-results/login-biometric-Login-and--1e0bb-n-login-Password-reset-flow-firefox/error-context.md
]]>
</failure>
<system-out>
<![CDATA[
[[ATTACHMENT|login-biometric-Login-and--1e0bb-n-login-Password-reset-flow-firefox/test-failed-1.png]]

[[ATTACHMENT|login-biometric-Login-and--1e0bb-n-login-Password-reset-flow-firefox/video.webm]]

[[ATTACHMENT|login-biometric-Login-and--1e0bb-n-login-Password-reset-flow-firefox/error-context.md]]
]]>
</system-out>
</testcase>
<testcase name="Login and Biometric Authentication › @login Biometric authentication prompt" classname="login-biometric.spec.ts" time="30.086">
<failure message="login-biometric.spec.ts:58:7 @login Biometric authentication prompt" type="FAILURE">
<![CDATA[  [firefox] › login-biometric.spec.ts:58:7 › Login and Biometric Authentication › @login Biometric authentication prompt 

    Test timeout of 30000ms exceeded.

    Error: page.fill: Test timeout of 30000ms exceeded.
    Call log:
      - waiting for locator('input[placeholder*="email"]')


      68 |     
      69 |     // Login first
    > 70 |     await page.fill('input[placeholder*="email"]', 'test@example.com');
         |                ^
      71 |     await page.fill('input[placeholder*="password"]', 'password123');
      72 |     await page.click('button[type="submit"]');
      73 |     
        at /Users/gailad/Documents/Dev Projects/PacheduConnect/tests/e2e/login-biometric.spec.ts:70:16

    attachment #1: screenshot (image/png) ──────────────────────────────────────────────────────────
    ../../test-results/login-biometric-Login-and--67027-etric-authentication-prompt-firefox/test-failed-1.png
    ────────────────────────────────────────────────────────────────────────────────────────────────

    attachment #2: video (video/webm) ──────────────────────────────────────────────────────────────
    ../../test-results/login-biometric-Login-and--67027-etric-authentication-prompt-firefox/video.webm
    ────────────────────────────────────────────────────────────────────────────────────────────────

    Error Context: ../../test-results/login-biometric-Login-and--67027-etric-authentication-prompt-firefox/error-context.md
]]>
</failure>
<system-out>
<![CDATA[
[[ATTACHMENT|login-biometric-Login-and--67027-etric-authentication-prompt-firefox/test-failed-1.png]]

[[ATTACHMENT|login-biometric-Login-and--67027-etric-authentication-prompt-firefox/video.webm]]

[[ATTACHMENT|login-biometric-Login-and--67027-etric-authentication-prompt-firefox/error-context.md]]
]]>
</system-out>
</testcase>
<testcase name="Login and Biometric Authentication › @login Biometric login flow" classname="login-biometric.spec.ts" time="8.412">
<failure message="login-biometric.spec.ts:91:7 @login Biometric login flow" type="FAILURE">
<![CDATA[  [firefox] › login-biometric.spec.ts:91:7 › Login and Biometric Authentication › @login Biometric login flow 

    Error: Timed out 5000ms waiting for expect(locator).toBeVisible()

    Locator: locator('text=Login with biometrics')
    Expected: visible
    Received: <element(s) not found>
    Call log:
      - Expect "toBeVisible" with timeout 5000ms
      - waiting for locator('text=Login with biometrics')


      104 |     
      105 |     // Should show biometric login option
    > 106 |     await expect(page.locator('text=Login with biometrics')).toBeVisible();
          |                                                              ^
      107 |     
      108 |     // Click biometric login
      109 |     await page.click('button:has-text("Login with biometrics")');
        at /Users/gailad/Documents/Dev Projects/PacheduConnect/tests/e2e/login-biometric.spec.ts:106:62

    attachment #1: screenshot (image/png) ──────────────────────────────────────────────────────────
    ../../test-results/login-biometric-Login-and--80bd0--login-Biometric-login-flow-firefox/test-failed-1.png
    ────────────────────────────────────────────────────────────────────────────────────────────────

    attachment #2: video (video/webm) ──────────────────────────────────────────────────────────────
    ../../test-results/login-biometric-Login-and--80bd0--login-Biometric-login-flow-firefox/video.webm
    ────────────────────────────────────────────────────────────────────────────────────────────────

    Error Context: ../../test-results/login-biometric-Login-and--80bd0--login-Biometric-login-flow-firefox/error-context.md
]]>
</failure>
<system-out>
<![CDATA[
[[ATTACHMENT|login-biometric-Login-and--80bd0--login-Biometric-login-flow-firefox/test-failed-1.png]]

[[ATTACHMENT|login-biometric-Login-and--80bd0--login-Biometric-login-flow-firefox/video.webm]]

[[ATTACHMENT|login-biometric-Login-and--80bd0--login-Biometric-login-flow-firefox/error-context.md]]
]]>
</system-out>
</testcase>
<testcase name="Login and Biometric Authentication › @login Session management" classname="login-biometric.spec.ts" time="30.11">
<failure message="login-biometric.spec.ts:122:7 @login Session management" type="FAILURE">
<![CDATA[  [firefox] › login-biometric.spec.ts:122:7 › Login and Biometric Authentication › @login Session management 

    Test timeout of 30000ms exceeded.

    Error: page.fill: Test timeout of 30000ms exceeded.
    Call log:
      - waiting for locator('input[placeholder*="email"]')


      122 |   test('@login Session management', async ({ page }) => {
      123 |     // Login first
    > 124 |     await page.fill('input[placeholder*="email"]', 'test@example.com');
          |                ^
      125 |     await page.fill('input[placeholder*="password"]', 'password123');
      126 |     await page.click('button[type="submit"]');
      127 |     
        at /Users/gailad/Documents/Dev Projects/PacheduConnect/tests/e2e/login-biometric.spec.ts:124:16

    attachment #1: screenshot (image/png) ──────────────────────────────────────────────────────────
    ../../test-results/login-biometric-Login-and--cc850-on-login-Session-management-firefox/test-failed-1.png
    ────────────────────────────────────────────────────────────────────────────────────────────────

    attachment #2: video (video/webm) ──────────────────────────────────────────────────────────────
    ../../test-results/login-biometric-Login-and--cc850-on-login-Session-management-firefox/video.webm
    ────────────────────────────────────────────────────────────────────────────────────────────────

    Error Context: ../../test-results/login-biometric-Login-and--cc850-on-login-Session-management-firefox/error-context.md
]]>
</failure>
<system-out>
<![CDATA[
[[ATTACHMENT|login-biometric-Login-and--cc850-on-login-Session-management-firefox/test-failed-1.png]]

[[ATTACHMENT|login-biometric-Login-and--cc850-on-login-Session-management-firefox/video.webm]]

[[ATTACHMENT|login-biometric-Login-and--cc850-on-login-Session-management-firefox/error-context.md]]
]]>
</system-out>
</testcase>
<testcase name="Login and Biometric Authentication › @login Offline login handling" classname="login-biometric.spec.ts" time="30.084">
<failure message="login-biometric.spec.ts:145:7 @login Offline login handling" type="FAILURE">
<![CDATA[  [firefox] › login-biometric.spec.ts:145:7 › Login and Biometric Authentication › @login Offline login handling 

    Test timeout of 30000ms exceeded.

    Error: page.fill: Test timeout of 30000ms exceeded.
    Call log:
      - waiting for locator('input[placeholder*="email"]')


      148 |     
      149 |     // Try to login
    > 150 |     await page.fill('input[placeholder*="email"]', 'test@example.com');
          |                ^
      151 |     await page.fill('input[placeholder*="password"]', 'password123');
      152 |     await page.click('button[type="submit"]');
      153 |     
        at /Users/gailad/Documents/Dev Projects/PacheduConnect/tests/e2e/login-biometric.spec.ts:150:16

    attachment #1: screenshot (image/png) ──────────────────────────────────────────────────────────
    ../../test-results/login-biometric-Login-and--3bab3-ogin-Offline-login-handling-firefox/test-failed-1.png
    ────────────────────────────────────────────────────────────────────────────────────────────────

    attachment #2: video (video/webm) ──────────────────────────────────────────────────────────────
    ../../test-results/login-biometric-Login-and--3bab3-ogin-Offline-login-handling-firefox/video.webm
    ────────────────────────────────────────────────────────────────────────────────────────────────

    Error Context: ../../test-results/login-biometric-Login-and--3bab3-ogin-Offline-login-handling-firefox/error-context.md
]]>
</failure>
<system-out>
<![CDATA[
[[ATTACHMENT|login-biometric-Login-and--3bab3-ogin-Offline-login-handling-firefox/test-failed-1.png]]

[[ATTACHMENT|login-biometric-Login-and--3bab3-ogin-Offline-login-handling-firefox/video.webm]]

[[ATTACHMENT|login-biometric-Login-and--3bab3-ogin-Offline-login-handling-firefox/error-context.md]]
]]>
</system-out>
</testcase>
</testsuite>
<testsuite name="registration-kyc.spec.ts" timestamp="2025-07-14T13:04:14.079Z" hostname="firefox" tests="4" failures="4" skipped="0" time="24.094" errors="0">
<testcase name="Registration &amp; KYC Flow › @registration Complete registration and KYC flow" classname="registration-kyc.spec.ts" time="6.2">
<failure message="registration-kyc.spec.ts:10:7 @registration Complete registration and KYC flow" type="FAILURE">
<![CDATA[  [firefox] › registration-kyc.spec.ts:10:7 › Registration & KYC Flow › @registration Complete registration and KYC flow 

    Error: Timed out 5000ms waiting for expect(page).toHaveTitle(expected)

    Expected pattern: /PacheduConnect/
    Received string:  "Pachedu - Send Money to Zimbabwe from South Africa"
    Call log:
      - Expect "toHaveTitle" with timeout 5000ms
        9 × unexpected value "Pachedu - Send Money to Zimbabwe from South Africa"


       5 |     // Navigate to homepage
       6 |     await page.goto('/');
    >  7 |     await expect(page).toHaveTitle(/PacheduConnect/);
         |                        ^
       8 |   });
       9 |
      10 |   test('@registration Complete registration and KYC flow', async ({ page }) => {
        at /Users/gailad/Documents/Dev Projects/PacheduConnect/tests/e2e/registration-kyc.spec.ts:7:24

    attachment #1: screenshot (image/png) ──────────────────────────────────────────────────────────
    ../../test-results/registration-kyc-Registrat-1593a-e-registration-and-KYC-flow-firefox/test-failed-1.png
    ────────────────────────────────────────────────────────────────────────────────────────────────

    attachment #2: video (video/webm) ──────────────────────────────────────────────────────────────
    ../../test-results/registration-kyc-Registrat-1593a-e-registration-and-KYC-flow-firefox/video.webm
    ────────────────────────────────────────────────────────────────────────────────────────────────

    Error Context: ../../test-results/registration-kyc-Registrat-1593a-e-registration-and-KYC-flow-firefox/error-context.md
]]>
</failure>
<system-out>
<![CDATA[
[[ATTACHMENT|registration-kyc-Registrat-1593a-e-registration-and-KYC-flow-firefox/test-failed-1.png]]

[[ATTACHMENT|registration-kyc-Registrat-1593a-e-registration-and-KYC-flow-firefox/video.webm]]

[[ATTACHMENT|registration-kyc-Registrat-1593a-e-registration-and-KYC-flow-firefox/error-context.md]]
]]>
</system-out>
</testcase>
<testcase name="Registration &amp; KYC Flow › @registration Registration form validation" classname="registration-kyc.spec.ts" time="5.923">
<failure message="registration-kyc.spec.ts:73:7 @registration Registration form validation" type="FAILURE">
<![CDATA[  [firefox] › registration-kyc.spec.ts:73:7 › Registration & KYC Flow › @registration Registration form validation 

    Error: Timed out 5000ms waiting for expect(page).toHaveTitle(expected)

    Expected pattern: /PacheduConnect/
    Received string:  "Pachedu - Send Money to Zimbabwe from South Africa"
    Call log:
      - Expect "toHaveTitle" with timeout 5000ms
        9 × unexpected value "Pachedu - Send Money to Zimbabwe from South Africa"


       5 |     // Navigate to homepage
       6 |     await page.goto('/');
    >  7 |     await expect(page).toHaveTitle(/PacheduConnect/);
         |                        ^
       8 |   });
       9 |
      10 |   test('@registration Complete registration and KYC flow', async ({ page }) => {
        at /Users/gailad/Documents/Dev Projects/PacheduConnect/tests/e2e/registration-kyc.spec.ts:7:24

    attachment #1: screenshot (image/png) ──────────────────────────────────────────────────────────
    ../../test-results/registration-kyc-Registrat-ded3a-egistration-form-validation-firefox/test-failed-1.png
    ────────────────────────────────────────────────────────────────────────────────────────────────

    attachment #2: video (video/webm) ──────────────────────────────────────────────────────────────
    ../../test-results/registration-kyc-Registrat-ded3a-egistration-form-validation-firefox/video.webm
    ────────────────────────────────────────────────────────────────────────────────────────────────

    Error Context: ../../test-results/registration-kyc-Registrat-ded3a-egistration-form-validation-firefox/error-context.md
]]>
</failure>
<system-out>
<![CDATA[
[[ATTACHMENT|registration-kyc-Registrat-ded3a-egistration-form-validation-firefox/test-failed-1.png]]

[[ATTACHMENT|registration-kyc-Registrat-ded3a-egistration-form-validation-firefox/video.webm]]

[[ATTACHMENT|registration-kyc-Registrat-ded3a-egistration-form-validation-firefox/error-context.md]]
]]>
</system-out>
</testcase>
<testcase name="Registration &amp; KYC Flow › @registration KYC document upload validation" classname="registration-kyc.spec.ts" time="6.077">
<failure message="registration-kyc.spec.ts:96:7 @registration KYC document upload validation" type="FAILURE">
<![CDATA[  [firefox] › registration-kyc.spec.ts:96:7 › Registration & KYC Flow › @registration KYC document upload validation 

    Error: Timed out 5000ms waiting for expect(page).toHaveTitle(expected)

    Expected pattern: /PacheduConnect/
    Received string:  "Pachedu - Send Money to Zimbabwe from South Africa"
    Call log:
      - Expect "toHaveTitle" with timeout 5000ms
        9 × unexpected value "Pachedu - Send Money to Zimbabwe from South Africa"


       5 |     // Navigate to homepage
       6 |     await page.goto('/');
    >  7 |     await expect(page).toHaveTitle(/PacheduConnect/);
         |                        ^
       8 |   });
       9 |
      10 |   test('@registration Complete registration and KYC flow', async ({ page }) => {
        at /Users/gailad/Documents/Dev Projects/PacheduConnect/tests/e2e/registration-kyc.spec.ts:7:24

    attachment #1: screenshot (image/png) ──────────────────────────────────────────────────────────
    ../../test-results/registration-kyc-Registrat-31361--document-upload-validation-firefox/test-failed-1.png
    ────────────────────────────────────────────────────────────────────────────────────────────────

    attachment #2: video (video/webm) ──────────────────────────────────────────────────────────────
    ../../test-results/registration-kyc-Registrat-31361--document-upload-validation-firefox/video.webm
    ────────────────────────────────────────────────────────────────────────────────────────────────

    Error Context: ../../test-results/registration-kyc-Registrat-31361--document-upload-validation-firefox/error-context.md
]]>
</failure>
<system-out>
<![CDATA[
[[ATTACHMENT|registration-kyc-Registrat-31361--document-upload-validation-firefox/test-failed-1.png]]

[[ATTACHMENT|registration-kyc-Registrat-31361--document-upload-validation-firefox/video.webm]]

[[ATTACHMENT|registration-kyc-Registrat-31361--document-upload-validation-firefox/error-context.md]]
]]>
</system-out>
</testcase>
<testcase name="Registration &amp; KYC Flow › @registration Real-time KYC feedback" classname="registration-kyc.spec.ts" time="5.894">
<failure message="registration-kyc.spec.ts:119:7 @registration Real-time KYC feedback" type="FAILURE">
<![CDATA[  [firefox] › registration-kyc.spec.ts:119:7 › Registration & KYC Flow › @registration Real-time KYC feedback 

    Error: Timed out 5000ms waiting for expect(page).toHaveTitle(expected)

    Expected pattern: /PacheduConnect/
    Received string:  "Pachedu - Send Money to Zimbabwe from South Africa"
    Call log:
      - Expect "toHaveTitle" with timeout 5000ms
        9 × unexpected value "Pachedu - Send Money to Zimbabwe from South Africa"


       5 |     // Navigate to homepage
       6 |     await page.goto('/');
    >  7 |     await expect(page).toHaveTitle(/PacheduConnect/);
         |                        ^
       8 |   });
       9 |
      10 |   test('@registration Complete registration and KYC flow', async ({ page }) => {
        at /Users/gailad/Documents/Dev Projects/PacheduConnect/tests/e2e/registration-kyc.spec.ts:7:24

    attachment #1: screenshot (image/png) ──────────────────────────────────────────────────────────
    ../../test-results/registration-kyc-Registrat-46006-tion-Real-time-KYC-feedback-firefox/test-failed-1.png
    ────────────────────────────────────────────────────────────────────────────────────────────────

    attachment #2: video (video/webm) ──────────────────────────────────────────────────────────────
    ../../test-results/registration-kyc-Registrat-46006-tion-Real-time-KYC-feedback-firefox/video.webm
    ────────────────────────────────────────────────────────────────────────────────────────────────

    Error Context: ../../test-results/registration-kyc-Registrat-46006-tion-Real-time-KYC-feedback-firefox/error-context.md
]]>
</failure>
<system-out>
<![CDATA[
[[ATTACHMENT|registration-kyc-Registrat-46006-tion-Real-time-KYC-feedback-firefox/test-failed-1.png]]

[[ATTACHMENT|registration-kyc-Registrat-46006-tion-Real-time-KYC-feedback-firefox/video.webm]]

[[ATTACHMENT|registration-kyc-Registrat-46006-tion-Real-time-KYC-feedback-firefox/error-context.md]]
]]>
</system-out>
</testcase>
</testsuite>
<testsuite name="send-money.spec.ts" timestamp="2025-07-14T13:04:14.079Z" hostname="firefox" tests="6" failures="6" skipped="0" time="180.806" errors="0">
<testcase name="Send Money Journey › @send Complete send money flow" classname="send-money.spec.ts" time="30.124">
<failure message="send-money.spec.ts:13:7 @send Complete send money flow" type="FAILURE">
<![CDATA[  [firefox] › send-money.spec.ts:13:7 › Send Money Journey › @send Complete send money flow ────────

    Test timeout of 30000ms exceeded while running "beforeEach" hook.

      2 |
      3 | test.describe('Send Money Journey', () => {
    > 4 |   test.beforeEach(async ({ page }) => {
        |        ^
      5 |     // Login first
      6 |     await page.goto('/auth');
      7 |     await page.fill('input[placeholder*="email"]', 'test@example.com');
        at /Users/gailad/Documents/Dev Projects/PacheduConnect/tests/e2e/send-money.spec.ts:4:8

    Error: page.fill: Test timeout of 30000ms exceeded.
    Call log:
      - waiting for locator('input[placeholder*="email"]')


       5 |     // Login first
       6 |     await page.goto('/auth');
    >  7 |     await page.fill('input[placeholder*="email"]', 'test@example.com');
         |                ^
       8 |     await page.fill('input[placeholder*="password"]', 'password123');
       9 |     await page.click('button[type="submit"]');
      10 |     await expect(page).toHaveURL(/.*dashboard/);
        at /Users/gailad/Documents/Dev Projects/PacheduConnect/tests/e2e/send-money.spec.ts:7:16

    attachment #1: screenshot (image/png) ──────────────────────────────────────────────────────────
    ../../test-results/send-money-Send-Money-Journey-send-Complete-send-money-flow-firefox/test-failed-1.png
    ────────────────────────────────────────────────────────────────────────────────────────────────

    attachment #2: video (video/webm) ──────────────────────────────────────────────────────────────
    ../../test-results/send-money-Send-Money-Journey-send-Complete-send-money-flow-firefox/video.webm
    ────────────────────────────────────────────────────────────────────────────────────────────────

    Error Context: ../../test-results/send-money-Send-Money-Journey-send-Complete-send-money-flow-firefox/error-context.md
]]>
</failure>
<system-out>
<![CDATA[
[[ATTACHMENT|send-money-Send-Money-Journey-send-Complete-send-money-flow-firefox/test-failed-1.png]]

[[ATTACHMENT|send-money-Send-Money-Journey-send-Complete-send-money-flow-firefox/video.webm]]

[[ATTACHMENT|send-money-Send-Money-Journey-send-Complete-send-money-flow-firefox/error-context.md]]
]]>
</system-out>
</testcase>
<testcase name="Send Money Journey › @send Currency converter validation" classname="send-money.spec.ts" time="30.119">
<failure message="send-money.spec.ts:82:7 @send Currency converter validation" type="FAILURE">
<![CDATA[  [firefox] › send-money.spec.ts:82:7 › Send Money Journey › @send Currency converter validation ───

    Test timeout of 30000ms exceeded while running "beforeEach" hook.

      2 |
      3 | test.describe('Send Money Journey', () => {
    > 4 |   test.beforeEach(async ({ page }) => {
        |        ^
      5 |     // Login first
      6 |     await page.goto('/auth');
      7 |     await page.fill('input[placeholder*="email"]', 'test@example.com');
        at /Users/gailad/Documents/Dev Projects/PacheduConnect/tests/e2e/send-money.spec.ts:4:8

    Error: page.fill: Test timeout of 30000ms exceeded.
    Call log:
      - waiting for locator('input[placeholder*="email"]')


       5 |     // Login first
       6 |     await page.goto('/auth');
    >  7 |     await page.fill('input[placeholder*="email"]', 'test@example.com');
         |                ^
       8 |     await page.fill('input[placeholder*="password"]', 'password123');
       9 |     await page.click('button[type="submit"]');
      10 |     await expect(page).toHaveURL(/.*dashboard/);
        at /Users/gailad/Documents/Dev Projects/PacheduConnect/tests/e2e/send-money.spec.ts:7:16

    attachment #1: screenshot (image/png) ──────────────────────────────────────────────────────────
    ../../test-results/send-money-Send-Money-Jour-eb7a3-rrency-converter-validation-firefox/test-failed-1.png
    ────────────────────────────────────────────────────────────────────────────────────────────────

    attachment #2: video (video/webm) ──────────────────────────────────────────────────────────────
    ../../test-results/send-money-Send-Money-Jour-eb7a3-rrency-converter-validation-firefox/video.webm
    ────────────────────────────────────────────────────────────────────────────────────────────────

    Error Context: ../../test-results/send-money-Send-Money-Jour-eb7a3-rrency-converter-validation-firefox/error-context.md
]]>
</failure>
<system-out>
<![CDATA[
[[ATTACHMENT|send-money-Send-Money-Jour-eb7a3-rrency-converter-validation-firefox/test-failed-1.png]]

[[ATTACHMENT|send-money-Send-Money-Jour-eb7a3-rrency-converter-validation-firefox/video.webm]]

[[ATTACHMENT|send-money-Send-Money-Jour-eb7a3-rrency-converter-validation-firefox/error-context.md]]
]]>
</system-out>
</testcase>
<testcase name="Send Money Journey › @send Fee breakdown validation" classname="send-money.spec.ts" time="30.108">
<failure message="send-money.spec.ts:112:7 @send Fee breakdown validation" type="FAILURE">
<![CDATA[  [firefox] › send-money.spec.ts:112:7 › Send Money Journey › @send Fee breakdown validation ───────

    Test timeout of 30000ms exceeded while running "beforeEach" hook.

      2 |
      3 | test.describe('Send Money Journey', () => {
    > 4 |   test.beforeEach(async ({ page }) => {
        |        ^
      5 |     // Login first
      6 |     await page.goto('/auth');
      7 |     await page.fill('input[placeholder*="email"]', 'test@example.com');
        at /Users/gailad/Documents/Dev Projects/PacheduConnect/tests/e2e/send-money.spec.ts:4:8

    Error: page.fill: Test timeout of 30000ms exceeded.
    Call log:
      - waiting for locator('input[placeholder*="email"]')


       5 |     // Login first
       6 |     await page.goto('/auth');
    >  7 |     await page.fill('input[placeholder*="email"]', 'test@example.com');
         |                ^
       8 |     await page.fill('input[placeholder*="password"]', 'password123');
       9 |     await page.click('button[type="submit"]');
      10 |     await expect(page).toHaveURL(/.*dashboard/);
        at /Users/gailad/Documents/Dev Projects/PacheduConnect/tests/e2e/send-money.spec.ts:7:16

    attachment #1: screenshot (image/png) ──────────────────────────────────────────────────────────
    ../../test-results/send-money-Send-Money-Journey-send-Fee-breakdown-validation-firefox/test-failed-1.png
    ────────────────────────────────────────────────────────────────────────────────────────────────

    attachment #2: video (video/webm) ──────────────────────────────────────────────────────────────
    ../../test-results/send-money-Send-Money-Journey-send-Fee-breakdown-validation-firefox/video.webm
    ────────────────────────────────────────────────────────────────────────────────────────────────

    Error Context: ../../test-results/send-money-Send-Money-Journey-send-Fee-breakdown-validation-firefox/error-context.md
]]>
</failure>
<system-out>
<![CDATA[
[[ATTACHMENT|send-money-Send-Money-Journey-send-Fee-breakdown-validation-firefox/test-failed-1.png]]

[[ATTACHMENT|send-money-Send-Money-Journey-send-Fee-breakdown-validation-firefox/video.webm]]

[[ATTACHMENT|send-money-Send-Money-Journey-send-Fee-breakdown-validation-firefox/error-context.md]]
]]>
</system-out>
</testcase>
<testcase name="Send Money Journey › @send Recipient management" classname="send-money.spec.ts" time="30.098">
<failure message="send-money.spec.ts:137:7 @send Recipient management" type="FAILURE">
<![CDATA[  [firefox] › send-money.spec.ts:137:7 › Send Money Journey › @send Recipient management ───────────

    Test timeout of 30000ms exceeded while running "beforeEach" hook.

      2 |
      3 | test.describe('Send Money Journey', () => {
    > 4 |   test.beforeEach(async ({ page }) => {
        |        ^
      5 |     // Login first
      6 |     await page.goto('/auth');
      7 |     await page.fill('input[placeholder*="email"]', 'test@example.com');
        at /Users/gailad/Documents/Dev Projects/PacheduConnect/tests/e2e/send-money.spec.ts:4:8

    Error: page.fill: Test timeout of 30000ms exceeded.
    Call log:
      - waiting for locator('input[placeholder*="email"]')


       5 |     // Login first
       6 |     await page.goto('/auth');
    >  7 |     await page.fill('input[placeholder*="email"]', 'test@example.com');
         |                ^
       8 |     await page.fill('input[placeholder*="password"]', 'password123');
       9 |     await page.click('button[type="submit"]');
      10 |     await expect(page).toHaveURL(/.*dashboard/);
        at /Users/gailad/Documents/Dev Projects/PacheduConnect/tests/e2e/send-money.spec.ts:7:16

    attachment #1: screenshot (image/png) ──────────────────────────────────────────────────────────
    ../../test-results/send-money-Send-Money-Journey-send-Recipient-management-firefox/test-failed-1.png
    ────────────────────────────────────────────────────────────────────────────────────────────────

    attachment #2: video (video/webm) ──────────────────────────────────────────────────────────────
    ../../test-results/send-money-Send-Money-Journey-send-Recipient-management-firefox/video.webm
    ────────────────────────────────────────────────────────────────────────────────────────────────

    Error Context: ../../test-results/send-money-Send-Money-Journey-send-Recipient-management-firefox/error-context.md
]]>
</failure>
<system-out>
<![CDATA[
[[ATTACHMENT|send-money-Send-Money-Journey-send-Recipient-management-firefox/test-failed-1.png]]

[[ATTACHMENT|send-money-Send-Money-Journey-send-Recipient-management-firefox/video.webm]]

[[ATTACHMENT|send-money-Send-Money-Journey-send-Recipient-management-firefox/error-context.md]]
]]>
</system-out>
</testcase>
<testcase name="Send Money Journey › @send Transaction limits validation" classname="send-money.spec.ts" time="30.102">
<failure message="send-money.spec.ts:181:7 @send Transaction limits validation" type="FAILURE">
<![CDATA[  [firefox] › send-money.spec.ts:181:7 › Send Money Journey › @send Transaction limits validation ──

    Test timeout of 30000ms exceeded while running "beforeEach" hook.

      2 |
      3 | test.describe('Send Money Journey', () => {
    > 4 |   test.beforeEach(async ({ page }) => {
        |        ^
      5 |     // Login first
      6 |     await page.goto('/auth');
      7 |     await page.fill('input[placeholder*="email"]', 'test@example.com');
        at /Users/gailad/Documents/Dev Projects/PacheduConnect/tests/e2e/send-money.spec.ts:4:8

    Error: page.fill: Test timeout of 30000ms exceeded.
    Call log:
      - waiting for locator('input[placeholder*="email"]')


       5 |     // Login first
       6 |     await page.goto('/auth');
    >  7 |     await page.fill('input[placeholder*="email"]', 'test@example.com');
         |                ^
       8 |     await page.fill('input[placeholder*="password"]', 'password123');
       9 |     await page.click('button[type="submit"]');
      10 |     await expect(page).toHaveURL(/.*dashboard/);
        at /Users/gailad/Documents/Dev Projects/PacheduConnect/tests/e2e/send-money.spec.ts:7:16

    attachment #1: screenshot (image/png) ──────────────────────────────────────────────────────────
    ../../test-results/send-money-Send-Money-Jour-b6f5f-ansaction-limits-validation-firefox/test-failed-1.png
    ────────────────────────────────────────────────────────────────────────────────────────────────

    attachment #2: video (video/webm) ──────────────────────────────────────────────────────────────
    ../../test-results/send-money-Send-Money-Jour-b6f5f-ansaction-limits-validation-firefox/video.webm
    ────────────────────────────────────────────────────────────────────────────────────────────────

    Error Context: ../../test-results/send-money-Send-Money-Jour-b6f5f-ansaction-limits-validation-firefox/error-context.md
]]>
</failure>
<system-out>
<![CDATA[
[[ATTACHMENT|send-money-Send-Money-Jour-b6f5f-ansaction-limits-validation-firefox/test-failed-1.png]]

[[ATTACHMENT|send-money-Send-Money-Jour-b6f5f-ansaction-limits-validation-firefox/video.webm]]

[[ATTACHMENT|send-money-Send-Money-Jour-b6f5f-ansaction-limits-validation-firefox/error-context.md]]
]]>
</system-out>
</testcase>
<testcase name="Send Money Journey › @send Network error handling" classname="send-money.spec.ts" time="30.255">
<failure message="send-money.spec.ts:203:7 @send Network error handling" type="FAILURE">
<![CDATA[  [firefox] › send-money.spec.ts:203:7 › Send Money Journey › @send Network error handling ─────────

    Test timeout of 30000ms exceeded while running "beforeEach" hook.

      2 |
      3 | test.describe('Send Money Journey', () => {
    > 4 |   test.beforeEach(async ({ page }) => {
        |        ^
      5 |     // Login first
      6 |     await page.goto('/auth');
      7 |     await page.fill('input[placeholder*="email"]', 'test@example.com');
        at /Users/gailad/Documents/Dev Projects/PacheduConnect/tests/e2e/send-money.spec.ts:4:8

    Error: page.fill: Test timeout of 30000ms exceeded.
    Call log:
      - waiting for locator('input[placeholder*="email"]')


       5 |     // Login first
       6 |     await page.goto('/auth');
    >  7 |     await page.fill('input[placeholder*="email"]', 'test@example.com');
         |                ^
       8 |     await page.fill('input[placeholder*="password"]', 'password123');
       9 |     await page.click('button[type="submit"]');
      10 |     await expect(page).toHaveURL(/.*dashboard/);
        at /Users/gailad/Documents/Dev Projects/PacheduConnect/tests/e2e/send-money.spec.ts:7:16

    attachment #1: screenshot (image/png) ──────────────────────────────────────────────────────────
    ../../test-results/send-money-Send-Money-Journey-send-Network-error-handling-firefox/test-failed-1.png
    ────────────────────────────────────────────────────────────────────────────────────────────────

    attachment #2: video (video/webm) ──────────────────────────────────────────────────────────────
    ../../test-results/send-money-Send-Money-Journey-send-Network-error-handling-firefox/video.webm
    ────────────────────────────────────────────────────────────────────────────────────────────────

    Error Context: ../../test-results/send-money-Send-Money-Journey-send-Network-error-handling-firefox/error-context.md
]]>
</failure>
<system-out>
<![CDATA[
[[ATTACHMENT|send-money-Send-Money-Journey-send-Network-error-handling-firefox/test-failed-1.png]]

[[ATTACHMENT|send-money-Send-Money-Journey-send-Network-error-handling-firefox/video.webm]]

[[ATTACHMENT|send-money-Send-Money-Journey-send-Network-error-handling-firefox/error-context.md]]
]]>
</system-out>
</testcase>
</testsuite>
<testsuite name="support-chatbot.spec.ts" timestamp="2025-07-14T13:04:14.079Z" hostname="firefox" tests="11" failures="11" skipped="0" time="331.318" errors="0">
<testcase name="Support and Chatbot Interaction › @support Open chatbot widget" classname="support-chatbot.spec.ts" time="30.137">
<failure message="support-chatbot.spec.ts:13:7 @support Open chatbot widget" type="FAILURE">
<![CDATA[  [firefox] › support-chatbot.spec.ts:13:7 › Support and Chatbot Interaction › @support Open chatbot widget 

    Test timeout of 30000ms exceeded while running "beforeEach" hook.

      2 |
      3 | test.describe('Support and Chatbot Interaction', () => {
    > 4 |   test.beforeEach(async ({ page }) => {
        |        ^
      5 |     // Login first
      6 |     await page.goto('/auth');
      7 |     await page.fill('input[placeholder*="email"]', 'test@example.com');
        at /Users/gailad/Documents/Dev Projects/PacheduConnect/tests/e2e/support-chatbot.spec.ts:4:8

    Error: page.fill: Test timeout of 30000ms exceeded.
    Call log:
      - waiting for locator('input[placeholder*="email"]')


       5 |     // Login first
       6 |     await page.goto('/auth');
    >  7 |     await page.fill('input[placeholder*="email"]', 'test@example.com');
         |                ^
       8 |     await page.fill('input[placeholder*="password"]', 'password123');
       9 |     await page.click('button[type="submit"]');
      10 |     await expect(page).toHaveURL(/.*dashboard/);
        at /Users/gailad/Documents/Dev Projects/PacheduConnect/tests/e2e/support-chatbot.spec.ts:7:16

    attachment #1: screenshot (image/png) ──────────────────────────────────────────────────────────
    ../../test-results/support-chatbot-Support-an-e17c1-support-Open-chatbot-widget-firefox/test-failed-1.png
    ────────────────────────────────────────────────────────────────────────────────────────────────

    attachment #2: video (video/webm) ──────────────────────────────────────────────────────────────
    ../../test-results/support-chatbot-Support-an-e17c1-support-Open-chatbot-widget-firefox/video.webm
    ────────────────────────────────────────────────────────────────────────────────────────────────

    Error Context: ../../test-results/support-chatbot-Support-an-e17c1-support-Open-chatbot-widget-firefox/error-context.md
]]>
</failure>
<system-out>
<![CDATA[
[[ATTACHMENT|support-chatbot-Support-an-e17c1-support-Open-chatbot-widget-firefox/test-failed-1.png]]

[[ATTACHMENT|support-chatbot-Support-an-e17c1-support-Open-chatbot-widget-firefox/video.webm]]

[[ATTACHMENT|support-chatbot-Support-an-e17c1-support-Open-chatbot-widget-firefox/error-context.md]]
]]>
</system-out>
</testcase>
<testcase name="Support and Chatbot Interaction › @support KYC upload question" classname="support-chatbot.spec.ts" time="30.145">
<failure message="support-chatbot.spec.ts:33:7 @support KYC upload question" type="FAILURE">
<![CDATA[  [firefox] › support-chatbot.spec.ts:33:7 › Support and Chatbot Interaction › @support KYC upload question 

    Test timeout of 30000ms exceeded while running "beforeEach" hook.

      2 |
      3 | test.describe('Support and Chatbot Interaction', () => {
    > 4 |   test.beforeEach(async ({ page }) => {
        |        ^
      5 |     // Login first
      6 |     await page.goto('/auth');
      7 |     await page.fill('input[placeholder*="email"]', 'test@example.com');
        at /Users/gailad/Documents/Dev Projects/PacheduConnect/tests/e2e/support-chatbot.spec.ts:4:8

    Error: page.fill: Test timeout of 30000ms exceeded.
    Call log:
      - waiting for locator('input[placeholder*="email"]')


       5 |     // Login first
       6 |     await page.goto('/auth');
    >  7 |     await page.fill('input[placeholder*="email"]', 'test@example.com');
         |                ^
       8 |     await page.fill('input[placeholder*="password"]', 'password123');
       9 |     await page.click('button[type="submit"]');
      10 |     await expect(page).toHaveURL(/.*dashboard/);
        at /Users/gailad/Documents/Dev Projects/PacheduConnect/tests/e2e/support-chatbot.spec.ts:7:16

    attachment #1: screenshot (image/png) ──────────────────────────────────────────────────────────
    ../../test-results/support-chatbot-Support-an-6c13b-support-KYC-upload-question-firefox/test-failed-1.png
    ────────────────────────────────────────────────────────────────────────────────────────────────

    attachment #2: video (video/webm) ──────────────────────────────────────────────────────────────
    ../../test-results/support-chatbot-Support-an-6c13b-support-KYC-upload-question-firefox/video.webm
    ────────────────────────────────────────────────────────────────────────────────────────────────

    Error Context: ../../test-results/support-chatbot-Support-an-6c13b-support-KYC-upload-question-firefox/error-context.md
]]>
</failure>
<system-out>
<![CDATA[
[[ATTACHMENT|support-chatbot-Support-an-6c13b-support-KYC-upload-question-firefox/test-failed-1.png]]

[[ATTACHMENT|support-chatbot-Support-an-6c13b-support-KYC-upload-question-firefox/video.webm]]

[[ATTACHMENT|support-chatbot-Support-an-6c13b-support-KYC-upload-question-firefox/error-context.md]]
]]>
</system-out>
</testcase>
<testcase name="Support and Chatbot Interaction › @support Transaction tracking via chat" classname="support-chatbot.spec.ts" time="30.142">
<failure message="support-chatbot.spec.ts:54:7 @support Transaction tracking via chat" type="FAILURE">
<![CDATA[  [firefox] › support-chatbot.spec.ts:54:7 › Support and Chatbot Interaction › @support Transaction tracking via chat 

    Test timeout of 30000ms exceeded while running "beforeEach" hook.

      2 |
      3 | test.describe('Support and Chatbot Interaction', () => {
    > 4 |   test.beforeEach(async ({ page }) => {
        |        ^
      5 |     // Login first
      6 |     await page.goto('/auth');
      7 |     await page.fill('input[placeholder*="email"]', 'test@example.com');
        at /Users/gailad/Documents/Dev Projects/PacheduConnect/tests/e2e/support-chatbot.spec.ts:4:8

    Error: page.fill: Test timeout of 30000ms exceeded.
    Call log:
      - waiting for locator('input[placeholder*="email"]')


       5 |     // Login first
       6 |     await page.goto('/auth');
    >  7 |     await page.fill('input[placeholder*="email"]', 'test@example.com');
         |                ^
       8 |     await page.fill('input[placeholder*="password"]', 'password123');
       9 |     await page.click('button[type="submit"]');
      10 |     await expect(page).toHaveURL(/.*dashboard/);
        at /Users/gailad/Documents/Dev Projects/PacheduConnect/tests/e2e/support-chatbot.spec.ts:7:16

    attachment #1: screenshot (image/png) ──────────────────────────────────────────────────────────
    ../../test-results/support-chatbot-Support-an-eac0f-ansaction-tracking-via-chat-firefox/test-failed-1.png
    ────────────────────────────────────────────────────────────────────────────────────────────────

    attachment #2: video (video/webm) ──────────────────────────────────────────────────────────────
    ../../test-results/support-chatbot-Support-an-eac0f-ansaction-tracking-via-chat-firefox/video.webm
    ────────────────────────────────────────────────────────────────────────────────────────────────

    Error Context: ../../test-results/support-chatbot-Support-an-eac0f-ansaction-tracking-via-chat-firefox/error-context.md
]]>
</failure>
<system-out>
<![CDATA[
[[ATTACHMENT|support-chatbot-Support-an-eac0f-ansaction-tracking-via-chat-firefox/test-failed-1.png]]

[[ATTACHMENT|support-chatbot-Support-an-eac0f-ansaction-tracking-via-chat-firefox/video.webm]]

[[ATTACHMENT|support-chatbot-Support-an-eac0f-ansaction-tracking-via-chat-firefox/error-context.md]]
]]>
</system-out>
</testcase>
<testcase name="Support and Chatbot Interaction › @support Exchange rate questions" classname="support-chatbot.spec.ts" time="30.108">
<failure message="support-chatbot.spec.ts:73:7 @support Exchange rate questions" type="FAILURE">
<![CDATA[  [firefox] › support-chatbot.spec.ts:73:7 › Support and Chatbot Interaction › @support Exchange rate questions 

    Test timeout of 30000ms exceeded while running "beforeEach" hook.

      2 |
      3 | test.describe('Support and Chatbot Interaction', () => {
    > 4 |   test.beforeEach(async ({ page }) => {
        |        ^
      5 |     // Login first
      6 |     await page.goto('/auth');
      7 |     await page.fill('input[placeholder*="email"]', 'test@example.com');
        at /Users/gailad/Documents/Dev Projects/PacheduConnect/tests/e2e/support-chatbot.spec.ts:4:8

    Error: page.fill: Test timeout of 30000ms exceeded.
    Call log:
      - waiting for locator('input[placeholder*="email"]')


       5 |     // Login first
       6 |     await page.goto('/auth');
    >  7 |     await page.fill('input[placeholder*="email"]', 'test@example.com');
         |                ^
       8 |     await page.fill('input[placeholder*="password"]', 'password123');
       9 |     await page.click('button[type="submit"]');
      10 |     await expect(page).toHaveURL(/.*dashboard/);
        at /Users/gailad/Documents/Dev Projects/PacheduConnect/tests/e2e/support-chatbot.spec.ts:7:16

    attachment #1: screenshot (image/png) ──────────────────────────────────────────────────────────
    ../../test-results/support-chatbot-Support-an-2f033-ort-Exchange-rate-questions-firefox/test-failed-1.png
    ────────────────────────────────────────────────────────────────────────────────────────────────

    attachment #2: video (video/webm) ──────────────────────────────────────────────────────────────
    ../../test-results/support-chatbot-Support-an-2f033-ort-Exchange-rate-questions-firefox/video.webm
    ────────────────────────────────────────────────────────────────────────────────────────────────

    Error Context: ../../test-results/support-chatbot-Support-an-2f033-ort-Exchange-rate-questions-firefox/error-context.md
]]>
</failure>
<system-out>
<![CDATA[
[[ATTACHMENT|support-chatbot-Support-an-2f033-ort-Exchange-rate-questions-firefox/test-failed-1.png]]

[[ATTACHMENT|support-chatbot-Support-an-2f033-ort-Exchange-rate-questions-firefox/video.webm]]

[[ATTACHMENT|support-chatbot-Support-an-2f033-ort-Exchange-rate-questions-firefox/error-context.md]]
]]>
</system-out>
</testcase>
<testcase name="Support and Chatbot Interaction › @support Fee structure questions" classname="support-chatbot.spec.ts" time="30.127">
<failure message="support-chatbot.spec.ts:91:7 @support Fee structure questions" type="FAILURE">
<![CDATA[  [firefox] › support-chatbot.spec.ts:91:7 › Support and Chatbot Interaction › @support Fee structure questions 

    Test timeout of 30000ms exceeded while running "beforeEach" hook.

      2 |
      3 | test.describe('Support and Chatbot Interaction', () => {
    > 4 |   test.beforeEach(async ({ page }) => {
        |        ^
      5 |     // Login first
      6 |     await page.goto('/auth');
      7 |     await page.fill('input[placeholder*="email"]', 'test@example.com');
        at /Users/gailad/Documents/Dev Projects/PacheduConnect/tests/e2e/support-chatbot.spec.ts:4:8

    Error: page.fill: Test timeout of 30000ms exceeded.
    Call log:
      - waiting for locator('input[placeholder*="email"]')


       5 |     // Login first
       6 |     await page.goto('/auth');
    >  7 |     await page.fill('input[placeholder*="email"]', 'test@example.com');
         |                ^
       8 |     await page.fill('input[placeholder*="password"]', 'password123');
       9 |     await page.click('button[type="submit"]');
      10 |     await expect(page).toHaveURL(/.*dashboard/);
        at /Users/gailad/Documents/Dev Projects/PacheduConnect/tests/e2e/support-chatbot.spec.ts:7:16

    attachment #1: screenshot (image/png) ──────────────────────────────────────────────────────────
    ../../test-results/support-chatbot-Support-an-9d52f-ort-Fee-structure-questions-firefox/test-failed-1.png
    ────────────────────────────────────────────────────────────────────────────────────────────────

    attachment #2: video (video/webm) ──────────────────────────────────────────────────────────────
    ../../test-results/support-chatbot-Support-an-9d52f-ort-Fee-structure-questions-firefox/video.webm
    ────────────────────────────────────────────────────────────────────────────────────────────────

    Error Context: ../../test-results/support-chatbot-Support-an-9d52f-ort-Fee-structure-questions-firefox/error-context.md
]]>
</failure>
<system-out>
<![CDATA[
[[ATTACHMENT|support-chatbot-Support-an-9d52f-ort-Fee-structure-questions-firefox/test-failed-1.png]]

[[ATTACHMENT|support-chatbot-Support-an-9d52f-ort-Fee-structure-questions-firefox/video.webm]]

[[ATTACHMENT|support-chatbot-Support-an-9d52f-ort-Fee-structure-questions-firefox/error-context.md]]
]]>
</system-out>
</testcase>
<testcase name="Support and Chatbot Interaction › @support Account limits questions" classname="support-chatbot.spec.ts" time="30.143">
<failure message="support-chatbot.spec.ts:110:7 @support Account limits questions" type="FAILURE">
<![CDATA[  [firefox] › support-chatbot.spec.ts:110:7 › Support and Chatbot Interaction › @support Account limits questions 

    Test timeout of 30000ms exceeded while running "beforeEach" hook.

      2 |
      3 | test.describe('Support and Chatbot Interaction', () => {
    > 4 |   test.beforeEach(async ({ page }) => {
        |        ^
      5 |     // Login first
      6 |     await page.goto('/auth');
      7 |     await page.fill('input[placeholder*="email"]', 'test@example.com');
        at /Users/gailad/Documents/Dev Projects/PacheduConnect/tests/e2e/support-chatbot.spec.ts:4:8

    Error: page.fill: Test timeout of 30000ms exceeded.
    Call log:
      - waiting for locator('input[placeholder*="email"]')


       5 |     // Login first
       6 |     await page.goto('/auth');
    >  7 |     await page.fill('input[placeholder*="email"]', 'test@example.com');
         |                ^
       8 |     await page.fill('input[placeholder*="password"]', 'password123');
       9 |     await page.click('button[type="submit"]');
      10 |     await expect(page).toHaveURL(/.*dashboard/);
        at /Users/gailad/Documents/Dev Projects/PacheduConnect/tests/e2e/support-chatbot.spec.ts:7:16

    attachment #1: screenshot (image/png) ──────────────────────────────────────────────────────────
    ../../test-results/support-chatbot-Support-an-ad940-rt-Account-limits-questions-firefox/test-failed-1.png
    ────────────────────────────────────────────────────────────────────────────────────────────────

    attachment #2: video (video/webm) ──────────────────────────────────────────────────────────────
    ../../test-results/support-chatbot-Support-an-ad940-rt-Account-limits-questions-firefox/video.webm
    ────────────────────────────────────────────────────────────────────────────────────────────────

    Error Context: ../../test-results/support-chatbot-Support-an-ad940-rt-Account-limits-questions-firefox/error-context.md
]]>
</failure>
<system-out>
<![CDATA[
[[ATTACHMENT|support-chatbot-Support-an-ad940-rt-Account-limits-questions-firefox/test-failed-1.png]]

[[ATTACHMENT|support-chatbot-Support-an-ad940-rt-Account-limits-questions-firefox/video.webm]]

[[ATTACHMENT|support-chatbot-Support-an-ad940-rt-Account-limits-questions-firefox/error-context.md]]
]]>
</system-out>
</testcase>
<testcase name="Support and Chatbot Interaction › @support Live agent escalation" classname="support-chatbot.spec.ts" time="30.112">
<failure message="support-chatbot.spec.ts:126:7 @support Live agent escalation" type="FAILURE">
<![CDATA[  [firefox] › support-chatbot.spec.ts:126:7 › Support and Chatbot Interaction › @support Live agent escalation 

    Test timeout of 30000ms exceeded while running "beforeEach" hook.

      2 |
      3 | test.describe('Support and Chatbot Interaction', () => {
    > 4 |   test.beforeEach(async ({ page }) => {
        |        ^
      5 |     // Login first
      6 |     await page.goto('/auth');
      7 |     await page.fill('input[placeholder*="email"]', 'test@example.com');
        at /Users/gailad/Documents/Dev Projects/PacheduConnect/tests/e2e/support-chatbot.spec.ts:4:8

    Error: page.fill: Test timeout of 30000ms exceeded.
    Call log:
      - waiting for locator('input[placeholder*="email"]')


       5 |     // Login first
       6 |     await page.goto('/auth');
    >  7 |     await page.fill('input[placeholder*="email"]', 'test@example.com');
         |                ^
       8 |     await page.fill('input[placeholder*="password"]', 'password123');
       9 |     await page.click('button[type="submit"]');
      10 |     await expect(page).toHaveURL(/.*dashboard/);
        at /Users/gailad/Documents/Dev Projects/PacheduConnect/tests/e2e/support-chatbot.spec.ts:7:16

    attachment #1: screenshot (image/png) ──────────────────────────────────────────────────────────
    ../../test-results/support-chatbot-Support-an-ebca2-pport-Live-agent-escalation-firefox/test-failed-1.png
    ────────────────────────────────────────────────────────────────────────────────────────────────

    attachment #2: video (video/webm) ──────────────────────────────────────────────────────────────
    ../../test-results/support-chatbot-Support-an-ebca2-pport-Live-agent-escalation-firefox/video.webm
    ────────────────────────────────────────────────────────────────────────────────────────────────

    Error Context: ../../test-results/support-chatbot-Support-an-ebca2-pport-Live-agent-escalation-firefox/error-context.md
]]>
</failure>
<system-out>
<![CDATA[
[[ATTACHMENT|support-chatbot-Support-an-ebca2-pport-Live-agent-escalation-firefox/test-failed-1.png]]

[[ATTACHMENT|support-chatbot-Support-an-ebca2-pport-Live-agent-escalation-firefox/video.webm]]

[[ATTACHMENT|support-chatbot-Support-an-ebca2-pport-Live-agent-escalation-firefox/error-context.md]]
]]>
</system-out>
</testcase>
<testcase name="Support and Chatbot Interaction › @support Chatbot language support" classname="support-chatbot.spec.ts" time="30.081">
<failure message="support-chatbot.spec.ts:148:7 @support Chatbot language support" type="FAILURE">
<![CDATA[  [firefox] › support-chatbot.spec.ts:148:7 › Support and Chatbot Interaction › @support Chatbot language support 

    Test timeout of 30000ms exceeded while running "beforeEach" hook.

      2 |
      3 | test.describe('Support and Chatbot Interaction', () => {
    > 4 |   test.beforeEach(async ({ page }) => {
        |        ^
      5 |     // Login first
      6 |     await page.goto('/auth');
      7 |     await page.fill('input[placeholder*="email"]', 'test@example.com');
        at /Users/gailad/Documents/Dev Projects/PacheduConnect/tests/e2e/support-chatbot.spec.ts:4:8

    Error: page.fill: Test timeout of 30000ms exceeded.
    Call log:
      - waiting for locator('input[placeholder*="email"]')


       5 |     // Login first
       6 |     await page.goto('/auth');
    >  7 |     await page.fill('input[placeholder*="email"]', 'test@example.com');
         |                ^
       8 |     await page.fill('input[placeholder*="password"]', 'password123');
       9 |     await page.click('button[type="submit"]');
      10 |     await expect(page).toHaveURL(/.*dashboard/);
        at /Users/gailad/Documents/Dev Projects/PacheduConnect/tests/e2e/support-chatbot.spec.ts:7:16

    attachment #1: screenshot (image/png) ──────────────────────────────────────────────────────────
    ../../test-results/support-chatbot-Support-an-ab084-rt-Chatbot-language-support-firefox/test-failed-1.png
    ────────────────────────────────────────────────────────────────────────────────────────────────

    attachment #2: video (video/webm) ──────────────────────────────────────────────────────────────
    ../../test-results/support-chatbot-Support-an-ab084-rt-Chatbot-language-support-firefox/video.webm
    ────────────────────────────────────────────────────────────────────────────────────────────────

    Error Context: ../../test-results/support-chatbot-Support-an-ab084-rt-Chatbot-language-support-firefox/error-context.md
]]>
</failure>
<system-out>
<![CDATA[
[[ATTACHMENT|support-chatbot-Support-an-ab084-rt-Chatbot-language-support-firefox/test-failed-1.png]]

[[ATTACHMENT|support-chatbot-Support-an-ab084-rt-Chatbot-language-support-firefox/video.webm]]

[[ATTACHMENT|support-chatbot-Support-an-ab084-rt-Chatbot-language-support-firefox/error-context.md]]
]]>
</system-out>
</testcase>
<testcase name="Support and Chatbot Interaction › @support Chatbot conversation history" classname="support-chatbot.spec.ts" time="30.088">
<failure message="support-chatbot.spec.ts:168:7 @support Chatbot conversation history" type="FAILURE">
<![CDATA[  [firefox] › support-chatbot.spec.ts:168:7 › Support and Chatbot Interaction › @support Chatbot conversation history 

    Test timeout of 30000ms exceeded while running "beforeEach" hook.

      2 |
      3 | test.describe('Support and Chatbot Interaction', () => {
    > 4 |   test.beforeEach(async ({ page }) => {
        |        ^
      5 |     // Login first
      6 |     await page.goto('/auth');
      7 |     await page.fill('input[placeholder*="email"]', 'test@example.com');
        at /Users/gailad/Documents/Dev Projects/PacheduConnect/tests/e2e/support-chatbot.spec.ts:4:8

    Error: page.fill: Test timeout of 30000ms exceeded.
    Call log:
      - waiting for locator('input[placeholder*="email"]')


       5 |     // Login first
       6 |     await page.goto('/auth');
    >  7 |     await page.fill('input[placeholder*="email"]', 'test@example.com');
         |                ^
       8 |     await page.fill('input[placeholder*="password"]', 'password123');
       9 |     await page.click('button[type="submit"]');
      10 |     await expect(page).toHaveURL(/.*dashboard/);
        at /Users/gailad/Documents/Dev Projects/PacheduConnect/tests/e2e/support-chatbot.spec.ts:7:16

    attachment #1: screenshot (image/png) ──────────────────────────────────────────────────────────
    ../../test-results/support-chatbot-Support-an-9a6ee-hatbot-conversation-history-firefox/test-failed-1.png
    ────────────────────────────────────────────────────────────────────────────────────────────────

    attachment #2: video (video/webm) ──────────────────────────────────────────────────────────────
    ../../test-results/support-chatbot-Support-an-9a6ee-hatbot-conversation-history-firefox/video.webm
    ────────────────────────────────────────────────────────────────────────────────────────────────

    Error Context: ../../test-results/support-chatbot-Support-an-9a6ee-hatbot-conversation-history-firefox/error-context.md
]]>
</failure>
<system-out>
<![CDATA[
[[ATTACHMENT|support-chatbot-Support-an-9a6ee-hatbot-conversation-history-firefox/test-failed-1.png]]

[[ATTACHMENT|support-chatbot-Support-an-9a6ee-hatbot-conversation-history-firefox/video.webm]]

[[ATTACHMENT|support-chatbot-Support-an-9a6ee-hatbot-conversation-history-firefox/error-context.md]]
]]>
</system-out>
</testcase>
<testcase name="Support and Chatbot Interaction › @support Chatbot offline handling" classname="support-chatbot.spec.ts" time="30.098">
<failure message="support-chatbot.spec.ts:199:7 @support Chatbot offline handling" type="FAILURE">
<![CDATA[  [firefox] › support-chatbot.spec.ts:199:7 › Support and Chatbot Interaction › @support Chatbot offline handling 

    Test timeout of 30000ms exceeded while running "beforeEach" hook.

      2 |
      3 | test.describe('Support and Chatbot Interaction', () => {
    > 4 |   test.beforeEach(async ({ page }) => {
        |        ^
      5 |     // Login first
      6 |     await page.goto('/auth');
      7 |     await page.fill('input[placeholder*="email"]', 'test@example.com');
        at /Users/gailad/Documents/Dev Projects/PacheduConnect/tests/e2e/support-chatbot.spec.ts:4:8

    Error: page.fill: Test timeout of 30000ms exceeded.
    Call log:
      - waiting for locator('input[placeholder*="email"]')


       5 |     // Login first
       6 |     await page.goto('/auth');
    >  7 |     await page.fill('input[placeholder*="email"]', 'test@example.com');
         |                ^
       8 |     await page.fill('input[placeholder*="password"]', 'password123');
       9 |     await page.click('button[type="submit"]');
      10 |     await expect(page).toHaveURL(/.*dashboard/);
        at /Users/gailad/Documents/Dev Projects/PacheduConnect/tests/e2e/support-chatbot.spec.ts:7:16

    attachment #1: screenshot (image/png) ──────────────────────────────────────────────────────────
    ../../test-results/support-chatbot-Support-an-ab948-rt-Chatbot-offline-handling-firefox/test-failed-1.png
    ────────────────────────────────────────────────────────────────────────────────────────────────

    attachment #2: video (video/webm) ──────────────────────────────────────────────────────────────
    ../../test-results/support-chatbot-Support-an-ab948-rt-Chatbot-offline-handling-firefox/video.webm
    ────────────────────────────────────────────────────────────────────────────────────────────────

    Error Context: ../../test-results/support-chatbot-Support-an-ab948-rt-Chatbot-offline-handling-firefox/error-context.md
]]>
</failure>
<system-out>
<![CDATA[
[[ATTACHMENT|support-chatbot-Support-an-ab948-rt-Chatbot-offline-handling-firefox/test-failed-1.png]]

[[ATTACHMENT|support-chatbot-Support-an-ab948-rt-Chatbot-offline-handling-firefox/video.webm]]

[[ATTACHMENT|support-chatbot-Support-an-ab948-rt-Chatbot-offline-handling-firefox/error-context.md]]
]]>
</system-out>
</testcase>
<testcase name="Support and Chatbot Interaction › @support Chatbot voice input" classname="support-chatbot.spec.ts" time="30.137">
<failure message="support-chatbot.spec.ts:224:7 @support Chatbot voice input" type="FAILURE">
<![CDATA[  [firefox] › support-chatbot.spec.ts:224:7 › Support and Chatbot Interaction › @support Chatbot voice input 

    Test timeout of 30000ms exceeded while running "beforeEach" hook.

      2 |
      3 | test.describe('Support and Chatbot Interaction', () => {
    > 4 |   test.beforeEach(async ({ page }) => {
        |        ^
      5 |     // Login first
      6 |     await page.goto('/auth');
      7 |     await page.fill('input[placeholder*="email"]', 'test@example.com');
        at /Users/gailad/Documents/Dev Projects/PacheduConnect/tests/e2e/support-chatbot.spec.ts:4:8

    Error: page.fill: Test timeout of 30000ms exceeded.
    Call log:
      - waiting for locator('input[placeholder*="email"]')


       5 |     // Login first
       6 |     await page.goto('/auth');
    >  7 |     await page.fill('input[placeholder*="email"]', 'test@example.com');
         |                ^
       8 |     await page.fill('input[placeholder*="password"]', 'password123');
       9 |     await page.click('button[type="submit"]');
      10 |     await expect(page).toHaveURL(/.*dashboard/);
        at /Users/gailad/Documents/Dev Projects/PacheduConnect/tests/e2e/support-chatbot.spec.ts:7:16

    attachment #1: screenshot (image/png) ──────────────────────────────────────────────────────────
    ../../test-results/support-chatbot-Support-an-43751-support-Chatbot-voice-input-firefox/test-failed-1.png
    ────────────────────────────────────────────────────────────────────────────────────────────────

    attachment #2: video (video/webm) ──────────────────────────────────────────────────────────────
    ../../test-results/support-chatbot-Support-an-43751-support-Chatbot-voice-input-firefox/video.webm
    ────────────────────────────────────────────────────────────────────────────────────────────────

    Error Context: ../../test-results/support-chatbot-Support-an-43751-support-Chatbot-voice-input-firefox/error-context.md
]]>
</failure>
<system-out>
<![CDATA[
[[ATTACHMENT|support-chatbot-Support-an-43751-support-Chatbot-voice-input-firefox/test-failed-1.png]]

[[ATTACHMENT|support-chatbot-Support-an-43751-support-Chatbot-voice-input-firefox/video.webm]]

[[ATTACHMENT|support-chatbot-Support-an-43751-support-Chatbot-voice-input-firefox/error-context.md]]
]]>
</system-out>
</testcase>
</testsuite>
<testsuite name="transaction-history.spec.ts" timestamp="2025-07-14T13:04:14.079Z" hostname="firefox" tests="30" failures="30" skipped="0" time="605.226" errors="0">
<testcase name="Transaction History &amp; Tracking › @transactions View transaction history" classname="transaction-history.spec.ts" time="6.655">
<failure message="transaction-history.spec.ts:12:7 @transactions View transaction history" type="FAILURE">
<![CDATA[  [firefox] › transaction-history.spec.ts:12:7 › Transaction History & Tracking › @transactions View transaction history 

    Error: Timed out 5000ms waiting for expect(locator).toBeVisible()

    Locator: locator('text=Transaction History')
    Expected: visible
    Received: <element(s) not found>
    Call log:
      - Expect "toBeVisible" with timeout 5000ms
      - waiting for locator('text=Transaction History')


      14 |     
      15 |     // Verify transaction list loads
    > 16 |     await expect(page.locator('text=Transaction History')).toBeVisible();
         |                                                            ^
      17 |     await expect(page.locator('text=Recent Transactions')).toBeVisible();
      18 |     
      19 |     // Verify transaction list structure
        at /Users/gailad/Documents/Dev Projects/PacheduConnect/tests/e2e/transaction-history.spec.ts:16:60

    attachment #1: screenshot (image/png) ──────────────────────────────────────────────────────────
    ../../test-results/transaction-history-Transa-9477a-ns-View-transaction-history-firefox/test-failed-1.png
    ────────────────────────────────────────────────────────────────────────────────────────────────

    attachment #2: video (video/webm) ──────────────────────────────────────────────────────────────
    ../../test-results/transaction-history-Transa-9477a-ns-View-transaction-history-firefox/video.webm
    ────────────────────────────────────────────────────────────────────────────────────────────────

    Error Context: ../../test-results/transaction-history-Transa-9477a-ns-View-transaction-history-firefox/error-context.md
]]>
</failure>
<system-out>
<![CDATA[
[[ATTACHMENT|transaction-history-Transa-9477a-ns-View-transaction-history-firefox/test-failed-1.png]]

[[ATTACHMENT|transaction-history-Transa-9477a-ns-View-transaction-history-firefox/video.webm]]

[[ATTACHMENT|transaction-history-Transa-9477a-ns-View-transaction-history-firefox/error-context.md]]
]]>
</system-out>
</testcase>
<testcase name="Transaction History &amp; Tracking › @transactions Transaction details view" classname="transaction-history.spec.ts" time="30.102">
<failure message="transaction-history.spec.ts:31:7 @transactions Transaction details view" type="FAILURE">
<![CDATA[  [firefox] › transaction-history.spec.ts:31:7 › Transaction History & Tracking › @transactions Transaction details view 

    Test timeout of 30000ms exceeded.

    Error: page.click: Test timeout of 30000ms exceeded.
    Call log:
      - waiting for locator('[data-testid="transaction-row"]:first-child')


      34 |     
      35 |     // Click on first transaction
    > 36 |     await page.click('[data-testid="transaction-row"]:first-child');
         |                ^
      37 |     
      38 |     // Verify transaction details page
      39 |     await expect(page.locator('text=Transaction Details')).toBeVisible();
        at /Users/gailad/Documents/Dev Projects/PacheduConnect/tests/e2e/transaction-history.spec.ts:36:16

    attachment #1: screenshot (image/png) ──────────────────────────────────────────────────────────
    ../../test-results/transaction-history-Transa-74ae5-ns-Transaction-details-view-firefox/test-failed-1.png
    ────────────────────────────────────────────────────────────────────────────────────────────────

    attachment #2: video (video/webm) ──────────────────────────────────────────────────────────────
    ../../test-results/transaction-history-Transa-74ae5-ns-Transaction-details-view-firefox/video.webm
    ────────────────────────────────────────────────────────────────────────────────────────────────

    Error Context: ../../test-results/transaction-history-Transa-74ae5-ns-Transaction-details-view-firefox/error-context.md
]]>
</failure>
<system-out>
<![CDATA[
[[ATTACHMENT|transaction-history-Transa-74ae5-ns-Transaction-details-view-firefox/test-failed-1.png]]

[[ATTACHMENT|transaction-history-Transa-74ae5-ns-Transaction-details-view-firefox/video.webm]]

[[ATTACHMENT|transaction-history-Transa-74ae5-ns-Transaction-details-view-firefox/error-context.md]]
]]>
</system-out>
</testcase>
<testcase name="Transaction History &amp; Tracking › @transactions Transaction status tracking" classname="transaction-history.spec.ts" time="30.104">
<failure message="transaction-history.spec.ts:56:7 @transactions Transaction status tracking" type="FAILURE">
<![CDATA[  [firefox] › transaction-history.spec.ts:56:7 › Transaction History & Tracking › @transactions Transaction status tracking 

    Test timeout of 30000ms exceeded.

    Error: page.click: Test timeout of 30000ms exceeded.
    Call log:
      - waiting for locator('[data-testid="transaction-row"]:first-child')


      59 |     
      60 |     // Click on a transaction
    > 61 |     await page.click('[data-testid="transaction-row"]:first-child');
         |                ^
      62 |     
      63 |     // Verify progress timeline is displayed
      64 |     await expect(page.locator('text=Transaction Progress')).toBeVisible();
        at /Users/gailad/Documents/Dev Projects/PacheduConnect/tests/e2e/transaction-history.spec.ts:61:16

    attachment #1: screenshot (image/png) ──────────────────────────────────────────────────────────
    ../../test-results/transaction-history-Transa-9d739-Transaction-status-tracking-firefox/test-failed-1.png
    ────────────────────────────────────────────────────────────────────────────────────────────────

    attachment #2: video (video/webm) ──────────────────────────────────────────────────────────────
    ../../test-results/transaction-history-Transa-9d739-Transaction-status-tracking-firefox/video.webm
    ────────────────────────────────────────────────────────────────────────────────────────────────

    Error Context: ../../test-results/transaction-history-Transa-9d739-Transaction-status-tracking-firefox/error-context.md
]]>
</failure>
<system-out>
<![CDATA[
[[ATTACHMENT|transaction-history-Transa-9d739-Transaction-status-tracking-firefox/test-failed-1.png]]

[[ATTACHMENT|transaction-history-Transa-9d739-Transaction-status-tracking-firefox/video.webm]]

[[ATTACHMENT|transaction-history-Transa-9d739-Transaction-status-tracking-firefox/error-context.md]]
]]>
</system-out>
</testcase>
<testcase name="Transaction History &amp; Tracking › @transactions Filter and search transactions" classname="transaction-history.spec.ts" time="30.126">
<failure message="transaction-history.spec.ts:83:7 @transactions Filter and search transactions" type="FAILURE">
<![CDATA[  [firefox] › transaction-history.spec.ts:83:7 › Transaction History & Tracking › @transactions Filter and search transactions 

    Test timeout of 30000ms exceeded.

    Error: page.click: Test timeout of 30000ms exceeded.
    Call log:
      - waiting for locator('select[name="status"]')


      86 |     
      87 |     // Test status filter
    > 88 |     await page.click('select[name="status"]');
         |                ^
      89 |     await page.selectOption('select[name="status"]', 'completed');
      90 |     
      91 |     // Verify filtered results
        at /Users/gailad/Documents/Dev Projects/PacheduConnect/tests/e2e/transaction-history.spec.ts:88:16

    attachment #1: screenshot (image/png) ──────────────────────────────────────────────────────────
    ../../test-results/transaction-history-Transa-f0b6a-ter-and-search-transactions-firefox/test-failed-1.png
    ────────────────────────────────────────────────────────────────────────────────────────────────

    attachment #2: video (video/webm) ──────────────────────────────────────────────────────────────
    ../../test-results/transaction-history-Transa-f0b6a-ter-and-search-transactions-firefox/video.webm
    ────────────────────────────────────────────────────────────────────────────────────────────────

    Error Context: ../../test-results/transaction-history-Transa-f0b6a-ter-and-search-transactions-firefox/error-context.md
]]>
</failure>
<system-out>
<![CDATA[
[[ATTACHMENT|transaction-history-Transa-f0b6a-ter-and-search-transactions-firefox/test-failed-1.png]]

[[ATTACHMENT|transaction-history-Transa-f0b6a-ter-and-search-transactions-firefox/video.webm]]

[[ATTACHMENT|transaction-history-Transa-f0b6a-ter-and-search-transactions-firefox/error-context.md]]
]]>
</system-out>
</testcase>
<testcase name="Transaction History &amp; Tracking › @transactions Export transaction history" classname="transaction-history.spec.ts" time="30.1">
<failure message="transaction-history.spec.ts:111:7 @transactions Export transaction history" type="FAILURE">
<![CDATA[  [firefox] › transaction-history.spec.ts:111:7 › Transaction History & Tracking › @transactions Export transaction history 

    Test timeout of 30000ms exceeded.

    Error: page.click: Test timeout of 30000ms exceeded.
    Call log:
      - waiting for locator('button:has-text("Export")')


      114 |     
      115 |     // Click export button
    > 116 |     await page.click('button:has-text("Export")');
          |                ^
      117 |     
      118 |     // Verify export options
      119 |     await expect(page.locator('text=Export Format')).toBeVisible();
        at /Users/gailad/Documents/Dev Projects/PacheduConnect/tests/e2e/transaction-history.spec.ts:116:16

    attachment #1: screenshot (image/png) ──────────────────────────────────────────────────────────
    ../../test-results/transaction-history-Transa-58cbb--Export-transaction-history-firefox/test-failed-1.png
    ────────────────────────────────────────────────────────────────────────────────────────────────

    attachment #2: video (video/webm) ──────────────────────────────────────────────────────────────
    ../../test-results/transaction-history-Transa-58cbb--Export-transaction-history-firefox/video.webm
    ────────────────────────────────────────────────────────────────────────────────────────────────

    Error Context: ../../test-results/transaction-history-Transa-58cbb--Export-transaction-history-firefox/error-context.md
]]>
</failure>
<system-out>
<![CDATA[
[[ATTACHMENT|transaction-history-Transa-58cbb--Export-transaction-history-firefox/test-failed-1.png]]

[[ATTACHMENT|transaction-history-Transa-58cbb--Export-transaction-history-firefox/video.webm]]

[[ATTACHMENT|transaction-history-Transa-58cbb--Export-transaction-history-firefox/error-context.md]]
]]>
</system-out>
</testcase>
<testcase name="Transaction History &amp; Tracking › @transactions Transaction receipt generation" classname="transaction-history.spec.ts" time="30.093">
<failure message="transaction-history.spec.ts:133:7 @transactions Transaction receipt generation" type="FAILURE">
<![CDATA[  [firefox] › transaction-history.spec.ts:133:7 › Transaction History & Tracking › @transactions Transaction receipt generation 

    Test timeout of 30000ms exceeded.

    Error: page.click: Test timeout of 30000ms exceeded.
    Call log:
      - waiting for locator('[data-testid="transaction-row"]:first-child')


      134 |     // Navigate to a specific transaction
      135 |     await page.goto('/transactions');
    > 136 |     await page.click('[data-testid="transaction-row"]:first-child');
          |                ^
      137 |     
      138 |     // Click download receipt
      139 |     await page.click('button:has-text("Download Receipt")');
        at /Users/gailad/Documents/Dev Projects/PacheduConnect/tests/e2e/transaction-history.spec.ts:136:16

    attachment #1: screenshot (image/png) ──────────────────────────────────────────────────────────
    ../../test-results/transaction-history-Transa-da7b6-nsaction-receipt-generation-firefox/test-failed-1.png
    ────────────────────────────────────────────────────────────────────────────────────────────────

    attachment #2: video (video/webm) ──────────────────────────────────────────────────────────────
    ../../test-results/transaction-history-Transa-da7b6-nsaction-receipt-generation-firefox/video.webm
    ────────────────────────────────────────────────────────────────────────────────────────────────

    Error Context: ../../test-results/transaction-history-Transa-da7b6-nsaction-receipt-generation-firefox/error-context.md
]]>
</failure>
<system-out>
<![CDATA[
[[ATTACHMENT|transaction-history-Transa-da7b6-nsaction-receipt-generation-firefox/test-failed-1.png]]

[[ATTACHMENT|transaction-history-Transa-da7b6-nsaction-receipt-generation-firefox/video.webm]]

[[ATTACHMENT|transaction-history-Transa-da7b6-nsaction-receipt-generation-firefox/error-context.md]]
]]>
</system-out>
</testcase>
<testcase name="Transaction History &amp; Tracking › @transactions Real-time status updates" classname="transaction-history.spec.ts" time="6.739">
<failure message="transaction-history.spec.ts:147:7 @transactions Real-time status updates" type="FAILURE">
<![CDATA[  [firefox] › transaction-history.spec.ts:147:7 › Transaction History & Tracking › @transactions Real-time status updates 

    Error: Timed out 5000ms waiting for expect(locator).toBeVisible()

    Locator: locator('text=Live Updates')
    Expected: visible
    Received: <element(s) not found>
    Call log:
      - Expect "toBeVisible" with timeout 5000ms
      - waiting for locator('text=Live Updates')


      159 |     
      160 |     // Verify real-time indicator
    > 161 |     await expect(page.locator('text=Live Updates')).toBeVisible();
          |                                                     ^
      162 |     
      163 |     // Simulate status change
      164 |     await page.evaluate(() => {
        at /Users/gailad/Documents/Dev Projects/PacheduConnect/tests/e2e/transaction-history.spec.ts:161:53

    attachment #1: screenshot (image/png) ──────────────────────────────────────────────────────────
    ../../test-results/transaction-history-Transa-f7ca1-ns-Real-time-status-updates-firefox/test-failed-1.png
    ────────────────────────────────────────────────────────────────────────────────────────────────

    attachment #2: video (video/webm) ──────────────────────────────────────────────────────────────
    ../../test-results/transaction-history-Transa-f7ca1-ns-Real-time-status-updates-firefox/video.webm
    ────────────────────────────────────────────────────────────────────────────────────────────────

    Error Context: ../../test-results/transaction-history-Transa-f7ca1-ns-Real-time-status-updates-firefox/error-context.md
]]>
</failure>
<system-out>
<![CDATA[
[[ATTACHMENT|transaction-history-Transa-f7ca1-ns-Real-time-status-updates-firefox/test-failed-1.png]]

[[ATTACHMENT|transaction-history-Transa-f7ca1-ns-Real-time-status-updates-firefox/video.webm]]

[[ATTACHMENT|transaction-history-Transa-f7ca1-ns-Real-time-status-updates-firefox/error-context.md]]
]]>
</system-out>
</testcase>
<testcase name="Transaction History &amp; Tracking › @transactions Transaction notifications" classname="transaction-history.spec.ts" time="30.126">
<failure message="transaction-history.spec.ts:176:7 @transactions Transaction notifications" type="FAILURE">
<![CDATA[  [firefox] › transaction-history.spec.ts:176:7 › Transaction History & Tracking › @transactions Transaction notifications 

    Test timeout of 30000ms exceeded.

    Error: page.click: Test timeout of 30000ms exceeded.
    Call log:
      - waiting for locator('[data-testid="transaction-row"]:first-child')


      179 |     
      180 |     // Enable notifications for a transaction
    > 181 |     await page.click('[data-testid="transaction-row"]:first-child');
          |                ^
      182 |     await page.click('button:has-text("Enable Notifications")');
      183 |     
      184 |     // Verify notification settings
        at /Users/gailad/Documents/Dev Projects/PacheduConnect/tests/e2e/transaction-history.spec.ts:181:16

    attachment #1: screenshot (image/png) ──────────────────────────────────────────────────────────
    ../../test-results/transaction-history-Transa-73cfe-s-Transaction-notifications-firefox/test-failed-1.png
    ────────────────────────────────────────────────────────────────────────────────────────────────

    attachment #2: video (video/webm) ──────────────────────────────────────────────────────────────
    ../../test-results/transaction-history-Transa-73cfe-s-Transaction-notifications-firefox/video.webm
    ────────────────────────────────────────────────────────────────────────────────────────────────

    Error Context: ../../test-results/transaction-history-Transa-73cfe-s-Transaction-notifications-firefox/error-context.md
]]>
</failure>
<system-out>
<![CDATA[
[[ATTACHMENT|transaction-history-Transa-73cfe-s-Transaction-notifications-firefox/test-failed-1.png]]

[[ATTACHMENT|transaction-history-Transa-73cfe-s-Transaction-notifications-firefox/video.webm]]

[[ATTACHMENT|transaction-history-Transa-73cfe-s-Transaction-notifications-firefox/error-context.md]]
]]>
</system-out>
</testcase>
<testcase name="Transaction History &amp; Tracking › @transactions Offline transaction history" classname="transaction-history.spec.ts" time="6.738">
<failure message="transaction-history.spec.ts:201:7 @transactions Offline transaction history" type="FAILURE">
<![CDATA[  [firefox] › transaction-history.spec.ts:201:7 › Transaction History & Tracking › @transactions Offline transaction history 

    Error: Timed out 5000ms waiting for expect(locator).toBeVisible()

    Locator: locator('text=Transaction History')
    Expected: visible
    Received: <element(s) not found>
    Call log:
      - Expect "toBeVisible" with timeout 5000ms
      - waiting for locator('text=Transaction History')
        - waiting for" http://localhost:3000/auth" navigation to finish...


      207 |     
      208 |     // Should still show cached transactions
    > 209 |     await expect(page.locator('text=Transaction History')).toBeVisible();
          |                                                            ^
      210 |     await expect(page.locator('text=Offline Mode')).toBeVisible();
      211 |     
      212 |     // Go back online
        at /Users/gailad/Documents/Dev Projects/PacheduConnect/tests/e2e/transaction-history.spec.ts:209:60

    attachment #1: screenshot (image/png) ──────────────────────────────────────────────────────────
    ../../test-results/transaction-history-Transa-44191-Offline-transaction-history-firefox/test-failed-1.png
    ────────────────────────────────────────────────────────────────────────────────────────────────

    attachment #2: video (video/webm) ──────────────────────────────────────────────────────────────
    ../../test-results/transaction-history-Transa-44191-Offline-transaction-history-firefox/video.webm
    ────────────────────────────────────────────────────────────────────────────────────────────────

    Error Context: ../../test-results/transaction-history-Transa-44191-Offline-transaction-history-firefox/error-context.md
]]>
</failure>
<system-out>
<![CDATA[
[[ATTACHMENT|transaction-history-Transa-44191-Offline-transaction-history-firefox/test-failed-1.png]]

[[ATTACHMENT|transaction-history-Transa-44191-Offline-transaction-history-firefox/video.webm]]

[[ATTACHMENT|transaction-history-Transa-44191-Offline-transaction-history-firefox/error-context.md]]
]]>
</system-out>
</testcase>
<testcase name="Transaction History &amp; Tracking › @pagination Pagination functionality" classname="transaction-history.spec.ts" time="6.841">
<failure message="transaction-history.spec.ts:221:7 @pagination Pagination functionality" type="FAILURE">
<![CDATA[  [firefox] › transaction-history.spec.ts:221:7 › Transaction History & Tracking › @pagination Pagination functionality 

    Error: Timed out 5000ms waiting for expect(locator).toBeVisible()

    Locator: locator('[data-testid="pagination"]')
    Expected: visible
    Received: <element(s) not found>
    Call log:
      - Expect "toBeVisible" with timeout 5000ms
      - waiting for locator('[data-testid="pagination"]')


      223 |     
      224 |     // Verify pagination controls are visible
    > 225 |     await expect(page.locator('[data-testid="pagination"]')).toBeVisible();
          |                                                              ^
      226 |     await expect(page.locator('button:has-text("Previous")')).toBeVisible();
      227 |     await expect(page.locator('button:has-text("Next")')).toBeVisible();
      228 |     
        at /Users/gailad/Documents/Dev Projects/PacheduConnect/tests/e2e/transaction-history.spec.ts:225:62

    attachment #1: screenshot (image/png) ──────────────────────────────────────────────────────────
    ../../test-results/transaction-history-Transa-870bf-on-Pagination-functionality-firefox/test-failed-1.png
    ────────────────────────────────────────────────────────────────────────────────────────────────

    attachment #2: video (video/webm) ──────────────────────────────────────────────────────────────
    ../../test-results/transaction-history-Transa-870bf-on-Pagination-functionality-firefox/video.webm
    ────────────────────────────────────────────────────────────────────────────────────────────────

    Error Context: ../../test-results/transaction-history-Transa-870bf-on-Pagination-functionality-firefox/error-context.md
]]>
</failure>
<system-out>
<![CDATA[
[[ATTACHMENT|transaction-history-Transa-870bf-on-Pagination-functionality-firefox/test-failed-1.png]]

[[ATTACHMENT|transaction-history-Transa-870bf-on-Pagination-functionality-firefox/video.webm]]

[[ATTACHMENT|transaction-history-Transa-870bf-on-Pagination-functionality-firefox/error-context.md]]
]]>
</system-out>
</testcase>
<testcase name="Transaction History &amp; Tracking › @pagination Infinite scroll functionality" classname="transaction-history.spec.ts" time="30.099">
<failure message="transaction-history.spec.ts:241:7 @pagination Infinite scroll functionality" type="FAILURE">
<![CDATA[  [firefox] › transaction-history.spec.ts:241:7 › Transaction History & Tracking › @pagination Infinite scroll functionality 

    Test timeout of 30000ms exceeded.

    Error: page.waitForSelector: Test timeout of 30000ms exceeded.
    Call log:
      - waiting for locator('[data-testid="loading-spinner"]') to be visible


      248 |     
      249 |     // Wait for new content to load
    > 250 |     await page.waitForSelector('[data-testid="loading-spinner"]', { state: 'visible' });
          |                ^
      251 |     await page.waitForSelector('[data-testid="loading-spinner"]', { state: 'hidden' });
      252 |     
      253 |     // Verify more transactions loaded
        at /Users/gailad/Documents/Dev Projects/PacheduConnect/tests/e2e/transaction-history.spec.ts:250:16

    attachment #1: screenshot (image/png) ──────────────────────────────────────────────────────────
    ../../test-results/transaction-history-Transa-e9741-finite-scroll-functionality-firefox/test-failed-1.png
    ────────────────────────────────────────────────────────────────────────────────────────────────

    attachment #2: video (video/webm) ──────────────────────────────────────────────────────────────
    ../../test-results/transaction-history-Transa-e9741-finite-scroll-functionality-firefox/video.webm
    ────────────────────────────────────────────────────────────────────────────────────────────────

    Error Context: ../../test-results/transaction-history-Transa-e9741-finite-scroll-functionality-firefox/error-context.md
]]>
</failure>
<system-out>
<![CDATA[
[[ATTACHMENT|transaction-history-Transa-e9741-finite-scroll-functionality-firefox/test-failed-1.png]]

[[ATTACHMENT|transaction-history-Transa-e9741-finite-scroll-functionality-firefox/video.webm]]

[[ATTACHMENT|transaction-history-Transa-e9741-finite-scroll-functionality-firefox/error-context.md]]
]]>
</system-out>
</testcase>
<testcase name="Transaction History &amp; Tracking › @roles Regular user sees only own transactions" classname="transaction-history.spec.ts" time="30.152">
<failure message="transaction-history.spec.ts:273:7 @roles Regular user sees only own transactions" type="FAILURE">
<![CDATA[  [firefox] › transaction-history.spec.ts:273:7 › Transaction History & Tracking › @roles Regular user sees only own transactions 

    Test timeout of 30000ms exceeded.

    Error: page.fill: Test timeout of 30000ms exceeded.
    Call log:
      - waiting for locator('input[placeholder*="email"]')


      274 |     // Login as regular user
      275 |     await page.goto('/auth');
    > 276 |     await page.fill('input[placeholder*="email"]', 'user@example.com');
          |                ^
      277 |     await page.fill('input[placeholder*="password"]', 'password123');
      278 |     await page.click('button[type="submit"]');
      279 |     
        at /Users/gailad/Documents/Dev Projects/PacheduConnect/tests/e2e/transaction-history.spec.ts:276:16

    attachment #1: screenshot (image/png) ──────────────────────────────────────────────────────────
    ../../test-results/transaction-history-Transa-ad279--sees-only-own-transactions-firefox/test-failed-1.png
    ────────────────────────────────────────────────────────────────────────────────────────────────

    attachment #2: video (video/webm) ──────────────────────────────────────────────────────────────
    ../../test-results/transaction-history-Transa-ad279--sees-only-own-transactions-firefox/video.webm
    ────────────────────────────────────────────────────────────────────────────────────────────────

    Error Context: ../../test-results/transaction-history-Transa-ad279--sees-only-own-transactions-firefox/error-context.md
]]>
</failure>
<system-out>
<![CDATA[
[[ATTACHMENT|transaction-history-Transa-ad279--sees-only-own-transactions-firefox/test-failed-1.png]]

[[ATTACHMENT|transaction-history-Transa-ad279--sees-only-own-transactions-firefox/video.webm]]

[[ATTACHMENT|transaction-history-Transa-ad279--sees-only-own-transactions-firefox/error-context.md]]
]]>
</system-out>
</testcase>
<testcase name="Transaction History &amp; Tracking › @roles Admin sees all users transactions" classname="transaction-history.spec.ts" time="30.143">
<failure message="transaction-history.spec.ts:290:7 @roles Admin sees all users transactions" type="FAILURE">
<![CDATA[  [firefox] › transaction-history.spec.ts:290:7 › Transaction History & Tracking › @roles Admin sees all users transactions 

    Test timeout of 30000ms exceeded.

    Error: page.fill: Test timeout of 30000ms exceeded.
    Call log:
      - waiting for locator('input[placeholder*="email"]')


      291 |     // Login as admin
      292 |     await page.goto('/auth');
    > 293 |     await page.fill('input[placeholder*="email"]', 'admin@example.com');
          |                ^
      294 |     await page.fill('input[placeholder*="password"]', 'admin123');
      295 |     await page.click('button[type="submit"]');
      296 |     
        at /Users/gailad/Documents/Dev Projects/PacheduConnect/tests/e2e/transaction-history.spec.ts:293:16

    attachment #1: screenshot (image/png) ──────────────────────────────────────────────────────────
    ../../test-results/transaction-history-Transa-401ef-sees-all-users-transactions-firefox/test-failed-1.png
    ────────────────────────────────────────────────────────────────────────────────────────────────

    attachment #2: video (video/webm) ──────────────────────────────────────────────────────────────
    ../../test-results/transaction-history-Transa-401ef-sees-all-users-transactions-firefox/video.webm
    ────────────────────────────────────────────────────────────────────────────────────────────────

    Error Context: ../../test-results/transaction-history-Transa-401ef-sees-all-users-transactions-firefox/error-context.md
]]>
</failure>
<system-out>
<![CDATA[
[[ATTACHMENT|transaction-history-Transa-401ef-sees-all-users-transactions-firefox/test-failed-1.png]]

[[ATTACHMENT|transaction-history-Transa-401ef-sees-all-users-transactions-firefox/video.webm]]

[[ATTACHMENT|transaction-history-Transa-401ef-sees-all-users-transactions-firefox/error-context.md]]
]]>
</system-out>
</testcase>
<testcase name="Transaction History &amp; Tracking › @roles Unauthorized access prevention" classname="transaction-history.spec.ts" time="6.575">
<failure message="transaction-history.spec.ts:313:7 @roles Unauthorized access prevention" type="FAILURE">
<![CDATA[  [firefox] › transaction-history.spec.ts:313:7 › Transaction History & Tracking › @roles Unauthorized access prevention 

    Error: Timed out 5000ms waiting for expect(locator).toBeVisible()

    Locator: locator('text=Unauthorized')
    Expected: visible
    Received: <element(s) not found>
    Call log:
      - Expect "toBeVisible" with timeout 5000ms
      - waiting for locator('text=Unauthorized')


      316 |     
      317 |     // Should be redirected to login or show error
    > 318 |     await expect(page.locator('text=Unauthorized') || page.locator('text=Login')).toBeVisible();
          |                                                                                   ^
      319 |     
      320 |     // Try to access other user's transaction directly
      321 |     await page.goto('/transactions/TXN123');
        at /Users/gailad/Documents/Dev Projects/PacheduConnect/tests/e2e/transaction-history.spec.ts:318:83

    attachment #1: screenshot (image/png) ──────────────────────────────────────────────────────────
    ../../test-results/transaction-history-Transa-b9fda-uthorized-access-prevention-firefox/test-failed-1.png
    ────────────────────────────────────────────────────────────────────────────────────────────────

    attachment #2: video (video/webm) ──────────────────────────────────────────────────────────────
    ../../test-results/transaction-history-Transa-b9fda-uthorized-access-prevention-firefox/video.webm
    ────────────────────────────────────────────────────────────────────────────────────────────────

    Error Context: ../../test-results/transaction-history-Transa-b9fda-uthorized-access-prevention-firefox/error-context.md
]]>
</failure>
<system-out>
<![CDATA[
[[ATTACHMENT|transaction-history-Transa-b9fda-uthorized-access-prevention-firefox/test-failed-1.png]]

[[ATTACHMENT|transaction-history-Transa-b9fda-uthorized-access-prevention-firefox/video.webm]]

[[ATTACHMENT|transaction-history-Transa-b9fda-uthorized-access-prevention-firefox/error-context.md]]
]]>
</system-out>
</testcase>
<testcase name="Transaction History &amp; Tracking › @dispute Open dispute from transaction" classname="transaction-history.spec.ts" time="30.085">
<failure message="transaction-history.spec.ts:328:7 @dispute Open dispute from transaction" type="FAILURE">
<![CDATA[  [firefox] › transaction-history.spec.ts:328:7 › Transaction History & Tracking › @dispute Open dispute from transaction 

    Test timeout of 30000ms exceeded.

    Error: page.click: Test timeout of 30000ms exceeded.
    Call log:
      - waiting for locator('[data-testid="transaction-row"]:first-child')


      328 |   test('@dispute Open dispute from transaction', async ({ page }) => {
      329 |     await page.goto('/transactions');
    > 330 |     await page.click('[data-testid="transaction-row"]:first-child');
          |                ^
      331 |     
      332 |     // Click dispute button
      333 |     await page.click('button:has-text("Report Issue")');
        at /Users/gailad/Documents/Dev Projects/PacheduConnect/tests/e2e/transaction-history.spec.ts:330:16

    attachment #1: screenshot (image/png) ──────────────────────────────────────────────────────────
    ../../test-results/transaction-history-Transa-20d3d-en-dispute-from-transaction-firefox/test-failed-1.png
    ────────────────────────────────────────────────────────────────────────────────────────────────

    attachment #2: video (video/webm) ──────────────────────────────────────────────────────────────
    ../../test-results/transaction-history-Transa-20d3d-en-dispute-from-transaction-firefox/video.webm
    ────────────────────────────────────────────────────────────────────────────────────────────────

    Error Context: ../../test-results/transaction-history-Transa-20d3d-en-dispute-from-transaction-firefox/error-context.md
]]>
</failure>
<system-out>
<![CDATA[
[[ATTACHMENT|transaction-history-Transa-20d3d-en-dispute-from-transaction-firefox/test-failed-1.png]]

[[ATTACHMENT|transaction-history-Transa-20d3d-en-dispute-from-transaction-firefox/video.webm]]

[[ATTACHMENT|transaction-history-Transa-20d3d-en-dispute-from-transaction-firefox/error-context.md]]
]]>
</system-out>
</testcase>
<testcase name="Transaction History &amp; Tracking › @dispute Track dispute status" classname="transaction-history.spec.ts" time="30.09">
<failure message="transaction-history.spec.ts:353:7 @dispute Track dispute status" type="FAILURE">
<![CDATA[  [firefox] › transaction-history.spec.ts:353:7 › Transaction History & Tracking › @dispute Track dispute status 

    Test timeout of 30000ms exceeded.

    Error: page.click: Test timeout of 30000ms exceeded.
    Call log:
      - waiting for locator('[data-testid="transaction-row"]:first-child')


      353 |   test('@dispute Track dispute status', async ({ page }) => {
      354 |     await page.goto('/transactions');
    > 355 |     await page.click('[data-testid="transaction-row"]:first-child');
          |                ^
      356 |     
      357 |     // Check if transaction has active dispute
      358 |     const disputeStatus = page.locator('[data-testid="dispute-status"]');
        at /Users/gailad/Documents/Dev Projects/PacheduConnect/tests/e2e/transaction-history.spec.ts:355:16

    attachment #1: screenshot (image/png) ──────────────────────────────────────────────────────────
    ../../test-results/transaction-history-Transa-32fbb-ispute-Track-dispute-status-firefox/test-failed-1.png
    ────────────────────────────────────────────────────────────────────────────────────────────────

    attachment #2: video (video/webm) ──────────────────────────────────────────────────────────────
    ../../test-results/transaction-history-Transa-32fbb-ispute-Track-dispute-status-firefox/video.webm
    ────────────────────────────────────────────────────────────────────────────────────────────────

    Error Context: ../../test-results/transaction-history-Transa-32fbb-ispute-Track-dispute-status-firefox/error-context.md
]]>
</failure>
<system-out>
<![CDATA[
[[ATTACHMENT|transaction-history-Transa-32fbb-ispute-Track-dispute-status-firefox/test-failed-1.png]]

[[ATTACHMENT|transaction-history-Transa-32fbb-ispute-Track-dispute-status-firefox/video.webm]]

[[ATTACHMENT|transaction-history-Transa-32fbb-ispute-Track-dispute-status-firefox/error-context.md]]
]]>
</system-out>
</testcase>
<testcase name="Transaction History &amp; Tracking › @dispute Support chat integration" classname="transaction-history.spec.ts" time="30.24">
<failure message="transaction-history.spec.ts:373:7 @dispute Support chat integration" type="FAILURE">
<![CDATA[  [firefox] › transaction-history.spec.ts:373:7 › Transaction History & Tracking › @dispute Support chat integration 

    Test timeout of 30000ms exceeded.

    Error: page.click: Test timeout of 30000ms exceeded.
    Call log:
      - waiting for locator('[data-testid="transaction-row"]:first-child')


      373 |   test('@dispute Support chat integration', async ({ page }) => {
      374 |     await page.goto('/transactions');
    > 375 |     await page.click('[data-testid="transaction-row"]:first-child');
          |                ^
      376 |     
      377 |     // Open support chat
      378 |     await page.click('button:has-text("Get Help")');
        at /Users/gailad/Documents/Dev Projects/PacheduConnect/tests/e2e/transaction-history.spec.ts:375:16

    attachment #1: screenshot (image/png) ──────────────────────────────────────────────────────────
    ../../test-results/transaction-history-Transa-3044a-te-Support-chat-integration-firefox/test-failed-1.png
    ────────────────────────────────────────────────────────────────────────────────────────────────

    attachment #2: video (video/webm) ──────────────────────────────────────────────────────────────
    ../../test-results/transaction-history-Transa-3044a-te-Support-chat-integration-firefox/video.webm
    ────────────────────────────────────────────────────────────────────────────────────────────────

    Error Context: ../../test-results/transaction-history-Transa-3044a-te-Support-chat-integration-firefox/error-context.md
]]>
</failure>
<system-out>
<![CDATA[
[[ATTACHMENT|transaction-history-Transa-3044a-te-Support-chat-integration-firefox/test-failed-1.png]]

[[ATTACHMENT|transaction-history-Transa-3044a-te-Support-chat-integration-firefox/video.webm]]

[[ATTACHMENT|transaction-history-Transa-3044a-te-Support-chat-integration-firefox/error-context.md]]
]]>
</system-out>
</testcase>
<testcase name="Transaction History &amp; Tracking › @bulk Bulk transaction selection" classname="transaction-history.spec.ts" time="30.14">
<failure message="transaction-history.spec.ts:393:7 @bulk Bulk transaction selection" type="FAILURE">
<![CDATA[  [firefox] › transaction-history.spec.ts:393:7 › Transaction History & Tracking › @bulk Bulk transaction selection 

    Test timeout of 30000ms exceeded.

    Error: page.click: Test timeout of 30000ms exceeded.
    Call log:
      - waiting for locator('input[type="checkbox"]:nth-child(1)')


      395 |     
      396 |     // Select multiple transactions
    > 397 |     await page.click('input[type="checkbox"]:nth-child(1)');
          |                ^
      398 |     await page.click('input[type="checkbox"]:nth-child(2)');
      399 |     await page.click('input[type="checkbox"]:nth-child(3)');
      400 |     
        at /Users/gailad/Documents/Dev Projects/PacheduConnect/tests/e2e/transaction-history.spec.ts:397:16

    attachment #1: screenshot (image/png) ──────────────────────────────────────────────────────────
    ../../test-results/transaction-history-Transa-c87f0--Bulk-transaction-selection-firefox/test-failed-1.png
    ────────────────────────────────────────────────────────────────────────────────────────────────

    attachment #2: video (video/webm) ──────────────────────────────────────────────────────────────
    ../../test-results/transaction-history-Transa-c87f0--Bulk-transaction-selection-firefox/video.webm
    ────────────────────────────────────────────────────────────────────────────────────────────────

    Error Context: ../../test-results/transaction-history-Transa-c87f0--Bulk-transaction-selection-firefox/error-context.md
]]>
</failure>
<system-out>
<![CDATA[
[[ATTACHMENT|transaction-history-Transa-c87f0--Bulk-transaction-selection-firefox/test-failed-1.png]]

[[ATTACHMENT|transaction-history-Transa-c87f0--Bulk-transaction-selection-firefox/video.webm]]

[[ATTACHMENT|transaction-history-Transa-c87f0--Bulk-transaction-selection-firefox/error-context.md]]
]]>
</system-out>
</testcase>
<testcase name="Transaction History &amp; Tracking › @bulk Bulk notification settings" classname="transaction-history.spec.ts" time="30.238">
<failure message="transaction-history.spec.ts:416:7 @bulk Bulk notification settings" type="FAILURE">
<![CDATA[  [firefox] › transaction-history.spec.ts:416:7 › Transaction History & Tracking › @bulk Bulk notification settings 

    Test timeout of 30000ms exceeded.

    Error: page.click: Test timeout of 30000ms exceeded.
    Call log:
      - waiting for locator('input[type="checkbox"]:nth-child(1)')


      418 |     
      419 |     // Select transactions
    > 420 |     await page.click('input[type="checkbox"]:nth-child(1)');
          |                ^
      421 |     await page.click('input[type="checkbox"]:nth-child(2)');
      422 |     
      423 |     // Open bulk notification settings
        at /Users/gailad/Documents/Dev Projects/PacheduConnect/tests/e2e/transaction-history.spec.ts:420:16

    attachment #1: screenshot (image/png) ──────────────────────────────────────────────────────────
    ../../test-results/transaction-history-Transa-6f9d7--Bulk-notification-settings-firefox/test-failed-1.png
    ────────────────────────────────────────────────────────────────────────────────────────────────

    attachment #2: video (video/webm) ──────────────────────────────────────────────────────────────
    ../../test-results/transaction-history-Transa-6f9d7--Bulk-notification-settings-firefox/video.webm
    ────────────────────────────────────────────────────────────────────────────────────────────────

    Error Context: ../../test-results/transaction-history-Transa-6f9d7--Bulk-notification-settings-firefox/error-context.md
]]>
</failure>
<system-out>
<![CDATA[
[[ATTACHMENT|transaction-history-Transa-6f9d7--Bulk-notification-settings-firefox/test-failed-1.png]]

[[ATTACHMENT|transaction-history-Transa-6f9d7--Bulk-notification-settings-firefox/video.webm]]

[[ATTACHMENT|transaction-history-Transa-6f9d7--Bulk-notification-settings-firefox/error-context.md]]
]]>
</system-out>
</testcase>
<testcase name="Transaction History &amp; Tracking › @a11y Keyboard navigation" classname="transaction-history.spec.ts" time="7.639">
<failure message="transaction-history.spec.ts:438:7 @a11y Keyboard navigation" type="FAILURE">
<![CDATA[  [firefox] › transaction-history.spec.ts:438:7 › Transaction History & Tracking › @a11y Keyboard navigation 

    Error: Timed out 5000ms waiting for expect(locator).toBeVisible()

    Locator: locator(':focus')
    Expected: visible
    Received: <element(s) not found>
    Call log:
      - Expect "toBeVisible" with timeout 5000ms
      - waiting for locator(':focus')


      441 |     // Test tab navigation
      442 |     await page.keyboard.press('Tab');
    > 443 |     await expect(page.locator(':focus')).toBeVisible();
          |                                          ^
      444 |     
      445 |     // Navigate through transaction rows with keyboard
      446 |     await page.keyboard.press('Tab');
        at /Users/gailad/Documents/Dev Projects/PacheduConnect/tests/e2e/transaction-history.spec.ts:443:42

    attachment #1: screenshot (image/png) ──────────────────────────────────────────────────────────
    ../../test-results/transaction-history-Transa-8c663-ng-a11y-Keyboard-navigation-firefox/test-failed-1.png
    ────────────────────────────────────────────────────────────────────────────────────────────────

    attachment #2: video (video/webm) ──────────────────────────────────────────────────────────────
    ../../test-results/transaction-history-Transa-8c663-ng-a11y-Keyboard-navigation-firefox/video.webm
    ────────────────────────────────────────────────────────────────────────────────────────────────

    Error Context: ../../test-results/transaction-history-Transa-8c663-ng-a11y-Keyboard-navigation-firefox/error-context.md
]]>
</failure>
<system-out>
<![CDATA[
[[ATTACHMENT|transaction-history-Transa-8c663-ng-a11y-Keyboard-navigation-firefox/test-failed-1.png]]

[[ATTACHMENT|transaction-history-Transa-8c663-ng-a11y-Keyboard-navigation-firefox/video.webm]]

[[ATTACHMENT|transaction-history-Transa-8c663-ng-a11y-Keyboard-navigation-firefox/error-context.md]]
]]>
</system-out>
</testcase>
<testcase name="Transaction History &amp; Tracking › @a11y Screen reader compatibility" classname="transaction-history.spec.ts" time="6.665">
<failure message="transaction-history.spec.ts:458:7 @a11y Screen reader compatibility" type="FAILURE">
<![CDATA[  [firefox] › transaction-history.spec.ts:458:7 › Transaction History & Tracking › @a11y Screen reader compatibility 

    Error: Timed out 5000ms waiting for expect(locator).toBeVisible()

    Locator: locator('[aria-label*="transaction"]')
    Expected: visible
    Received: <element(s) not found>
    Call log:
      - Expect "toBeVisible" with timeout 5000ms
      - waiting for locator('[aria-label*="transaction"]')


      460 |     
      461 |     // Verify ARIA labels are present
    > 462 |     await expect(page.locator('[aria-label*="transaction"]')).toBeVisible();
          |                                                               ^
      463 |     await expect(page.locator('[role="table"]')).toBeVisible();
      464 |     await expect(page.locator('[role="row"]')).toBeVisible();
      465 |     
        at /Users/gailad/Documents/Dev Projects/PacheduConnect/tests/e2e/transaction-history.spec.ts:462:63

    attachment #1: screenshot (image/png) ──────────────────────────────────────────────────────────
    ../../test-results/transaction-history-Transa-b7bf0-Screen-reader-compatibility-firefox/test-failed-1.png
    ────────────────────────────────────────────────────────────────────────────────────────────────

    attachment #2: video (video/webm) ──────────────────────────────────────────────────────────────
    ../../test-results/transaction-history-Transa-b7bf0-Screen-reader-compatibility-firefox/video.webm
    ────────────────────────────────────────────────────────────────────────────────────────────────

    Error Context: ../../test-results/transaction-history-Transa-b7bf0-Screen-reader-compatibility-firefox/error-context.md
]]>
</failure>
<system-out>
<![CDATA[
[[ATTACHMENT|transaction-history-Transa-b7bf0-Screen-reader-compatibility-firefox/test-failed-1.png]]

[[ATTACHMENT|transaction-history-Transa-b7bf0-Screen-reader-compatibility-firefox/video.webm]]

[[ATTACHMENT|transaction-history-Transa-b7bf0-Screen-reader-compatibility-firefox/error-context.md]]
]]>
</system-out>
</testcase>
<testcase name="Transaction History &amp; Tracking › @edge No transactions state" classname="transaction-history.spec.ts" time="6.965">
<failure message="transaction-history.spec.ts:479:7 @edge No transactions state" type="FAILURE">
<![CDATA[  [firefox] › transaction-history.spec.ts:479:7 › Transaction History & Tracking › @edge No transactions state 

    Error: Timed out 5000ms waiting for expect(locator).toBeVisible()

    Locator: locator('text=No transactions found')
    Expected: visible
    Received: <element(s) not found>
    Call log:
      - Expect "toBeVisible" with timeout 5000ms
      - waiting for locator('text=No transactions found')


      490 |     
      491 |     // Verify empty state
    > 492 |     await expect(page.locator('text=No transactions found')).toBeVisible();
          |                                                              ^
      493 |     await expect(page.locator('text=Start your first transfer')).toBeVisible();
      494 |     await expect(page.locator('button:has-text("Send Money")')).toBeVisible();
      495 |   });
        at /Users/gailad/Documents/Dev Projects/PacheduConnect/tests/e2e/transaction-history.spec.ts:492:62

    attachment #1: screenshot (image/png) ──────────────────────────────────────────────────────────
    ../../test-results/transaction-history-Transa-c35d9--edge-No-transactions-state-firefox/test-failed-1.png
    ────────────────────────────────────────────────────────────────────────────────────────────────

    attachment #2: video (video/webm) ──────────────────────────────────────────────────────────────
    ../../test-results/transaction-history-Transa-c35d9--edge-No-transactions-state-firefox/video.webm
    ────────────────────────────────────────────────────────────────────────────────────────────────

    Error Context: ../../test-results/transaction-history-Transa-c35d9--edge-No-transactions-state-firefox/error-context.md
]]>
</failure>
<system-out>
<![CDATA[
[[ATTACHMENT|transaction-history-Transa-c35d9--edge-No-transactions-state-firefox/test-failed-1.png]]

[[ATTACHMENT|transaction-history-Transa-c35d9--edge-No-transactions-state-firefox/video.webm]]

[[ATTACHMENT|transaction-history-Transa-c35d9--edge-No-transactions-state-firefox/error-context.md]]
]]>
</system-out>
</testcase>
<testcase name="Transaction History &amp; Tracking › @edge Large transaction amounts" classname="transaction-history.spec.ts" time="7.254">
<failure message="transaction-history.spec.ts:497:7 @edge Large transaction amounts" type="FAILURE">
<![CDATA[  [firefox] › transaction-history.spec.ts:497:7 › Transaction History & Tracking › @edge Large transaction amounts 

    Error: Timed out 5000ms waiting for expect(locator).toBeVisible()

    Locator: locator('text=$999,999,999.99')
    Expected: visible
    Received: <element(s) not found>
    Call log:
      - Expect "toBeVisible" with timeout 5000ms
      - waiting for locator('text=$999,999,999.99')


      517 |     
      518 |     // Verify large amount displays correctly
    > 519 |     await expect(page.locator('text=$999,999,999.99')).toBeVisible();
          |                                                        ^
      520 |   });
      521 |
      522 |   test('@edge Failed/cancelled transactions', async ({ page }) => {
        at /Users/gailad/Documents/Dev Projects/PacheduConnect/tests/e2e/transaction-history.spec.ts:519:56

    attachment #1: screenshot (image/png) ──────────────────────────────────────────────────────────
    ../../test-results/transaction-history-Transa-19010-e-Large-transaction-amounts-firefox/test-failed-1.png
    ────────────────────────────────────────────────────────────────────────────────────────────────

    attachment #2: video (video/webm) ──────────────────────────────────────────────────────────────
    ../../test-results/transaction-history-Transa-19010-e-Large-transaction-amounts-firefox/video.webm
    ────────────────────────────────────────────────────────────────────────────────────────────────

    Error Context: ../../test-results/transaction-history-Transa-19010-e-Large-transaction-amounts-firefox/error-context.md
]]>
</failure>
<system-out>
<![CDATA[
[[ATTACHMENT|transaction-history-Transa-19010-e-Large-transaction-amounts-firefox/test-failed-1.png]]

[[ATTACHMENT|transaction-history-Transa-19010-e-Large-transaction-amounts-firefox/video.webm]]

[[ATTACHMENT|transaction-history-Transa-19010-e-Large-transaction-amounts-firefox/error-context.md]]
]]>
</system-out>
</testcase>
<testcase name="Transaction History &amp; Tracking › @edge Failed/cancelled transactions" classname="transaction-history.spec.ts" time="7.71">
<failure message="transaction-history.spec.ts:522:7 @edge Failed/cancelled transactions" type="FAILURE">
<![CDATA[  [firefox] › transaction-history.spec.ts:522:7 › Transaction History & Tracking › @edge Failed/cancelled transactions 

    Error: Timed out 5000ms waiting for expect(locator).toBeVisible()

    Locator: locator('text=Failed')
    Expected: visible
    Received: <element(s) not found>
    Call log:
      - Expect "toBeVisible" with timeout 5000ms
      - waiting for locator('text=Failed')


      542 |     
      543 |     // Verify failed transaction display
    > 544 |     await expect(page.locator('text=Failed')).toBeVisible();
          |                                               ^
      545 |     await expect(page.locator('text=Insufficient funds')).toBeVisible();
      546 |     
      547 |     // Test retry functionality
        at /Users/gailad/Documents/Dev Projects/PacheduConnect/tests/e2e/transaction-history.spec.ts:544:47

    attachment #1: screenshot (image/png) ──────────────────────────────────────────────────────────
    ../../test-results/transaction-history-Transa-2ab61-iled-cancelled-transactions-firefox/test-failed-1.png
    ────────────────────────────────────────────────────────────────────────────────────────────────

    attachment #2: video (video/webm) ──────────────────────────────────────────────────────────────
    ../../test-results/transaction-history-Transa-2ab61-iled-cancelled-transactions-firefox/video.webm
    ────────────────────────────────────────────────────────────────────────────────────────────────

    Error Context: ../../test-results/transaction-history-Transa-2ab61-iled-cancelled-transactions-firefox/error-context.md
]]>
</failure>
<system-out>
<![CDATA[
[[ATTACHMENT|transaction-history-Transa-2ab61-iled-cancelled-transactions-firefox/test-failed-1.png]]

[[ATTACHMENT|transaction-history-Transa-2ab61-iled-cancelled-transactions-firefox/video.webm]]

[[ATTACHMENT|transaction-history-Transa-2ab61-iled-cancelled-transactions-firefox/error-context.md]]
]]>
</system-out>
</testcase>
<testcase name="Transaction History &amp; Tracking › @edge Corrupted data handling" classname="transaction-history.spec.ts" time="7.304">
<failure message="transaction-history.spec.ts:552:7 @edge Corrupted data handling" type="FAILURE">
<![CDATA[  [firefox] › transaction-history.spec.ts:552:7 › Transaction History & Tracking › @edge Corrupted data handling 

    Error: Timed out 5000ms waiting for expect(locator).toBeVisible()

    Locator: locator('text=Error loading transactions')
    Expected: visible
    Received: <element(s) not found>
    Call log:
      - Expect "toBeVisible" with timeout 5000ms
      - waiting for locator('text=Error loading transactions')


      563 |     
      564 |     // Verify error handling
    > 565 |     await expect(page.locator('text=Error loading transactions')).toBeVisible();
          |                                                                   ^
      566 |     await expect(page.locator('button:has-text("Retry")')).toBeVisible();
      567 |   });
      568 |
        at /Users/gailad/Documents/Dev Projects/PacheduConnect/tests/e2e/transaction-history.spec.ts:565:67

    attachment #1: screenshot (image/png) ──────────────────────────────────────────────────────────
    ../../test-results/transaction-history-Transa-f77b3-dge-Corrupted-data-handling-firefox/test-failed-1.png
    ────────────────────────────────────────────────────────────────────────────────────────────────

    attachment #2: video (video/webm) ──────────────────────────────────────────────────────────────
    ../../test-results/transaction-history-Transa-f77b3-dge-Corrupted-data-handling-firefox/video.webm
    ────────────────────────────────────────────────────────────────────────────────────────────────

    Error Context: ../../test-results/transaction-history-Transa-f77b3-dge-Corrupted-data-handling-firefox/error-context.md
]]>
</failure>
<system-out>
<![CDATA[
[[ATTACHMENT|transaction-history-Transa-f77b3-dge-Corrupted-data-handling-firefox/test-failed-1.png]]

[[ATTACHMENT|transaction-history-Transa-f77b3-dge-Corrupted-data-handling-firefox/video.webm]]

[[ATTACHMENT|transaction-history-Transa-f77b3-dge-Corrupted-data-handling-firefox/error-context.md]]
]]>
</system-out>
</testcase>
<testcase name="Transaction History &amp; Tracking › @mobile Mobile transaction list view" classname="transaction-history.spec.ts" time="8.355">
<failure message="transaction-history.spec.ts:570:7 @mobile Mobile transaction list view" type="FAILURE">
<![CDATA[  [firefox] › transaction-history.spec.ts:570:7 › Transaction History & Tracking › @mobile Mobile transaction list view 

    Error: Timed out 5000ms waiting for expect(locator).toBeVisible()

    Locator: locator('[data-testid="mobile-transaction-card"]')
    Expected: visible
    Received: <element(s) not found>
    Call log:
      - Expect "toBeVisible" with timeout 5000ms
      - waiting for locator('[data-testid="mobile-transaction-card"]')


      575 |     
      576 |     // Verify mobile-optimized layout
    > 577 |     await expect(page.locator('[data-testid="mobile-transaction-card"]')).toBeVisible();
          |                                                                           ^
      578 |     
      579 |     // Test mobile-specific interactions
      580 |     await page.click('[data-testid="mobile-transaction-card"]:first-child');
        at /Users/gailad/Documents/Dev Projects/PacheduConnect/tests/e2e/transaction-history.spec.ts:577:75

    attachment #1: screenshot (image/png) ──────────────────────────────────────────────────────────
    ../../test-results/transaction-history-Transa-762ad-obile-transaction-list-view-firefox/test-failed-1.png
    ────────────────────────────────────────────────────────────────────────────────────────────────

    attachment #2: video (video/webm) ──────────────────────────────────────────────────────────────
    ../../test-results/transaction-history-Transa-762ad-obile-transaction-list-view-firefox/video.webm
    ────────────────────────────────────────────────────────────────────────────────────────────────

    Error Context: ../../test-results/transaction-history-Transa-762ad-obile-transaction-list-view-firefox/error-context.md
]]>
</failure>
<system-out>
<![CDATA[
[[ATTACHMENT|transaction-history-Transa-762ad-obile-transaction-list-view-firefox/test-failed-1.png]]

[[ATTACHMENT|transaction-history-Transa-762ad-obile-transaction-list-view-firefox/video.webm]]

[[ATTACHMENT|transaction-history-Transa-762ad-obile-transaction-list-view-firefox/error-context.md]]
]]>
</system-out>
</testcase>
<testcase name="Transaction History &amp; Tracking › @mobile Mobile filters and search" classname="transaction-history.spec.ts" time="30.243">
<failure message="transaction-history.spec.ts:588:7 @mobile Mobile filters and search" type="FAILURE">
<![CDATA[  [firefox] › transaction-history.spec.ts:588:7 › Transaction History & Tracking › @mobile Mobile filters and search 

    Test timeout of 30000ms exceeded.

    Error: page.click: Test timeout of 30000ms exceeded.
    Call log:
      - waiting for locator('button[aria-label="Open filters"]')


      592 |     
      593 |     // Open mobile filter menu
    > 594 |     await page.click('button[aria-label="Open filters"]');
          |                ^
      595 |     
      596 |     // Verify mobile filter interface
      597 |     await expect(page.locator('[data-testid="mobile-filters"]')).toBeVisible();
        at /Users/gailad/Documents/Dev Projects/PacheduConnect/tests/e2e/transaction-history.spec.ts:594:16

    attachment #1: screenshot (image/png) ──────────────────────────────────────────────────────────
    ../../test-results/transaction-history-Transa-729b7-e-Mobile-filters-and-search-firefox/test-failed-1.png
    ────────────────────────────────────────────────────────────────────────────────────────────────

    attachment #2: video (video/webm) ──────────────────────────────────────────────────────────────
    ../../test-results/transaction-history-Transa-729b7-e-Mobile-filters-and-search-firefox/video.webm
    ────────────────────────────────────────────────────────────────────────────────────────────────

    Error Context: ../../test-results/transaction-history-Transa-729b7-e-Mobile-filters-and-search-firefox/error-context.md
]]>
</failure>
<system-out>
<![CDATA[
[[ATTACHMENT|transaction-history-Transa-729b7-e-Mobile-filters-and-search-firefox/test-failed-1.png]]

[[ATTACHMENT|transaction-history-Transa-729b7-e-Mobile-filters-and-search-firefox/video.webm]]

[[ATTACHMENT|transaction-history-Transa-729b7-e-Mobile-filters-and-search-firefox/error-context.md]]
]]>
</system-out>
</testcase>
<testcase name="Transaction History &amp; Tracking › @mobile Mobile bulk actions" classname="transaction-history.spec.ts" time="30.236">
<failure message="transaction-history.spec.ts:609:7 @mobile Mobile bulk actions" type="FAILURE">
<![CDATA[  [firefox] › transaction-history.spec.ts:609:7 › Transaction History & Tracking › @mobile Mobile bulk actions 

    Test timeout of 30000ms exceeded.

    Error: page.click: Test timeout of 30000ms exceeded.
    Call log:
      - waiting for locator('[data-testid="mobile-transaction-card"]:first-child')


      613 |     
      614 |     // Long press to select (mobile gesture)
    > 615 |     await page.click('[data-testid="mobile-transaction-card"]:first-child', { button: 'right' });
          |                ^
      616 |     await expect(page.locator('[data-testid="mobile-selection-mode"]')).toBeVisible();
      617 |     
      618 |     // Select multiple items
        at /Users/gailad/Documents/Dev Projects/PacheduConnect/tests/e2e/transaction-history.spec.ts:615:16

    attachment #1: screenshot (image/png) ──────────────────────────────────────────────────────────
    ../../test-results/transaction-history-Transa-e69f3--mobile-Mobile-bulk-actions-firefox/test-failed-1.png
    ────────────────────────────────────────────────────────────────────────────────────────────────

    attachment #2: video (video/webm) ──────────────────────────────────────────────────────────────
    ../../test-results/transaction-history-Transa-e69f3--mobile-Mobile-bulk-actions-firefox/video.webm
    ────────────────────────────────────────────────────────────────────────────────────────────────

    Error Context: ../../test-results/transaction-history-Transa-e69f3--mobile-Mobile-bulk-actions-firefox/error-context.md
]]>
</failure>
<system-out>
<![CDATA[
[[ATTACHMENT|transaction-history-Transa-e69f3--mobile-Mobile-bulk-actions-firefox/test-failed-1.png]]

[[ATTACHMENT|transaction-history-Transa-e69f3--mobile-Mobile-bulk-actions-firefox/video.webm]]

[[ATTACHMENT|transaction-history-Transa-e69f3--mobile-Mobile-bulk-actions-firefox/error-context.md]]
]]>
</system-out>
</testcase>
<testcase name="Transaction History &amp; Tracking › @mobile Mobile dispute flow" classname="transaction-history.spec.ts" time="30.091">
<failure message="transaction-history.spec.ts:628:7 @mobile Mobile dispute flow" type="FAILURE">
<![CDATA[  [firefox] › transaction-history.spec.ts:628:7 › Transaction History & Tracking › @mobile Mobile dispute flow 

    Test timeout of 30000ms exceeded.

    Error: page.click: Test timeout of 30000ms exceeded.
    Call log:
      - waiting for locator('[data-testid="mobile-transaction-card"]:first-child')


      630 |     
      631 |     await page.goto('/transactions');
    > 632 |     await page.click('[data-testid="mobile-transaction-card"]:first-child');
          |                ^
      633 |     
      634 |     // Open mobile dispute form
      635 |     await page.click('button:has-text("Report Issue")');
        at /Users/gailad/Documents/Dev Projects/PacheduConnect/tests/e2e/transaction-history.spec.ts:632:16

    attachment #1: screenshot (image/png) ──────────────────────────────────────────────────────────
    ../../test-results/transaction-history-Transa-19a14--mobile-Mobile-dispute-flow-firefox/test-failed-1.png
    ────────────────────────────────────────────────────────────────────────────────────────────────

    attachment #2: video (video/webm) ──────────────────────────────────────────────────────────────
    ../../test-results/transaction-history-Transa-19a14--mobile-Mobile-dispute-flow-firefox/video.webm
    ────────────────────────────────────────────────────────────────────────────────────────────────

    Error Context: ../../test-results/transaction-history-Transa-19a14--mobile-Mobile-dispute-flow-firefox/error-context.md
]]>
</failure>
<system-out>
<![CDATA[
[[ATTACHMENT|transaction-history-Transa-19a14--mobile-Mobile-dispute-flow-firefox/test-failed-1.png]]

[[ATTACHMENT|transaction-history-Transa-19a14--mobile-Mobile-dispute-flow-firefox/video.webm]]

[[ATTACHMENT|transaction-history-Transa-19a14--mobile-Mobile-dispute-flow-firefox/error-context.md]]
]]>
</system-out>
</testcase>
<testcase name="Transaction History &amp; Tracking › @mobile Mobile accessibility" classname="transaction-history.spec.ts" time="7.378">
<failure message="transaction-history.spec.ts:651:7 @mobile Mobile accessibility" type="FAILURE">
<![CDATA[  [firefox] › transaction-history.spec.ts:651:7 › Transaction History & Tracking › @mobile Mobile accessibility 

    Error: Timed out 5000ms waiting for expect(locator).toBeVisible()

    Locator: locator('[aria-label*="transaction"]')
    Expected: visible
    Received: <element(s) not found>
    Call log:
      - Expect "toBeVisible" with timeout 5000ms
      - waiting for locator('[aria-label*="transaction"]')


      655 |     
      656 |     // Test mobile screen reader compatibility
    > 657 |     await expect(page.locator('[aria-label*="transaction"]')).toBeVisible();
          |                                                               ^
      658 |     
      659 |     // Test mobile keyboard navigation
      660 |     await page.keyboard.press('Tab');
        at /Users/gailad/Documents/Dev Projects/PacheduConnect/tests/e2e/transaction-history.spec.ts:657:63

    attachment #1: screenshot (image/png) ──────────────────────────────────────────────────────────
    ../../test-results/transaction-history-Transa-5f924-mobile-Mobile-accessibility-firefox/test-failed-1.png
    ────────────────────────────────────────────────────────────────────────────────────────────────

    attachment #2: video (video/webm) ──────────────────────────────────────────────────────────────
    ../../test-results/transaction-history-Transa-5f924-mobile-Mobile-accessibility-firefox/video.webm
    ────────────────────────────────────────────────────────────────────────────────────────────────

    Error Context: ../../test-results/transaction-history-Transa-5f924-mobile-Mobile-accessibility-firefox/error-context.md
]]>
</failure>
<system-out>
<![CDATA[
[[ATTACHMENT|transaction-history-Transa-5f924-mobile-Mobile-accessibility-firefox/test-failed-1.png]]

[[ATTACHMENT|transaction-history-Transa-5f924-mobile-Mobile-accessibility-firefox/video.webm]]

[[ATTACHMENT|transaction-history-Transa-5f924-mobile-Mobile-accessibility-firefox/error-context.md]]
]]>
</system-out>
</testcase>
</testsuite>
<testsuite name="login-biometric.spec.ts" timestamp="2025-07-14T13:04:14.079Z" hostname="webkit" tests="7" failures="7" skipped="0" time="187.234" errors="0">
<testcase name="Login and Biometric Authentication › @login Successful login with valid credentials" classname="login-biometric.spec.ts" time="30.178">
<failure message="login-biometric.spec.ts:8:7 @login Successful login with valid credentials" type="FAILURE">
<![CDATA[  [webkit] › login-biometric.spec.ts:8:7 › Login and Biometric Authentication › @login Successful login with valid credentials 

    Test timeout of 30000ms exceeded.

    Error: page.fill: Test timeout of 30000ms exceeded.
    Call log:
      - waiting for locator('input[placeholder*="email"]')


       8 |   test('@login Successful login with valid credentials', async ({ page }) => {
       9 |     // Fill login form
    > 10 |     await page.fill('input[placeholder*="email"]', 'test@example.com');
         |                ^
      11 |     await page.fill('input[placeholder*="password"]', 'password123');
      12 |     
      13 |     // Submit login
        at /Users/gailad/Documents/Dev Projects/PacheduConnect/tests/e2e/login-biometric.spec.ts:10:16

    attachment #1: screenshot (image/png) ──────────────────────────────────────────────────────────
    ../../test-results/login-biometric-Login-and--c5ada-ogin-with-valid-credentials-webkit/test-failed-1.png
    ────────────────────────────────────────────────────────────────────────────────────────────────

    attachment #2: video (video/webm) ──────────────────────────────────────────────────────────────
    ../../test-results/login-biometric-Login-and--c5ada-ogin-with-valid-credentials-webkit/video.webm
    ────────────────────────────────────────────────────────────────────────────────────────────────

    Error Context: ../../test-results/login-biometric-Login-and--c5ada-ogin-with-valid-credentials-webkit/error-context.md
]]>
</failure>
<system-out>
<![CDATA[
[[ATTACHMENT|login-biometric-Login-and--c5ada-ogin-with-valid-credentials-webkit/test-failed-1.png]]

[[ATTACHMENT|login-biometric-Login-and--c5ada-ogin-with-valid-credentials-webkit/video.webm]]

[[ATTACHMENT|login-biometric-Login-and--c5ada-ogin-with-valid-credentials-webkit/error-context.md]]
]]>
</system-out>
</testcase>
<testcase name="Login and Biometric Authentication › @login Login validation errors" classname="login-biometric.spec.ts" time="30.195">
<failure message="login-biometric.spec.ts:24:7 @login Login validation errors" type="FAILURE">
<![CDATA[  [webkit] › login-biometric.spec.ts:24:7 › Login and Biometric Authentication › @login Login validation errors 

    Test timeout of 30000ms exceeded.

    Error: page.click: Test timeout of 30000ms exceeded.
    Call log:
      - waiting for locator('button[type="submit"]')


      24 |   test('@login Login validation errors', async ({ page }) => {
      25 |     // Test empty form
    > 26 |     await page.click('button[type="submit"]');
         |                ^
      27 |     await expect(page.locator('text=required')).toBeVisible();
      28 |     
      29 |     // Test invalid credentials
        at /Users/gailad/Documents/Dev Projects/PacheduConnect/tests/e2e/login-biometric.spec.ts:26:16

    attachment #1: screenshot (image/png) ──────────────────────────────────────────────────────────
    ../../test-results/login-biometric-Login-and--733f4-gin-Login-validation-errors-webkit/test-failed-1.png
    ────────────────────────────────────────────────────────────────────────────────────────────────

    attachment #2: video (video/webm) ──────────────────────────────────────────────────────────────
    ../../test-results/login-biometric-Login-and--733f4-gin-Login-validation-errors-webkit/video.webm
    ────────────────────────────────────────────────────────────────────────────────────────────────

    Error Context: ../../test-results/login-biometric-Login-and--733f4-gin-Login-validation-errors-webkit/error-context.md
]]>
</failure>
<system-out>
<![CDATA[
[[ATTACHMENT|login-biometric-Login-and--733f4-gin-Login-validation-errors-webkit/test-failed-1.png]]

[[ATTACHMENT|login-biometric-Login-and--733f4-gin-Login-validation-errors-webkit/video.webm]]

[[ATTACHMENT|login-biometric-Login-and--733f4-gin-Login-validation-errors-webkit/error-context.md]]
]]>
</system-out>
</testcase>
<testcase name="Login and Biometric Authentication › @login Password reset flow" classname="login-biometric.spec.ts" time="30.173">
<failure message="login-biometric.spec.ts:37:7 @login Password reset flow" type="FAILURE">
<![CDATA[  [webkit] › login-biometric.spec.ts:37:7 › Login and Biometric Authentication › @login Password reset flow 

    Test timeout of 30000ms exceeded.

    Error: page.fill: Test timeout of 30000ms exceeded.
    Call log:
      - waiting for locator('input[placeholder*="email"]')


      40 |     
      41 |     // Fill email for password reset
    > 42 |     await page.fill('input[placeholder*="email"]', 'test@example.com');
         |                ^
      43 |     await page.click('button[type="submit"]');
      44 |     
      45 |     // Verify OTP sent message
        at /Users/gailad/Documents/Dev Projects/PacheduConnect/tests/e2e/login-biometric.spec.ts:42:16

    attachment #1: screenshot (image/png) ──────────────────────────────────────────────────────────
    ../../test-results/login-biometric-Login-and--1e0bb-n-login-Password-reset-flow-webkit/test-failed-1.png
    ────────────────────────────────────────────────────────────────────────────────────────────────

    attachment #2: video (video/webm) ──────────────────────────────────────────────────────────────
    ../../test-results/login-biometric-Login-and--1e0bb-n-login-Password-reset-flow-webkit/video.webm
    ────────────────────────────────────────────────────────────────────────────────────────────────

    Error Context: ../../test-results/login-biometric-Login-and--1e0bb-n-login-Password-reset-flow-webkit/error-context.md
]]>
</failure>
<system-out>
<![CDATA[
[[ATTACHMENT|login-biometric-Login-and--1e0bb-n-login-Password-reset-flow-webkit/test-failed-1.png]]

[[ATTACHMENT|login-biometric-Login-and--1e0bb-n-login-Password-reset-flow-webkit/video.webm]]

[[ATTACHMENT|login-biometric-Login-and--1e0bb-n-login-Password-reset-flow-webkit/error-context.md]]
]]>
</system-out>
</testcase>
<testcase name="Login and Biometric Authentication › @login Biometric authentication prompt" classname="login-biometric.spec.ts" time="30.339">
<failure message="login-biometric.spec.ts:58:7 @login Biometric authentication prompt" type="FAILURE">
<![CDATA[  [webkit] › login-biometric.spec.ts:58:7 › Login and Biometric Authentication › @login Biometric authentication prompt 

    Test timeout of 30000ms exceeded.

    Error: page.fill: Test timeout of 30000ms exceeded.
    Call log:
      - waiting for locator('input[placeholder*="email"]')


      68 |     
      69 |     // Login first
    > 70 |     await page.fill('input[placeholder*="email"]', 'test@example.com');
         |                ^
      71 |     await page.fill('input[placeholder*="password"]', 'password123');
      72 |     await page.click('button[type="submit"]');
      73 |     
        at /Users/gailad/Documents/Dev Projects/PacheduConnect/tests/e2e/login-biometric.spec.ts:70:16

    attachment #1: screenshot (image/png) ──────────────────────────────────────────────────────────
    ../../test-results/login-biometric-Login-and--67027-etric-authentication-prompt-webkit/test-failed-1.png
    ────────────────────────────────────────────────────────────────────────────────────────────────

    attachment #2: video (video/webm) ──────────────────────────────────────────────────────────────
    ../../test-results/login-biometric-Login-and--67027-etric-authentication-prompt-webkit/video.webm
    ────────────────────────────────────────────────────────────────────────────────────────────────

    Error Context: ../../test-results/login-biometric-Login-and--67027-etric-authentication-prompt-webkit/error-context.md
]]>
</failure>
<system-out>
<![CDATA[
[[ATTACHMENT|login-biometric-Login-and--67027-etric-authentication-prompt-webkit/test-failed-1.png]]

[[ATTACHMENT|login-biometric-Login-and--67027-etric-authentication-prompt-webkit/video.webm]]

[[ATTACHMENT|login-biometric-Login-and--67027-etric-authentication-prompt-webkit/error-context.md]]
]]>
</system-out>
</testcase>
<testcase name="Login and Biometric Authentication › @login Biometric login flow" classname="login-biometric.spec.ts" time="5.982">
<failure message="login-biometric.spec.ts:91:7 @login Biometric login flow" type="FAILURE">
<![CDATA[  [webkit] › login-biometric.spec.ts:91:7 › Login and Biometric Authentication › @login Biometric login flow 

    Error: Timed out 5000ms waiting for expect(locator).toBeVisible()

    Locator: locator('text=Login with biometrics')
    Expected: visible
    Received: <element(s) not found>
    Call log:
      - Expect "toBeVisible" with timeout 5000ms
      - waiting for locator('text=Login with biometrics')


      104 |     
      105 |     // Should show biometric login option
    > 106 |     await expect(page.locator('text=Login with biometrics')).toBeVisible();
          |                                                              ^
      107 |     
      108 |     // Click biometric login
      109 |     await page.click('button:has-text("Login with biometrics")');
        at /Users/gailad/Documents/Dev Projects/PacheduConnect/tests/e2e/login-biometric.spec.ts:106:62

    attachment #1: screenshot (image/png) ──────────────────────────────────────────────────────────
    ../../test-results/login-biometric-Login-and--80bd0--login-Biometric-login-flow-webkit/test-failed-1.png
    ────────────────────────────────────────────────────────────────────────────────────────────────

    attachment #2: video (video/webm) ──────────────────────────────────────────────────────────────
    ../../test-results/login-biometric-Login-and--80bd0--login-Biometric-login-flow-webkit/video.webm
    ────────────────────────────────────────────────────────────────────────────────────────────────

    Error Context: ../../test-results/login-biometric-Login-and--80bd0--login-Biometric-login-flow-webkit/error-context.md
]]>
</failure>
<system-out>
<![CDATA[
[[ATTACHMENT|login-biometric-Login-and--80bd0--login-Biometric-login-flow-webkit/test-failed-1.png]]

[[ATTACHMENT|login-biometric-Login-and--80bd0--login-Biometric-login-flow-webkit/video.webm]]

[[ATTACHMENT|login-biometric-Login-and--80bd0--login-Biometric-login-flow-webkit/error-context.md]]
]]>
</system-out>
</testcase>
<testcase name="Login and Biometric Authentication › @login Session management" classname="login-biometric.spec.ts" time="30.176">
<failure message="login-biometric.spec.ts:122:7 @login Session management" type="FAILURE">
<![CDATA[  [webkit] › login-biometric.spec.ts:122:7 › Login and Biometric Authentication › @login Session management 

    Test timeout of 30000ms exceeded.

    Error: page.fill: Test timeout of 30000ms exceeded.
    Call log:
      - waiting for locator('input[placeholder*="email"]')


      122 |   test('@login Session management', async ({ page }) => {
      123 |     // Login first
    > 124 |     await page.fill('input[placeholder*="email"]', 'test@example.com');
          |                ^
      125 |     await page.fill('input[placeholder*="password"]', 'password123');
      126 |     await page.click('button[type="submit"]');
      127 |     
        at /Users/gailad/Documents/Dev Projects/PacheduConnect/tests/e2e/login-biometric.spec.ts:124:16

    attachment #1: screenshot (image/png) ──────────────────────────────────────────────────────────
    ../../test-results/login-biometric-Login-and--cc850-on-login-Session-management-webkit/test-failed-1.png
    ────────────────────────────────────────────────────────────────────────────────────────────────

    attachment #2: video (video/webm) ──────────────────────────────────────────────────────────────
    ../../test-results/login-biometric-Login-and--cc850-on-login-Session-management-webkit/video.webm
    ────────────────────────────────────────────────────────────────────────────────────────────────

    Error Context: ../../test-results/login-biometric-Login-and--cc850-on-login-Session-management-webkit/error-context.md
]]>
</failure>
<system-out>
<![CDATA[
[[ATTACHMENT|login-biometric-Login-and--cc850-on-login-Session-management-webkit/test-failed-1.png]]

[[ATTACHMENT|login-biometric-Login-and--cc850-on-login-Session-management-webkit/video.webm]]

[[ATTACHMENT|login-biometric-Login-and--cc850-on-login-Session-management-webkit/error-context.md]]
]]>
</system-out>
</testcase>
<testcase name="Login and Biometric Authentication › @login Offline login handling" classname="login-biometric.spec.ts" time="30.191">
<failure message="login-biometric.spec.ts:145:7 @login Offline login handling" type="FAILURE">
<![CDATA[  [webkit] › login-biometric.spec.ts:145:7 › Login and Biometric Authentication › @login Offline login handling 

    Test timeout of 30000ms exceeded.

    Error: page.fill: Test timeout of 30000ms exceeded.
    Call log:
      - waiting for locator('input[placeholder*="email"]')


      148 |     
      149 |     // Try to login
    > 150 |     await page.fill('input[placeholder*="email"]', 'test@example.com');
          |                ^
      151 |     await page.fill('input[placeholder*="password"]', 'password123');
      152 |     await page.click('button[type="submit"]');
      153 |     
        at /Users/gailad/Documents/Dev Projects/PacheduConnect/tests/e2e/login-biometric.spec.ts:150:16

    attachment #1: screenshot (image/png) ──────────────────────────────────────────────────────────
    ../../test-results/login-biometric-Login-and--3bab3-ogin-Offline-login-handling-webkit/test-failed-1.png
    ────────────────────────────────────────────────────────────────────────────────────────────────

    attachment #2: video (video/webm) ──────────────────────────────────────────────────────────────
    ../../test-results/login-biometric-Login-and--3bab3-ogin-Offline-login-handling-webkit/video.webm
    ────────────────────────────────────────────────────────────────────────────────────────────────

    Error Context: ../../test-results/login-biometric-Login-and--3bab3-ogin-Offline-login-handling-webkit/error-context.md
]]>
</failure>
<system-out>
<![CDATA[
[[ATTACHMENT|login-biometric-Login-and--3bab3-ogin-Offline-login-handling-webkit/test-failed-1.png]]

[[ATTACHMENT|login-biometric-Login-and--3bab3-ogin-Offline-login-handling-webkit/video.webm]]

[[ATTACHMENT|login-biometric-Login-and--3bab3-ogin-Offline-login-handling-webkit/error-context.md]]
]]>
</system-out>
</testcase>
</testsuite>
<testsuite name="registration-kyc.spec.ts" timestamp="2025-07-14T13:04:14.079Z" hostname="webkit" tests="4" failures="4" skipped="0" time="23.716" errors="0">
<testcase name="Registration &amp; KYC Flow › @registration Complete registration and KYC flow" classname="registration-kyc.spec.ts" time="5.968">
<failure message="registration-kyc.spec.ts:10:7 @registration Complete registration and KYC flow" type="FAILURE">
<![CDATA[  [webkit] › registration-kyc.spec.ts:10:7 › Registration & KYC Flow › @registration Complete registration and KYC flow 

    Error: Timed out 5000ms waiting for expect(page).toHaveTitle(expected)

    Expected pattern: /PacheduConnect/
    Received string:  "Pachedu - Send Money to Zimbabwe from South Africa"
    Call log:
      - Expect "toHaveTitle" with timeout 5000ms
        9 × unexpected value "Pachedu - Send Money to Zimbabwe from South Africa"


       5 |     // Navigate to homepage
       6 |     await page.goto('/');
    >  7 |     await expect(page).toHaveTitle(/PacheduConnect/);
         |                        ^
       8 |   });
       9 |
      10 |   test('@registration Complete registration and KYC flow', async ({ page }) => {
        at /Users/gailad/Documents/Dev Projects/PacheduConnect/tests/e2e/registration-kyc.spec.ts:7:24

    attachment #1: screenshot (image/png) ──────────────────────────────────────────────────────────
    ../../test-results/registration-kyc-Registrat-1593a-e-registration-and-KYC-flow-webkit/test-failed-1.png
    ────────────────────────────────────────────────────────────────────────────────────────────────

    attachment #2: video (video/webm) ──────────────────────────────────────────────────────────────
    ../../test-results/registration-kyc-Registrat-1593a-e-registration-and-KYC-flow-webkit/video.webm
    ────────────────────────────────────────────────────────────────────────────────────────────────

    Error Context: ../../test-results/registration-kyc-Registrat-1593a-e-registration-and-KYC-flow-webkit/error-context.md
]]>
</failure>
<system-out>
<![CDATA[
[[ATTACHMENT|registration-kyc-Registrat-1593a-e-registration-and-KYC-flow-webkit/test-failed-1.png]]

[[ATTACHMENT|registration-kyc-Registrat-1593a-e-registration-and-KYC-flow-webkit/video.webm]]

[[ATTACHMENT|registration-kyc-Registrat-1593a-e-registration-and-KYC-flow-webkit/error-context.md]]
]]>
</system-out>
</testcase>
<testcase name="Registration &amp; KYC Flow › @registration Registration form validation" classname="registration-kyc.spec.ts" time="5.987">
<failure message="registration-kyc.spec.ts:73:7 @registration Registration form validation" type="FAILURE">
<![CDATA[  [webkit] › registration-kyc.spec.ts:73:7 › Registration & KYC Flow › @registration Registration form validation 

    Error: Timed out 5000ms waiting for expect(page).toHaveTitle(expected)

    Expected pattern: /PacheduConnect/
    Received string:  "Pachedu - Send Money to Zimbabwe from South Africa"
    Call log:
      - Expect "toHaveTitle" with timeout 5000ms
        9 × unexpected value "Pachedu - Send Money to Zimbabwe from South Africa"


       5 |     // Navigate to homepage
       6 |     await page.goto('/');
    >  7 |     await expect(page).toHaveTitle(/PacheduConnect/);
         |                        ^
       8 |   });
       9 |
      10 |   test('@registration Complete registration and KYC flow', async ({ page }) => {
        at /Users/gailad/Documents/Dev Projects/PacheduConnect/tests/e2e/registration-kyc.spec.ts:7:24

    attachment #1: screenshot (image/png) ──────────────────────────────────────────────────────────
    ../../test-results/registration-kyc-Registrat-ded3a-egistration-form-validation-webkit/test-failed-1.png
    ────────────────────────────────────────────────────────────────────────────────────────────────

    attachment #2: video (video/webm) ──────────────────────────────────────────────────────────────
    ../../test-results/registration-kyc-Registrat-ded3a-egistration-form-validation-webkit/video.webm
    ────────────────────────────────────────────────────────────────────────────────────────────────

    Error Context: ../../test-results/registration-kyc-Registrat-ded3a-egistration-form-validation-webkit/error-context.md
]]>
</failure>
<system-out>
<![CDATA[
[[ATTACHMENT|registration-kyc-Registrat-ded3a-egistration-form-validation-webkit/test-failed-1.png]]

[[ATTACHMENT|registration-kyc-Registrat-ded3a-egistration-form-validation-webkit/video.webm]]

[[ATTACHMENT|registration-kyc-Registrat-ded3a-egistration-form-validation-webkit/error-context.md]]
]]>
</system-out>
</testcase>
<testcase name="Registration &amp; KYC Flow › @registration KYC document upload validation" classname="registration-kyc.spec.ts" time="5.848">
<failure message="registration-kyc.spec.ts:96:7 @registration KYC document upload validation" type="FAILURE">
<![CDATA[  [webkit] › registration-kyc.spec.ts:96:7 › Registration & KYC Flow › @registration KYC document upload validation 

    Error: Timed out 5000ms waiting for expect(page).toHaveTitle(expected)

    Expected pattern: /PacheduConnect/
    Received string:  "Pachedu - Send Money to Zimbabwe from South Africa"
    Call log:
      - Expect "toHaveTitle" with timeout 5000ms
        9 × unexpected value "Pachedu - Send Money to Zimbabwe from South Africa"


       5 |     // Navigate to homepage
       6 |     await page.goto('/');
    >  7 |     await expect(page).toHaveTitle(/PacheduConnect/);
         |                        ^
       8 |   });
       9 |
      10 |   test('@registration Complete registration and KYC flow', async ({ page }) => {
        at /Users/gailad/Documents/Dev Projects/PacheduConnect/tests/e2e/registration-kyc.spec.ts:7:24

    attachment #1: screenshot (image/png) ──────────────────────────────────────────────────────────
    ../../test-results/registration-kyc-Registrat-31361--document-upload-validation-webkit/test-failed-1.png
    ────────────────────────────────────────────────────────────────────────────────────────────────

    attachment #2: video (video/webm) ──────────────────────────────────────────────────────────────
    ../../test-results/registration-kyc-Registrat-31361--document-upload-validation-webkit/video.webm
    ────────────────────────────────────────────────────────────────────────────────────────────────

    Error Context: ../../test-results/registration-kyc-Registrat-31361--document-upload-validation-webkit/error-context.md
]]>
</failure>
<system-out>
<![CDATA[
[[ATTACHMENT|registration-kyc-Registrat-31361--document-upload-validation-webkit/test-failed-1.png]]

[[ATTACHMENT|registration-kyc-Registrat-31361--document-upload-validation-webkit/video.webm]]

[[ATTACHMENT|registration-kyc-Registrat-31361--document-upload-validation-webkit/error-context.md]]
]]>
</system-out>
</testcase>
<testcase name="Registration &amp; KYC Flow › @registration Real-time KYC feedback" classname="registration-kyc.spec.ts" time="5.913">
<failure message="registration-kyc.spec.ts:119:7 @registration Real-time KYC feedback" type="FAILURE">
<![CDATA[  [webkit] › registration-kyc.spec.ts:119:7 › Registration & KYC Flow › @registration Real-time KYC feedback 

    Error: Timed out 5000ms waiting for expect(page).toHaveTitle(expected)

    Expected pattern: /PacheduConnect/
    Received string:  "Pachedu - Send Money to Zimbabwe from South Africa"
    Call log:
      - Expect "toHaveTitle" with timeout 5000ms
        9 × unexpected value "Pachedu - Send Money to Zimbabwe from South Africa"


       5 |     // Navigate to homepage
       6 |     await page.goto('/');
    >  7 |     await expect(page).toHaveTitle(/PacheduConnect/);
         |                        ^
       8 |   });
       9 |
      10 |   test('@registration Complete registration and KYC flow', async ({ page }) => {
        at /Users/gailad/Documents/Dev Projects/PacheduConnect/tests/e2e/registration-kyc.spec.ts:7:24

    attachment #1: screenshot (image/png) ──────────────────────────────────────────────────────────
    ../../test-results/registration-kyc-Registrat-46006-tion-Real-time-KYC-feedback-webkit/test-failed-1.png
    ────────────────────────────────────────────────────────────────────────────────────────────────

    attachment #2: video (video/webm) ──────────────────────────────────────────────────────────────
    ../../test-results/registration-kyc-Registrat-46006-tion-Real-time-KYC-feedback-webkit/video.webm
    ────────────────────────────────────────────────────────────────────────────────────────────────

    Error Context: ../../test-results/registration-kyc-Registrat-46006-tion-Real-time-KYC-feedback-webkit/error-context.md
]]>
</failure>
<system-out>
<![CDATA[
[[ATTACHMENT|registration-kyc-Registrat-46006-tion-Real-time-KYC-feedback-webkit/test-failed-1.png]]

[[ATTACHMENT|registration-kyc-Registrat-46006-tion-Real-time-KYC-feedback-webkit/video.webm]]

[[ATTACHMENT|registration-kyc-Registrat-46006-tion-Real-time-KYC-feedback-webkit/error-context.md]]
]]>
</system-out>
</testcase>
</testsuite>
<testsuite name="send-money.spec.ts" timestamp="2025-07-14T13:04:14.079Z" hostname="webkit" tests="6" failures="6" skipped="0" time="181.029" errors="0">
<testcase name="Send Money Journey › @send Complete send money flow" classname="send-money.spec.ts" time="30.169">
<failure message="send-money.spec.ts:13:7 @send Complete send money flow" type="FAILURE">
<![CDATA[  [webkit] › send-money.spec.ts:13:7 › Send Money Journey › @send Complete send money flow ─────────

    Test timeout of 30000ms exceeded while running "beforeEach" hook.

      2 |
      3 | test.describe('Send Money Journey', () => {
    > 4 |   test.beforeEach(async ({ page }) => {
        |        ^
      5 |     // Login first
      6 |     await page.goto('/auth');
      7 |     await page.fill('input[placeholder*="email"]', 'test@example.com');
        at /Users/gailad/Documents/Dev Projects/PacheduConnect/tests/e2e/send-money.spec.ts:4:8

    Error: page.fill: Test timeout of 30000ms exceeded.
    Call log:
      - waiting for locator('input[placeholder*="email"]')


       5 |     // Login first
       6 |     await page.goto('/auth');
    >  7 |     await page.fill('input[placeholder*="email"]', 'test@example.com');
         |                ^
       8 |     await page.fill('input[placeholder*="password"]', 'password123');
       9 |     await page.click('button[type="submit"]');
      10 |     await expect(page).toHaveURL(/.*dashboard/);
        at /Users/gailad/Documents/Dev Projects/PacheduConnect/tests/e2e/send-money.spec.ts:7:16

    attachment #1: screenshot (image/png) ──────────────────────────────────────────────────────────
    ../../test-results/send-money-Send-Money-Journey-send-Complete-send-money-flow-webkit/test-failed-1.png
    ────────────────────────────────────────────────────────────────────────────────────────────────

    attachment #2: video (video/webm) ──────────────────────────────────────────────────────────────
    ../../test-results/send-money-Send-Money-Journey-send-Complete-send-money-flow-webkit/video.webm
    ────────────────────────────────────────────────────────────────────────────────────────────────

    Error Context: ../../test-results/send-money-Send-Money-Journey-send-Complete-send-money-flow-webkit/error-context.md
]]>
</failure>
<system-out>
<![CDATA[
[[ATTACHMENT|send-money-Send-Money-Journey-send-Complete-send-money-flow-webkit/test-failed-1.png]]

[[ATTACHMENT|send-money-Send-Money-Journey-send-Complete-send-money-flow-webkit/video.webm]]

[[ATTACHMENT|send-money-Send-Money-Journey-send-Complete-send-money-flow-webkit/error-context.md]]
]]>
</system-out>
</testcase>
<testcase name="Send Money Journey › @send Currency converter validation" classname="send-money.spec.ts" time="30.165">
<failure message="send-money.spec.ts:82:7 @send Currency converter validation" type="FAILURE">
<![CDATA[  [webkit] › send-money.spec.ts:82:7 › Send Money Journey › @send Currency converter validation ────

    Test timeout of 30000ms exceeded while running "beforeEach" hook.

      2 |
      3 | test.describe('Send Money Journey', () => {
    > 4 |   test.beforeEach(async ({ page }) => {
        |        ^
      5 |     // Login first
      6 |     await page.goto('/auth');
      7 |     await page.fill('input[placeholder*="email"]', 'test@example.com');
        at /Users/gailad/Documents/Dev Projects/PacheduConnect/tests/e2e/send-money.spec.ts:4:8

    Error: page.fill: Test timeout of 30000ms exceeded.
    Call log:
      - waiting for locator('input[placeholder*="email"]')


       5 |     // Login first
       6 |     await page.goto('/auth');
    >  7 |     await page.fill('input[placeholder*="email"]', 'test@example.com');
         |                ^
       8 |     await page.fill('input[placeholder*="password"]', 'password123');
       9 |     await page.click('button[type="submit"]');
      10 |     await expect(page).toHaveURL(/.*dashboard/);
        at /Users/gailad/Documents/Dev Projects/PacheduConnect/tests/e2e/send-money.spec.ts:7:16

    attachment #1: screenshot (image/png) ──────────────────────────────────────────────────────────
    ../../test-results/send-money-Send-Money-Jour-eb7a3-rrency-converter-validation-webkit/test-failed-1.png
    ────────────────────────────────────────────────────────────────────────────────────────────────

    attachment #2: video (video/webm) ──────────────────────────────────────────────────────────────
    ../../test-results/send-money-Send-Money-Jour-eb7a3-rrency-converter-validation-webkit/video.webm
    ────────────────────────────────────────────────────────────────────────────────────────────────

    Error Context: ../../test-results/send-money-Send-Money-Jour-eb7a3-rrency-converter-validation-webkit/error-context.md
]]>
</failure>
<system-out>
<![CDATA[
[[ATTACHMENT|send-money-Send-Money-Jour-eb7a3-rrency-converter-validation-webkit/test-failed-1.png]]

[[ATTACHMENT|send-money-Send-Money-Jour-eb7a3-rrency-converter-validation-webkit/video.webm]]

[[ATTACHMENT|send-money-Send-Money-Jour-eb7a3-rrency-converter-validation-webkit/error-context.md]]
]]>
</system-out>
</testcase>
<testcase name="Send Money Journey › @send Fee breakdown validation" classname="send-money.spec.ts" time="30.192">
<failure message="send-money.spec.ts:112:7 @send Fee breakdown validation" type="FAILURE">
<![CDATA[  [webkit] › send-money.spec.ts:112:7 › Send Money Journey › @send Fee breakdown validation ────────

    Test timeout of 30000ms exceeded while running "beforeEach" hook.

      2 |
      3 | test.describe('Send Money Journey', () => {
    > 4 |   test.beforeEach(async ({ page }) => {
        |        ^
      5 |     // Login first
      6 |     await page.goto('/auth');
      7 |     await page.fill('input[placeholder*="email"]', 'test@example.com');
        at /Users/gailad/Documents/Dev Projects/PacheduConnect/tests/e2e/send-money.spec.ts:4:8

    Error: page.fill: Test timeout of 30000ms exceeded.
    Call log:
      - waiting for locator('input[placeholder*="email"]')


       5 |     // Login first
       6 |     await page.goto('/auth');
    >  7 |     await page.fill('input[placeholder*="email"]', 'test@example.com');
         |                ^
       8 |     await page.fill('input[placeholder*="password"]', 'password123');
       9 |     await page.click('button[type="submit"]');
      10 |     await expect(page).toHaveURL(/.*dashboard/);
        at /Users/gailad/Documents/Dev Projects/PacheduConnect/tests/e2e/send-money.spec.ts:7:16

    attachment #1: screenshot (image/png) ──────────────────────────────────────────────────────────
    ../../test-results/send-money-Send-Money-Journey-send-Fee-breakdown-validation-webkit/test-failed-1.png
    ────────────────────────────────────────────────────────────────────────────────────────────────

    attachment #2: video (video/webm) ──────────────────────────────────────────────────────────────
    ../../test-results/send-money-Send-Money-Journey-send-Fee-breakdown-validation-webkit/video.webm
    ────────────────────────────────────────────────────────────────────────────────────────────────

    Error Context: ../../test-results/send-money-Send-Money-Journey-send-Fee-breakdown-validation-webkit/error-context.md
]]>
</failure>
<system-out>
<![CDATA[
[[ATTACHMENT|send-money-Send-Money-Journey-send-Fee-breakdown-validation-webkit/test-failed-1.png]]

[[ATTACHMENT|send-money-Send-Money-Journey-send-Fee-breakdown-validation-webkit/video.webm]]

[[ATTACHMENT|send-money-Send-Money-Journey-send-Fee-breakdown-validation-webkit/error-context.md]]
]]>
</system-out>
</testcase>
<testcase name="Send Money Journey › @send Recipient management" classname="send-money.spec.ts" time="30.173">
<failure message="send-money.spec.ts:137:7 @send Recipient management" type="FAILURE">
<![CDATA[  [webkit] › send-money.spec.ts:137:7 › Send Money Journey › @send Recipient management ────────────

    Test timeout of 30000ms exceeded while running "beforeEach" hook.

      2 |
      3 | test.describe('Send Money Journey', () => {
    > 4 |   test.beforeEach(async ({ page }) => {
        |        ^
      5 |     // Login first
      6 |     await page.goto('/auth');
      7 |     await page.fill('input[placeholder*="email"]', 'test@example.com');
        at /Users/gailad/Documents/Dev Projects/PacheduConnect/tests/e2e/send-money.spec.ts:4:8

    Error: page.fill: Test timeout of 30000ms exceeded.
    Call log:
      - waiting for locator('input[placeholder*="email"]')


       5 |     // Login first
       6 |     await page.goto('/auth');
    >  7 |     await page.fill('input[placeholder*="email"]', 'test@example.com');
         |                ^
       8 |     await page.fill('input[placeholder*="password"]', 'password123');
       9 |     await page.click('button[type="submit"]');
      10 |     await expect(page).toHaveURL(/.*dashboard/);
        at /Users/gailad/Documents/Dev Projects/PacheduConnect/tests/e2e/send-money.spec.ts:7:16

    attachment #1: screenshot (image/png) ──────────────────────────────────────────────────────────
    ../../test-results/send-money-Send-Money-Journey-send-Recipient-management-webkit/test-failed-1.png
    ────────────────────────────────────────────────────────────────────────────────────────────────

    attachment #2: video (video/webm) ──────────────────────────────────────────────────────────────
    ../../test-results/send-money-Send-Money-Journey-send-Recipient-management-webkit/video.webm
    ────────────────────────────────────────────────────────────────────────────────────────────────

    Error Context: ../../test-results/send-money-Send-Money-Journey-send-Recipient-management-webkit/error-context.md
]]>
</failure>
<system-out>
<![CDATA[
[[ATTACHMENT|send-money-Send-Money-Journey-send-Recipient-management-webkit/test-failed-1.png]]

[[ATTACHMENT|send-money-Send-Money-Journey-send-Recipient-management-webkit/video.webm]]

[[ATTACHMENT|send-money-Send-Money-Journey-send-Recipient-management-webkit/error-context.md]]
]]>
</system-out>
</testcase>
<testcase name="Send Money Journey › @send Transaction limits validation" classname="send-money.spec.ts" time="30.168">
<failure message="send-money.spec.ts:181:7 @send Transaction limits validation" type="FAILURE">
<![CDATA[  [webkit] › send-money.spec.ts:181:7 › Send Money Journey › @send Transaction limits validation ───

    Test timeout of 30000ms exceeded while running "beforeEach" hook.

      2 |
      3 | test.describe('Send Money Journey', () => {
    > 4 |   test.beforeEach(async ({ page }) => {
        |        ^
      5 |     // Login first
      6 |     await page.goto('/auth');
      7 |     await page.fill('input[placeholder*="email"]', 'test@example.com');
        at /Users/gailad/Documents/Dev Projects/PacheduConnect/tests/e2e/send-money.spec.ts:4:8

    Error: page.fill: Test timeout of 30000ms exceeded.
    Call log:
      - waiting for locator('input[placeholder*="email"]')


       5 |     // Login first
       6 |     await page.goto('/auth');
    >  7 |     await page.fill('input[placeholder*="email"]', 'test@example.com');
         |                ^
       8 |     await page.fill('input[placeholder*="password"]', 'password123');
       9 |     await page.click('button[type="submit"]');
      10 |     await expect(page).toHaveURL(/.*dashboard/);
        at /Users/gailad/Documents/Dev Projects/PacheduConnect/tests/e2e/send-money.spec.ts:7:16

    attachment #1: screenshot (image/png) ──────────────────────────────────────────────────────────
    ../../test-results/send-money-Send-Money-Jour-b6f5f-ansaction-limits-validation-webkit/test-failed-1.png
    ────────────────────────────────────────────────────────────────────────────────────────────────

    attachment #2: video (video/webm) ──────────────────────────────────────────────────────────────
    ../../test-results/send-money-Send-Money-Jour-b6f5f-ansaction-limits-validation-webkit/video.webm
    ────────────────────────────────────────────────────────────────────────────────────────────────

    Error Context: ../../test-results/send-money-Send-Money-Jour-b6f5f-ansaction-limits-validation-webkit/error-context.md
]]>
</failure>
<system-out>
<![CDATA[
[[ATTACHMENT|send-money-Send-Money-Jour-b6f5f-ansaction-limits-validation-webkit/test-failed-1.png]]

[[ATTACHMENT|send-money-Send-Money-Jour-b6f5f-ansaction-limits-validation-webkit/video.webm]]

[[ATTACHMENT|send-money-Send-Money-Jour-b6f5f-ansaction-limits-validation-webkit/error-context.md]]
]]>
</system-out>
</testcase>
<testcase name="Send Money Journey › @send Network error handling" classname="send-money.spec.ts" time="30.162">
<failure message="send-money.spec.ts:203:7 @send Network error handling" type="FAILURE">
<![CDATA[  [webkit] › send-money.spec.ts:203:7 › Send Money Journey › @send Network error handling ──────────

    Test timeout of 30000ms exceeded while running "beforeEach" hook.

      2 |
      3 | test.describe('Send Money Journey', () => {
    > 4 |   test.beforeEach(async ({ page }) => {
        |        ^
      5 |     // Login first
      6 |     await page.goto('/auth');
      7 |     await page.fill('input[placeholder*="email"]', 'test@example.com');
        at /Users/gailad/Documents/Dev Projects/PacheduConnect/tests/e2e/send-money.spec.ts:4:8

    Error: page.fill: Test timeout of 30000ms exceeded.
    Call log:
      - waiting for locator('input[placeholder*="email"]')


       5 |     // Login first
       6 |     await page.goto('/auth');
    >  7 |     await page.fill('input[placeholder*="email"]', 'test@example.com');
         |                ^
       8 |     await page.fill('input[placeholder*="password"]', 'password123');
       9 |     await page.click('button[type="submit"]');
      10 |     await expect(page).toHaveURL(/.*dashboard/);
        at /Users/gailad/Documents/Dev Projects/PacheduConnect/tests/e2e/send-money.spec.ts:7:16

    attachment #1: screenshot (image/png) ──────────────────────────────────────────────────────────
    ../../test-results/send-money-Send-Money-Journey-send-Network-error-handling-webkit/test-failed-1.png
    ────────────────────────────────────────────────────────────────────────────────────────────────

    attachment #2: video (video/webm) ──────────────────────────────────────────────────────────────
    ../../test-results/send-money-Send-Money-Journey-send-Network-error-handling-webkit/video.webm
    ────────────────────────────────────────────────────────────────────────────────────────────────

    Error Context: ../../test-results/send-money-Send-Money-Journey-send-Network-error-handling-webkit/error-context.md
]]>
</failure>
<system-out>
<![CDATA[
[[ATTACHMENT|send-money-Send-Money-Journey-send-Network-error-handling-webkit/test-failed-1.png]]

[[ATTACHMENT|send-money-Send-Money-Journey-send-Network-error-handling-webkit/video.webm]]

[[ATTACHMENT|send-money-Send-Money-Journey-send-Network-error-handling-webkit/error-context.md]]
]]>
</system-out>
</testcase>
</testsuite>
<testsuite name="support-chatbot.spec.ts" timestamp="2025-07-14T13:04:14.079Z" hostname="webkit" tests="11" failures="11" skipped="0" time="332.077" errors="0">
<testcase name="Support and Chatbot Interaction › @support Open chatbot widget" classname="support-chatbot.spec.ts" time="30.169">
<failure message="support-chatbot.spec.ts:13:7 @support Open chatbot widget" type="FAILURE">
<![CDATA[  [webkit] › support-chatbot.spec.ts:13:7 › Support and Chatbot Interaction › @support Open chatbot widget 

    Test timeout of 30000ms exceeded while running "beforeEach" hook.

      2 |
      3 | test.describe('Support and Chatbot Interaction', () => {
    > 4 |   test.beforeEach(async ({ page }) => {
        |        ^
      5 |     // Login first
      6 |     await page.goto('/auth');
      7 |     await page.fill('input[placeholder*="email"]', 'test@example.com');
        at /Users/gailad/Documents/Dev Projects/PacheduConnect/tests/e2e/support-chatbot.spec.ts:4:8

    Error: page.fill: Test timeout of 30000ms exceeded.
    Call log:
      - waiting for locator('input[placeholder*="email"]')


       5 |     // Login first
       6 |     await page.goto('/auth');
    >  7 |     await page.fill('input[placeholder*="email"]', 'test@example.com');
         |                ^
       8 |     await page.fill('input[placeholder*="password"]', 'password123');
       9 |     await page.click('button[type="submit"]');
      10 |     await expect(page).toHaveURL(/.*dashboard/);
        at /Users/gailad/Documents/Dev Projects/PacheduConnect/tests/e2e/support-chatbot.spec.ts:7:16

    attachment #1: screenshot (image/png) ──────────────────────────────────────────────────────────
    ../../test-results/support-chatbot-Support-an-e17c1-support-Open-chatbot-widget-webkit/test-failed-1.png
    ────────────────────────────────────────────────────────────────────────────────────────────────

    attachment #2: video (video/webm) ──────────────────────────────────────────────────────────────
    ../../test-results/support-chatbot-Support-an-e17c1-support-Open-chatbot-widget-webkit/video.webm
    ────────────────────────────────────────────────────────────────────────────────────────────────

    Error Context: ../../test-results/support-chatbot-Support-an-e17c1-support-Open-chatbot-widget-webkit/error-context.md
]]>
</failure>
<system-out>
<![CDATA[
[[ATTACHMENT|support-chatbot-Support-an-e17c1-support-Open-chatbot-widget-webkit/test-failed-1.png]]

[[ATTACHMENT|support-chatbot-Support-an-e17c1-support-Open-chatbot-widget-webkit/video.webm]]

[[ATTACHMENT|support-chatbot-Support-an-e17c1-support-Open-chatbot-widget-webkit/error-context.md]]
]]>
</system-out>
</testcase>
<testcase name="Support and Chatbot Interaction › @support KYC upload question" classname="support-chatbot.spec.ts" time="30.168">
<failure message="support-chatbot.spec.ts:33:7 @support KYC upload question" type="FAILURE">
<![CDATA[  [webkit] › support-chatbot.spec.ts:33:7 › Support and Chatbot Interaction › @support KYC upload question 

    Test timeout of 30000ms exceeded while running "beforeEach" hook.

      2 |
      3 | test.describe('Support and Chatbot Interaction', () => {
    > 4 |   test.beforeEach(async ({ page }) => {
        |        ^
      5 |     // Login first
      6 |     await page.goto('/auth');
      7 |     await page.fill('input[placeholder*="email"]', 'test@example.com');
        at /Users/gailad/Documents/Dev Projects/PacheduConnect/tests/e2e/support-chatbot.spec.ts:4:8

    Error: page.fill: Test timeout of 30000ms exceeded.
    Call log:
      - waiting for locator('input[placeholder*="email"]')


       5 |     // Login first
       6 |     await page.goto('/auth');
    >  7 |     await page.fill('input[placeholder*="email"]', 'test@example.com');
         |                ^
       8 |     await page.fill('input[placeholder*="password"]', 'password123');
       9 |     await page.click('button[type="submit"]');
      10 |     await expect(page).toHaveURL(/.*dashboard/);
        at /Users/gailad/Documents/Dev Projects/PacheduConnect/tests/e2e/support-chatbot.spec.ts:7:16

    attachment #1: screenshot (image/png) ──────────────────────────────────────────────────────────
    ../../test-results/support-chatbot-Support-an-6c13b-support-KYC-upload-question-webkit/test-failed-1.png
    ────────────────────────────────────────────────────────────────────────────────────────────────

    attachment #2: video (video/webm) ──────────────────────────────────────────────────────────────
    ../../test-results/support-chatbot-Support-an-6c13b-support-KYC-upload-question-webkit/video.webm
    ────────────────────────────────────────────────────────────────────────────────────────────────

    Error Context: ../../test-results/support-chatbot-Support-an-6c13b-support-KYC-upload-question-webkit/error-context.md
]]>
</failure>
<system-out>
<![CDATA[
[[ATTACHMENT|support-chatbot-Support-an-6c13b-support-KYC-upload-question-webkit/test-failed-1.png]]

[[ATTACHMENT|support-chatbot-Support-an-6c13b-support-KYC-upload-question-webkit/video.webm]]

[[ATTACHMENT|support-chatbot-Support-an-6c13b-support-KYC-upload-question-webkit/error-context.md]]
]]>
</system-out>
</testcase>
<testcase name="Support and Chatbot Interaction › @support Transaction tracking via chat" classname="support-chatbot.spec.ts" time="30.147">
<failure message="support-chatbot.spec.ts:54:7 @support Transaction tracking via chat" type="FAILURE">
<![CDATA[  [webkit] › support-chatbot.spec.ts:54:7 › Support and Chatbot Interaction › @support Transaction tracking via chat 

    Test timeout of 30000ms exceeded while running "beforeEach" hook.

      2 |
      3 | test.describe('Support and Chatbot Interaction', () => {
    > 4 |   test.beforeEach(async ({ page }) => {
        |        ^
      5 |     // Login first
      6 |     await page.goto('/auth');
      7 |     await page.fill('input[placeholder*="email"]', 'test@example.com');
        at /Users/gailad/Documents/Dev Projects/PacheduConnect/tests/e2e/support-chatbot.spec.ts:4:8

    Error: page.fill: Test timeout of 30000ms exceeded.
    Call log:
      - waiting for locator('input[placeholder*="email"]')


       5 |     // Login first
       6 |     await page.goto('/auth');
    >  7 |     await page.fill('input[placeholder*="email"]', 'test@example.com');
         |                ^
       8 |     await page.fill('input[placeholder*="password"]', 'password123');
       9 |     await page.click('button[type="submit"]');
      10 |     await expect(page).toHaveURL(/.*dashboard/);
        at /Users/gailad/Documents/Dev Projects/PacheduConnect/tests/e2e/support-chatbot.spec.ts:7:16

    attachment #1: screenshot (image/png) ──────────────────────────────────────────────────────────
    ../../test-results/support-chatbot-Support-an-eac0f-ansaction-tracking-via-chat-webkit/test-failed-1.png
    ────────────────────────────────────────────────────────────────────────────────────────────────

    attachment #2: video (video/webm) ──────────────────────────────────────────────────────────────
    ../../test-results/support-chatbot-Support-an-eac0f-ansaction-tracking-via-chat-webkit/video.webm
    ────────────────────────────────────────────────────────────────────────────────────────────────

    Error Context: ../../test-results/support-chatbot-Support-an-eac0f-ansaction-tracking-via-chat-webkit/error-context.md
]]>
</failure>
<system-out>
<![CDATA[
[[ATTACHMENT|support-chatbot-Support-an-eac0f-ansaction-tracking-via-chat-webkit/test-failed-1.png]]

[[ATTACHMENT|support-chatbot-Support-an-eac0f-ansaction-tracking-via-chat-webkit/video.webm]]

[[ATTACHMENT|support-chatbot-Support-an-eac0f-ansaction-tracking-via-chat-webkit/error-context.md]]
]]>
</system-out>
</testcase>
<testcase name="Support and Chatbot Interaction › @support Exchange rate questions" classname="support-chatbot.spec.ts" time="30.156">
<failure message="support-chatbot.spec.ts:73:7 @support Exchange rate questions" type="FAILURE">
<![CDATA[  [webkit] › support-chatbot.spec.ts:73:7 › Support and Chatbot Interaction › @support Exchange rate questions 

    Test timeout of 30000ms exceeded while running "beforeEach" hook.

      2 |
      3 | test.describe('Support and Chatbot Interaction', () => {
    > 4 |   test.beforeEach(async ({ page }) => {
        |        ^
      5 |     // Login first
      6 |     await page.goto('/auth');
      7 |     await page.fill('input[placeholder*="email"]', 'test@example.com');
        at /Users/gailad/Documents/Dev Projects/PacheduConnect/tests/e2e/support-chatbot.spec.ts:4:8

    Error: page.fill: Test timeout of 30000ms exceeded.
    Call log:
      - waiting for locator('input[placeholder*="email"]')


       5 |     // Login first
       6 |     await page.goto('/auth');
    >  7 |     await page.fill('input[placeholder*="email"]', 'test@example.com');
         |                ^
       8 |     await page.fill('input[placeholder*="password"]', 'password123');
       9 |     await page.click('button[type="submit"]');
      10 |     await expect(page).toHaveURL(/.*dashboard/);
        at /Users/gailad/Documents/Dev Projects/PacheduConnect/tests/e2e/support-chatbot.spec.ts:7:16

    attachment #1: screenshot (image/png) ──────────────────────────────────────────────────────────
    ../../test-results/support-chatbot-Support-an-2f033-ort-Exchange-rate-questions-webkit/test-failed-1.png
    ────────────────────────────────────────────────────────────────────────────────────────────────

    attachment #2: video (video/webm) ──────────────────────────────────────────────────────────────
    ../../test-results/support-chatbot-Support-an-2f033-ort-Exchange-rate-questions-webkit/video.webm
    ────────────────────────────────────────────────────────────────────────────────────────────────

    Error Context: ../../test-results/support-chatbot-Support-an-2f033-ort-Exchange-rate-questions-webkit/error-context.md
]]>
</failure>
<system-out>
<![CDATA[
[[ATTACHMENT|support-chatbot-Support-an-2f033-ort-Exchange-rate-questions-webkit/test-failed-1.png]]

[[ATTACHMENT|support-chatbot-Support-an-2f033-ort-Exchange-rate-questions-webkit/video.webm]]

[[ATTACHMENT|support-chatbot-Support-an-2f033-ort-Exchange-rate-questions-webkit/error-context.md]]
]]>
</system-out>
</testcase>
<testcase name="Support and Chatbot Interaction › @support Fee structure questions" classname="support-chatbot.spec.ts" time="30.201">
<failure message="support-chatbot.spec.ts:91:7 @support Fee structure questions" type="FAILURE">
<![CDATA[  [webkit] › support-chatbot.spec.ts:91:7 › Support and Chatbot Interaction › @support Fee structure questions 

    Test timeout of 30000ms exceeded while running "beforeEach" hook.

      2 |
      3 | test.describe('Support and Chatbot Interaction', () => {
    > 4 |   test.beforeEach(async ({ page }) => {
        |        ^
      5 |     // Login first
      6 |     await page.goto('/auth');
      7 |     await page.fill('input[placeholder*="email"]', 'test@example.com');
        at /Users/gailad/Documents/Dev Projects/PacheduConnect/tests/e2e/support-chatbot.spec.ts:4:8

    Error: page.fill: Test timeout of 30000ms exceeded.
    Call log:
      - waiting for locator('input[placeholder*="email"]')


       5 |     // Login first
       6 |     await page.goto('/auth');
    >  7 |     await page.fill('input[placeholder*="email"]', 'test@example.com');
         |                ^
       8 |     await page.fill('input[placeholder*="password"]', 'password123');
       9 |     await page.click('button[type="submit"]');
      10 |     await expect(page).toHaveURL(/.*dashboard/);
        at /Users/gailad/Documents/Dev Projects/PacheduConnect/tests/e2e/support-chatbot.spec.ts:7:16

    attachment #1: screenshot (image/png) ──────────────────────────────────────────────────────────
    ../../test-results/support-chatbot-Support-an-9d52f-ort-Fee-structure-questions-webkit/test-failed-1.png
    ────────────────────────────────────────────────────────────────────────────────────────────────

    attachment #2: video (video/webm) ──────────────────────────────────────────────────────────────
    ../../test-results/support-chatbot-Support-an-9d52f-ort-Fee-structure-questions-webkit/video.webm
    ────────────────────────────────────────────────────────────────────────────────────────────────

    Error Context: ../../test-results/support-chatbot-Support-an-9d52f-ort-Fee-structure-questions-webkit/error-context.md
]]>
</failure>
<system-out>
<![CDATA[
[[ATTACHMENT|support-chatbot-Support-an-9d52f-ort-Fee-structure-questions-webkit/test-failed-1.png]]

[[ATTACHMENT|support-chatbot-Support-an-9d52f-ort-Fee-structure-questions-webkit/video.webm]]

[[ATTACHMENT|support-chatbot-Support-an-9d52f-ort-Fee-structure-questions-webkit/error-context.md]]
]]>
</system-out>
</testcase>
<testcase name="Support and Chatbot Interaction › @support Account limits questions" classname="support-chatbot.spec.ts" time="30.204">
<failure message="support-chatbot.spec.ts:110:7 @support Account limits questions" type="FAILURE">
<![CDATA[  [webkit] › support-chatbot.spec.ts:110:7 › Support and Chatbot Interaction › @support Account limits questions 

    Test timeout of 30000ms exceeded while running "beforeEach" hook.

      2 |
      3 | test.describe('Support and Chatbot Interaction', () => {
    > 4 |   test.beforeEach(async ({ page }) => {
        |        ^
      5 |     // Login first
      6 |     await page.goto('/auth');
      7 |     await page.fill('input[placeholder*="email"]', 'test@example.com');
        at /Users/gailad/Documents/Dev Projects/PacheduConnect/tests/e2e/support-chatbot.spec.ts:4:8

    Error: page.fill: Test timeout of 30000ms exceeded.
    Call log:
      - waiting for locator('input[placeholder*="email"]')


       5 |     // Login first
       6 |     await page.goto('/auth');
    >  7 |     await page.fill('input[placeholder*="email"]', 'test@example.com');
         |                ^
       8 |     await page.fill('input[placeholder*="password"]', 'password123');
       9 |     await page.click('button[type="submit"]');
      10 |     await expect(page).toHaveURL(/.*dashboard/);
        at /Users/gailad/Documents/Dev Projects/PacheduConnect/tests/e2e/support-chatbot.spec.ts:7:16

    attachment #1: screenshot (image/png) ──────────────────────────────────────────────────────────
    ../../test-results/support-chatbot-Support-an-ad940-rt-Account-limits-questions-webkit/test-failed-1.png
    ────────────────────────────────────────────────────────────────────────────────────────────────

    attachment #2: video (video/webm) ──────────────────────────────────────────────────────────────
    ../../test-results/support-chatbot-Support-an-ad940-rt-Account-limits-questions-webkit/video.webm
    ────────────────────────────────────────────────────────────────────────────────────────────────

    Error Context: ../../test-results/support-chatbot-Support-an-ad940-rt-Account-limits-questions-webkit/error-context.md
]]>
</failure>
<system-out>
<![CDATA[
[[ATTACHMENT|support-chatbot-Support-an-ad940-rt-Account-limits-questions-webkit/test-failed-1.png]]

[[ATTACHMENT|support-chatbot-Support-an-ad940-rt-Account-limits-questions-webkit/video.webm]]

[[ATTACHMENT|support-chatbot-Support-an-ad940-rt-Account-limits-questions-webkit/error-context.md]]
]]>
</system-out>
</testcase>
<testcase name="Support and Chatbot Interaction › @support Live agent escalation" classname="support-chatbot.spec.ts" time="30.173">
<failure message="support-chatbot.spec.ts:126:7 @support Live agent escalation" type="FAILURE">
<![CDATA[  [webkit] › support-chatbot.spec.ts:126:7 › Support and Chatbot Interaction › @support Live agent escalation 

    Test timeout of 30000ms exceeded while running "beforeEach" hook.

      2 |
      3 | test.describe('Support and Chatbot Interaction', () => {
    > 4 |   test.beforeEach(async ({ page }) => {
        |        ^
      5 |     // Login first
      6 |     await page.goto('/auth');
      7 |     await page.fill('input[placeholder*="email"]', 'test@example.com');
        at /Users/gailad/Documents/Dev Projects/PacheduConnect/tests/e2e/support-chatbot.spec.ts:4:8

    Error: page.fill: Test timeout of 30000ms exceeded.
    Call log:
      - waiting for locator('input[placeholder*="email"]')


       5 |     // Login first
       6 |     await page.goto('/auth');
    >  7 |     await page.fill('input[placeholder*="email"]', 'test@example.com');
         |                ^
       8 |     await page.fill('input[placeholder*="password"]', 'password123');
       9 |     await page.click('button[type="submit"]');
      10 |     await expect(page).toHaveURL(/.*dashboard/);
        at /Users/gailad/Documents/Dev Projects/PacheduConnect/tests/e2e/support-chatbot.spec.ts:7:16

    attachment #1: screenshot (image/png) ──────────────────────────────────────────────────────────
    ../../test-results/support-chatbot-Support-an-ebca2-pport-Live-agent-escalation-webkit/test-failed-1.png
    ────────────────────────────────────────────────────────────────────────────────────────────────

    attachment #2: video (video/webm) ──────────────────────────────────────────────────────────────
    ../../test-results/support-chatbot-Support-an-ebca2-pport-Live-agent-escalation-webkit/video.webm
    ────────────────────────────────────────────────────────────────────────────────────────────────

    Error Context: ../../test-results/support-chatbot-Support-an-ebca2-pport-Live-agent-escalation-webkit/error-context.md
]]>
</failure>
<system-out>
<![CDATA[
[[ATTACHMENT|support-chatbot-Support-an-ebca2-pport-Live-agent-escalation-webkit/test-failed-1.png]]

[[ATTACHMENT|support-chatbot-Support-an-ebca2-pport-Live-agent-escalation-webkit/video.webm]]

[[ATTACHMENT|support-chatbot-Support-an-ebca2-pport-Live-agent-escalation-webkit/error-context.md]]
]]>
</system-out>
</testcase>
<testcase name="Support and Chatbot Interaction › @support Chatbot language support" classname="support-chatbot.spec.ts" time="30.186">
<failure message="support-chatbot.spec.ts:148:7 @support Chatbot language support" type="FAILURE">
<![CDATA[  [webkit] › support-chatbot.spec.ts:148:7 › Support and Chatbot Interaction › @support Chatbot language support 

    Test timeout of 30000ms exceeded while running "beforeEach" hook.

      2 |
      3 | test.describe('Support and Chatbot Interaction', () => {
    > 4 |   test.beforeEach(async ({ page }) => {
        |        ^
      5 |     // Login first
      6 |     await page.goto('/auth');
      7 |     await page.fill('input[placeholder*="email"]', 'test@example.com');
        at /Users/gailad/Documents/Dev Projects/PacheduConnect/tests/e2e/support-chatbot.spec.ts:4:8

    Error: page.fill: Test timeout of 30000ms exceeded.
    Call log:
      - waiting for locator('input[placeholder*="email"]')


       5 |     // Login first
       6 |     await page.goto('/auth');
    >  7 |     await page.fill('input[placeholder*="email"]', 'test@example.com');
         |                ^
       8 |     await page.fill('input[placeholder*="password"]', 'password123');
       9 |     await page.click('button[type="submit"]');
      10 |     await expect(page).toHaveURL(/.*dashboard/);
        at /Users/gailad/Documents/Dev Projects/PacheduConnect/tests/e2e/support-chatbot.spec.ts:7:16

    attachment #1: screenshot (image/png) ──────────────────────────────────────────────────────────
    ../../test-results/support-chatbot-Support-an-ab084-rt-Chatbot-language-support-webkit/test-failed-1.png
    ────────────────────────────────────────────────────────────────────────────────────────────────

    attachment #2: video (video/webm) ──────────────────────────────────────────────────────────────
    ../../test-results/support-chatbot-Support-an-ab084-rt-Chatbot-language-support-webkit/video.webm
    ────────────────────────────────────────────────────────────────────────────────────────────────

    Error Context: ../../test-results/support-chatbot-Support-an-ab084-rt-Chatbot-language-support-webkit/error-context.md
]]>
</failure>
<system-out>
<![CDATA[
[[ATTACHMENT|support-chatbot-Support-an-ab084-rt-Chatbot-language-support-webkit/test-failed-1.png]]

[[ATTACHMENT|support-chatbot-Support-an-ab084-rt-Chatbot-language-support-webkit/video.webm]]

[[ATTACHMENT|support-chatbot-Support-an-ab084-rt-Chatbot-language-support-webkit/error-context.md]]
]]>
</system-out>
</testcase>
<testcase name="Support and Chatbot Interaction › @support Chatbot conversation history" classname="support-chatbot.spec.ts" time="30.182">
<failure message="support-chatbot.spec.ts:168:7 @support Chatbot conversation history" type="FAILURE">
<![CDATA[  [webkit] › support-chatbot.spec.ts:168:7 › Support and Chatbot Interaction › @support Chatbot conversation history 

    Test timeout of 30000ms exceeded while running "beforeEach" hook.

      2 |
      3 | test.describe('Support and Chatbot Interaction', () => {
    > 4 |   test.beforeEach(async ({ page }) => {
        |        ^
      5 |     // Login first
      6 |     await page.goto('/auth');
      7 |     await page.fill('input[placeholder*="email"]', 'test@example.com');
        at /Users/gailad/Documents/Dev Projects/PacheduConnect/tests/e2e/support-chatbot.spec.ts:4:8

    Error: page.fill: Test timeout of 30000ms exceeded.
    Call log:
      - waiting for locator('input[placeholder*="email"]')


       5 |     // Login first
       6 |     await page.goto('/auth');
    >  7 |     await page.fill('input[placeholder*="email"]', 'test@example.com');
         |                ^
       8 |     await page.fill('input[placeholder*="password"]', 'password123');
       9 |     await page.click('button[type="submit"]');
      10 |     await expect(page).toHaveURL(/.*dashboard/);
        at /Users/gailad/Documents/Dev Projects/PacheduConnect/tests/e2e/support-chatbot.spec.ts:7:16

    attachment #1: screenshot (image/png) ──────────────────────────────────────────────────────────
    ../../test-results/support-chatbot-Support-an-9a6ee-hatbot-conversation-history-webkit/test-failed-1.png
    ────────────────────────────────────────────────────────────────────────────────────────────────

    attachment #2: video (video/webm) ──────────────────────────────────────────────────────────────
    ../../test-results/support-chatbot-Support-an-9a6ee-hatbot-conversation-history-webkit/video.webm
    ────────────────────────────────────────────────────────────────────────────────────────────────

    Error Context: ../../test-results/support-chatbot-Support-an-9a6ee-hatbot-conversation-history-webkit/error-context.md
]]>
</failure>
<system-out>
<![CDATA[
[[ATTACHMENT|support-chatbot-Support-an-9a6ee-hatbot-conversation-history-webkit/test-failed-1.png]]

[[ATTACHMENT|support-chatbot-Support-an-9a6ee-hatbot-conversation-history-webkit/video.webm]]

[[ATTACHMENT|support-chatbot-Support-an-9a6ee-hatbot-conversation-history-webkit/error-context.md]]
]]>
</system-out>
</testcase>
<testcase name="Support and Chatbot Interaction › @support Chatbot offline handling" classname="support-chatbot.spec.ts" time="30.208">
<failure message="support-chatbot.spec.ts:199:7 @support Chatbot offline handling" type="FAILURE">
<![CDATA[  [webkit] › support-chatbot.spec.ts:199:7 › Support and Chatbot Interaction › @support Chatbot offline handling 

    Test timeout of 30000ms exceeded while running "beforeEach" hook.

      2 |
      3 | test.describe('Support and Chatbot Interaction', () => {
    > 4 |   test.beforeEach(async ({ page }) => {
        |        ^
      5 |     // Login first
      6 |     await page.goto('/auth');
      7 |     await page.fill('input[placeholder*="email"]', 'test@example.com');
        at /Users/gailad/Documents/Dev Projects/PacheduConnect/tests/e2e/support-chatbot.spec.ts:4:8

    Error: page.fill: Test timeout of 30000ms exceeded.
    Call log:
      - waiting for locator('input[placeholder*="email"]')


       5 |     // Login first
       6 |     await page.goto('/auth');
    >  7 |     await page.fill('input[placeholder*="email"]', 'test@example.com');
         |                ^
       8 |     await page.fill('input[placeholder*="password"]', 'password123');
       9 |     await page.click('button[type="submit"]');
      10 |     await expect(page).toHaveURL(/.*dashboard/);
        at /Users/gailad/Documents/Dev Projects/PacheduConnect/tests/e2e/support-chatbot.spec.ts:7:16

    attachment #1: screenshot (image/png) ──────────────────────────────────────────────────────────
    ../../test-results/support-chatbot-Support-an-ab948-rt-Chatbot-offline-handling-webkit/test-failed-1.png
    ────────────────────────────────────────────────────────────────────────────────────────────────

    attachment #2: video (video/webm) ──────────────────────────────────────────────────────────────
    ../../test-results/support-chatbot-Support-an-ab948-rt-Chatbot-offline-handling-webkit/video.webm
    ────────────────────────────────────────────────────────────────────────────────────────────────

    Error Context: ../../test-results/support-chatbot-Support-an-ab948-rt-Chatbot-offline-handling-webkit/error-context.md
]]>
</failure>
<system-out>
<![CDATA[
[[ATTACHMENT|support-chatbot-Support-an-ab948-rt-Chatbot-offline-handling-webkit/test-failed-1.png]]

[[ATTACHMENT|support-chatbot-Support-an-ab948-rt-Chatbot-offline-handling-webkit/video.webm]]

[[ATTACHMENT|support-chatbot-Support-an-ab948-rt-Chatbot-offline-handling-webkit/error-context.md]]
]]>
</system-out>
</testcase>
<testcase name="Support and Chatbot Interaction › @support Chatbot voice input" classname="support-chatbot.spec.ts" time="30.283">
<failure message="support-chatbot.spec.ts:224:7 @support Chatbot voice input" type="FAILURE">
<![CDATA[  [webkit] › support-chatbot.spec.ts:224:7 › Support and Chatbot Interaction › @support Chatbot voice input 

    Test timeout of 30000ms exceeded while running "beforeEach" hook.

      2 |
      3 | test.describe('Support and Chatbot Interaction', () => {
    > 4 |   test.beforeEach(async ({ page }) => {
        |        ^
      5 |     // Login first
      6 |     await page.goto('/auth');
      7 |     await page.fill('input[placeholder*="email"]', 'test@example.com');
        at /Users/gailad/Documents/Dev Projects/PacheduConnect/tests/e2e/support-chatbot.spec.ts:4:8

    Error: page.fill: Test timeout of 30000ms exceeded.
    Call log:
      - waiting for locator('input[placeholder*="email"]')


       5 |     // Login first
       6 |     await page.goto('/auth');
    >  7 |     await page.fill('input[placeholder*="email"]', 'test@example.com');
         |                ^
       8 |     await page.fill('input[placeholder*="password"]', 'password123');
       9 |     await page.click('button[type="submit"]');
      10 |     await expect(page).toHaveURL(/.*dashboard/);
        at /Users/gailad/Documents/Dev Projects/PacheduConnect/tests/e2e/support-chatbot.spec.ts:7:16

    attachment #1: screenshot (image/png) ──────────────────────────────────────────────────────────
    ../../test-results/support-chatbot-Support-an-43751-support-Chatbot-voice-input-webkit/test-failed-1.png
    ────────────────────────────────────────────────────────────────────────────────────────────────

    attachment #2: video (video/webm) ──────────────────────────────────────────────────────────────
    ../../test-results/support-chatbot-Support-an-43751-support-Chatbot-voice-input-webkit/video.webm
    ────────────────────────────────────────────────────────────────────────────────────────────────

    Error Context: ../../test-results/support-chatbot-Support-an-43751-support-Chatbot-voice-input-webkit/error-context.md
]]>
</failure>
<system-out>
<![CDATA[
[[ATTACHMENT|support-chatbot-Support-an-43751-support-Chatbot-voice-input-webkit/test-failed-1.png]]

[[ATTACHMENT|support-chatbot-Support-an-43751-support-Chatbot-voice-input-webkit/video.webm]]

[[ATTACHMENT|support-chatbot-Support-an-43751-support-Chatbot-voice-input-webkit/error-context.md]]
]]>
</system-out>
</testcase>
</testsuite>
<testsuite name="transaction-history.spec.ts" timestamp="2025-07-14T13:04:14.079Z" hostname="webkit" tests="30" failures="30" skipped="0" time="600.273" errors="0">
<testcase name="Transaction History &amp; Tracking › @transactions View transaction history" classname="transaction-history.spec.ts" time="6.544">
<failure message="transaction-history.spec.ts:12:7 @transactions View transaction history" type="FAILURE">
<![CDATA[  [webkit] › transaction-history.spec.ts:12:7 › Transaction History & Tracking › @transactions View transaction history 

    Error: Timed out 5000ms waiting for expect(locator).toBeVisible()

    Locator: locator('text=Transaction History')
    Expected: visible
    Received: <element(s) not found>
    Call log:
      - Expect "toBeVisible" with timeout 5000ms
      - waiting for locator('text=Transaction History')


      14 |     
      15 |     // Verify transaction list loads
    > 16 |     await expect(page.locator('text=Transaction History')).toBeVisible();
         |                                                            ^
      17 |     await expect(page.locator('text=Recent Transactions')).toBeVisible();
      18 |     
      19 |     // Verify transaction list structure
        at /Users/gailad/Documents/Dev Projects/PacheduConnect/tests/e2e/transaction-history.spec.ts:16:60

    attachment #1: screenshot (image/png) ──────────────────────────────────────────────────────────
    ../../test-results/transaction-history-Transa-9477a-ns-View-transaction-history-webkit/test-failed-1.png
    ────────────────────────────────────────────────────────────────────────────────────────────────

    attachment #2: video (video/webm) ──────────────────────────────────────────────────────────────
    ../../test-results/transaction-history-Transa-9477a-ns-View-transaction-history-webkit/video.webm
    ────────────────────────────────────────────────────────────────────────────────────────────────

    Error Context: ../../test-results/transaction-history-Transa-9477a-ns-View-transaction-history-webkit/error-context.md
]]>
</failure>
<system-out>
<![CDATA[
[[ATTACHMENT|transaction-history-Transa-9477a-ns-View-transaction-history-webkit/test-failed-1.png]]

[[ATTACHMENT|transaction-history-Transa-9477a-ns-View-transaction-history-webkit/video.webm]]

[[ATTACHMENT|transaction-history-Transa-9477a-ns-View-transaction-history-webkit/error-context.md]]
]]>
</system-out>
</testcase>
<testcase name="Transaction History &amp; Tracking › @transactions Transaction details view" classname="transaction-history.spec.ts" time="30.256">
<failure message="transaction-history.spec.ts:31:7 @transactions Transaction details view" type="FAILURE">
<![CDATA[  [webkit] › transaction-history.spec.ts:31:7 › Transaction History & Tracking › @transactions Transaction details view 

    Test timeout of 30000ms exceeded.

    Error: page.click: Test timeout of 30000ms exceeded.
    Call log:
      - waiting for locator('[data-testid="transaction-row"]:first-child')


      34 |     
      35 |     // Click on first transaction
    > 36 |     await page.click('[data-testid="transaction-row"]:first-child');
         |                ^
      37 |     
      38 |     // Verify transaction details page
      39 |     await expect(page.locator('text=Transaction Details')).toBeVisible();
        at /Users/gailad/Documents/Dev Projects/PacheduConnect/tests/e2e/transaction-history.spec.ts:36:16

    attachment #1: screenshot (image/png) ──────────────────────────────────────────────────────────
    ../../test-results/transaction-history-Transa-74ae5-ns-Transaction-details-view-webkit/test-failed-1.png
    ────────────────────────────────────────────────────────────────────────────────────────────────

    attachment #2: video (video/webm) ──────────────────────────────────────────────────────────────
    ../../test-results/transaction-history-Transa-74ae5-ns-Transaction-details-view-webkit/video.webm
    ────────────────────────────────────────────────────────────────────────────────────────────────

    Error Context: ../../test-results/transaction-history-Transa-74ae5-ns-Transaction-details-view-webkit/error-context.md
]]>
</failure>
<system-out>
<![CDATA[
[[ATTACHMENT|transaction-history-Transa-74ae5-ns-Transaction-details-view-webkit/test-failed-1.png]]

[[ATTACHMENT|transaction-history-Transa-74ae5-ns-Transaction-details-view-webkit/video.webm]]

[[ATTACHMENT|transaction-history-Transa-74ae5-ns-Transaction-details-view-webkit/error-context.md]]
]]>
</system-out>
</testcase>
<testcase name="Transaction History &amp; Tracking › @transactions Transaction status tracking" classname="transaction-history.spec.ts" time="30.161">
<failure message="transaction-history.spec.ts:56:7 @transactions Transaction status tracking" type="FAILURE">
<![CDATA[  [webkit] › transaction-history.spec.ts:56:7 › Transaction History & Tracking › @transactions Transaction status tracking 

    Test timeout of 30000ms exceeded.

    Error: page.click: Test timeout of 30000ms exceeded.
    Call log:
      - waiting for locator('[data-testid="transaction-row"]:first-child')


      59 |     
      60 |     // Click on a transaction
    > 61 |     await page.click('[data-testid="transaction-row"]:first-child');
         |                ^
      62 |     
      63 |     // Verify progress timeline is displayed
      64 |     await expect(page.locator('text=Transaction Progress')).toBeVisible();
        at /Users/gailad/Documents/Dev Projects/PacheduConnect/tests/e2e/transaction-history.spec.ts:61:16

    attachment #1: screenshot (image/png) ──────────────────────────────────────────────────────────
    ../../test-results/transaction-history-Transa-9d739-Transaction-status-tracking-webkit/test-failed-1.png
    ────────────────────────────────────────────────────────────────────────────────────────────────

    attachment #2: video (video/webm) ──────────────────────────────────────────────────────────────
    ../../test-results/transaction-history-Transa-9d739-Transaction-status-tracking-webkit/video.webm
    ────────────────────────────────────────────────────────────────────────────────────────────────

    Error Context: ../../test-results/transaction-history-Transa-9d739-Transaction-status-tracking-webkit/error-context.md
]]>
</failure>
<system-out>
<![CDATA[
[[ATTACHMENT|transaction-history-Transa-9d739-Transaction-status-tracking-webkit/test-failed-1.png]]

[[ATTACHMENT|transaction-history-Transa-9d739-Transaction-status-tracking-webkit/video.webm]]

[[ATTACHMENT|transaction-history-Transa-9d739-Transaction-status-tracking-webkit/error-context.md]]
]]>
</system-out>
</testcase>
<testcase name="Transaction History &amp; Tracking › @transactions Filter and search transactions" classname="transaction-history.spec.ts" time="30.253">
<failure message="transaction-history.spec.ts:83:7 @transactions Filter and search transactions" type="FAILURE">
<![CDATA[  [webkit] › transaction-history.spec.ts:83:7 › Transaction History & Tracking › @transactions Filter and search transactions 

    Test timeout of 30000ms exceeded.

    Error: page.click: Test timeout of 30000ms exceeded.
    Call log:
      - waiting for locator('select[name="status"]')


      86 |     
      87 |     // Test status filter
    > 88 |     await page.click('select[name="status"]');
         |                ^
      89 |     await page.selectOption('select[name="status"]', 'completed');
      90 |     
      91 |     // Verify filtered results
        at /Users/gailad/Documents/Dev Projects/PacheduConnect/tests/e2e/transaction-history.spec.ts:88:16

    attachment #1: screenshot (image/png) ──────────────────────────────────────────────────────────
    ../../test-results/transaction-history-Transa-f0b6a-ter-and-search-transactions-webkit/test-failed-1.png
    ────────────────────────────────────────────────────────────────────────────────────────────────

    attachment #2: video (video/webm) ──────────────────────────────────────────────────────────────
    ../../test-results/transaction-history-Transa-f0b6a-ter-and-search-transactions-webkit/video.webm
    ────────────────────────────────────────────────────────────────────────────────────────────────

    Error Context: ../../test-results/transaction-history-Transa-f0b6a-ter-and-search-transactions-webkit/error-context.md
]]>
</failure>
<system-out>
<![CDATA[
[[ATTACHMENT|transaction-history-Transa-f0b6a-ter-and-search-transactions-webkit/test-failed-1.png]]

[[ATTACHMENT|transaction-history-Transa-f0b6a-ter-and-search-transactions-webkit/video.webm]]

[[ATTACHMENT|transaction-history-Transa-f0b6a-ter-and-search-transactions-webkit/error-context.md]]
]]>
</system-out>
</testcase>
<testcase name="Transaction History &amp; Tracking › @transactions Export transaction history" classname="transaction-history.spec.ts" time="30.162">
<failure message="transaction-history.spec.ts:111:7 @transactions Export transaction history" type="FAILURE">
<![CDATA[  [webkit] › transaction-history.spec.ts:111:7 › Transaction History & Tracking › @transactions Export transaction history 

    Test timeout of 30000ms exceeded.

    Error: page.click: Test timeout of 30000ms exceeded.
    Call log:
      - waiting for locator('button:has-text("Export")')


      114 |     
      115 |     // Click export button
    > 116 |     await page.click('button:has-text("Export")');
          |                ^
      117 |     
      118 |     // Verify export options
      119 |     await expect(page.locator('text=Export Format')).toBeVisible();
        at /Users/gailad/Documents/Dev Projects/PacheduConnect/tests/e2e/transaction-history.spec.ts:116:16

    attachment #1: screenshot (image/png) ──────────────────────────────────────────────────────────
    ../../test-results/transaction-history-Transa-58cbb--Export-transaction-history-webkit/test-failed-1.png
    ────────────────────────────────────────────────────────────────────────────────────────────────

    attachment #2: video (video/webm) ──────────────────────────────────────────────────────────────
    ../../test-results/transaction-history-Transa-58cbb--Export-transaction-history-webkit/video.webm
    ────────────────────────────────────────────────────────────────────────────────────────────────

    Error Context: ../../test-results/transaction-history-Transa-58cbb--Export-transaction-history-webkit/error-context.md
]]>
</failure>
<system-out>
<![CDATA[
[[ATTACHMENT|transaction-history-Transa-58cbb--Export-transaction-history-webkit/test-failed-1.png]]

[[ATTACHMENT|transaction-history-Transa-58cbb--Export-transaction-history-webkit/video.webm]]

[[ATTACHMENT|transaction-history-Transa-58cbb--Export-transaction-history-webkit/error-context.md]]
]]>
</system-out>
</testcase>
<testcase name="Transaction History &amp; Tracking › @transactions Transaction receipt generation" classname="transaction-history.spec.ts" time="30.171">
<failure message="transaction-history.spec.ts:133:7 @transactions Transaction receipt generation" type="FAILURE">
<![CDATA[  [webkit] › transaction-history.spec.ts:133:7 › Transaction History & Tracking › @transactions Transaction receipt generation 

    Test timeout of 30000ms exceeded.

    Error: page.click: Test timeout of 30000ms exceeded.
    Call log:
      - waiting for locator('[data-testid="transaction-row"]:first-child')


      134 |     // Navigate to a specific transaction
      135 |     await page.goto('/transactions');
    > 136 |     await page.click('[data-testid="transaction-row"]:first-child');
          |                ^
      137 |     
      138 |     // Click download receipt
      139 |     await page.click('button:has-text("Download Receipt")');
        at /Users/gailad/Documents/Dev Projects/PacheduConnect/tests/e2e/transaction-history.spec.ts:136:16

    attachment #1: screenshot (image/png) ──────────────────────────────────────────────────────────
    ../../test-results/transaction-history-Transa-da7b6-nsaction-receipt-generation-webkit/test-failed-1.png
    ────────────────────────────────────────────────────────────────────────────────────────────────

    attachment #2: video (video/webm) ──────────────────────────────────────────────────────────────
    ../../test-results/transaction-history-Transa-da7b6-nsaction-receipt-generation-webkit/video.webm
    ────────────────────────────────────────────────────────────────────────────────────────────────

    Error Context: ../../test-results/transaction-history-Transa-da7b6-nsaction-receipt-generation-webkit/error-context.md
]]>
</failure>
<system-out>
<![CDATA[
[[ATTACHMENT|transaction-history-Transa-da7b6-nsaction-receipt-generation-webkit/test-failed-1.png]]

[[ATTACHMENT|transaction-history-Transa-da7b6-nsaction-receipt-generation-webkit/video.webm]]

[[ATTACHMENT|transaction-history-Transa-da7b6-nsaction-receipt-generation-webkit/error-context.md]]
]]>
</system-out>
</testcase>
<testcase name="Transaction History &amp; Tracking › @transactions Real-time status updates" classname="transaction-history.spec.ts" time="6.896">
<failure message="transaction-history.spec.ts:147:7 @transactions Real-time status updates" type="FAILURE">
<![CDATA[  [webkit] › transaction-history.spec.ts:147:7 › Transaction History & Tracking › @transactions Real-time status updates 

    Error: Timed out 5000ms waiting for expect(locator).toBeVisible()

    Locator: locator('text=Live Updates')
    Expected: visible
    Received: <element(s) not found>
    Call log:
      - Expect "toBeVisible" with timeout 5000ms
      - waiting for locator('text=Live Updates')


      159 |     
      160 |     // Verify real-time indicator
    > 161 |     await expect(page.locator('text=Live Updates')).toBeVisible();
          |                                                     ^
      162 |     
      163 |     // Simulate status change
      164 |     await page.evaluate(() => {
        at /Users/gailad/Documents/Dev Projects/PacheduConnect/tests/e2e/transaction-history.spec.ts:161:53

    attachment #1: screenshot (image/png) ──────────────────────────────────────────────────────────
    ../../test-results/transaction-history-Transa-f7ca1-ns-Real-time-status-updates-webkit/test-failed-1.png
    ────────────────────────────────────────────────────────────────────────────────────────────────

    attachment #2: video (video/webm) ──────────────────────────────────────────────────────────────
    ../../test-results/transaction-history-Transa-f7ca1-ns-Real-time-status-updates-webkit/video.webm
    ────────────────────────────────────────────────────────────────────────────────────────────────

    Error Context: ../../test-results/transaction-history-Transa-f7ca1-ns-Real-time-status-updates-webkit/error-context.md
]]>
</failure>
<system-out>
<![CDATA[
[[ATTACHMENT|transaction-history-Transa-f7ca1-ns-Real-time-status-updates-webkit/test-failed-1.png]]

[[ATTACHMENT|transaction-history-Transa-f7ca1-ns-Real-time-status-updates-webkit/video.webm]]

[[ATTACHMENT|transaction-history-Transa-f7ca1-ns-Real-time-status-updates-webkit/error-context.md]]
]]>
</system-out>
</testcase>
<testcase name="Transaction History &amp; Tracking › @transactions Transaction notifications" classname="transaction-history.spec.ts" time="30.176">
<failure message="transaction-history.spec.ts:176:7 @transactions Transaction notifications" type="FAILURE">
<![CDATA[  [webkit] › transaction-history.spec.ts:176:7 › Transaction History & Tracking › @transactions Transaction notifications 

    Test timeout of 30000ms exceeded.

    Error: page.click: Test timeout of 30000ms exceeded.
    Call log:
      - waiting for locator('[data-testid="transaction-row"]:first-child')


      179 |     
      180 |     // Enable notifications for a transaction
    > 181 |     await page.click('[data-testid="transaction-row"]:first-child');
          |                ^
      182 |     await page.click('button:has-text("Enable Notifications")');
      183 |     
      184 |     // Verify notification settings
        at /Users/gailad/Documents/Dev Projects/PacheduConnect/tests/e2e/transaction-history.spec.ts:181:16

    attachment #1: screenshot (image/png) ──────────────────────────────────────────────────────────
    ../../test-results/transaction-history-Transa-73cfe-s-Transaction-notifications-webkit/test-failed-1.png
    ────────────────────────────────────────────────────────────────────────────────────────────────

    attachment #2: video (video/webm) ──────────────────────────────────────────────────────────────
    ../../test-results/transaction-history-Transa-73cfe-s-Transaction-notifications-webkit/video.webm
    ────────────────────────────────────────────────────────────────────────────────────────────────

    Error Context: ../../test-results/transaction-history-Transa-73cfe-s-Transaction-notifications-webkit/error-context.md
]]>
</failure>
<system-out>
<![CDATA[
[[ATTACHMENT|transaction-history-Transa-73cfe-s-Transaction-notifications-webkit/test-failed-1.png]]

[[ATTACHMENT|transaction-history-Transa-73cfe-s-Transaction-notifications-webkit/video.webm]]

[[ATTACHMENT|transaction-history-Transa-73cfe-s-Transaction-notifications-webkit/error-context.md]]
]]>
</system-out>
</testcase>
<testcase name="Transaction History &amp; Tracking › @transactions Offline transaction history" classname="transaction-history.spec.ts" time="6.889">
<failure message="transaction-history.spec.ts:201:7 @transactions Offline transaction history" type="FAILURE">
<![CDATA[  [webkit] › transaction-history.spec.ts:201:7 › Transaction History & Tracking › @transactions Offline transaction history 

    Error: Timed out 5000ms waiting for expect(locator).toBeVisible()

    Locator: locator('text=Transaction History')
    Expected: visible
    Received: <element(s) not found>
    Call log:
      - Expect "toBeVisible" with timeout 5000ms
      - waiting for locator('text=Transaction History')
        - waiting for" http://localhost:3000/auth" navigation to finish...


      207 |     
      208 |     // Should still show cached transactions
    > 209 |     await expect(page.locator('text=Transaction History')).toBeVisible();
          |                                                            ^
      210 |     await expect(page.locator('text=Offline Mode')).toBeVisible();
      211 |     
      212 |     // Go back online
        at /Users/gailad/Documents/Dev Projects/PacheduConnect/tests/e2e/transaction-history.spec.ts:209:60

    attachment #1: screenshot (image/png) ──────────────────────────────────────────────────────────
    ../../test-results/transaction-history-Transa-44191-Offline-transaction-history-webkit/test-failed-1.png
    ────────────────────────────────────────────────────────────────────────────────────────────────

    attachment #2: video (video/webm) ──────────────────────────────────────────────────────────────
    ../../test-results/transaction-history-Transa-44191-Offline-transaction-history-webkit/video.webm
    ────────────────────────────────────────────────────────────────────────────────────────────────

    Error Context: ../../test-results/transaction-history-Transa-44191-Offline-transaction-history-webkit/error-context.md
]]>
</failure>
<system-out>
<![CDATA[
[[ATTACHMENT|transaction-history-Transa-44191-Offline-transaction-history-webkit/test-failed-1.png]]

[[ATTACHMENT|transaction-history-Transa-44191-Offline-transaction-history-webkit/video.webm]]

[[ATTACHMENT|transaction-history-Transa-44191-Offline-transaction-history-webkit/error-context.md]]
]]>
</system-out>
</testcase>
<testcase name="Transaction History &amp; Tracking › @pagination Pagination functionality" classname="transaction-history.spec.ts" time="6.386">
<failure message="transaction-history.spec.ts:221:7 @pagination Pagination functionality" type="FAILURE">
<![CDATA[  [webkit] › transaction-history.spec.ts:221:7 › Transaction History & Tracking › @pagination Pagination functionality 

    Error: Timed out 5000ms waiting for expect(locator).toBeVisible()

    Locator: locator('[data-testid="pagination"]')
    Expected: visible
    Received: <element(s) not found>
    Call log:
      - Expect "toBeVisible" with timeout 5000ms
      - waiting for locator('[data-testid="pagination"]')


      223 |     
      224 |     // Verify pagination controls are visible
    > 225 |     await expect(page.locator('[data-testid="pagination"]')).toBeVisible();
          |                                                              ^
      226 |     await expect(page.locator('button:has-text("Previous")')).toBeVisible();
      227 |     await expect(page.locator('button:has-text("Next")')).toBeVisible();
      228 |     
        at /Users/gailad/Documents/Dev Projects/PacheduConnect/tests/e2e/transaction-history.spec.ts:225:62

    attachment #1: screenshot (image/png) ──────────────────────────────────────────────────────────
    ../../test-results/transaction-history-Transa-870bf-on-Pagination-functionality-webkit/test-failed-1.png
    ────────────────────────────────────────────────────────────────────────────────────────────────

    attachment #2: video (video/webm) ──────────────────────────────────────────────────────────────
    ../../test-results/transaction-history-Transa-870bf-on-Pagination-functionality-webkit/video.webm
    ────────────────────────────────────────────────────────────────────────────────────────────────

    Error Context: ../../test-results/transaction-history-Transa-870bf-on-Pagination-functionality-webkit/error-context.md
]]>
</failure>
<system-out>
<![CDATA[
[[ATTACHMENT|transaction-history-Transa-870bf-on-Pagination-functionality-webkit/test-failed-1.png]]

[[ATTACHMENT|transaction-history-Transa-870bf-on-Pagination-functionality-webkit/video.webm]]

[[ATTACHMENT|transaction-history-Transa-870bf-on-Pagination-functionality-webkit/error-context.md]]
]]>
</system-out>
</testcase>
<testcase name="Transaction History &amp; Tracking › @pagination Infinite scroll functionality" classname="transaction-history.spec.ts" time="30.186">
<failure message="transaction-history.spec.ts:241:7 @pagination Infinite scroll functionality" type="FAILURE">
<![CDATA[  [webkit] › transaction-history.spec.ts:241:7 › Transaction History & Tracking › @pagination Infinite scroll functionality 

    Test timeout of 30000ms exceeded.

    Error: page.waitForSelector: Test timeout of 30000ms exceeded.
    Call log:
      - waiting for locator('[data-testid="loading-spinner"]') to be visible


      248 |     
      249 |     // Wait for new content to load
    > 250 |     await page.waitForSelector('[data-testid="loading-spinner"]', { state: 'visible' });
          |                ^
      251 |     await page.waitForSelector('[data-testid="loading-spinner"]', { state: 'hidden' });
      252 |     
      253 |     // Verify more transactions loaded
        at /Users/gailad/Documents/Dev Projects/PacheduConnect/tests/e2e/transaction-history.spec.ts:250:16

    attachment #1: screenshot (image/png) ──────────────────────────────────────────────────────────
    ../../test-results/transaction-history-Transa-e9741-finite-scroll-functionality-webkit/test-failed-1.png
    ────────────────────────────────────────────────────────────────────────────────────────────────

    attachment #2: video (video/webm) ──────────────────────────────────────────────────────────────
    ../../test-results/transaction-history-Transa-e9741-finite-scroll-functionality-webkit/video.webm
    ────────────────────────────────────────────────────────────────────────────────────────────────

    Error Context: ../../test-results/transaction-history-Transa-e9741-finite-scroll-functionality-webkit/error-context.md
]]>
</failure>
<system-out>
<![CDATA[
[[ATTACHMENT|transaction-history-Transa-e9741-finite-scroll-functionality-webkit/test-failed-1.png]]

[[ATTACHMENT|transaction-history-Transa-e9741-finite-scroll-functionality-webkit/video.webm]]

[[ATTACHMENT|transaction-history-Transa-e9741-finite-scroll-functionality-webkit/error-context.md]]
]]>
</system-out>
</testcase>
<testcase name="Transaction History &amp; Tracking › @roles Regular user sees only own transactions" classname="transaction-history.spec.ts" time="30.152">
<failure message="transaction-history.spec.ts:273:7 @roles Regular user sees only own transactions" type="FAILURE">
<![CDATA[  [webkit] › transaction-history.spec.ts:273:7 › Transaction History & Tracking › @roles Regular user sees only own transactions 

    Test timeout of 30000ms exceeded.

    Error: page.fill: Test timeout of 30000ms exceeded.
    Call log:
      - waiting for locator('input[placeholder*="email"]')


      274 |     // Login as regular user
      275 |     await page.goto('/auth');
    > 276 |     await page.fill('input[placeholder*="email"]', 'user@example.com');
          |                ^
      277 |     await page.fill('input[placeholder*="password"]', 'password123');
      278 |     await page.click('button[type="submit"]');
      279 |     
        at /Users/gailad/Documents/Dev Projects/PacheduConnect/tests/e2e/transaction-history.spec.ts:276:16

    attachment #1: screenshot (image/png) ──────────────────────────────────────────────────────────
    ../../test-results/transaction-history-Transa-ad279--sees-only-own-transactions-webkit/test-failed-1.png
    ────────────────────────────────────────────────────────────────────────────────────────────────

    attachment #2: video (video/webm) ──────────────────────────────────────────────────────────────
    ../../test-results/transaction-history-Transa-ad279--sees-only-own-transactions-webkit/video.webm
    ────────────────────────────────────────────────────────────────────────────────────────────────

    Error Context: ../../test-results/transaction-history-Transa-ad279--sees-only-own-transactions-webkit/error-context.md
]]>
</failure>
<system-out>
<![CDATA[
[[ATTACHMENT|transaction-history-Transa-ad279--sees-only-own-transactions-webkit/test-failed-1.png]]

[[ATTACHMENT|transaction-history-Transa-ad279--sees-only-own-transactions-webkit/video.webm]]

[[ATTACHMENT|transaction-history-Transa-ad279--sees-only-own-transactions-webkit/error-context.md]]
]]>
</system-out>
</testcase>
<testcase name="Transaction History &amp; Tracking › @roles Admin sees all users transactions" classname="transaction-history.spec.ts" time="30.197">
<failure message="transaction-history.spec.ts:290:7 @roles Admin sees all users transactions" type="FAILURE">
<![CDATA[  [webkit] › transaction-history.spec.ts:290:7 › Transaction History & Tracking › @roles Admin sees all users transactions 

    Test timeout of 30000ms exceeded.

    Error: page.fill: Test timeout of 30000ms exceeded.
    Call log:
      - waiting for locator('input[placeholder*="email"]')


      291 |     // Login as admin
      292 |     await page.goto('/auth');
    > 293 |     await page.fill('input[placeholder*="email"]', 'admin@example.com');
          |                ^
      294 |     await page.fill('input[placeholder*="password"]', 'admin123');
      295 |     await page.click('button[type="submit"]');
      296 |     
        at /Users/gailad/Documents/Dev Projects/PacheduConnect/tests/e2e/transaction-history.spec.ts:293:16

    attachment #1: screenshot (image/png) ──────────────────────────────────────────────────────────
    ../../test-results/transaction-history-Transa-401ef-sees-all-users-transactions-webkit/test-failed-1.png
    ────────────────────────────────────────────────────────────────────────────────────────────────

    attachment #2: video (video/webm) ──────────────────────────────────────────────────────────────
    ../../test-results/transaction-history-Transa-401ef-sees-all-users-transactions-webkit/video.webm
    ────────────────────────────────────────────────────────────────────────────────────────────────

    Error Context: ../../test-results/transaction-history-Transa-401ef-sees-all-users-transactions-webkit/error-context.md
]]>
</failure>
<system-out>
<![CDATA[
[[ATTACHMENT|transaction-history-Transa-401ef-sees-all-users-transactions-webkit/test-failed-1.png]]

[[ATTACHMENT|transaction-history-Transa-401ef-sees-all-users-transactions-webkit/video.webm]]

[[ATTACHMENT|transaction-history-Transa-401ef-sees-all-users-transactions-webkit/error-context.md]]
]]>
</system-out>
</testcase>
<testcase name="Transaction History &amp; Tracking › @roles Unauthorized access prevention" classname="transaction-history.spec.ts" time="6.363">
<failure message="transaction-history.spec.ts:313:7 @roles Unauthorized access prevention" type="FAILURE">
<![CDATA[  [webkit] › transaction-history.spec.ts:313:7 › Transaction History & Tracking › @roles Unauthorized access prevention 

    Error: Timed out 5000ms waiting for expect(locator).toBeVisible()

    Locator: locator('text=Unauthorized')
    Expected: visible
    Received: <element(s) not found>
    Call log:
      - Expect "toBeVisible" with timeout 5000ms
      - waiting for locator('text=Unauthorized')


      316 |     
      317 |     // Should be redirected to login or show error
    > 318 |     await expect(page.locator('text=Unauthorized') || page.locator('text=Login')).toBeVisible();
          |                                                                                   ^
      319 |     
      320 |     // Try to access other user's transaction directly
      321 |     await page.goto('/transactions/TXN123');
        at /Users/gailad/Documents/Dev Projects/PacheduConnect/tests/e2e/transaction-history.spec.ts:318:83

    attachment #1: screenshot (image/png) ──────────────────────────────────────────────────────────
    ../../test-results/transaction-history-Transa-b9fda-uthorized-access-prevention-webkit/test-failed-1.png
    ────────────────────────────────────────────────────────────────────────────────────────────────

    attachment #2: video (video/webm) ──────────────────────────────────────────────────────────────
    ../../test-results/transaction-history-Transa-b9fda-uthorized-access-prevention-webkit/video.webm
    ────────────────────────────────────────────────────────────────────────────────────────────────

    Error Context: ../../test-results/transaction-history-Transa-b9fda-uthorized-access-prevention-webkit/error-context.md
]]>
</failure>
<system-out>
<![CDATA[
[[ATTACHMENT|transaction-history-Transa-b9fda-uthorized-access-prevention-webkit/test-failed-1.png]]

[[ATTACHMENT|transaction-history-Transa-b9fda-uthorized-access-prevention-webkit/video.webm]]

[[ATTACHMENT|transaction-history-Transa-b9fda-uthorized-access-prevention-webkit/error-context.md]]
]]>
</system-out>
</testcase>
<testcase name="Transaction History &amp; Tracking › @dispute Open dispute from transaction" classname="transaction-history.spec.ts" time="30.169">
<failure message="transaction-history.spec.ts:328:7 @dispute Open dispute from transaction" type="FAILURE">
<![CDATA[  [webkit] › transaction-history.spec.ts:328:7 › Transaction History & Tracking › @dispute Open dispute from transaction 

    Test timeout of 30000ms exceeded.

    Error: page.click: Test timeout of 30000ms exceeded.
    Call log:
      - waiting for locator('[data-testid="transaction-row"]:first-child')


      328 |   test('@dispute Open dispute from transaction', async ({ page }) => {
      329 |     await page.goto('/transactions');
    > 330 |     await page.click('[data-testid="transaction-row"]:first-child');
          |                ^
      331 |     
      332 |     // Click dispute button
      333 |     await page.click('button:has-text("Report Issue")');
        at /Users/gailad/Documents/Dev Projects/PacheduConnect/tests/e2e/transaction-history.spec.ts:330:16

    attachment #1: screenshot (image/png) ──────────────────────────────────────────────────────────
    ../../test-results/transaction-history-Transa-20d3d-en-dispute-from-transaction-webkit/test-failed-1.png
    ────────────────────────────────────────────────────────────────────────────────────────────────

    attachment #2: video (video/webm) ──────────────────────────────────────────────────────────────
    ../../test-results/transaction-history-Transa-20d3d-en-dispute-from-transaction-webkit/video.webm
    ────────────────────────────────────────────────────────────────────────────────────────────────

    Error Context: ../../test-results/transaction-history-Transa-20d3d-en-dispute-from-transaction-webkit/error-context.md
]]>
</failure>
<system-out>
<![CDATA[
[[ATTACHMENT|transaction-history-Transa-20d3d-en-dispute-from-transaction-webkit/test-failed-1.png]]

[[ATTACHMENT|transaction-history-Transa-20d3d-en-dispute-from-transaction-webkit/video.webm]]

[[ATTACHMENT|transaction-history-Transa-20d3d-en-dispute-from-transaction-webkit/error-context.md]]
]]>
</system-out>
</testcase>
<testcase name="Transaction History &amp; Tracking › @dispute Track dispute status" classname="transaction-history.spec.ts" time="30.2">
<failure message="transaction-history.spec.ts:353:7 @dispute Track dispute status" type="FAILURE">
<![CDATA[  [webkit] › transaction-history.spec.ts:353:7 › Transaction History & Tracking › @dispute Track dispute status 

    Test timeout of 30000ms exceeded.

    Error: page.click: Test timeout of 30000ms exceeded.
    Call log:
      - waiting for locator('[data-testid="transaction-row"]:first-child')


      353 |   test('@dispute Track dispute status', async ({ page }) => {
      354 |     await page.goto('/transactions');
    > 355 |     await page.click('[data-testid="transaction-row"]:first-child');
          |                ^
      356 |     
      357 |     // Check if transaction has active dispute
      358 |     const disputeStatus = page.locator('[data-testid="dispute-status"]');
        at /Users/gailad/Documents/Dev Projects/PacheduConnect/tests/e2e/transaction-history.spec.ts:355:16

    attachment #1: screenshot (image/png) ──────────────────────────────────────────────────────────
    ../../test-results/transaction-history-Transa-32fbb-ispute-Track-dispute-status-webkit/test-failed-1.png
    ────────────────────────────────────────────────────────────────────────────────────────────────

    attachment #2: video (video/webm) ──────────────────────────────────────────────────────────────
    ../../test-results/transaction-history-Transa-32fbb-ispute-Track-dispute-status-webkit/video.webm
    ────────────────────────────────────────────────────────────────────────────────────────────────

    Error Context: ../../test-results/transaction-history-Transa-32fbb-ispute-Track-dispute-status-webkit/error-context.md
]]>
</failure>
<system-out>
<![CDATA[
[[ATTACHMENT|transaction-history-Transa-32fbb-ispute-Track-dispute-status-webkit/test-failed-1.png]]

[[ATTACHMENT|transaction-history-Transa-32fbb-ispute-Track-dispute-status-webkit/video.webm]]

[[ATTACHMENT|transaction-history-Transa-32fbb-ispute-Track-dispute-status-webkit/error-context.md]]
]]>
</system-out>
</testcase>
<testcase name="Transaction History &amp; Tracking › @dispute Support chat integration" classname="transaction-history.spec.ts" time="30.144">
<failure message="transaction-history.spec.ts:373:7 @dispute Support chat integration" type="FAILURE">
<![CDATA[  [webkit] › transaction-history.spec.ts:373:7 › Transaction History & Tracking › @dispute Support chat integration 

    Test timeout of 30000ms exceeded.

    Error: page.click: Test timeout of 30000ms exceeded.
    Call log:
      - waiting for locator('[data-testid="transaction-row"]:first-child')


      373 |   test('@dispute Support chat integration', async ({ page }) => {
      374 |     await page.goto('/transactions');
    > 375 |     await page.click('[data-testid="transaction-row"]:first-child');
          |                ^
      376 |     
      377 |     // Open support chat
      378 |     await page.click('button:has-text("Get Help")');
        at /Users/gailad/Documents/Dev Projects/PacheduConnect/tests/e2e/transaction-history.spec.ts:375:16

    attachment #1: screenshot (image/png) ──────────────────────────────────────────────────────────
    ../../test-results/transaction-history-Transa-3044a-te-Support-chat-integration-webkit/test-failed-1.png
    ────────────────────────────────────────────────────────────────────────────────────────────────

    attachment #2: video (video/webm) ──────────────────────────────────────────────────────────────
    ../../test-results/transaction-history-Transa-3044a-te-Support-chat-integration-webkit/video.webm
    ────────────────────────────────────────────────────────────────────────────────────────────────

    Error Context: ../../test-results/transaction-history-Transa-3044a-te-Support-chat-integration-webkit/error-context.md
]]>
</failure>
<system-out>
<![CDATA[
[[ATTACHMENT|transaction-history-Transa-3044a-te-Support-chat-integration-webkit/test-failed-1.png]]

[[ATTACHMENT|transaction-history-Transa-3044a-te-Support-chat-integration-webkit/video.webm]]

[[ATTACHMENT|transaction-history-Transa-3044a-te-Support-chat-integration-webkit/error-context.md]]
]]>
</system-out>
</testcase>
<testcase name="Transaction History &amp; Tracking › @bulk Bulk transaction selection" classname="transaction-history.spec.ts" time="30.19">
<failure message="transaction-history.spec.ts:393:7 @bulk Bulk transaction selection" type="FAILURE">
<![CDATA[  [webkit] › transaction-history.spec.ts:393:7 › Transaction History & Tracking › @bulk Bulk transaction selection 

    Test timeout of 30000ms exceeded.

    Error: page.click: Test timeout of 30000ms exceeded.
    Call log:
      - waiting for locator('input[type="checkbox"]:nth-child(1)')


      395 |     
      396 |     // Select multiple transactions
    > 397 |     await page.click('input[type="checkbox"]:nth-child(1)');
          |                ^
      398 |     await page.click('input[type="checkbox"]:nth-child(2)');
      399 |     await page.click('input[type="checkbox"]:nth-child(3)');
      400 |     
        at /Users/gailad/Documents/Dev Projects/PacheduConnect/tests/e2e/transaction-history.spec.ts:397:16

    attachment #1: screenshot (image/png) ──────────────────────────────────────────────────────────
    ../../test-results/transaction-history-Transa-c87f0--Bulk-transaction-selection-webkit/test-failed-1.png
    ────────────────────────────────────────────────────────────────────────────────────────────────

    attachment #2: video (video/webm) ──────────────────────────────────────────────────────────────
    ../../test-results/transaction-history-Transa-c87f0--Bulk-transaction-selection-webkit/video.webm
    ────────────────────────────────────────────────────────────────────────────────────────────────

    Error Context: ../../test-results/transaction-history-Transa-c87f0--Bulk-transaction-selection-webkit/error-context.md
]]>
</failure>
<system-out>
<![CDATA[
[[ATTACHMENT|transaction-history-Transa-c87f0--Bulk-transaction-selection-webkit/test-failed-1.png]]

[[ATTACHMENT|transaction-history-Transa-c87f0--Bulk-transaction-selection-webkit/video.webm]]

[[ATTACHMENT|transaction-history-Transa-c87f0--Bulk-transaction-selection-webkit/error-context.md]]
]]>
</system-out>
</testcase>
<testcase name="Transaction History &amp; Tracking › @bulk Bulk notification settings" classname="transaction-history.spec.ts" time="30.219">
<failure message="transaction-history.spec.ts:416:7 @bulk Bulk notification settings" type="FAILURE">
<![CDATA[  [webkit] › transaction-history.spec.ts:416:7 › Transaction History & Tracking › @bulk Bulk notification settings 

    Test timeout of 30000ms exceeded.

    Error: page.click: Test timeout of 30000ms exceeded.
    Call log:
      - waiting for locator('input[type="checkbox"]:nth-child(1)')


      418 |     
      419 |     // Select transactions
    > 420 |     await page.click('input[type="checkbox"]:nth-child(1)');
          |                ^
      421 |     await page.click('input[type="checkbox"]:nth-child(2)');
      422 |     
      423 |     // Open bulk notification settings
        at /Users/gailad/Documents/Dev Projects/PacheduConnect/tests/e2e/transaction-history.spec.ts:420:16

    attachment #1: screenshot (image/png) ──────────────────────────────────────────────────────────
    ../../test-results/transaction-history-Transa-6f9d7--Bulk-notification-settings-webkit/test-failed-1.png
    ────────────────────────────────────────────────────────────────────────────────────────────────

    attachment #2: video (video/webm) ──────────────────────────────────────────────────────────────
    ../../test-results/transaction-history-Transa-6f9d7--Bulk-notification-settings-webkit/video.webm
    ────────────────────────────────────────────────────────────────────────────────────────────────

    Error Context: ../../test-results/transaction-history-Transa-6f9d7--Bulk-notification-settings-webkit/error-context.md
]]>
</failure>
<system-out>
<![CDATA[
[[ATTACHMENT|transaction-history-Transa-6f9d7--Bulk-notification-settings-webkit/test-failed-1.png]]

[[ATTACHMENT|transaction-history-Transa-6f9d7--Bulk-notification-settings-webkit/video.webm]]

[[ATTACHMENT|transaction-history-Transa-6f9d7--Bulk-notification-settings-webkit/error-context.md]]
]]>
</system-out>
</testcase>
<testcase name="Transaction History &amp; Tracking › @a11y Keyboard navigation" classname="transaction-history.spec.ts" time="6.574">
<failure message="transaction-history.spec.ts:438:7 @a11y Keyboard navigation" type="FAILURE">
<![CDATA[  [webkit] › transaction-history.spec.ts:438:7 › Transaction History & Tracking › @a11y Keyboard navigation 

    Error: Timed out 5000ms waiting for expect(locator).toBeVisible()

    Locator: locator(':focus')
    Expected: visible
    Received: <element(s) not found>
    Call log:
      - Expect "toBeVisible" with timeout 5000ms
      - waiting for locator(':focus')


      441 |     // Test tab navigation
      442 |     await page.keyboard.press('Tab');
    > 443 |     await expect(page.locator(':focus')).toBeVisible();
          |                                          ^
      444 |     
      445 |     // Navigate through transaction rows with keyboard
      446 |     await page.keyboard.press('Tab');
        at /Users/gailad/Documents/Dev Projects/PacheduConnect/tests/e2e/transaction-history.spec.ts:443:42

    attachment #1: screenshot (image/png) ──────────────────────────────────────────────────────────
    ../../test-results/transaction-history-Transa-8c663-ng-a11y-Keyboard-navigation-webkit/test-failed-1.png
    ────────────────────────────────────────────────────────────────────────────────────────────────

    attachment #2: video (video/webm) ──────────────────────────────────────────────────────────────
    ../../test-results/transaction-history-Transa-8c663-ng-a11y-Keyboard-navigation-webkit/video.webm
    ────────────────────────────────────────────────────────────────────────────────────────────────

    Error Context: ../../test-results/transaction-history-Transa-8c663-ng-a11y-Keyboard-navigation-webkit/error-context.md
]]>
</failure>
<system-out>
<![CDATA[
[[ATTACHMENT|transaction-history-Transa-8c663-ng-a11y-Keyboard-navigation-webkit/test-failed-1.png]]

[[ATTACHMENT|transaction-history-Transa-8c663-ng-a11y-Keyboard-navigation-webkit/video.webm]]

[[ATTACHMENT|transaction-history-Transa-8c663-ng-a11y-Keyboard-navigation-webkit/error-context.md]]
]]>
</system-out>
</testcase>
<testcase name="Transaction History &amp; Tracking › @a11y Screen reader compatibility" classname="transaction-history.spec.ts" time="6.493">
<failure message="transaction-history.spec.ts:458:7 @a11y Screen reader compatibility" type="FAILURE">
<![CDATA[  [webkit] › transaction-history.spec.ts:458:7 › Transaction History & Tracking › @a11y Screen reader compatibility 

    Error: Timed out 5000ms waiting for expect(locator).toBeVisible()

    Locator: locator('[aria-label*="transaction"]')
    Expected: visible
    Received: <element(s) not found>
    Call log:
      - Expect "toBeVisible" with timeout 5000ms
      - waiting for locator('[aria-label*="transaction"]')


      460 |     
      461 |     // Verify ARIA labels are present
    > 462 |     await expect(page.locator('[aria-label*="transaction"]')).toBeVisible();
          |                                                               ^
      463 |     await expect(page.locator('[role="table"]')).toBeVisible();
      464 |     await expect(page.locator('[role="row"]')).toBeVisible();
      465 |     
        at /Users/gailad/Documents/Dev Projects/PacheduConnect/tests/e2e/transaction-history.spec.ts:462:63

    attachment #1: screenshot (image/png) ──────────────────────────────────────────────────────────
    ../../test-results/transaction-history-Transa-b7bf0-Screen-reader-compatibility-webkit/test-failed-1.png
    ────────────────────────────────────────────────────────────────────────────────────────────────

    attachment #2: video (video/webm) ──────────────────────────────────────────────────────────────
    ../../test-results/transaction-history-Transa-b7bf0-Screen-reader-compatibility-webkit/video.webm
    ────────────────────────────────────────────────────────────────────────────────────────────────

    Error Context: ../../test-results/transaction-history-Transa-b7bf0-Screen-reader-compatibility-webkit/error-context.md
]]>
</failure>
<system-out>
<![CDATA[
[[ATTACHMENT|transaction-history-Transa-b7bf0-Screen-reader-compatibility-webkit/test-failed-1.png]]

[[ATTACHMENT|transaction-history-Transa-b7bf0-Screen-reader-compatibility-webkit/video.webm]]

[[ATTACHMENT|transaction-history-Transa-b7bf0-Screen-reader-compatibility-webkit/error-context.md]]
]]>
</system-out>
</testcase>
<testcase name="Transaction History &amp; Tracking › @edge No transactions state" classname="transaction-history.spec.ts" time="6.969">
<failure message="transaction-history.spec.ts:479:7 @edge No transactions state" type="FAILURE">
<![CDATA[  [webkit] › transaction-history.spec.ts:479:7 › Transaction History & Tracking › @edge No transactions state 

    Error: Timed out 5000ms waiting for expect(locator).toBeVisible()

    Locator: locator('text=No transactions found')
    Expected: visible
    Received: <element(s) not found>
    Call log:
      - Expect "toBeVisible" with timeout 5000ms
      - waiting for locator('text=No transactions found')


      490 |     
      491 |     // Verify empty state
    > 492 |     await expect(page.locator('text=No transactions found')).toBeVisible();
          |                                                              ^
      493 |     await expect(page.locator('text=Start your first transfer')).toBeVisible();
      494 |     await expect(page.locator('button:has-text("Send Money")')).toBeVisible();
      495 |   });
        at /Users/gailad/Documents/Dev Projects/PacheduConnect/tests/e2e/transaction-history.spec.ts:492:62

    attachment #1: screenshot (image/png) ──────────────────────────────────────────────────────────
    ../../test-results/transaction-history-Transa-c35d9--edge-No-transactions-state-webkit/test-failed-1.png
    ────────────────────────────────────────────────────────────────────────────────────────────────

    attachment #2: video (video/webm) ──────────────────────────────────────────────────────────────
    ../../test-results/transaction-history-Transa-c35d9--edge-No-transactions-state-webkit/video.webm
    ────────────────────────────────────────────────────────────────────────────────────────────────

    Error Context: ../../test-results/transaction-history-Transa-c35d9--edge-No-transactions-state-webkit/error-context.md
]]>
</failure>
<system-out>
<![CDATA[
[[ATTACHMENT|transaction-history-Transa-c35d9--edge-No-transactions-state-webkit/test-failed-1.png]]

[[ATTACHMENT|transaction-history-Transa-c35d9--edge-No-transactions-state-webkit/video.webm]]

[[ATTACHMENT|transaction-history-Transa-c35d9--edge-No-transactions-state-webkit/error-context.md]]
]]>
</system-out>
</testcase>
<testcase name="Transaction History &amp; Tracking › @edge Large transaction amounts" classname="transaction-history.spec.ts" time="7.107">
<failure message="transaction-history.spec.ts:497:7 @edge Large transaction amounts" type="FAILURE">
<![CDATA[  [webkit] › transaction-history.spec.ts:497:7 › Transaction History & Tracking › @edge Large transaction amounts 

    Error: Timed out 5000ms waiting for expect(locator).toBeVisible()

    Locator: locator('text=$999,999,999.99')
    Expected: visible
    Received: <element(s) not found>
    Call log:
      - Expect "toBeVisible" with timeout 5000ms
      - waiting for locator('text=$999,999,999.99')


      517 |     
      518 |     // Verify large amount displays correctly
    > 519 |     await expect(page.locator('text=$999,999,999.99')).toBeVisible();
          |                                                        ^
      520 |   });
      521 |
      522 |   test('@edge Failed/cancelled transactions', async ({ page }) => {
        at /Users/gailad/Documents/Dev Projects/PacheduConnect/tests/e2e/transaction-history.spec.ts:519:56

    attachment #1: screenshot (image/png) ──────────────────────────────────────────────────────────
    ../../test-results/transaction-history-Transa-19010-e-Large-transaction-amounts-webkit/test-failed-1.png
    ────────────────────────────────────────────────────────────────────────────────────────────────

    attachment #2: video (video/webm) ──────────────────────────────────────────────────────────────
    ../../test-results/transaction-history-Transa-19010-e-Large-transaction-amounts-webkit/video.webm
    ────────────────────────────────────────────────────────────────────────────────────────────────

    Error Context: ../../test-results/transaction-history-Transa-19010-e-Large-transaction-amounts-webkit/error-context.md
]]>
</failure>
<system-out>
<![CDATA[
[[ATTACHMENT|transaction-history-Transa-19010-e-Large-transaction-amounts-webkit/test-failed-1.png]]

[[ATTACHMENT|transaction-history-Transa-19010-e-Large-transaction-amounts-webkit/video.webm]]

[[ATTACHMENT|transaction-history-Transa-19010-e-Large-transaction-amounts-webkit/error-context.md]]
]]>
</system-out>
</testcase>
<testcase name="Transaction History &amp; Tracking › @edge Failed/cancelled transactions" classname="transaction-history.spec.ts" time="7.272">
<failure message="transaction-history.spec.ts:522:7 @edge Failed/cancelled transactions" type="FAILURE">
<![CDATA[  [webkit] › transaction-history.spec.ts:522:7 › Transaction History & Tracking › @edge Failed/cancelled transactions 

    Error: Timed out 5000ms waiting for expect(locator).toBeVisible()

    Locator: locator('text=Failed')
    Expected: visible
    Received: <element(s) not found>
    Call log:
      - Expect "toBeVisible" with timeout 5000ms
      - waiting for locator('text=Failed')


      542 |     
      543 |     // Verify failed transaction display
    > 544 |     await expect(page.locator('text=Failed')).toBeVisible();
          |                                               ^
      545 |     await expect(page.locator('text=Insufficient funds')).toBeVisible();
      546 |     
      547 |     // Test retry functionality
        at /Users/gailad/Documents/Dev Projects/PacheduConnect/tests/e2e/transaction-history.spec.ts:544:47

    attachment #1: screenshot (image/png) ──────────────────────────────────────────────────────────
    ../../test-results/transaction-history-Transa-2ab61-iled-cancelled-transactions-webkit/test-failed-1.png
    ────────────────────────────────────────────────────────────────────────────────────────────────

    attachment #2: video (video/webm) ──────────────────────────────────────────────────────────────
    ../../test-results/transaction-history-Transa-2ab61-iled-cancelled-transactions-webkit/video.webm
    ────────────────────────────────────────────────────────────────────────────────────────────────

    Error Context: ../../test-results/transaction-history-Transa-2ab61-iled-cancelled-transactions-webkit/error-context.md
]]>
</failure>
<system-out>
<![CDATA[
[[ATTACHMENT|transaction-history-Transa-2ab61-iled-cancelled-transactions-webkit/test-failed-1.png]]

[[ATTACHMENT|transaction-history-Transa-2ab61-iled-cancelled-transactions-webkit/video.webm]]

[[ATTACHMENT|transaction-history-Transa-2ab61-iled-cancelled-transactions-webkit/error-context.md]]
]]>
</system-out>
</testcase>
<testcase name="Transaction History &amp; Tracking › @edge Corrupted data handling" classname="transaction-history.spec.ts" time="6.418">
<failure message="transaction-history.spec.ts:552:7 @edge Corrupted data handling" type="FAILURE">
<![CDATA[  [webkit] › transaction-history.spec.ts:552:7 › Transaction History & Tracking › @edge Corrupted data handling 

    Error: Timed out 5000ms waiting for expect(locator).toBeVisible()

    Locator: locator('text=Error loading transactions')
    Expected: visible
    Received: <element(s) not found>
    Call log:
      - Expect "toBeVisible" with timeout 5000ms
      - waiting for locator('text=Error loading transactions')


      563 |     
      564 |     // Verify error handling
    > 565 |     await expect(page.locator('text=Error loading transactions')).toBeVisible();
          |                                                                   ^
      566 |     await expect(page.locator('button:has-text("Retry")')).toBeVisible();
      567 |   });
      568 |
        at /Users/gailad/Documents/Dev Projects/PacheduConnect/tests/e2e/transaction-history.spec.ts:565:67

    attachment #1: screenshot (image/png) ──────────────────────────────────────────────────────────
    ../../test-results/transaction-history-Transa-f77b3-dge-Corrupted-data-handling-webkit/test-failed-1.png
    ────────────────────────────────────────────────────────────────────────────────────────────────

    attachment #2: video (video/webm) ──────────────────────────────────────────────────────────────
    ../../test-results/transaction-history-Transa-f77b3-dge-Corrupted-data-handling-webkit/video.webm
    ────────────────────────────────────────────────────────────────────────────────────────────────

    Error Context: ../../test-results/transaction-history-Transa-f77b3-dge-Corrupted-data-handling-webkit/error-context.md
]]>
</failure>
<system-out>
<![CDATA[
[[ATTACHMENT|transaction-history-Transa-f77b3-dge-Corrupted-data-handling-webkit/test-failed-1.png]]

[[ATTACHMENT|transaction-history-Transa-f77b3-dge-Corrupted-data-handling-webkit/video.webm]]

[[ATTACHMENT|transaction-history-Transa-f77b3-dge-Corrupted-data-handling-webkit/error-context.md]]
]]>
</system-out>
</testcase>
<testcase name="Transaction History &amp; Tracking › @mobile Mobile transaction list view" classname="transaction-history.spec.ts" time="6.575">
<failure message="transaction-history.spec.ts:570:7 @mobile Mobile transaction list view" type="FAILURE">
<![CDATA[  [webkit] › transaction-history.spec.ts:570:7 › Transaction History & Tracking › @mobile Mobile transaction list view 

    Error: Timed out 5000ms waiting for expect(locator).toBeVisible()

    Locator: locator('[data-testid="mobile-transaction-card"]')
    Expected: visible
    Received: <element(s) not found>
    Call log:
      - Expect "toBeVisible" with timeout 5000ms
      - waiting for locator('[data-testid="mobile-transaction-card"]')


      575 |     
      576 |     // Verify mobile-optimized layout
    > 577 |     await expect(page.locator('[data-testid="mobile-transaction-card"]')).toBeVisible();
          |                                                                           ^
      578 |     
      579 |     // Test mobile-specific interactions
      580 |     await page.click('[data-testid="mobile-transaction-card"]:first-child');
        at /Users/gailad/Documents/Dev Projects/PacheduConnect/tests/e2e/transaction-history.spec.ts:577:75

    attachment #1: screenshot (image/png) ──────────────────────────────────────────────────────────
    ../../test-results/transaction-history-Transa-762ad-obile-transaction-list-view-webkit/test-failed-1.png
    ────────────────────────────────────────────────────────────────────────────────────────────────

    attachment #2: video (video/webm) ──────────────────────────────────────────────────────────────
    ../../test-results/transaction-history-Transa-762ad-obile-transaction-list-view-webkit/video.webm
    ────────────────────────────────────────────────────────────────────────────────────────────────

    Error Context: ../../test-results/transaction-history-Transa-762ad-obile-transaction-list-view-webkit/error-context.md
]]>
</failure>
<system-out>
<![CDATA[
[[ATTACHMENT|transaction-history-Transa-762ad-obile-transaction-list-view-webkit/test-failed-1.png]]

[[ATTACHMENT|transaction-history-Transa-762ad-obile-transaction-list-view-webkit/video.webm]]

[[ATTACHMENT|transaction-history-Transa-762ad-obile-transaction-list-view-webkit/error-context.md]]
]]>
</system-out>
</testcase>
<testcase name="Transaction History &amp; Tracking › @mobile Mobile filters and search" classname="transaction-history.spec.ts" time="30.121">
<failure message="transaction-history.spec.ts:588:7 @mobile Mobile filters and search" type="FAILURE">
<![CDATA[  [webkit] › transaction-history.spec.ts:588:7 › Transaction History & Tracking › @mobile Mobile filters and search 

    Test timeout of 30000ms exceeded.

    Error: page.click: Test timeout of 30000ms exceeded.
    Call log:
      - waiting for locator('button[aria-label="Open filters"]')


      592 |     
      593 |     // Open mobile filter menu
    > 594 |     await page.click('button[aria-label="Open filters"]');
          |                ^
      595 |     
      596 |     // Verify mobile filter interface
      597 |     await expect(page.locator('[data-testid="mobile-filters"]')).toBeVisible();
        at /Users/gailad/Documents/Dev Projects/PacheduConnect/tests/e2e/transaction-history.spec.ts:594:16

    attachment #1: screenshot (image/png) ──────────────────────────────────────────────────────────
    ../../test-results/transaction-history-Transa-729b7-e-Mobile-filters-and-search-webkit/test-failed-1.png
    ────────────────────────────────────────────────────────────────────────────────────────────────

    attachment #2: video (video/webm) ──────────────────────────────────────────────────────────────
    ../../test-results/transaction-history-Transa-729b7-e-Mobile-filters-and-search-webkit/video.webm
    ────────────────────────────────────────────────────────────────────────────────────────────────

    Error Context: ../../test-results/transaction-history-Transa-729b7-e-Mobile-filters-and-search-webkit/error-context.md
]]>
</failure>
<system-out>
<![CDATA[
[[ATTACHMENT|transaction-history-Transa-729b7-e-Mobile-filters-and-search-webkit/test-failed-1.png]]

[[ATTACHMENT|transaction-history-Transa-729b7-e-Mobile-filters-and-search-webkit/video.webm]]

[[ATTACHMENT|transaction-history-Transa-729b7-e-Mobile-filters-and-search-webkit/error-context.md]]
]]>
</system-out>
</testcase>
<testcase name="Transaction History &amp; Tracking › @mobile Mobile bulk actions" classname="transaction-history.spec.ts" time="30.114">
<failure message="transaction-history.spec.ts:609:7 @mobile Mobile bulk actions" type="FAILURE">
<![CDATA[  [webkit] › transaction-history.spec.ts:609:7 › Transaction History & Tracking › @mobile Mobile bulk actions 

    Test timeout of 30000ms exceeded.

    Error: page.click: Test timeout of 30000ms exceeded.
    Call log:
      - waiting for locator('[data-testid="mobile-transaction-card"]:first-child')


      613 |     
      614 |     // Long press to select (mobile gesture)
    > 615 |     await page.click('[data-testid="mobile-transaction-card"]:first-child', { button: 'right' });
          |                ^
      616 |     await expect(page.locator('[data-testid="mobile-selection-mode"]')).toBeVisible();
      617 |     
      618 |     // Select multiple items
        at /Users/gailad/Documents/Dev Projects/PacheduConnect/tests/e2e/transaction-history.spec.ts:615:16

    attachment #1: screenshot (image/png) ──────────────────────────────────────────────────────────
    ../../test-results/transaction-history-Transa-e69f3--mobile-Mobile-bulk-actions-webkit/test-failed-1.png
    ────────────────────────────────────────────────────────────────────────────────────────────────

    attachment #2: video (video/webm) ──────────────────────────────────────────────────────────────
    ../../test-results/transaction-history-Transa-e69f3--mobile-Mobile-bulk-actions-webkit/video.webm
    ────────────────────────────────────────────────────────────────────────────────────────────────

    Error Context: ../../test-results/transaction-history-Transa-e69f3--mobile-Mobile-bulk-actions-webkit/error-context.md
]]>
</failure>
<system-out>
<![CDATA[
[[ATTACHMENT|transaction-history-Transa-e69f3--mobile-Mobile-bulk-actions-webkit/test-failed-1.png]]

[[ATTACHMENT|transaction-history-Transa-e69f3--mobile-Mobile-bulk-actions-webkit/video.webm]]

[[ATTACHMENT|transaction-history-Transa-e69f3--mobile-Mobile-bulk-actions-webkit/error-context.md]]
]]>
</system-out>
</testcase>
<testcase name="Transaction History &amp; Tracking › @mobile Mobile dispute flow" classname="transaction-history.spec.ts" time="30.094">
<failure message="transaction-history.spec.ts:628:7 @mobile Mobile dispute flow" type="FAILURE">
<![CDATA[  [webkit] › transaction-history.spec.ts:628:7 › Transaction History & Tracking › @mobile Mobile dispute flow 

    Test timeout of 30000ms exceeded.

    Error: page.click: Test timeout of 30000ms exceeded.
    Call log:
      - waiting for locator('[data-testid="mobile-transaction-card"]:first-child')


      630 |     
      631 |     await page.goto('/transactions');
    > 632 |     await page.click('[data-testid="mobile-transaction-card"]:first-child');
          |                ^
      633 |     
      634 |     // Open mobile dispute form
      635 |     await page.click('button:has-text("Report Issue")');
        at /Users/gailad/Documents/Dev Projects/PacheduConnect/tests/e2e/transaction-history.spec.ts:632:16

    attachment #1: screenshot (image/png) ──────────────────────────────────────────────────────────
    ../../test-results/transaction-history-Transa-19a14--mobile-Mobile-dispute-flow-webkit/test-failed-1.png
    ────────────────────────────────────────────────────────────────────────────────────────────────

    attachment #2: video (video/webm) ──────────────────────────────────────────────────────────────
    ../../test-results/transaction-history-Transa-19a14--mobile-Mobile-dispute-flow-webkit/video.webm
    ────────────────────────────────────────────────────────────────────────────────────────────────

    Error Context: ../../test-results/transaction-history-Transa-19a14--mobile-Mobile-dispute-flow-webkit/error-context.md
]]>
</failure>
<system-out>
<![CDATA[
[[ATTACHMENT|transaction-history-Transa-19a14--mobile-Mobile-dispute-flow-webkit/test-failed-1.png]]

[[ATTACHMENT|transaction-history-Transa-19a14--mobile-Mobile-dispute-flow-webkit/video.webm]]

[[ATTACHMENT|transaction-history-Transa-19a14--mobile-Mobile-dispute-flow-webkit/error-context.md]]
]]>
</system-out>
</testcase>
<testcase name="Transaction History &amp; Tracking › @mobile Mobile accessibility" classname="transaction-history.spec.ts" time="6.822">
<failure message="transaction-history.spec.ts:651:7 @mobile Mobile accessibility" type="FAILURE">
<![CDATA[  [webkit] › transaction-history.spec.ts:651:7 › Transaction History & Tracking › @mobile Mobile accessibility 

    Error: Timed out 5000ms waiting for expect(locator).toBeVisible()

    Locator: locator('[aria-label*="transaction"]')
    Expected: visible
    Received: <element(s) not found>
    Call log:
      - Expect "toBeVisible" with timeout 5000ms
      - waiting for locator('[aria-label*="transaction"]')


      655 |     
      656 |     // Test mobile screen reader compatibility
    > 657 |     await expect(page.locator('[aria-label*="transaction"]')).toBeVisible();
          |                                                               ^
      658 |     
      659 |     // Test mobile keyboard navigation
      660 |     await page.keyboard.press('Tab');
        at /Users/gailad/Documents/Dev Projects/PacheduConnect/tests/e2e/transaction-history.spec.ts:657:63

    attachment #1: screenshot (image/png) ──────────────────────────────────────────────────────────
    ../../test-results/transaction-history-Transa-5f924-mobile-Mobile-accessibility-webkit/test-failed-1.png
    ────────────────────────────────────────────────────────────────────────────────────────────────

    attachment #2: video (video/webm) ──────────────────────────────────────────────────────────────
    ../../test-results/transaction-history-Transa-5f924-mobile-Mobile-accessibility-webkit/video.webm
    ────────────────────────────────────────────────────────────────────────────────────────────────

    Error Context: ../../test-results/transaction-history-Transa-5f924-mobile-Mobile-accessibility-webkit/error-context.md
]]>
</failure>
<system-out>
<![CDATA[
[[ATTACHMENT|transaction-history-Transa-5f924-mobile-Mobile-accessibility-webkit/test-failed-1.png]]

[[ATTACHMENT|transaction-history-Transa-5f924-mobile-Mobile-accessibility-webkit/video.webm]]

[[ATTACHMENT|transaction-history-Transa-5f924-mobile-Mobile-accessibility-webkit/error-context.md]]
]]>
</system-out>
</testcase>
</testsuite>
<testsuite name="login-biometric.spec.ts" timestamp="2025-07-14T13:04:14.079Z" hostname="Mobile Chrome" tests="7" failures="7" skipped="0" time="189.379" errors="0">
<testcase name="Login and Biometric Authentication › @login Successful login with valid credentials" classname="login-biometric.spec.ts" time="30.621">
<failure message="login-biometric.spec.ts:8:7 @login Successful login with valid credentials" type="FAILURE">
<![CDATA[  [Mobile Chrome] › login-biometric.spec.ts:8:7 › Login and Biometric Authentication › @login Successful login with valid credentials 

    Test timeout of 30000ms exceeded.

    Error: page.fill: Test timeout of 30000ms exceeded.
    Call log:
      - waiting for locator('input[placeholder*="email"]')


       8 |   test('@login Successful login with valid credentials', async ({ page }) => {
       9 |     // Fill login form
    > 10 |     await page.fill('input[placeholder*="email"]', 'test@example.com');
         |                ^
      11 |     await page.fill('input[placeholder*="password"]', 'password123');
      12 |     
      13 |     // Submit login
        at /Users/gailad/Documents/Dev Projects/PacheduConnect/tests/e2e/login-biometric.spec.ts:10:16

    attachment #1: screenshot (image/png) ──────────────────────────────────────────────────────────
    ../../test-results/login-biometric-Login-and--c5ada-ogin-with-valid-credentials-Mobile-Chrome/test-failed-1.png
    ────────────────────────────────────────────────────────────────────────────────────────────────

    attachment #2: video (video/webm) ──────────────────────────────────────────────────────────────
    ../../test-results/login-biometric-Login-and--c5ada-ogin-with-valid-credentials-Mobile-Chrome/video.webm
    ────────────────────────────────────────────────────────────────────────────────────────────────

    Error Context: ../../test-results/login-biometric-Login-and--c5ada-ogin-with-valid-credentials-Mobile-Chrome/error-context.md
]]>
</failure>
<system-out>
<![CDATA[
[[ATTACHMENT|login-biometric-Login-and--c5ada-ogin-with-valid-credentials-Mobile-Chrome/test-failed-1.png]]

[[ATTACHMENT|login-biometric-Login-and--c5ada-ogin-with-valid-credentials-Mobile-Chrome/video.webm]]

[[ATTACHMENT|login-biometric-Login-and--c5ada-ogin-with-valid-credentials-Mobile-Chrome/error-context.md]]
]]>
</system-out>
</testcase>
<testcase name="Login and Biometric Authentication › @login Login validation errors" classname="login-biometric.spec.ts" time="30.667">
<failure message="login-biometric.spec.ts:24:7 @login Login validation errors" type="FAILURE">
<![CDATA[  [Mobile Chrome] › login-biometric.spec.ts:24:7 › Login and Biometric Authentication › @login Login validation errors 

    Test timeout of 30000ms exceeded.

    Error: page.click: Test timeout of 30000ms exceeded.
    Call log:
      - waiting for locator('button[type="submit"]')


      24 |   test('@login Login validation errors', async ({ page }) => {
      25 |     // Test empty form
    > 26 |     await page.click('button[type="submit"]');
         |                ^
      27 |     await expect(page.locator('text=required')).toBeVisible();
      28 |     
      29 |     // Test invalid credentials
        at /Users/gailad/Documents/Dev Projects/PacheduConnect/tests/e2e/login-biometric.spec.ts:26:16

    attachment #1: screenshot (image/png) ──────────────────────────────────────────────────────────
    ../../test-results/login-biometric-Login-and--733f4-gin-Login-validation-errors-Mobile-Chrome/test-failed-1.png
    ────────────────────────────────────────────────────────────────────────────────────────────────

    attachment #2: video (video/webm) ──────────────────────────────────────────────────────────────
    ../../test-results/login-biometric-Login-and--733f4-gin-Login-validation-errors-Mobile-Chrome/video.webm
    ────────────────────────────────────────────────────────────────────────────────────────────────

    Error Context: ../../test-results/login-biometric-Login-and--733f4-gin-Login-validation-errors-Mobile-Chrome/error-context.md
]]>
</failure>
<system-out>
<![CDATA[
[[ATTACHMENT|login-biometric-Login-and--733f4-gin-Login-validation-errors-Mobile-Chrome/test-failed-1.png]]

[[ATTACHMENT|login-biometric-Login-and--733f4-gin-Login-validation-errors-Mobile-Chrome/video.webm]]

[[ATTACHMENT|login-biometric-Login-and--733f4-gin-Login-validation-errors-Mobile-Chrome/error-context.md]]
]]>
</system-out>
</testcase>
<testcase name="Login and Biometric Authentication › @login Password reset flow" classname="login-biometric.spec.ts" time="30.561">
<failure message="login-biometric.spec.ts:37:7 @login Password reset flow" type="FAILURE">
<![CDATA[  [Mobile Chrome] › login-biometric.spec.ts:37:7 › Login and Biometric Authentication › @login Password reset flow 

    Test timeout of 30000ms exceeded.

    Error: page.fill: Test timeout of 30000ms exceeded.
    Call log:
      - waiting for locator('input[placeholder*="email"]')


      40 |     
      41 |     // Fill email for password reset
    > 42 |     await page.fill('input[placeholder*="email"]', 'test@example.com');
         |                ^
      43 |     await page.click('button[type="submit"]');
      44 |     
      45 |     // Verify OTP sent message
        at /Users/gailad/Documents/Dev Projects/PacheduConnect/tests/e2e/login-biometric.spec.ts:42:16

    attachment #1: screenshot (image/png) ──────────────────────────────────────────────────────────
    ../../test-results/login-biometric-Login-and--1e0bb-n-login-Password-reset-flow-Mobile-Chrome/test-failed-1.png
    ────────────────────────────────────────────────────────────────────────────────────────────────

    attachment #2: video (video/webm) ──────────────────────────────────────────────────────────────
    ../../test-results/login-biometric-Login-and--1e0bb-n-login-Password-reset-flow-Mobile-Chrome/video.webm
    ────────────────────────────────────────────────────────────────────────────────────────────────

    Error Context: ../../test-results/login-biometric-Login-and--1e0bb-n-login-Password-reset-flow-Mobile-Chrome/error-context.md
]]>
</failure>
<system-out>
<![CDATA[
[[ATTACHMENT|login-biometric-Login-and--1e0bb-n-login-Password-reset-flow-Mobile-Chrome/test-failed-1.png]]

[[ATTACHMENT|login-biometric-Login-and--1e0bb-n-login-Password-reset-flow-Mobile-Chrome/video.webm]]

[[ATTACHMENT|login-biometric-Login-and--1e0bb-n-login-Password-reset-flow-Mobile-Chrome/error-context.md]]
]]>
</system-out>
</testcase>
<testcase name="Login and Biometric Authentication › @login Biometric authentication prompt" classname="login-biometric.spec.ts" time="30.618">
<failure message="login-biometric.spec.ts:58:7 @login Biometric authentication prompt" type="FAILURE">
<![CDATA[  [Mobile Chrome] › login-biometric.spec.ts:58:7 › Login and Biometric Authentication › @login Biometric authentication prompt 

    Test timeout of 30000ms exceeded.

    Error: page.fill: Test timeout of 30000ms exceeded.
    Call log:
      - waiting for locator('input[placeholder*="email"]')


      68 |     
      69 |     // Login first
    > 70 |     await page.fill('input[placeholder*="email"]', 'test@example.com');
         |                ^
      71 |     await page.fill('input[placeholder*="password"]', 'password123');
      72 |     await page.click('button[type="submit"]');
      73 |     
        at /Users/gailad/Documents/Dev Projects/PacheduConnect/tests/e2e/login-biometric.spec.ts:70:16

    attachment #1: screenshot (image/png) ──────────────────────────────────────────────────────────
    ../../test-results/login-biometric-Login-and--67027-etric-authentication-prompt-Mobile-Chrome/test-failed-1.png
    ────────────────────────────────────────────────────────────────────────────────────────────────

    attachment #2: video (video/webm) ──────────────────────────────────────────────────────────────
    ../../test-results/login-biometric-Login-and--67027-etric-authentication-prompt-Mobile-Chrome/video.webm
    ────────────────────────────────────────────────────────────────────────────────────────────────

    Error Context: ../../test-results/login-biometric-Login-and--67027-etric-authentication-prompt-Mobile-Chrome/error-context.md
]]>
</failure>
<system-out>
<![CDATA[
[[ATTACHMENT|login-biometric-Login-and--67027-etric-authentication-prompt-Mobile-Chrome/test-failed-1.png]]

[[ATTACHMENT|login-biometric-Login-and--67027-etric-authentication-prompt-Mobile-Chrome/video.webm]]

[[ATTACHMENT|login-biometric-Login-and--67027-etric-authentication-prompt-Mobile-Chrome/error-context.md]]
]]>
</system-out>
</testcase>
<testcase name="Login and Biometric Authentication › @login Biometric login flow" classname="login-biometric.spec.ts" time="5.797">
<failure message="login-biometric.spec.ts:91:7 @login Biometric login flow" type="FAILURE">
<![CDATA[  [Mobile Chrome] › login-biometric.spec.ts:91:7 › Login and Biometric Authentication › @login Biometric login flow 

    Error: Timed out 5000ms waiting for expect(locator).toBeVisible()

    Locator: locator('text=Login with biometrics')
    Expected: visible
    Received: <element(s) not found>
    Call log:
      - Expect "toBeVisible" with timeout 5000ms
      - waiting for locator('text=Login with biometrics')


      104 |     
      105 |     // Should show biometric login option
    > 106 |     await expect(page.locator('text=Login with biometrics')).toBeVisible();
          |                                                              ^
      107 |     
      108 |     // Click biometric login
      109 |     await page.click('button:has-text("Login with biometrics")');
        at /Users/gailad/Documents/Dev Projects/PacheduConnect/tests/e2e/login-biometric.spec.ts:106:62

    attachment #1: screenshot (image/png) ──────────────────────────────────────────────────────────
    ../../test-results/login-biometric-Login-and--80bd0--login-Biometric-login-flow-Mobile-Chrome/test-failed-1.png
    ────────────────────────────────────────────────────────────────────────────────────────────────

    attachment #2: video (video/webm) ──────────────────────────────────────────────────────────────
    ../../test-results/login-biometric-Login-and--80bd0--login-Biometric-login-flow-Mobile-Chrome/video.webm
    ────────────────────────────────────────────────────────────────────────────────────────────────

    Error Context: ../../test-results/login-biometric-Login-and--80bd0--login-Biometric-login-flow-Mobile-Chrome/error-context.md
]]>
</failure>
<system-out>
<![CDATA[
[[ATTACHMENT|login-biometric-Login-and--80bd0--login-Biometric-login-flow-Mobile-Chrome/test-failed-1.png]]

[[ATTACHMENT|login-biometric-Login-and--80bd0--login-Biometric-login-flow-Mobile-Chrome/video.webm]]

[[ATTACHMENT|login-biometric-Login-and--80bd0--login-Biometric-login-flow-Mobile-Chrome/error-context.md]]
]]>
</system-out>
</testcase>
<testcase name="Login and Biometric Authentication › @login Session management" classname="login-biometric.spec.ts" time="30.533">
<failure message="login-biometric.spec.ts:122:7 @login Session management" type="FAILURE">
<![CDATA[  [Mobile Chrome] › login-biometric.spec.ts:122:7 › Login and Biometric Authentication › @login Session management 

    Test timeout of 30000ms exceeded.

    Error: page.fill: Test timeout of 30000ms exceeded.
    Call log:
      - waiting for locator('input[placeholder*="email"]')


      122 |   test('@login Session management', async ({ page }) => {
      123 |     // Login first
    > 124 |     await page.fill('input[placeholder*="email"]', 'test@example.com');
          |                ^
      125 |     await page.fill('input[placeholder*="password"]', 'password123');
      126 |     await page.click('button[type="submit"]');
      127 |     
        at /Users/gailad/Documents/Dev Projects/PacheduConnect/tests/e2e/login-biometric.spec.ts:124:16

    attachment #1: screenshot (image/png) ──────────────────────────────────────────────────────────
    ../../test-results/login-biometric-Login-and--cc850-on-login-Session-management-Mobile-Chrome/test-failed-1.png
    ────────────────────────────────────────────────────────────────────────────────────────────────

    attachment #2: video (video/webm) ──────────────────────────────────────────────────────────────
    ../../test-results/login-biometric-Login-and--cc850-on-login-Session-management-Mobile-Chrome/video.webm
    ────────────────────────────────────────────────────────────────────────────────────────────────

    Error Context: ../../test-results/login-biometric-Login-and--cc850-on-login-Session-management-Mobile-Chrome/error-context.md
]]>
</failure>
<system-out>
<![CDATA[
[[ATTACHMENT|login-biometric-Login-and--cc850-on-login-Session-management-Mobile-Chrome/test-failed-1.png]]

[[ATTACHMENT|login-biometric-Login-and--cc850-on-login-Session-management-Mobile-Chrome/video.webm]]

[[ATTACHMENT|login-biometric-Login-and--cc850-on-login-Session-management-Mobile-Chrome/error-context.md]]
]]>
</system-out>
</testcase>
<testcase name="Login and Biometric Authentication › @login Offline login handling" classname="login-biometric.spec.ts" time="30.582">
<failure message="login-biometric.spec.ts:145:7 @login Offline login handling" type="FAILURE">
<![CDATA[  [Mobile Chrome] › login-biometric.spec.ts:145:7 › Login and Biometric Authentication › @login Offline login handling 

    Test timeout of 30000ms exceeded.

    Error: page.fill: Test timeout of 30000ms exceeded.
    Call log:
      - waiting for locator('input[placeholder*="email"]')


      148 |     
      149 |     // Try to login
    > 150 |     await page.fill('input[placeholder*="email"]', 'test@example.com');
          |                ^
      151 |     await page.fill('input[placeholder*="password"]', 'password123');
      152 |     await page.click('button[type="submit"]');
      153 |     
        at /Users/gailad/Documents/Dev Projects/PacheduConnect/tests/e2e/login-biometric.spec.ts:150:16

    attachment #1: screenshot (image/png) ──────────────────────────────────────────────────────────
    ../../test-results/login-biometric-Login-and--3bab3-ogin-Offline-login-handling-Mobile-Chrome/test-failed-1.png
    ────────────────────────────────────────────────────────────────────────────────────────────────

    attachment #2: video (video/webm) ──────────────────────────────────────────────────────────────
    ../../test-results/login-biometric-Login-and--3bab3-ogin-Offline-login-handling-Mobile-Chrome/video.webm
    ────────────────────────────────────────────────────────────────────────────────────────────────

    Error Context: ../../test-results/login-biometric-Login-and--3bab3-ogin-Offline-login-handling-Mobile-Chrome/error-context.md
]]>
</failure>
<system-out>
<![CDATA[
[[ATTACHMENT|login-biometric-Login-and--3bab3-ogin-Offline-login-handling-Mobile-Chrome/test-failed-1.png]]

[[ATTACHMENT|login-biometric-Login-and--3bab3-ogin-Offline-login-handling-Mobile-Chrome/video.webm]]

[[ATTACHMENT|login-biometric-Login-and--3bab3-ogin-Offline-login-handling-Mobile-Chrome/error-context.md]]
]]>
</system-out>
</testcase>
</testsuite>
<testsuite name="registration-kyc.spec.ts" timestamp="2025-07-14T13:04:14.079Z" hostname="Mobile Chrome" tests="4" failures="4" skipped="0" time="22.37" errors="0">
<testcase name="Registration &amp; KYC Flow › @registration Complete registration and KYC flow" classname="registration-kyc.spec.ts" time="5.636">
<failure message="registration-kyc.spec.ts:10:7 @registration Complete registration and KYC flow" type="FAILURE">
<![CDATA[  [Mobile Chrome] › registration-kyc.spec.ts:10:7 › Registration & KYC Flow › @registration Complete registration and KYC flow 

    Error: Timed out 5000ms waiting for expect(page).toHaveTitle(expected)

    Expected pattern: /PacheduConnect/
    Received string:  "Pachedu - Send Money to Zimbabwe from South Africa"
    Call log:
      - Expect "toHaveTitle" with timeout 5000ms
        9 × unexpected value "Pachedu - Send Money to Zimbabwe from South Africa"


       5 |     // Navigate to homepage
       6 |     await page.goto('/');
    >  7 |     await expect(page).toHaveTitle(/PacheduConnect/);
         |                        ^
       8 |   });
       9 |
      10 |   test('@registration Complete registration and KYC flow', async ({ page }) => {
        at /Users/gailad/Documents/Dev Projects/PacheduConnect/tests/e2e/registration-kyc.spec.ts:7:24

    attachment #1: screenshot (image/png) ──────────────────────────────────────────────────────────
    ../../test-results/registration-kyc-Registrat-1593a-e-registration-and-KYC-flow-Mobile-Chrome/test-failed-1.png
    ────────────────────────────────────────────────────────────────────────────────────────────────

    attachment #2: video (video/webm) ──────────────────────────────────────────────────────────────
    ../../test-results/registration-kyc-Registrat-1593a-e-registration-and-KYC-flow-Mobile-Chrome/video.webm
    ────────────────────────────────────────────────────────────────────────────────────────────────

    Error Context: ../../test-results/registration-kyc-Registrat-1593a-e-registration-and-KYC-flow-Mobile-Chrome/error-context.md
]]>
</failure>
<system-out>
<![CDATA[
[[ATTACHMENT|registration-kyc-Registrat-1593a-e-registration-and-KYC-flow-Mobile-Chrome/test-failed-1.png]]

[[ATTACHMENT|registration-kyc-Registrat-1593a-e-registration-and-KYC-flow-Mobile-Chrome/video.webm]]

[[ATTACHMENT|registration-kyc-Registrat-1593a-e-registration-and-KYC-flow-Mobile-Chrome/error-context.md]]
]]>
</system-out>
</testcase>
<testcase name="Registration &amp; KYC Flow › @registration Registration form validation" classname="registration-kyc.spec.ts" time="5.657">
<failure message="registration-kyc.spec.ts:73:7 @registration Registration form validation" type="FAILURE">
<![CDATA[  [Mobile Chrome] › registration-kyc.spec.ts:73:7 › Registration & KYC Flow › @registration Registration form validation 

    Error: Timed out 5000ms waiting for expect(page).toHaveTitle(expected)

    Expected pattern: /PacheduConnect/
    Received string:  "Pachedu - Send Money to Zimbabwe from South Africa"
    Call log:
      - Expect "toHaveTitle" with timeout 5000ms
        9 × unexpected value "Pachedu - Send Money to Zimbabwe from South Africa"


       5 |     // Navigate to homepage
       6 |     await page.goto('/');
    >  7 |     await expect(page).toHaveTitle(/PacheduConnect/);
         |                        ^
       8 |   });
       9 |
      10 |   test('@registration Complete registration and KYC flow', async ({ page }) => {
        at /Users/gailad/Documents/Dev Projects/PacheduConnect/tests/e2e/registration-kyc.spec.ts:7:24

    attachment #1: screenshot (image/png) ──────────────────────────────────────────────────────────
    ../../test-results/registration-kyc-Registrat-ded3a-egistration-form-validation-Mobile-Chrome/test-failed-1.png
    ────────────────────────────────────────────────────────────────────────────────────────────────

    attachment #2: video (video/webm) ──────────────────────────────────────────────────────────────
    ../../test-results/registration-kyc-Registrat-ded3a-egistration-form-validation-Mobile-Chrome/video.webm
    ────────────────────────────────────────────────────────────────────────────────────────────────

    Error Context: ../../test-results/registration-kyc-Registrat-ded3a-egistration-form-validation-Mobile-Chrome/error-context.md
]]>
</failure>
<system-out>
<![CDATA[
[[ATTACHMENT|registration-kyc-Registrat-ded3a-egistration-form-validation-Mobile-Chrome/test-failed-1.png]]

[[ATTACHMENT|registration-kyc-Registrat-ded3a-egistration-form-validation-Mobile-Chrome/video.webm]]

[[ATTACHMENT|registration-kyc-Registrat-ded3a-egistration-form-validation-Mobile-Chrome/error-context.md]]
]]>
</system-out>
</testcase>
<testcase name="Registration &amp; KYC Flow › @registration KYC document upload validation" classname="registration-kyc.spec.ts" time="5.529">
<failure message="registration-kyc.spec.ts:96:7 @registration KYC document upload validation" type="FAILURE">
<![CDATA[  [Mobile Chrome] › registration-kyc.spec.ts:96:7 › Registration & KYC Flow › @registration KYC document upload validation 

    Error: Timed out 5000ms waiting for expect(page).toHaveTitle(expected)

    Expected pattern: /PacheduConnect/
    Received string:  "Pachedu - Send Money to Zimbabwe from South Africa"
    Call log:
      - Expect "toHaveTitle" with timeout 5000ms
        9 × unexpected value "Pachedu - Send Money to Zimbabwe from South Africa"


       5 |     // Navigate to homepage
       6 |     await page.goto('/');
    >  7 |     await expect(page).toHaveTitle(/PacheduConnect/);
         |                        ^
       8 |   });
       9 |
      10 |   test('@registration Complete registration and KYC flow', async ({ page }) => {
        at /Users/gailad/Documents/Dev Projects/PacheduConnect/tests/e2e/registration-kyc.spec.ts:7:24

    attachment #1: screenshot (image/png) ──────────────────────────────────────────────────────────
    ../../test-results/registration-kyc-Registrat-31361--document-upload-validation-Mobile-Chrome/test-failed-1.png
    ────────────────────────────────────────────────────────────────────────────────────────────────

    attachment #2: video (video/webm) ──────────────────────────────────────────────────────────────
    ../../test-results/registration-kyc-Registrat-31361--document-upload-validation-Mobile-Chrome/video.webm
    ────────────────────────────────────────────────────────────────────────────────────────────────

    Error Context: ../../test-results/registration-kyc-Registrat-31361--document-upload-validation-Mobile-Chrome/error-context.md
]]>
</failure>
<system-out>
<![CDATA[
[[ATTACHMENT|registration-kyc-Registrat-31361--document-upload-validation-Mobile-Chrome/test-failed-1.png]]

[[ATTACHMENT|registration-kyc-Registrat-31361--document-upload-validation-Mobile-Chrome/video.webm]]

[[ATTACHMENT|registration-kyc-Registrat-31361--document-upload-validation-Mobile-Chrome/error-context.md]]
]]>
</system-out>
</testcase>
<testcase name="Registration &amp; KYC Flow › @registration Real-time KYC feedback" classname="registration-kyc.spec.ts" time="5.548">
<failure message="registration-kyc.spec.ts:119:7 @registration Real-time KYC feedback" type="FAILURE">
<![CDATA[  [Mobile Chrome] › registration-kyc.spec.ts:119:7 › Registration & KYC Flow › @registration Real-time KYC feedback 

    Error: Timed out 5000ms waiting for expect(page).toHaveTitle(expected)

    Expected pattern: /PacheduConnect/
    Received string:  "Pachedu - Send Money to Zimbabwe from South Africa"
    Call log:
      - Expect "toHaveTitle" with timeout 5000ms
        9 × unexpected value "Pachedu - Send Money to Zimbabwe from South Africa"


       5 |     // Navigate to homepage
       6 |     await page.goto('/');
    >  7 |     await expect(page).toHaveTitle(/PacheduConnect/);
         |                        ^
       8 |   });
       9 |
      10 |   test('@registration Complete registration and KYC flow', async ({ page }) => {
        at /Users/gailad/Documents/Dev Projects/PacheduConnect/tests/e2e/registration-kyc.spec.ts:7:24

    attachment #1: screenshot (image/png) ──────────────────────────────────────────────────────────
    ../../test-results/registration-kyc-Registrat-46006-tion-Real-time-KYC-feedback-Mobile-Chrome/test-failed-1.png
    ────────────────────────────────────────────────────────────────────────────────────────────────

    attachment #2: video (video/webm) ──────────────────────────────────────────────────────────────
    ../../test-results/registration-kyc-Registrat-46006-tion-Real-time-KYC-feedback-Mobile-Chrome/video.webm
    ────────────────────────────────────────────────────────────────────────────────────────────────

    Error Context: ../../test-results/registration-kyc-Registrat-46006-tion-Real-time-KYC-feedback-Mobile-Chrome/error-context.md
]]>
</failure>
<system-out>
<![CDATA[
[[ATTACHMENT|registration-kyc-Registrat-46006-tion-Real-time-KYC-feedback-Mobile-Chrome/test-failed-1.png]]

[[ATTACHMENT|registration-kyc-Registrat-46006-tion-Real-time-KYC-feedback-Mobile-Chrome/video.webm]]

[[ATTACHMENT|registration-kyc-Registrat-46006-tion-Real-time-KYC-feedback-Mobile-Chrome/error-context.md]]
]]>
</system-out>
</testcase>
</testsuite>
<testsuite name="send-money.spec.ts" timestamp="2025-07-14T13:04:14.079Z" hostname="Mobile Chrome" tests="6" failures="6" skipped="0" time="183.379" errors="0">
<testcase name="Send Money Journey › @send Complete send money flow" classname="send-money.spec.ts" time="30.54">
<failure message="send-money.spec.ts:13:7 @send Complete send money flow" type="FAILURE">
<![CDATA[  [Mobile Chrome] › send-money.spec.ts:13:7 › Send Money Journey › @send Complete send money flow ──

    Test timeout of 30000ms exceeded while running "beforeEach" hook.

      2 |
      3 | test.describe('Send Money Journey', () => {
    > 4 |   test.beforeEach(async ({ page }) => {
        |        ^
      5 |     // Login first
      6 |     await page.goto('/auth');
      7 |     await page.fill('input[placeholder*="email"]', 'test@example.com');
        at /Users/gailad/Documents/Dev Projects/PacheduConnect/tests/e2e/send-money.spec.ts:4:8

    Error: page.fill: Test timeout of 30000ms exceeded.
    Call log:
      - waiting for locator('input[placeholder*="email"]')


       5 |     // Login first
       6 |     await page.goto('/auth');
    >  7 |     await page.fill('input[placeholder*="email"]', 'test@example.com');
         |                ^
       8 |     await page.fill('input[placeholder*="password"]', 'password123');
       9 |     await page.click('button[type="submit"]');
      10 |     await expect(page).toHaveURL(/.*dashboard/);
        at /Users/gailad/Documents/Dev Projects/PacheduConnect/tests/e2e/send-money.spec.ts:7:16

    attachment #1: screenshot (image/png) ──────────────────────────────────────────────────────────
    ../../test-results/send-money-Send-Money-Journey-send-Complete-send-money-flow-Mobile-Chrome/test-failed-1.png
    ────────────────────────────────────────────────────────────────────────────────────────────────

    attachment #2: video (video/webm) ──────────────────────────────────────────────────────────────
    ../../test-results/send-money-Send-Money-Journey-send-Complete-send-money-flow-Mobile-Chrome/video.webm
    ────────────────────────────────────────────────────────────────────────────────────────────────

    Error Context: ../../test-results/send-money-Send-Money-Journey-send-Complete-send-money-flow-Mobile-Chrome/error-context.md
]]>
</failure>
<system-out>
<![CDATA[
[[ATTACHMENT|send-money-Send-Money-Journey-send-Complete-send-money-flow-Mobile-Chrome/test-failed-1.png]]

[[ATTACHMENT|send-money-Send-Money-Journey-send-Complete-send-money-flow-Mobile-Chrome/video.webm]]

[[ATTACHMENT|send-money-Send-Money-Journey-send-Complete-send-money-flow-Mobile-Chrome/error-context.md]]
]]>
</system-out>
</testcase>
<testcase name="Send Money Journey › @send Currency converter validation" classname="send-money.spec.ts" time="30.511">
<failure message="send-money.spec.ts:82:7 @send Currency converter validation" type="FAILURE">
<![CDATA[  [Mobile Chrome] › send-money.spec.ts:82:7 › Send Money Journey › @send Currency converter validation 

    Test timeout of 30000ms exceeded while running "beforeEach" hook.

      2 |
      3 | test.describe('Send Money Journey', () => {
    > 4 |   test.beforeEach(async ({ page }) => {
        |        ^
      5 |     // Login first
      6 |     await page.goto('/auth');
      7 |     await page.fill('input[placeholder*="email"]', 'test@example.com');
        at /Users/gailad/Documents/Dev Projects/PacheduConnect/tests/e2e/send-money.spec.ts:4:8

    Error: page.fill: Test timeout of 30000ms exceeded.
    Call log:
      - waiting for locator('input[placeholder*="email"]')


       5 |     // Login first
       6 |     await page.goto('/auth');
    >  7 |     await page.fill('input[placeholder*="email"]', 'test@example.com');
         |                ^
       8 |     await page.fill('input[placeholder*="password"]', 'password123');
       9 |     await page.click('button[type="submit"]');
      10 |     await expect(page).toHaveURL(/.*dashboard/);
        at /Users/gailad/Documents/Dev Projects/PacheduConnect/tests/e2e/send-money.spec.ts:7:16

    attachment #1: screenshot (image/png) ──────────────────────────────────────────────────────────
    ../../test-results/send-money-Send-Money-Jour-eb7a3-rrency-converter-validation-Mobile-Chrome/test-failed-1.png
    ────────────────────────────────────────────────────────────────────────────────────────────────

    attachment #2: video (video/webm) ──────────────────────────────────────────────────────────────
    ../../test-results/send-money-Send-Money-Jour-eb7a3-rrency-converter-validation-Mobile-Chrome/video.webm
    ────────────────────────────────────────────────────────────────────────────────────────────────

    Error Context: ../../test-results/send-money-Send-Money-Jour-eb7a3-rrency-converter-validation-Mobile-Chrome/error-context.md
]]>
</failure>
<system-out>
<![CDATA[
[[ATTACHMENT|send-money-Send-Money-Jour-eb7a3-rrency-converter-validation-Mobile-Chrome/test-failed-1.png]]

[[ATTACHMENT|send-money-Send-Money-Jour-eb7a3-rrency-converter-validation-Mobile-Chrome/video.webm]]

[[ATTACHMENT|send-money-Send-Money-Jour-eb7a3-rrency-converter-validation-Mobile-Chrome/error-context.md]]
]]>
</system-out>
</testcase>
<testcase name="Send Money Journey › @send Fee breakdown validation" classname="send-money.spec.ts" time="30.576">
<failure message="send-money.spec.ts:112:7 @send Fee breakdown validation" type="FAILURE">
<![CDATA[  [Mobile Chrome] › send-money.spec.ts:112:7 › Send Money Journey › @send Fee breakdown validation ─

    Test timeout of 30000ms exceeded while running "beforeEach" hook.

      2 |
      3 | test.describe('Send Money Journey', () => {
    > 4 |   test.beforeEach(async ({ page }) => {
        |        ^
      5 |     // Login first
      6 |     await page.goto('/auth');
      7 |     await page.fill('input[placeholder*="email"]', 'test@example.com');
        at /Users/gailad/Documents/Dev Projects/PacheduConnect/tests/e2e/send-money.spec.ts:4:8

    Error: page.fill: Test timeout of 30000ms exceeded.
    Call log:
      - waiting for locator('input[placeholder*="email"]')


       5 |     // Login first
       6 |     await page.goto('/auth');
    >  7 |     await page.fill('input[placeholder*="email"]', 'test@example.com');
         |                ^
       8 |     await page.fill('input[placeholder*="password"]', 'password123');
       9 |     await page.click('button[type="submit"]');
      10 |     await expect(page).toHaveURL(/.*dashboard/);
        at /Users/gailad/Documents/Dev Projects/PacheduConnect/tests/e2e/send-money.spec.ts:7:16

    attachment #1: screenshot (image/png) ──────────────────────────────────────────────────────────
    ../../test-results/send-money-Send-Money-Journey-send-Fee-breakdown-validation-Mobile-Chrome/test-failed-1.png
    ────────────────────────────────────────────────────────────────────────────────────────────────

    attachment #2: video (video/webm) ──────────────────────────────────────────────────────────────
    ../../test-results/send-money-Send-Money-Journey-send-Fee-breakdown-validation-Mobile-Chrome/video.webm
    ────────────────────────────────────────────────────────────────────────────────────────────────

    Error Context: ../../test-results/send-money-Send-Money-Journey-send-Fee-breakdown-validation-Mobile-Chrome/error-context.md
]]>
</failure>
<system-out>
<![CDATA[
[[ATTACHMENT|send-money-Send-Money-Journey-send-Fee-breakdown-validation-Mobile-Chrome/test-failed-1.png]]

[[ATTACHMENT|send-money-Send-Money-Journey-send-Fee-breakdown-validation-Mobile-Chrome/video.webm]]

[[ATTACHMENT|send-money-Send-Money-Journey-send-Fee-breakdown-validation-Mobile-Chrome/error-context.md]]
]]>
</system-out>
</testcase>
<testcase name="Send Money Journey › @send Recipient management" classname="send-money.spec.ts" time="30.636">
<failure message="send-money.spec.ts:137:7 @send Recipient management" type="FAILURE">
<![CDATA[  [Mobile Chrome] › send-money.spec.ts:137:7 › Send Money Journey › @send Recipient management ─────

    Test timeout of 30000ms exceeded while running "beforeEach" hook.

      2 |
      3 | test.describe('Send Money Journey', () => {
    > 4 |   test.beforeEach(async ({ page }) => {
        |        ^
      5 |     // Login first
      6 |     await page.goto('/auth');
      7 |     await page.fill('input[placeholder*="email"]', 'test@example.com');
        at /Users/gailad/Documents/Dev Projects/PacheduConnect/tests/e2e/send-money.spec.ts:4:8

    Error: page.fill: Test timeout of 30000ms exceeded.
    Call log:
      - waiting for locator('input[placeholder*="email"]')


       5 |     // Login first
       6 |     await page.goto('/auth');
    >  7 |     await page.fill('input[placeholder*="email"]', 'test@example.com');
         |                ^
       8 |     await page.fill('input[placeholder*="password"]', 'password123');
       9 |     await page.click('button[type="submit"]');
      10 |     await expect(page).toHaveURL(/.*dashboard/);
        at /Users/gailad/Documents/Dev Projects/PacheduConnect/tests/e2e/send-money.spec.ts:7:16

    attachment #1: screenshot (image/png) ──────────────────────────────────────────────────────────
    ../../test-results/send-money-Send-Money-Journey-send-Recipient-management-Mobile-Chrome/test-failed-1.png
    ────────────────────────────────────────────────────────────────────────────────────────────────

    attachment #2: video (video/webm) ──────────────────────────────────────────────────────────────
    ../../test-results/send-money-Send-Money-Journey-send-Recipient-management-Mobile-Chrome/video.webm
    ────────────────────────────────────────────────────────────────────────────────────────────────

    Error Context: ../../test-results/send-money-Send-Money-Journey-send-Recipient-management-Mobile-Chrome/error-context.md
]]>
</failure>
<system-out>
<![CDATA[
[[ATTACHMENT|send-money-Send-Money-Journey-send-Recipient-management-Mobile-Chrome/test-failed-1.png]]

[[ATTACHMENT|send-money-Send-Money-Journey-send-Recipient-management-Mobile-Chrome/video.webm]]

[[ATTACHMENT|send-money-Send-Money-Journey-send-Recipient-management-Mobile-Chrome/error-context.md]]
]]>
</system-out>
</testcase>
<testcase name="Send Money Journey › @send Transaction limits validation" classname="send-money.spec.ts" time="30.547">
<failure message="send-money.spec.ts:181:7 @send Transaction limits validation" type="FAILURE">
<![CDATA[  [Mobile Chrome] › send-money.spec.ts:181:7 › Send Money Journey › @send Transaction limits validation 

    Test timeout of 30000ms exceeded while running "beforeEach" hook.

      2 |
      3 | test.describe('Send Money Journey', () => {
    > 4 |   test.beforeEach(async ({ page }) => {
        |        ^
      5 |     // Login first
      6 |     await page.goto('/auth');
      7 |     await page.fill('input[placeholder*="email"]', 'test@example.com');
        at /Users/gailad/Documents/Dev Projects/PacheduConnect/tests/e2e/send-money.spec.ts:4:8

    Error: page.fill: Test timeout of 30000ms exceeded.
    Call log:
      - waiting for locator('input[placeholder*="email"]')


       5 |     // Login first
       6 |     await page.goto('/auth');
    >  7 |     await page.fill('input[placeholder*="email"]', 'test@example.com');
         |                ^
       8 |     await page.fill('input[placeholder*="password"]', 'password123');
       9 |     await page.click('button[type="submit"]');
      10 |     await expect(page).toHaveURL(/.*dashboard/);
        at /Users/gailad/Documents/Dev Projects/PacheduConnect/tests/e2e/send-money.spec.ts:7:16

    attachment #1: screenshot (image/png) ──────────────────────────────────────────────────────────
    ../../test-results/send-money-Send-Money-Jour-b6f5f-ansaction-limits-validation-Mobile-Chrome/test-failed-1.png
    ────────────────────────────────────────────────────────────────────────────────────────────────

    attachment #2: video (video/webm) ──────────────────────────────────────────────────────────────
    ../../test-results/send-money-Send-Money-Jour-b6f5f-ansaction-limits-validation-Mobile-Chrome/video.webm
    ────────────────────────────────────────────────────────────────────────────────────────────────

    Error Context: ../../test-results/send-money-Send-Money-Jour-b6f5f-ansaction-limits-validation-Mobile-Chrome/error-context.md
]]>
</failure>
<system-out>
<![CDATA[
[[ATTACHMENT|send-money-Send-Money-Jour-b6f5f-ansaction-limits-validation-Mobile-Chrome/test-failed-1.png]]

[[ATTACHMENT|send-money-Send-Money-Jour-b6f5f-ansaction-limits-validation-Mobile-Chrome/video.webm]]

[[ATTACHMENT|send-money-Send-Money-Jour-b6f5f-ansaction-limits-validation-Mobile-Chrome/error-context.md]]
]]>
</system-out>
</testcase>
<testcase name="Send Money Journey › @send Network error handling" classname="send-money.spec.ts" time="30.569">
<failure message="send-money.spec.ts:203:7 @send Network error handling" type="FAILURE">
<![CDATA[  [Mobile Chrome] › send-money.spec.ts:203:7 › Send Money Journey › @send Network error handling ───

    Test timeout of 30000ms exceeded while running "beforeEach" hook.

      2 |
      3 | test.describe('Send Money Journey', () => {
    > 4 |   test.beforeEach(async ({ page }) => {
        |        ^
      5 |     // Login first
      6 |     await page.goto('/auth');
      7 |     await page.fill('input[placeholder*="email"]', 'test@example.com');
        at /Users/gailad/Documents/Dev Projects/PacheduConnect/tests/e2e/send-money.spec.ts:4:8

    Error: page.fill: Test timeout of 30000ms exceeded.
    Call log:
      - waiting for locator('input[placeholder*="email"]')


       5 |     // Login first
       6 |     await page.goto('/auth');
    >  7 |     await page.fill('input[placeholder*="email"]', 'test@example.com');
         |                ^
       8 |     await page.fill('input[placeholder*="password"]', 'password123');
       9 |     await page.click('button[type="submit"]');
      10 |     await expect(page).toHaveURL(/.*dashboard/);
        at /Users/gailad/Documents/Dev Projects/PacheduConnect/tests/e2e/send-money.spec.ts:7:16

    attachment #1: screenshot (image/png) ──────────────────────────────────────────────────────────
    ../../test-results/send-money-Send-Money-Journey-send-Network-error-handling-Mobile-Chrome/test-failed-1.png
    ────────────────────────────────────────────────────────────────────────────────────────────────

    attachment #2: video (video/webm) ──────────────────────────────────────────────────────────────
    ../../test-results/send-money-Send-Money-Journey-send-Network-error-handling-Mobile-Chrome/video.webm
    ────────────────────────────────────────────────────────────────────────────────────────────────

    Error Context: ../../test-results/send-money-Send-Money-Journey-send-Network-error-handling-Mobile-Chrome/error-context.md
]]>
</failure>
<system-out>
<![CDATA[
[[ATTACHMENT|send-money-Send-Money-Journey-send-Network-error-handling-Mobile-Chrome/test-failed-1.png]]

[[ATTACHMENT|send-money-Send-Money-Journey-send-Network-error-handling-Mobile-Chrome/video.webm]]

[[ATTACHMENT|send-money-Send-Money-Journey-send-Network-error-handling-Mobile-Chrome/error-context.md]]
]]>
</system-out>
</testcase>
</testsuite>
<testsuite name="support-chatbot.spec.ts" timestamp="2025-07-14T13:04:14.079Z" hostname="Mobile Chrome" tests="11" failures="11" skipped="0" time="336.818" errors="0">
<testcase name="Support and Chatbot Interaction › @support Open chatbot widget" classname="support-chatbot.spec.ts" time="30.61">
<failure message="support-chatbot.spec.ts:13:7 @support Open chatbot widget" type="FAILURE">
<![CDATA[  [Mobile Chrome] › support-chatbot.spec.ts:13:7 › Support and Chatbot Interaction › @support Open chatbot widget 

    Test timeout of 30000ms exceeded while running "beforeEach" hook.

      2 |
      3 | test.describe('Support and Chatbot Interaction', () => {
    > 4 |   test.beforeEach(async ({ page }) => {
        |        ^
      5 |     // Login first
      6 |     await page.goto('/auth');
      7 |     await page.fill('input[placeholder*="email"]', 'test@example.com');
        at /Users/gailad/Documents/Dev Projects/PacheduConnect/tests/e2e/support-chatbot.spec.ts:4:8

    Error: page.fill: Test timeout of 30000ms exceeded.
    Call log:
      - waiting for locator('input[placeholder*="email"]')


       5 |     // Login first
       6 |     await page.goto('/auth');
    >  7 |     await page.fill('input[placeholder*="email"]', 'test@example.com');
         |                ^
       8 |     await page.fill('input[placeholder*="password"]', 'password123');
       9 |     await page.click('button[type="submit"]');
      10 |     await expect(page).toHaveURL(/.*dashboard/);
        at /Users/gailad/Documents/Dev Projects/PacheduConnect/tests/e2e/support-chatbot.spec.ts:7:16

    attachment #1: screenshot (image/png) ──────────────────────────────────────────────────────────
    ../../test-results/support-chatbot-Support-an-e17c1-support-Open-chatbot-widget-Mobile-Chrome/test-failed-1.png
    ────────────────────────────────────────────────────────────────────────────────────────────────

    attachment #2: video (video/webm) ──────────────────────────────────────────────────────────────
    ../../test-results/support-chatbot-Support-an-e17c1-support-Open-chatbot-widget-Mobile-Chrome/video.webm
    ────────────────────────────────────────────────────────────────────────────────────────────────

    Error Context: ../../test-results/support-chatbot-Support-an-e17c1-support-Open-chatbot-widget-Mobile-Chrome/error-context.md
]]>
</failure>
<system-out>
<![CDATA[
[[ATTACHMENT|support-chatbot-Support-an-e17c1-support-Open-chatbot-widget-Mobile-Chrome/test-failed-1.png]]

[[ATTACHMENT|support-chatbot-Support-an-e17c1-support-Open-chatbot-widget-Mobile-Chrome/video.webm]]

[[ATTACHMENT|support-chatbot-Support-an-e17c1-support-Open-chatbot-widget-Mobile-Chrome/error-context.md]]
]]>
</system-out>
</testcase>
<testcase name="Support and Chatbot Interaction › @support KYC upload question" classname="support-chatbot.spec.ts" time="30.553">
<failure message="support-chatbot.spec.ts:33:7 @support KYC upload question" type="FAILURE">
<![CDATA[  [Mobile Chrome] › support-chatbot.spec.ts:33:7 › Support and Chatbot Interaction › @support KYC upload question 

    Test timeout of 30000ms exceeded while running "beforeEach" hook.

      2 |
      3 | test.describe('Support and Chatbot Interaction', () => {
    > 4 |   test.beforeEach(async ({ page }) => {
        |        ^
      5 |     // Login first
      6 |     await page.goto('/auth');
      7 |     await page.fill('input[placeholder*="email"]', 'test@example.com');
        at /Users/gailad/Documents/Dev Projects/PacheduConnect/tests/e2e/support-chatbot.spec.ts:4:8

    Error: page.fill: Test timeout of 30000ms exceeded.
    Call log:
      - waiting for locator('input[placeholder*="email"]')


       5 |     // Login first
       6 |     await page.goto('/auth');
    >  7 |     await page.fill('input[placeholder*="email"]', 'test@example.com');
         |                ^
       8 |     await page.fill('input[placeholder*="password"]', 'password123');
       9 |     await page.click('button[type="submit"]');
      10 |     await expect(page).toHaveURL(/.*dashboard/);
        at /Users/gailad/Documents/Dev Projects/PacheduConnect/tests/e2e/support-chatbot.spec.ts:7:16

    attachment #1: screenshot (image/png) ──────────────────────────────────────────────────────────
    ../../test-results/support-chatbot-Support-an-6c13b-support-KYC-upload-question-Mobile-Chrome/test-failed-1.png
    ────────────────────────────────────────────────────────────────────────────────────────────────

    attachment #2: video (video/webm) ──────────────────────────────────────────────────────────────
    ../../test-results/support-chatbot-Support-an-6c13b-support-KYC-upload-question-Mobile-Chrome/video.webm
    ────────────────────────────────────────────────────────────────────────────────────────────────

    Error Context: ../../test-results/support-chatbot-Support-an-6c13b-support-KYC-upload-question-Mobile-Chrome/error-context.md
]]>
</failure>
<system-out>
<![CDATA[
[[ATTACHMENT|support-chatbot-Support-an-6c13b-support-KYC-upload-question-Mobile-Chrome/test-failed-1.png]]

[[ATTACHMENT|support-chatbot-Support-an-6c13b-support-KYC-upload-question-Mobile-Chrome/video.webm]]

[[ATTACHMENT|support-chatbot-Support-an-6c13b-support-KYC-upload-question-Mobile-Chrome/error-context.md]]
]]>
</system-out>
</testcase>
<testcase name="Support and Chatbot Interaction › @support Transaction tracking via chat" classname="support-chatbot.spec.ts" time="30.568">
<failure message="support-chatbot.spec.ts:54:7 @support Transaction tracking via chat" type="FAILURE">
<![CDATA[  [Mobile Chrome] › support-chatbot.spec.ts:54:7 › Support and Chatbot Interaction › @support Transaction tracking via chat 

    Test timeout of 30000ms exceeded while running "beforeEach" hook.

      2 |
      3 | test.describe('Support and Chatbot Interaction', () => {
    > 4 |   test.beforeEach(async ({ page }) => {
        |        ^
      5 |     // Login first
      6 |     await page.goto('/auth');
      7 |     await page.fill('input[placeholder*="email"]', 'test@example.com');
        at /Users/gailad/Documents/Dev Projects/PacheduConnect/tests/e2e/support-chatbot.spec.ts:4:8

    Error: page.fill: Test timeout of 30000ms exceeded.
    Call log:
      - waiting for locator('input[placeholder*="email"]')


       5 |     // Login first
       6 |     await page.goto('/auth');
    >  7 |     await page.fill('input[placeholder*="email"]', 'test@example.com');
         |                ^
       8 |     await page.fill('input[placeholder*="password"]', 'password123');
       9 |     await page.click('button[type="submit"]');
      10 |     await expect(page).toHaveURL(/.*dashboard/);
        at /Users/gailad/Documents/Dev Projects/PacheduConnect/tests/e2e/support-chatbot.spec.ts:7:16

    attachment #1: screenshot (image/png) ──────────────────────────────────────────────────────────
    ../../test-results/support-chatbot-Support-an-eac0f-ansaction-tracking-via-chat-Mobile-Chrome/test-failed-1.png
    ────────────────────────────────────────────────────────────────────────────────────────────────

    attachment #2: video (video/webm) ──────────────────────────────────────────────────────────────
    ../../test-results/support-chatbot-Support-an-eac0f-ansaction-tracking-via-chat-Mobile-Chrome/video.webm
    ────────────────────────────────────────────────────────────────────────────────────────────────

    Error Context: ../../test-results/support-chatbot-Support-an-eac0f-ansaction-tracking-via-chat-Mobile-Chrome/error-context.md
]]>
</failure>
<system-out>
<![CDATA[
[[ATTACHMENT|support-chatbot-Support-an-eac0f-ansaction-tracking-via-chat-Mobile-Chrome/test-failed-1.png]]

[[ATTACHMENT|support-chatbot-Support-an-eac0f-ansaction-tracking-via-chat-Mobile-Chrome/video.webm]]

[[ATTACHMENT|support-chatbot-Support-an-eac0f-ansaction-tracking-via-chat-Mobile-Chrome/error-context.md]]
]]>
</system-out>
</testcase>
<testcase name="Support and Chatbot Interaction › @support Exchange rate questions" classname="support-chatbot.spec.ts" time="30.553">
<failure message="support-chatbot.spec.ts:73:7 @support Exchange rate questions" type="FAILURE">
<![CDATA[  [Mobile Chrome] › support-chatbot.spec.ts:73:7 › Support and Chatbot Interaction › @support Exchange rate questions 

    Test timeout of 30000ms exceeded while running "beforeEach" hook.

      2 |
      3 | test.describe('Support and Chatbot Interaction', () => {
    > 4 |   test.beforeEach(async ({ page }) => {
        |        ^
      5 |     // Login first
      6 |     await page.goto('/auth');
      7 |     await page.fill('input[placeholder*="email"]', 'test@example.com');
        at /Users/gailad/Documents/Dev Projects/PacheduConnect/tests/e2e/support-chatbot.spec.ts:4:8

    Error: page.fill: Test timeout of 30000ms exceeded.
    Call log:
      - waiting for locator('input[placeholder*="email"]')


       5 |     // Login first
       6 |     await page.goto('/auth');
    >  7 |     await page.fill('input[placeholder*="email"]', 'test@example.com');
         |                ^
       8 |     await page.fill('input[placeholder*="password"]', 'password123');
       9 |     await page.click('button[type="submit"]');
      10 |     await expect(page).toHaveURL(/.*dashboard/);
        at /Users/gailad/Documents/Dev Projects/PacheduConnect/tests/e2e/support-chatbot.spec.ts:7:16

    attachment #1: screenshot (image/png) ──────────────────────────────────────────────────────────
    ../../test-results/support-chatbot-Support-an-2f033-ort-Exchange-rate-questions-Mobile-Chrome/test-failed-1.png
    ────────────────────────────────────────────────────────────────────────────────────────────────

    attachment #2: video (video/webm) ──────────────────────────────────────────────────────────────
    ../../test-results/support-chatbot-Support-an-2f033-ort-Exchange-rate-questions-Mobile-Chrome/video.webm
    ────────────────────────────────────────────────────────────────────────────────────────────────

    Error Context: ../../test-results/support-chatbot-Support-an-2f033-ort-Exchange-rate-questions-Mobile-Chrome/error-context.md
]]>
</failure>
<system-out>
<![CDATA[
[[ATTACHMENT|support-chatbot-Support-an-2f033-ort-Exchange-rate-questions-Mobile-Chrome/test-failed-1.png]]

[[ATTACHMENT|support-chatbot-Support-an-2f033-ort-Exchange-rate-questions-Mobile-Chrome/video.webm]]

[[ATTACHMENT|support-chatbot-Support-an-2f033-ort-Exchange-rate-questions-Mobile-Chrome/error-context.md]]
]]>
</system-out>
</testcase>
<testcase name="Support and Chatbot Interaction › @support Fee structure questions" classname="support-chatbot.spec.ts" time="30.615">
<failure message="support-chatbot.spec.ts:91:7 @support Fee structure questions" type="FAILURE">
<![CDATA[  [Mobile Chrome] › support-chatbot.spec.ts:91:7 › Support and Chatbot Interaction › @support Fee structure questions 

    Test timeout of 30000ms exceeded while running "beforeEach" hook.

      2 |
      3 | test.describe('Support and Chatbot Interaction', () => {
    > 4 |   test.beforeEach(async ({ page }) => {
        |        ^
      5 |     // Login first
      6 |     await page.goto('/auth');
      7 |     await page.fill('input[placeholder*="email"]', 'test@example.com');
        at /Users/gailad/Documents/Dev Projects/PacheduConnect/tests/e2e/support-chatbot.spec.ts:4:8

    Error: page.fill: Test timeout of 30000ms exceeded.
    Call log:
      - waiting for locator('input[placeholder*="email"]')


       5 |     // Login first
       6 |     await page.goto('/auth');
    >  7 |     await page.fill('input[placeholder*="email"]', 'test@example.com');
         |                ^
       8 |     await page.fill('input[placeholder*="password"]', 'password123');
       9 |     await page.click('button[type="submit"]');
      10 |     await expect(page).toHaveURL(/.*dashboard/);
        at /Users/gailad/Documents/Dev Projects/PacheduConnect/tests/e2e/support-chatbot.spec.ts:7:16

    attachment #1: screenshot (image/png) ──────────────────────────────────────────────────────────
    ../../test-results/support-chatbot-Support-an-9d52f-ort-Fee-structure-questions-Mobile-Chrome/test-failed-1.png
    ────────────────────────────────────────────────────────────────────────────────────────────────

    attachment #2: video (video/webm) ──────────────────────────────────────────────────────────────
    ../../test-results/support-chatbot-Support-an-9d52f-ort-Fee-structure-questions-Mobile-Chrome/video.webm
    ────────────────────────────────────────────────────────────────────────────────────────────────

    Error Context: ../../test-results/support-chatbot-Support-an-9d52f-ort-Fee-structure-questions-Mobile-Chrome/error-context.md
]]>
</failure>
<system-out>
<![CDATA[
[[ATTACHMENT|support-chatbot-Support-an-9d52f-ort-Fee-structure-questions-Mobile-Chrome/test-failed-1.png]]

[[ATTACHMENT|support-chatbot-Support-an-9d52f-ort-Fee-structure-questions-Mobile-Chrome/video.webm]]

[[ATTACHMENT|support-chatbot-Support-an-9d52f-ort-Fee-structure-questions-Mobile-Chrome/error-context.md]]
]]>
</system-out>
</testcase>
<testcase name="Support and Chatbot Interaction › @support Account limits questions" classname="support-chatbot.spec.ts" time="30.713">
<failure message="support-chatbot.spec.ts:110:7 @support Account limits questions" type="FAILURE">
<![CDATA[  [Mobile Chrome] › support-chatbot.spec.ts:110:7 › Support and Chatbot Interaction › @support Account limits questions 

    Test timeout of 30000ms exceeded while running "beforeEach" hook.

      2 |
      3 | test.describe('Support and Chatbot Interaction', () => {
    > 4 |   test.beforeEach(async ({ page }) => {
        |        ^
      5 |     // Login first
      6 |     await page.goto('/auth');
      7 |     await page.fill('input[placeholder*="email"]', 'test@example.com');
        at /Users/gailad/Documents/Dev Projects/PacheduConnect/tests/e2e/support-chatbot.spec.ts:4:8

    Error: page.fill: Test timeout of 30000ms exceeded.
    Call log:
      - waiting for locator('input[placeholder*="email"]')


       5 |     // Login first
       6 |     await page.goto('/auth');
    >  7 |     await page.fill('input[placeholder*="email"]', 'test@example.com');
         |                ^
       8 |     await page.fill('input[placeholder*="password"]', 'password123');
       9 |     await page.click('button[type="submit"]');
      10 |     await expect(page).toHaveURL(/.*dashboard/);
        at /Users/gailad/Documents/Dev Projects/PacheduConnect/tests/e2e/support-chatbot.spec.ts:7:16

    attachment #1: screenshot (image/png) ──────────────────────────────────────────────────────────
    ../../test-results/support-chatbot-Support-an-ad940-rt-Account-limits-questions-Mobile-Chrome/test-failed-1.png
    ────────────────────────────────────────────────────────────────────────────────────────────────

    attachment #2: video (video/webm) ──────────────────────────────────────────────────────────────
    ../../test-results/support-chatbot-Support-an-ad940-rt-Account-limits-questions-Mobile-Chrome/video.webm
    ────────────────────────────────────────────────────────────────────────────────────────────────

    Error Context: ../../test-results/support-chatbot-Support-an-ad940-rt-Account-limits-questions-Mobile-Chrome/error-context.md
]]>
</failure>
<system-out>
<![CDATA[
[[ATTACHMENT|support-chatbot-Support-an-ad940-rt-Account-limits-questions-Mobile-Chrome/test-failed-1.png]]

[[ATTACHMENT|support-chatbot-Support-an-ad940-rt-Account-limits-questions-Mobile-Chrome/video.webm]]

[[ATTACHMENT|support-chatbot-Support-an-ad940-rt-Account-limits-questions-Mobile-Chrome/error-context.md]]
]]>
</system-out>
</testcase>
<testcase name="Support and Chatbot Interaction › @support Live agent escalation" classname="support-chatbot.spec.ts" time="30.559">
<failure message="support-chatbot.spec.ts:126:7 @support Live agent escalation" type="FAILURE">
<![CDATA[  [Mobile Chrome] › support-chatbot.spec.ts:126:7 › Support and Chatbot Interaction › @support Live agent escalation 

    Test timeout of 30000ms exceeded while running "beforeEach" hook.

      2 |
      3 | test.describe('Support and Chatbot Interaction', () => {
    > 4 |   test.beforeEach(async ({ page }) => {
        |        ^
      5 |     // Login first
      6 |     await page.goto('/auth');
      7 |     await page.fill('input[placeholder*="email"]', 'test@example.com');
        at /Users/gailad/Documents/Dev Projects/PacheduConnect/tests/e2e/support-chatbot.spec.ts:4:8

    Error: page.fill: Test timeout of 30000ms exceeded.
    Call log:
      - waiting for locator('input[placeholder*="email"]')


       5 |     // Login first
       6 |     await page.goto('/auth');
    >  7 |     await page.fill('input[placeholder*="email"]', 'test@example.com');
         |                ^
       8 |     await page.fill('input[placeholder*="password"]', 'password123');
       9 |     await page.click('button[type="submit"]');
      10 |     await expect(page).toHaveURL(/.*dashboard/);
        at /Users/gailad/Documents/Dev Projects/PacheduConnect/tests/e2e/support-chatbot.spec.ts:7:16

    attachment #1: screenshot (image/png) ──────────────────────────────────────────────────────────
    ../../test-results/support-chatbot-Support-an-ebca2-pport-Live-agent-escalation-Mobile-Chrome/test-failed-1.png
    ────────────────────────────────────────────────────────────────────────────────────────────────

    attachment #2: video (video/webm) ──────────────────────────────────────────────────────────────
    ../../test-results/support-chatbot-Support-an-ebca2-pport-Live-agent-escalation-Mobile-Chrome/video.webm
    ────────────────────────────────────────────────────────────────────────────────────────────────

    Error Context: ../../test-results/support-chatbot-Support-an-ebca2-pport-Live-agent-escalation-Mobile-Chrome/error-context.md
]]>
</failure>
<system-out>
<![CDATA[
[[ATTACHMENT|support-chatbot-Support-an-ebca2-pport-Live-agent-escalation-Mobile-Chrome/test-failed-1.png]]

[[ATTACHMENT|support-chatbot-Support-an-ebca2-pport-Live-agent-escalation-Mobile-Chrome/video.webm]]

[[ATTACHMENT|support-chatbot-Support-an-ebca2-pport-Live-agent-escalation-Mobile-Chrome/error-context.md]]
]]>
</system-out>
</testcase>
<testcase name="Support and Chatbot Interaction › @support Chatbot language support" classname="support-chatbot.spec.ts" time="30.714">
<failure message="support-chatbot.spec.ts:148:7 @support Chatbot language support" type="FAILURE">
<![CDATA[  [Mobile Chrome] › support-chatbot.spec.ts:148:7 › Support and Chatbot Interaction › @support Chatbot language support 

    Test timeout of 30000ms exceeded while running "beforeEach" hook.

      2 |
      3 | test.describe('Support and Chatbot Interaction', () => {
    > 4 |   test.beforeEach(async ({ page }) => {
        |        ^
      5 |     // Login first
      6 |     await page.goto('/auth');
      7 |     await page.fill('input[placeholder*="email"]', 'test@example.com');
        at /Users/gailad/Documents/Dev Projects/PacheduConnect/tests/e2e/support-chatbot.spec.ts:4:8

    Error: page.fill: Test timeout of 30000ms exceeded.
    Call log:
      - waiting for locator('input[placeholder*="email"]')


       5 |     // Login first
       6 |     await page.goto('/auth');
    >  7 |     await page.fill('input[placeholder*="email"]', 'test@example.com');
         |                ^
       8 |     await page.fill('input[placeholder*="password"]', 'password123');
       9 |     await page.click('button[type="submit"]');
      10 |     await expect(page).toHaveURL(/.*dashboard/);
        at /Users/gailad/Documents/Dev Projects/PacheduConnect/tests/e2e/support-chatbot.spec.ts:7:16

    attachment #1: screenshot (image/png) ──────────────────────────────────────────────────────────
    ../../test-results/support-chatbot-Support-an-ab084-rt-Chatbot-language-support-Mobile-Chrome/test-failed-1.png
    ────────────────────────────────────────────────────────────────────────────────────────────────

    attachment #2: video (video/webm) ──────────────────────────────────────────────────────────────
    ../../test-results/support-chatbot-Support-an-ab084-rt-Chatbot-language-support-Mobile-Chrome/video.webm
    ────────────────────────────────────────────────────────────────────────────────────────────────

    Error Context: ../../test-results/support-chatbot-Support-an-ab084-rt-Chatbot-language-support-Mobile-Chrome/error-context.md
]]>
</failure>
<system-out>
<![CDATA[
[[ATTACHMENT|support-chatbot-Support-an-ab084-rt-Chatbot-language-support-Mobile-Chrome/test-failed-1.png]]

[[ATTACHMENT|support-chatbot-Support-an-ab084-rt-Chatbot-language-support-Mobile-Chrome/video.webm]]

[[ATTACHMENT|support-chatbot-Support-an-ab084-rt-Chatbot-language-support-Mobile-Chrome/error-context.md]]
]]>
</system-out>
</testcase>
<testcase name="Support and Chatbot Interaction › @support Chatbot conversation history" classname="support-chatbot.spec.ts" time="30.828">
<failure message="support-chatbot.spec.ts:168:7 @support Chatbot conversation history" type="FAILURE">
<![CDATA[  [Mobile Chrome] › support-chatbot.spec.ts:168:7 › Support and Chatbot Interaction › @support Chatbot conversation history 

    Test timeout of 30000ms exceeded while running "beforeEach" hook.

      2 |
      3 | test.describe('Support and Chatbot Interaction', () => {
    > 4 |   test.beforeEach(async ({ page }) => {
        |        ^
      5 |     // Login first
      6 |     await page.goto('/auth');
      7 |     await page.fill('input[placeholder*="email"]', 'test@example.com');
        at /Users/gailad/Documents/Dev Projects/PacheduConnect/tests/e2e/support-chatbot.spec.ts:4:8

    Error: page.fill: Test timeout of 30000ms exceeded.
    Call log:
      - waiting for locator('input[placeholder*="email"]')


       5 |     // Login first
       6 |     await page.goto('/auth');
    >  7 |     await page.fill('input[placeholder*="email"]', 'test@example.com');
         |                ^
       8 |     await page.fill('input[placeholder*="password"]', 'password123');
       9 |     await page.click('button[type="submit"]');
      10 |     await expect(page).toHaveURL(/.*dashboard/);
        at /Users/gailad/Documents/Dev Projects/PacheduConnect/tests/e2e/support-chatbot.spec.ts:7:16

    attachment #1: screenshot (image/png) ──────────────────────────────────────────────────────────
    ../../test-results/support-chatbot-Support-an-9a6ee-hatbot-conversation-history-Mobile-Chrome/test-failed-1.png
    ────────────────────────────────────────────────────────────────────────────────────────────────

    attachment #2: video (video/webm) ──────────────────────────────────────────────────────────────
    ../../test-results/support-chatbot-Support-an-9a6ee-hatbot-conversation-history-Mobile-Chrome/video.webm
    ────────────────────────────────────────────────────────────────────────────────────────────────

    Error Context: ../../test-results/support-chatbot-Support-an-9a6ee-hatbot-conversation-history-Mobile-Chrome/error-context.md
]]>
</failure>
<system-out>
<![CDATA[
[[ATTACHMENT|support-chatbot-Support-an-9a6ee-hatbot-conversation-history-Mobile-Chrome/test-failed-1.png]]

[[ATTACHMENT|support-chatbot-Support-an-9a6ee-hatbot-conversation-history-Mobile-Chrome/video.webm]]

[[ATTACHMENT|support-chatbot-Support-an-9a6ee-hatbot-conversation-history-Mobile-Chrome/error-context.md]]
]]>
</system-out>
</testcase>
<testcase name="Support and Chatbot Interaction › @support Chatbot offline handling" classname="support-chatbot.spec.ts" time="30.573">
<failure message="support-chatbot.spec.ts:199:7 @support Chatbot offline handling" type="FAILURE">
<![CDATA[  [Mobile Chrome] › support-chatbot.spec.ts:199:7 › Support and Chatbot Interaction › @support Chatbot offline handling 

    Test timeout of 30000ms exceeded while running "beforeEach" hook.

      2 |
      3 | test.describe('Support and Chatbot Interaction', () => {
    > 4 |   test.beforeEach(async ({ page }) => {
        |        ^
      5 |     // Login first
      6 |     await page.goto('/auth');
      7 |     await page.fill('input[placeholder*="email"]', 'test@example.com');
        at /Users/gailad/Documents/Dev Projects/PacheduConnect/tests/e2e/support-chatbot.spec.ts:4:8

    Error: page.fill: Test timeout of 30000ms exceeded.
    Call log:
      - waiting for locator('input[placeholder*="email"]')


       5 |     // Login first
       6 |     await page.goto('/auth');
    >  7 |     await page.fill('input[placeholder*="email"]', 'test@example.com');
         |                ^
       8 |     await page.fill('input[placeholder*="password"]', 'password123');
       9 |     await page.click('button[type="submit"]');
      10 |     await expect(page).toHaveURL(/.*dashboard/);
        at /Users/gailad/Documents/Dev Projects/PacheduConnect/tests/e2e/support-chatbot.spec.ts:7:16

    attachment #1: screenshot (image/png) ──────────────────────────────────────────────────────────
    ../../test-results/support-chatbot-Support-an-ab948-rt-Chatbot-offline-handling-Mobile-Chrome/test-failed-1.png
    ────────────────────────────────────────────────────────────────────────────────────────────────

    attachment #2: video (video/webm) ──────────────────────────────────────────────────────────────
    ../../test-results/support-chatbot-Support-an-ab948-rt-Chatbot-offline-handling-Mobile-Chrome/video.webm
    ────────────────────────────────────────────────────────────────────────────────────────────────

    Error Context: ../../test-results/support-chatbot-Support-an-ab948-rt-Chatbot-offline-handling-Mobile-Chrome/error-context.md
]]>
</failure>
<system-out>
<![CDATA[
[[ATTACHMENT|support-chatbot-Support-an-ab948-rt-Chatbot-offline-handling-Mobile-Chrome/test-failed-1.png]]

[[ATTACHMENT|support-chatbot-Support-an-ab948-rt-Chatbot-offline-handling-Mobile-Chrome/video.webm]]

[[ATTACHMENT|support-chatbot-Support-an-ab948-rt-Chatbot-offline-handling-Mobile-Chrome/error-context.md]]
]]>
</system-out>
</testcase>
<testcase name="Support and Chatbot Interaction › @support Chatbot voice input" classname="support-chatbot.spec.ts" time="30.532">
<failure message="support-chatbot.spec.ts:224:7 @support Chatbot voice input" type="FAILURE">
<![CDATA[  [Mobile Chrome] › support-chatbot.spec.ts:224:7 › Support and Chatbot Interaction › @support Chatbot voice input 

    Test timeout of 30000ms exceeded while running "beforeEach" hook.

      2 |
      3 | test.describe('Support and Chatbot Interaction', () => {
    > 4 |   test.beforeEach(async ({ page }) => {
        |        ^
      5 |     // Login first
      6 |     await page.goto('/auth');
      7 |     await page.fill('input[placeholder*="email"]', 'test@example.com');
        at /Users/gailad/Documents/Dev Projects/PacheduConnect/tests/e2e/support-chatbot.spec.ts:4:8

    Error: page.fill: Test timeout of 30000ms exceeded.
    Call log:
      - waiting for locator('input[placeholder*="email"]')


       5 |     // Login first
       6 |     await page.goto('/auth');
    >  7 |     await page.fill('input[placeholder*="email"]', 'test@example.com');
         |                ^
       8 |     await page.fill('input[placeholder*="password"]', 'password123');
       9 |     await page.click('button[type="submit"]');
      10 |     await expect(page).toHaveURL(/.*dashboard/);
        at /Users/gailad/Documents/Dev Projects/PacheduConnect/tests/e2e/support-chatbot.spec.ts:7:16

    attachment #1: screenshot (image/png) ──────────────────────────────────────────────────────────
    ../../test-results/support-chatbot-Support-an-43751-support-Chatbot-voice-input-Mobile-Chrome/test-failed-1.png
    ────────────────────────────────────────────────────────────────────────────────────────────────

    attachment #2: video (video/webm) ──────────────────────────────────────────────────────────────
    ../../test-results/support-chatbot-Support-an-43751-support-Chatbot-voice-input-Mobile-Chrome/video.webm
    ────────────────────────────────────────────────────────────────────────────────────────────────

    Error Context: ../../test-results/support-chatbot-Support-an-43751-support-Chatbot-voice-input-Mobile-Chrome/error-context.md
]]>
</failure>
<system-out>
<![CDATA[
[[ATTACHMENT|support-chatbot-Support-an-43751-support-Chatbot-voice-input-Mobile-Chrome/test-failed-1.png]]

[[ATTACHMENT|support-chatbot-Support-an-43751-support-Chatbot-voice-input-Mobile-Chrome/video.webm]]

[[ATTACHMENT|support-chatbot-Support-an-43751-support-Chatbot-voice-input-Mobile-Chrome/error-context.md]]
]]>
</system-out>
</testcase>
</testsuite>
<testsuite name="transaction-history.spec.ts" timestamp="2025-07-14T13:04:14.079Z" hostname="Mobile Chrome" tests="30" failures="30" skipped="0" time="601.395" errors="0">
<testcase name="Transaction History &amp; Tracking › @transactions View transaction history" classname="transaction-history.spec.ts" time="6.134">
<failure message="transaction-history.spec.ts:12:7 @transactions View transaction history" type="FAILURE">
<![CDATA[  [Mobile Chrome] › transaction-history.spec.ts:12:7 › Transaction History & Tracking › @transactions View transaction history 

    Error: Timed out 5000ms waiting for expect(locator).toBeVisible()

    Locator: locator('text=Transaction History')
    Expected: visible
    Received: <element(s) not found>
    Call log:
      - Expect "toBeVisible" with timeout 5000ms
      - waiting for locator('text=Transaction History')


      14 |     
      15 |     // Verify transaction list loads
    > 16 |     await expect(page.locator('text=Transaction History')).toBeVisible();
         |                                                            ^
      17 |     await expect(page.locator('text=Recent Transactions')).toBeVisible();
      18 |     
      19 |     // Verify transaction list structure
        at /Users/gailad/Documents/Dev Projects/PacheduConnect/tests/e2e/transaction-history.spec.ts:16:60

    attachment #1: screenshot (image/png) ──────────────────────────────────────────────────────────
    ../../test-results/transaction-history-Transa-9477a-ns-View-transaction-history-Mobile-Chrome/test-failed-1.png
    ────────────────────────────────────────────────────────────────────────────────────────────────

    attachment #2: video (video/webm) ──────────────────────────────────────────────────────────────
    ../../test-results/transaction-history-Transa-9477a-ns-View-transaction-history-Mobile-Chrome/video.webm
    ────────────────────────────────────────────────────────────────────────────────────────────────

    Error Context: ../../test-results/transaction-history-Transa-9477a-ns-View-transaction-history-Mobile-Chrome/error-context.md
]]>
</failure>
<system-out>
<![CDATA[
[[ATTACHMENT|transaction-history-Transa-9477a-ns-View-transaction-history-Mobile-Chrome/test-failed-1.png]]

[[ATTACHMENT|transaction-history-Transa-9477a-ns-View-transaction-history-Mobile-Chrome/video.webm]]

[[ATTACHMENT|transaction-history-Transa-9477a-ns-View-transaction-history-Mobile-Chrome/error-context.md]]
]]>
</system-out>
</testcase>
<testcase name="Transaction History &amp; Tracking › @transactions Transaction details view" classname="transaction-history.spec.ts" time="30.467">
<failure message="transaction-history.spec.ts:31:7 @transactions Transaction details view" type="FAILURE">
<![CDATA[  [Mobile Chrome] › transaction-history.spec.ts:31:7 › Transaction History & Tracking › @transactions Transaction details view 

    Test timeout of 30000ms exceeded.

    Error: page.click: Test timeout of 30000ms exceeded.
    Call log:
      - waiting for locator('[data-testid="transaction-row"]:first-child')


      34 |     
      35 |     // Click on first transaction
    > 36 |     await page.click('[data-testid="transaction-row"]:first-child');
         |                ^
      37 |     
      38 |     // Verify transaction details page
      39 |     await expect(page.locator('text=Transaction Details')).toBeVisible();
        at /Users/gailad/Documents/Dev Projects/PacheduConnect/tests/e2e/transaction-history.spec.ts:36:16

    attachment #1: screenshot (image/png) ──────────────────────────────────────────────────────────
    ../../test-results/transaction-history-Transa-74ae5-ns-Transaction-details-view-Mobile-Chrome/test-failed-1.png
    ────────────────────────────────────────────────────────────────────────────────────────────────

    attachment #2: video (video/webm) ──────────────────────────────────────────────────────────────
    ../../test-results/transaction-history-Transa-74ae5-ns-Transaction-details-view-Mobile-Chrome/video.webm
    ────────────────────────────────────────────────────────────────────────────────────────────────

    Error Context: ../../test-results/transaction-history-Transa-74ae5-ns-Transaction-details-view-Mobile-Chrome/error-context.md
]]>
</failure>
<system-out>
<![CDATA[
[[ATTACHMENT|transaction-history-Transa-74ae5-ns-Transaction-details-view-Mobile-Chrome/test-failed-1.png]]

[[ATTACHMENT|transaction-history-Transa-74ae5-ns-Transaction-details-view-Mobile-Chrome/video.webm]]

[[ATTACHMENT|transaction-history-Transa-74ae5-ns-Transaction-details-view-Mobile-Chrome/error-context.md]]
]]>
</system-out>
</testcase>
<testcase name="Transaction History &amp; Tracking › @transactions Transaction status tracking" classname="transaction-history.spec.ts" time="30.482">
<failure message="transaction-history.spec.ts:56:7 @transactions Transaction status tracking" type="FAILURE">
<![CDATA[  [Mobile Chrome] › transaction-history.spec.ts:56:7 › Transaction History & Tracking › @transactions Transaction status tracking 

    Test timeout of 30000ms exceeded.

    Error: page.click: Test timeout of 30000ms exceeded.
    Call log:
      - waiting for locator('[data-testid="transaction-row"]:first-child')


      59 |     
      60 |     // Click on a transaction
    > 61 |     await page.click('[data-testid="transaction-row"]:first-child');
         |                ^
      62 |     
      63 |     // Verify progress timeline is displayed
      64 |     await expect(page.locator('text=Transaction Progress')).toBeVisible();
        at /Users/gailad/Documents/Dev Projects/PacheduConnect/tests/e2e/transaction-history.spec.ts:61:16

    attachment #1: screenshot (image/png) ──────────────────────────────────────────────────────────
    ../../test-results/transaction-history-Transa-9d739-Transaction-status-tracking-Mobile-Chrome/test-failed-1.png
    ────────────────────────────────────────────────────────────────────────────────────────────────

    attachment #2: video (video/webm) ──────────────────────────────────────────────────────────────
    ../../test-results/transaction-history-Transa-9d739-Transaction-status-tracking-Mobile-Chrome/video.webm
    ────────────────────────────────────────────────────────────────────────────────────────────────

    Error Context: ../../test-results/transaction-history-Transa-9d739-Transaction-status-tracking-Mobile-Chrome/error-context.md
]]>
</failure>
<system-out>
<![CDATA[
[[ATTACHMENT|transaction-history-Transa-9d739-Transaction-status-tracking-Mobile-Chrome/test-failed-1.png]]

[[ATTACHMENT|transaction-history-Transa-9d739-Transaction-status-tracking-Mobile-Chrome/video.webm]]

[[ATTACHMENT|transaction-history-Transa-9d739-Transaction-status-tracking-Mobile-Chrome/error-context.md]]
]]>
</system-out>
</testcase>
<testcase name="Transaction History &amp; Tracking › @transactions Filter and search transactions" classname="transaction-history.spec.ts" time="30.529">
<failure message="transaction-history.spec.ts:83:7 @transactions Filter and search transactions" type="FAILURE">
<![CDATA[  [Mobile Chrome] › transaction-history.spec.ts:83:7 › Transaction History & Tracking › @transactions Filter and search transactions 

    Test timeout of 30000ms exceeded.

    Error: page.click: Test timeout of 30000ms exceeded.
    Call log:
      - waiting for locator('select[name="status"]')


      86 |     
      87 |     // Test status filter
    > 88 |     await page.click('select[name="status"]');
         |                ^
      89 |     await page.selectOption('select[name="status"]', 'completed');
      90 |     
      91 |     // Verify filtered results
        at /Users/gailad/Documents/Dev Projects/PacheduConnect/tests/e2e/transaction-history.spec.ts:88:16

    attachment #1: screenshot (image/png) ──────────────────────────────────────────────────────────
    ../../test-results/transaction-history-Transa-f0b6a-ter-and-search-transactions-Mobile-Chrome/test-failed-1.png
    ────────────────────────────────────────────────────────────────────────────────────────────────

    attachment #2: video (video/webm) ──────────────────────────────────────────────────────────────
    ../../test-results/transaction-history-Transa-f0b6a-ter-and-search-transactions-Mobile-Chrome/video.webm
    ────────────────────────────────────────────────────────────────────────────────────────────────

    Error Context: ../../test-results/transaction-history-Transa-f0b6a-ter-and-search-transactions-Mobile-Chrome/error-context.md
]]>
</failure>
<system-out>
<![CDATA[
[[ATTACHMENT|transaction-history-Transa-f0b6a-ter-and-search-transactions-Mobile-Chrome/test-failed-1.png]]

[[ATTACHMENT|transaction-history-Transa-f0b6a-ter-and-search-transactions-Mobile-Chrome/video.webm]]

[[ATTACHMENT|transaction-history-Transa-f0b6a-ter-and-search-transactions-Mobile-Chrome/error-context.md]]
]]>
</system-out>
</testcase>
<testcase name="Transaction History &amp; Tracking › @transactions Export transaction history" classname="transaction-history.spec.ts" time="30.446">
<failure message="transaction-history.spec.ts:111:7 @transactions Export transaction history" type="FAILURE">
<![CDATA[  [Mobile Chrome] › transaction-history.spec.ts:111:7 › Transaction History & Tracking › @transactions Export transaction history 

    Test timeout of 30000ms exceeded.

    Error: page.click: Test timeout of 30000ms exceeded.
    Call log:
      - waiting for locator('button:has-text("Export")')


      114 |     
      115 |     // Click export button
    > 116 |     await page.click('button:has-text("Export")');
          |                ^
      117 |     
      118 |     // Verify export options
      119 |     await expect(page.locator('text=Export Format')).toBeVisible();
        at /Users/gailad/Documents/Dev Projects/PacheduConnect/tests/e2e/transaction-history.spec.ts:116:16

    attachment #1: screenshot (image/png) ──────────────────────────────────────────────────────────
    ../../test-results/transaction-history-Transa-58cbb--Export-transaction-history-Mobile-Chrome/test-failed-1.png
    ────────────────────────────────────────────────────────────────────────────────────────────────

    attachment #2: video (video/webm) ──────────────────────────────────────────────────────────────
    ../../test-results/transaction-history-Transa-58cbb--Export-transaction-history-Mobile-Chrome/video.webm
    ────────────────────────────────────────────────────────────────────────────────────────────────

    Error Context: ../../test-results/transaction-history-Transa-58cbb--Export-transaction-history-Mobile-Chrome/error-context.md
]]>
</failure>
<system-out>
<![CDATA[
[[ATTACHMENT|transaction-history-Transa-58cbb--Export-transaction-history-Mobile-Chrome/test-failed-1.png]]

[[ATTACHMENT|transaction-history-Transa-58cbb--Export-transaction-history-Mobile-Chrome/video.webm]]

[[ATTACHMENT|transaction-history-Transa-58cbb--Export-transaction-history-Mobile-Chrome/error-context.md]]
]]>
</system-out>
</testcase>
<testcase name="Transaction History &amp; Tracking › @transactions Transaction receipt generation" classname="transaction-history.spec.ts" time="30.479">
<failure message="transaction-history.spec.ts:133:7 @transactions Transaction receipt generation" type="FAILURE">
<![CDATA[  [Mobile Chrome] › transaction-history.spec.ts:133:7 › Transaction History & Tracking › @transactions Transaction receipt generation 

    Test timeout of 30000ms exceeded.

    Error: page.click: Test timeout of 30000ms exceeded.
    Call log:
      - waiting for locator('[data-testid="transaction-row"]:first-child')


      134 |     // Navigate to a specific transaction
      135 |     await page.goto('/transactions');
    > 136 |     await page.click('[data-testid="transaction-row"]:first-child');
          |                ^
      137 |     
      138 |     // Click download receipt
      139 |     await page.click('button:has-text("Download Receipt")');
        at /Users/gailad/Documents/Dev Projects/PacheduConnect/tests/e2e/transaction-history.spec.ts:136:16

    attachment #1: screenshot (image/png) ──────────────────────────────────────────────────────────
    ../../test-results/transaction-history-Transa-da7b6-nsaction-receipt-generation-Mobile-Chrome/test-failed-1.png
    ────────────────────────────────────────────────────────────────────────────────────────────────

    attachment #2: video (video/webm) ──────────────────────────────────────────────────────────────
    ../../test-results/transaction-history-Transa-da7b6-nsaction-receipt-generation-Mobile-Chrome/video.webm
    ────────────────────────────────────────────────────────────────────────────────────────────────

    Error Context: ../../test-results/transaction-history-Transa-da7b6-nsaction-receipt-generation-Mobile-Chrome/error-context.md
]]>
</failure>
<system-out>
<![CDATA[
[[ATTACHMENT|transaction-history-Transa-da7b6-nsaction-receipt-generation-Mobile-Chrome/test-failed-1.png]]

[[ATTACHMENT|transaction-history-Transa-da7b6-nsaction-receipt-generation-Mobile-Chrome/video.webm]]

[[ATTACHMENT|transaction-history-Transa-da7b6-nsaction-receipt-generation-Mobile-Chrome/error-context.md]]
]]>
</system-out>
</testcase>
<testcase name="Transaction History &amp; Tracking › @transactions Real-time status updates" classname="transaction-history.spec.ts" time="6.246">
<failure message="transaction-history.spec.ts:147:7 @transactions Real-time status updates" type="FAILURE">
<![CDATA[  [Mobile Chrome] › transaction-history.spec.ts:147:7 › Transaction History & Tracking › @transactions Real-time status updates 

    Error: Timed out 5000ms waiting for expect(locator).toBeVisible()

    Locator: locator('text=Live Updates')
    Expected: visible
    Received: <element(s) not found>
    Call log:
      - Expect "toBeVisible" with timeout 5000ms
      - waiting for locator('text=Live Updates')


      159 |     
      160 |     // Verify real-time indicator
    > 161 |     await expect(page.locator('text=Live Updates')).toBeVisible();
          |                                                     ^
      162 |     
      163 |     // Simulate status change
      164 |     await page.evaluate(() => {
        at /Users/gailad/Documents/Dev Projects/PacheduConnect/tests/e2e/transaction-history.spec.ts:161:53

    attachment #1: screenshot (image/png) ──────────────────────────────────────────────────────────
    ../../test-results/transaction-history-Transa-f7ca1-ns-Real-time-status-updates-Mobile-Chrome/test-failed-1.png
    ────────────────────────────────────────────────────────────────────────────────────────────────

    attachment #2: video (video/webm) ──────────────────────────────────────────────────────────────
    ../../test-results/transaction-history-Transa-f7ca1-ns-Real-time-status-updates-Mobile-Chrome/video.webm
    ────────────────────────────────────────────────────────────────────────────────────────────────

    Error Context: ../../test-results/transaction-history-Transa-f7ca1-ns-Real-time-status-updates-Mobile-Chrome/error-context.md
]]>
</failure>
<system-out>
<![CDATA[
[[ATTACHMENT|transaction-history-Transa-f7ca1-ns-Real-time-status-updates-Mobile-Chrome/test-failed-1.png]]

[[ATTACHMENT|transaction-history-Transa-f7ca1-ns-Real-time-status-updates-Mobile-Chrome/video.webm]]

[[ATTACHMENT|transaction-history-Transa-f7ca1-ns-Real-time-status-updates-Mobile-Chrome/error-context.md]]
]]>
</system-out>
</testcase>
<testcase name="Transaction History &amp; Tracking › @transactions Transaction notifications" classname="transaction-history.spec.ts" time="30.497">
<failure message="transaction-history.spec.ts:176:7 @transactions Transaction notifications" type="FAILURE">
<![CDATA[  [Mobile Chrome] › transaction-history.spec.ts:176:7 › Transaction History & Tracking › @transactions Transaction notifications 

    Test timeout of 30000ms exceeded.

    Error: page.click: Test timeout of 30000ms exceeded.
    Call log:
      - waiting for locator('[data-testid="transaction-row"]:first-child')


      179 |     
      180 |     // Enable notifications for a transaction
    > 181 |     await page.click('[data-testid="transaction-row"]:first-child');
          |                ^
      182 |     await page.click('button:has-text("Enable Notifications")');
      183 |     
      184 |     // Verify notification settings
        at /Users/gailad/Documents/Dev Projects/PacheduConnect/tests/e2e/transaction-history.spec.ts:181:16

    attachment #1: screenshot (image/png) ──────────────────────────────────────────────────────────
    ../../test-results/transaction-history-Transa-73cfe-s-Transaction-notifications-Mobile-Chrome/test-failed-1.png
    ────────────────────────────────────────────────────────────────────────────────────────────────

    attachment #2: video (video/webm) ──────────────────────────────────────────────────────────────
    ../../test-results/transaction-history-Transa-73cfe-s-Transaction-notifications-Mobile-Chrome/video.webm
    ────────────────────────────────────────────────────────────────────────────────────────────────

    Error Context: ../../test-results/transaction-history-Transa-73cfe-s-Transaction-notifications-Mobile-Chrome/error-context.md
]]>
</failure>
<system-out>
<![CDATA[
[[ATTACHMENT|transaction-history-Transa-73cfe-s-Transaction-notifications-Mobile-Chrome/test-failed-1.png]]

[[ATTACHMENT|transaction-history-Transa-73cfe-s-Transaction-notifications-Mobile-Chrome/video.webm]]

[[ATTACHMENT|transaction-history-Transa-73cfe-s-Transaction-notifications-Mobile-Chrome/error-context.md]]
]]>
</system-out>
</testcase>
<testcase name="Transaction History &amp; Tracking › @transactions Offline transaction history" classname="transaction-history.spec.ts" time="6.35">
<failure message="transaction-history.spec.ts:201:7 @transactions Offline transaction history" type="FAILURE">
<![CDATA[  [Mobile Chrome] › transaction-history.spec.ts:201:7 › Transaction History & Tracking › @transactions Offline transaction history 

    Error: Timed out 5000ms waiting for expect(locator).toBeVisible()

    Locator: locator('text=Transaction History')
    Expected: visible
    Received: <element(s) not found>
    Call log:
      - Expect "toBeVisible" with timeout 5000ms
      - waiting for locator('text=Transaction History')


      207 |     
      208 |     // Should still show cached transactions
    > 209 |     await expect(page.locator('text=Transaction History')).toBeVisible();
          |                                                            ^
      210 |     await expect(page.locator('text=Offline Mode')).toBeVisible();
      211 |     
      212 |     // Go back online
        at /Users/gailad/Documents/Dev Projects/PacheduConnect/tests/e2e/transaction-history.spec.ts:209:60

    attachment #1: screenshot (image/png) ──────────────────────────────────────────────────────────
    ../../test-results/transaction-history-Transa-44191-Offline-transaction-history-Mobile-Chrome/test-failed-1.png
    ────────────────────────────────────────────────────────────────────────────────────────────────

    attachment #2: video (video/webm) ──────────────────────────────────────────────────────────────
    ../../test-results/transaction-history-Transa-44191-Offline-transaction-history-Mobile-Chrome/video.webm
    ────────────────────────────────────────────────────────────────────────────────────────────────
]]>
</failure>
<system-out>
<![CDATA[
[[ATTACHMENT|transaction-history-Transa-44191-Offline-transaction-history-Mobile-Chrome/test-failed-1.png]]

[[ATTACHMENT|transaction-history-Transa-44191-Offline-transaction-history-Mobile-Chrome/video.webm]]
]]>
</system-out>
</testcase>
<testcase name="Transaction History &amp; Tracking › @pagination Pagination functionality" classname="transaction-history.spec.ts" time="6.507">
<failure message="transaction-history.spec.ts:221:7 @pagination Pagination functionality" type="FAILURE">
<![CDATA[  [Mobile Chrome] › transaction-history.spec.ts:221:7 › Transaction History & Tracking › @pagination Pagination functionality 

    Error: Timed out 5000ms waiting for expect(locator).toBeVisible()

    Locator: locator('[data-testid="pagination"]')
    Expected: visible
    Received: <element(s) not found>
    Call log:
      - Expect "toBeVisible" with timeout 5000ms
      - waiting for locator('[data-testid="pagination"]')


      223 |     
      224 |     // Verify pagination controls are visible
    > 225 |     await expect(page.locator('[data-testid="pagination"]')).toBeVisible();
          |                                                              ^
      226 |     await expect(page.locator('button:has-text("Previous")')).toBeVisible();
      227 |     await expect(page.locator('button:has-text("Next")')).toBeVisible();
      228 |     
        at /Users/gailad/Documents/Dev Projects/PacheduConnect/tests/e2e/transaction-history.spec.ts:225:62

    attachment #1: screenshot (image/png) ──────────────────────────────────────────────────────────
    ../../test-results/transaction-history-Transa-870bf-on-Pagination-functionality-Mobile-Chrome/test-failed-1.png
    ────────────────────────────────────────────────────────────────────────────────────────────────

    attachment #2: video (video/webm) ──────────────────────────────────────────────────────────────
    ../../test-results/transaction-history-Transa-870bf-on-Pagination-functionality-Mobile-Chrome/video.webm
    ────────────────────────────────────────────────────────────────────────────────────────────────

    Error Context: ../../test-results/transaction-history-Transa-870bf-on-Pagination-functionality-Mobile-Chrome/error-context.md
]]>
</failure>
<system-out>
<![CDATA[
[[ATTACHMENT|transaction-history-Transa-870bf-on-Pagination-functionality-Mobile-Chrome/test-failed-1.png]]

[[ATTACHMENT|transaction-history-Transa-870bf-on-Pagination-functionality-Mobile-Chrome/video.webm]]

[[ATTACHMENT|transaction-history-Transa-870bf-on-Pagination-functionality-Mobile-Chrome/error-context.md]]
]]>
</system-out>
</testcase>
<testcase name="Transaction History &amp; Tracking › @pagination Infinite scroll functionality" classname="transaction-history.spec.ts" time="30.503">
<failure message="transaction-history.spec.ts:241:7 @pagination Infinite scroll functionality" type="FAILURE">
<![CDATA[  [Mobile Chrome] › transaction-history.spec.ts:241:7 › Transaction History & Tracking › @pagination Infinite scroll functionality 

    Test timeout of 30000ms exceeded.

    Error: page.waitForSelector: Test timeout of 30000ms exceeded.
    Call log:
      - waiting for locator('[data-testid="loading-spinner"]') to be visible


      248 |     
      249 |     // Wait for new content to load
    > 250 |     await page.waitForSelector('[data-testid="loading-spinner"]', { state: 'visible' });
          |                ^
      251 |     await page.waitForSelector('[data-testid="loading-spinner"]', { state: 'hidden' });
      252 |     
      253 |     // Verify more transactions loaded
        at /Users/gailad/Documents/Dev Projects/PacheduConnect/tests/e2e/transaction-history.spec.ts:250:16

    attachment #1: screenshot (image/png) ──────────────────────────────────────────────────────────
    ../../test-results/transaction-history-Transa-e9741-finite-scroll-functionality-Mobile-Chrome/test-failed-1.png
    ────────────────────────────────────────────────────────────────────────────────────────────────

    attachment #2: video (video/webm) ──────────────────────────────────────────────────────────────
    ../../test-results/transaction-history-Transa-e9741-finite-scroll-functionality-Mobile-Chrome/video.webm
    ────────────────────────────────────────────────────────────────────────────────────────────────

    Error Context: ../../test-results/transaction-history-Transa-e9741-finite-scroll-functionality-Mobile-Chrome/error-context.md
]]>
</failure>
<system-out>
<![CDATA[
[[ATTACHMENT|transaction-history-Transa-e9741-finite-scroll-functionality-Mobile-Chrome/test-failed-1.png]]

[[ATTACHMENT|transaction-history-Transa-e9741-finite-scroll-functionality-Mobile-Chrome/video.webm]]

[[ATTACHMENT|transaction-history-Transa-e9741-finite-scroll-functionality-Mobile-Chrome/error-context.md]]
]]>
</system-out>
</testcase>
<testcase name="Transaction History &amp; Tracking › @roles Regular user sees only own transactions" classname="transaction-history.spec.ts" time="30.467">
<failure message="transaction-history.spec.ts:273:7 @roles Regular user sees only own transactions" type="FAILURE">
<![CDATA[  [Mobile Chrome] › transaction-history.spec.ts:273:7 › Transaction History & Tracking › @roles Regular user sees only own transactions 

    Test timeout of 30000ms exceeded.

    Error: page.fill: Test timeout of 30000ms exceeded.
    Call log:
      - waiting for locator('input[placeholder*="email"]')


      274 |     // Login as regular user
      275 |     await page.goto('/auth');
    > 276 |     await page.fill('input[placeholder*="email"]', 'user@example.com');
          |                ^
      277 |     await page.fill('input[placeholder*="password"]', 'password123');
      278 |     await page.click('button[type="submit"]');
      279 |     
        at /Users/gailad/Documents/Dev Projects/PacheduConnect/tests/e2e/transaction-history.spec.ts:276:16

    attachment #1: screenshot (image/png) ──────────────────────────────────────────────────────────
    ../../test-results/transaction-history-Transa-ad279--sees-only-own-transactions-Mobile-Chrome/test-failed-1.png
    ────────────────────────────────────────────────────────────────────────────────────────────────

    attachment #2: video (video/webm) ──────────────────────────────────────────────────────────────
    ../../test-results/transaction-history-Transa-ad279--sees-only-own-transactions-Mobile-Chrome/video.webm
    ────────────────────────────────────────────────────────────────────────────────────────────────

    Error Context: ../../test-results/transaction-history-Transa-ad279--sees-only-own-transactions-Mobile-Chrome/error-context.md
]]>
</failure>
<system-out>
<![CDATA[
[[ATTACHMENT|transaction-history-Transa-ad279--sees-only-own-transactions-Mobile-Chrome/test-failed-1.png]]

[[ATTACHMENT|transaction-history-Transa-ad279--sees-only-own-transactions-Mobile-Chrome/video.webm]]

[[ATTACHMENT|transaction-history-Transa-ad279--sees-only-own-transactions-Mobile-Chrome/error-context.md]]
]]>
</system-out>
</testcase>
<testcase name="Transaction History &amp; Tracking › @roles Admin sees all users transactions" classname="transaction-history.spec.ts" time="30.474">
<failure message="transaction-history.spec.ts:290:7 @roles Admin sees all users transactions" type="FAILURE">
<![CDATA[  [Mobile Chrome] › transaction-history.spec.ts:290:7 › Transaction History & Tracking › @roles Admin sees all users transactions 

    Test timeout of 30000ms exceeded.

    Error: page.fill: Test timeout of 30000ms exceeded.
    Call log:
      - waiting for locator('input[placeholder*="email"]')


      291 |     // Login as admin
      292 |     await page.goto('/auth');
    > 293 |     await page.fill('input[placeholder*="email"]', 'admin@example.com');
          |                ^
      294 |     await page.fill('input[placeholder*="password"]', 'admin123');
      295 |     await page.click('button[type="submit"]');
      296 |     
        at /Users/gailad/Documents/Dev Projects/PacheduConnect/tests/e2e/transaction-history.spec.ts:293:16

    attachment #1: screenshot (image/png) ──────────────────────────────────────────────────────────
    ../../test-results/transaction-history-Transa-401ef-sees-all-users-transactions-Mobile-Chrome/test-failed-1.png
    ────────────────────────────────────────────────────────────────────────────────────────────────

    attachment #2: video (video/webm) ──────────────────────────────────────────────────────────────
    ../../test-results/transaction-history-Transa-401ef-sees-all-users-transactions-Mobile-Chrome/video.webm
    ────────────────────────────────────────────────────────────────────────────────────────────────

    Error Context: ../../test-results/transaction-history-Transa-401ef-sees-all-users-transactions-Mobile-Chrome/error-context.md
]]>
</failure>
<system-out>
<![CDATA[
[[ATTACHMENT|transaction-history-Transa-401ef-sees-all-users-transactions-Mobile-Chrome/test-failed-1.png]]

[[ATTACHMENT|transaction-history-Transa-401ef-sees-all-users-transactions-Mobile-Chrome/video.webm]]

[[ATTACHMENT|transaction-history-Transa-401ef-sees-all-users-transactions-Mobile-Chrome/error-context.md]]
]]>
</system-out>
</testcase>
<testcase name="Transaction History &amp; Tracking › @roles Unauthorized access prevention" classname="transaction-history.spec.ts" time="6.208">
<failure message="transaction-history.spec.ts:313:7 @roles Unauthorized access prevention" type="FAILURE">
<![CDATA[  [Mobile Chrome] › transaction-history.spec.ts:313:7 › Transaction History & Tracking › @roles Unauthorized access prevention 

    Error: Timed out 5000ms waiting for expect(locator).toBeVisible()

    Locator: locator('text=Unauthorized')
    Expected: visible
    Received: <element(s) not found>
    Call log:
      - Expect "toBeVisible" with timeout 5000ms
      - waiting for locator('text=Unauthorized')


      316 |     
      317 |     // Should be redirected to login or show error
    > 318 |     await expect(page.locator('text=Unauthorized') || page.locator('text=Login')).toBeVisible();
          |                                                                                   ^
      319 |     
      320 |     // Try to access other user's transaction directly
      321 |     await page.goto('/transactions/TXN123');
        at /Users/gailad/Documents/Dev Projects/PacheduConnect/tests/e2e/transaction-history.spec.ts:318:83

    attachment #1: screenshot (image/png) ──────────────────────────────────────────────────────────
    ../../test-results/transaction-history-Transa-b9fda-uthorized-access-prevention-Mobile-Chrome/test-failed-1.png
    ────────────────────────────────────────────────────────────────────────────────────────────────

    attachment #2: video (video/webm) ──────────────────────────────────────────────────────────────
    ../../test-results/transaction-history-Transa-b9fda-uthorized-access-prevention-Mobile-Chrome/video.webm
    ────────────────────────────────────────────────────────────────────────────────────────────────

    Error Context: ../../test-results/transaction-history-Transa-b9fda-uthorized-access-prevention-Mobile-Chrome/error-context.md
]]>
</failure>
<system-out>
<![CDATA[
[[ATTACHMENT|transaction-history-Transa-b9fda-uthorized-access-prevention-Mobile-Chrome/test-failed-1.png]]

[[ATTACHMENT|transaction-history-Transa-b9fda-uthorized-access-prevention-Mobile-Chrome/video.webm]]

[[ATTACHMENT|transaction-history-Transa-b9fda-uthorized-access-prevention-Mobile-Chrome/error-context.md]]
]]>
</system-out>
</testcase>
<testcase name="Transaction History &amp; Tracking › @dispute Open dispute from transaction" classname="transaction-history.spec.ts" time="30.548">
<failure message="transaction-history.spec.ts:328:7 @dispute Open dispute from transaction" type="FAILURE">
<![CDATA[  [Mobile Chrome] › transaction-history.spec.ts:328:7 › Transaction History & Tracking › @dispute Open dispute from transaction 

    Test timeout of 30000ms exceeded.

    Error: page.click: Test timeout of 30000ms exceeded.
    Call log:
      - waiting for locator('[data-testid="transaction-row"]:first-child')


      328 |   test('@dispute Open dispute from transaction', async ({ page }) => {
      329 |     await page.goto('/transactions');
    > 330 |     await page.click('[data-testid="transaction-row"]:first-child');
          |                ^
      331 |     
      332 |     // Click dispute button
      333 |     await page.click('button:has-text("Report Issue")');
        at /Users/gailad/Documents/Dev Projects/PacheduConnect/tests/e2e/transaction-history.spec.ts:330:16

    attachment #1: screenshot (image/png) ──────────────────────────────────────────────────────────
    ../../test-results/transaction-history-Transa-20d3d-en-dispute-from-transaction-Mobile-Chrome/test-failed-1.png
    ────────────────────────────────────────────────────────────────────────────────────────────────

    attachment #2: video (video/webm) ──────────────────────────────────────────────────────────────
    ../../test-results/transaction-history-Transa-20d3d-en-dispute-from-transaction-Mobile-Chrome/video.webm
    ────────────────────────────────────────────────────────────────────────────────────────────────

    Error Context: ../../test-results/transaction-history-Transa-20d3d-en-dispute-from-transaction-Mobile-Chrome/error-context.md
]]>
</failure>
<system-out>
<![CDATA[
[[ATTACHMENT|transaction-history-Transa-20d3d-en-dispute-from-transaction-Mobile-Chrome/test-failed-1.png]]

[[ATTACHMENT|transaction-history-Transa-20d3d-en-dispute-from-transaction-Mobile-Chrome/video.webm]]

[[ATTACHMENT|transaction-history-Transa-20d3d-en-dispute-from-transaction-Mobile-Chrome/error-context.md]]
]]>
</system-out>
</testcase>
<testcase name="Transaction History &amp; Tracking › @dispute Track dispute status" classname="transaction-history.spec.ts" time="30.524">
<failure message="transaction-history.spec.ts:353:7 @dispute Track dispute status" type="FAILURE">
<![CDATA[  [Mobile Chrome] › transaction-history.spec.ts:353:7 › Transaction History & Tracking › @dispute Track dispute status 

    Test timeout of 30000ms exceeded.

    Error: page.click: Test timeout of 30000ms exceeded.
    Call log:
      - waiting for locator('[data-testid="transaction-row"]:first-child')


      353 |   test('@dispute Track dispute status', async ({ page }) => {
      354 |     await page.goto('/transactions');
    > 355 |     await page.click('[data-testid="transaction-row"]:first-child');
          |                ^
      356 |     
      357 |     // Check if transaction has active dispute
      358 |     const disputeStatus = page.locator('[data-testid="dispute-status"]');
        at /Users/gailad/Documents/Dev Projects/PacheduConnect/tests/e2e/transaction-history.spec.ts:355:16

    attachment #1: screenshot (image/png) ──────────────────────────────────────────────────────────
    ../../test-results/transaction-history-Transa-32fbb-ispute-Track-dispute-status-Mobile-Chrome/test-failed-1.png
    ────────────────────────────────────────────────────────────────────────────────────────────────

    attachment #2: video (video/webm) ──────────────────────────────────────────────────────────────
    ../../test-results/transaction-history-Transa-32fbb-ispute-Track-dispute-status-Mobile-Chrome/video.webm
    ────────────────────────────────────────────────────────────────────────────────────────────────

    Error Context: ../../test-results/transaction-history-Transa-32fbb-ispute-Track-dispute-status-Mobile-Chrome/error-context.md
]]>
</failure>
<system-out>
<![CDATA[
[[ATTACHMENT|transaction-history-Transa-32fbb-ispute-Track-dispute-status-Mobile-Chrome/test-failed-1.png]]

[[ATTACHMENT|transaction-history-Transa-32fbb-ispute-Track-dispute-status-Mobile-Chrome/video.webm]]

[[ATTACHMENT|transaction-history-Transa-32fbb-ispute-Track-dispute-status-Mobile-Chrome/error-context.md]]
]]>
</system-out>
</testcase>
<testcase name="Transaction History &amp; Tracking › @dispute Support chat integration" classname="transaction-history.spec.ts" time="30.446">
<failure message="transaction-history.spec.ts:373:7 @dispute Support chat integration" type="FAILURE">
<![CDATA[  [Mobile Chrome] › transaction-history.spec.ts:373:7 › Transaction History & Tracking › @dispute Support chat integration 

    Test timeout of 30000ms exceeded.

    Error: page.click: Test timeout of 30000ms exceeded.
    Call log:
      - waiting for locator('[data-testid="transaction-row"]:first-child')


      373 |   test('@dispute Support chat integration', async ({ page }) => {
      374 |     await page.goto('/transactions');
    > 375 |     await page.click('[data-testid="transaction-row"]:first-child');
          |                ^
      376 |     
      377 |     // Open support chat
      378 |     await page.click('button:has-text("Get Help")');
        at /Users/gailad/Documents/Dev Projects/PacheduConnect/tests/e2e/transaction-history.spec.ts:375:16

    attachment #1: screenshot (image/png) ──────────────────────────────────────────────────────────
    ../../test-results/transaction-history-Transa-3044a-te-Support-chat-integration-Mobile-Chrome/test-failed-1.png
    ────────────────────────────────────────────────────────────────────────────────────────────────

    attachment #2: video (video/webm) ──────────────────────────────────────────────────────────────
    ../../test-results/transaction-history-Transa-3044a-te-Support-chat-integration-Mobile-Chrome/video.webm
    ────────────────────────────────────────────────────────────────────────────────────────────────

    Error Context: ../../test-results/transaction-history-Transa-3044a-te-Support-chat-integration-Mobile-Chrome/error-context.md
]]>
</failure>
<system-out>
<![CDATA[
[[ATTACHMENT|transaction-history-Transa-3044a-te-Support-chat-integration-Mobile-Chrome/test-failed-1.png]]

[[ATTACHMENT|transaction-history-Transa-3044a-te-Support-chat-integration-Mobile-Chrome/video.webm]]

[[ATTACHMENT|transaction-history-Transa-3044a-te-Support-chat-integration-Mobile-Chrome/error-context.md]]
]]>
</system-out>
</testcase>
<testcase name="Transaction History &amp; Tracking › @bulk Bulk transaction selection" classname="transaction-history.spec.ts" time="30.432">
<failure message="transaction-history.spec.ts:393:7 @bulk Bulk transaction selection" type="FAILURE">
<![CDATA[  [Mobile Chrome] › transaction-history.spec.ts:393:7 › Transaction History & Tracking › @bulk Bulk transaction selection 

    Test timeout of 30000ms exceeded.

    Error: page.click: Test timeout of 30000ms exceeded.
    Call log:
      - waiting for locator('input[type="checkbox"]:nth-child(1)')


      395 |     
      396 |     // Select multiple transactions
    > 397 |     await page.click('input[type="checkbox"]:nth-child(1)');
          |                ^
      398 |     await page.click('input[type="checkbox"]:nth-child(2)');
      399 |     await page.click('input[type="checkbox"]:nth-child(3)');
      400 |     
        at /Users/gailad/Documents/Dev Projects/PacheduConnect/tests/e2e/transaction-history.spec.ts:397:16

    attachment #1: screenshot (image/png) ──────────────────────────────────────────────────────────
    ../../test-results/transaction-history-Transa-c87f0--Bulk-transaction-selection-Mobile-Chrome/test-failed-1.png
    ────────────────────────────────────────────────────────────────────────────────────────────────

    attachment #2: video (video/webm) ──────────────────────────────────────────────────────────────
    ../../test-results/transaction-history-Transa-c87f0--Bulk-transaction-selection-Mobile-Chrome/video.webm
    ────────────────────────────────────────────────────────────────────────────────────────────────

    Error Context: ../../test-results/transaction-history-Transa-c87f0--Bulk-transaction-selection-Mobile-Chrome/error-context.md
]]>
</failure>
<system-out>
<![CDATA[
[[ATTACHMENT|transaction-history-Transa-c87f0--Bulk-transaction-selection-Mobile-Chrome/test-failed-1.png]]

[[ATTACHMENT|transaction-history-Transa-c87f0--Bulk-transaction-selection-Mobile-Chrome/video.webm]]

[[ATTACHMENT|transaction-history-Transa-c87f0--Bulk-transaction-selection-Mobile-Chrome/error-context.md]]
]]>
</system-out>
</testcase>
<testcase name="Transaction History &amp; Tracking › @bulk Bulk notification settings" classname="transaction-history.spec.ts" time="30.508">
<failure message="transaction-history.spec.ts:416:7 @bulk Bulk notification settings" type="FAILURE">
<![CDATA[  [Mobile Chrome] › transaction-history.spec.ts:416:7 › Transaction History & Tracking › @bulk Bulk notification settings 

    Test timeout of 30000ms exceeded.

    Error: page.click: Test timeout of 30000ms exceeded.
    Call log:
      - waiting for locator('input[type="checkbox"]:nth-child(1)')


      418 |     
      419 |     // Select transactions
    > 420 |     await page.click('input[type="checkbox"]:nth-child(1)');
          |                ^
      421 |     await page.click('input[type="checkbox"]:nth-child(2)');
      422 |     
      423 |     // Open bulk notification settings
        at /Users/gailad/Documents/Dev Projects/PacheduConnect/tests/e2e/transaction-history.spec.ts:420:16

    attachment #1: screenshot (image/png) ──────────────────────────────────────────────────────────
    ../../test-results/transaction-history-Transa-6f9d7--Bulk-notification-settings-Mobile-Chrome/test-failed-1.png
    ────────────────────────────────────────────────────────────────────────────────────────────────

    attachment #2: video (video/webm) ──────────────────────────────────────────────────────────────
    ../../test-results/transaction-history-Transa-6f9d7--Bulk-notification-settings-Mobile-Chrome/video.webm
    ────────────────────────────────────────────────────────────────────────────────────────────────

    Error Context: ../../test-results/transaction-history-Transa-6f9d7--Bulk-notification-settings-Mobile-Chrome/error-context.md
]]>
</failure>
<system-out>
<![CDATA[
[[ATTACHMENT|transaction-history-Transa-6f9d7--Bulk-notification-settings-Mobile-Chrome/test-failed-1.png]]

[[ATTACHMENT|transaction-history-Transa-6f9d7--Bulk-notification-settings-Mobile-Chrome/video.webm]]

[[ATTACHMENT|transaction-history-Transa-6f9d7--Bulk-notification-settings-Mobile-Chrome/error-context.md]]
]]>
</system-out>
</testcase>
<testcase name="Transaction History &amp; Tracking › @a11y Keyboard navigation" classname="transaction-history.spec.ts" time="6.273">
<failure message="transaction-history.spec.ts:438:7 @a11y Keyboard navigation" type="FAILURE">
<![CDATA[  [Mobile Chrome] › transaction-history.spec.ts:438:7 › Transaction History & Tracking › @a11y Keyboard navigation 

    Error: Timed out 5000ms waiting for expect(locator).toBeVisible()

    Locator: locator(':focus')
    Expected: visible
    Received: <element(s) not found>
    Call log:
      - Expect "toBeVisible" with timeout 5000ms
      - waiting for locator(':focus')


      441 |     // Test tab navigation
      442 |     await page.keyboard.press('Tab');
    > 443 |     await expect(page.locator(':focus')).toBeVisible();
          |                                          ^
      444 |     
      445 |     // Navigate through transaction rows with keyboard
      446 |     await page.keyboard.press('Tab');
        at /Users/gailad/Documents/Dev Projects/PacheduConnect/tests/e2e/transaction-history.spec.ts:443:42

    attachment #1: screenshot (image/png) ──────────────────────────────────────────────────────────
    ../../test-results/transaction-history-Transa-8c663-ng-a11y-Keyboard-navigation-Mobile-Chrome/test-failed-1.png
    ────────────────────────────────────────────────────────────────────────────────────────────────

    attachment #2: video (video/webm) ──────────────────────────────────────────────────────────────
    ../../test-results/transaction-history-Transa-8c663-ng-a11y-Keyboard-navigation-Mobile-Chrome/video.webm
    ────────────────────────────────────────────────────────────────────────────────────────────────

    Error Context: ../../test-results/transaction-history-Transa-8c663-ng-a11y-Keyboard-navigation-Mobile-Chrome/error-context.md
]]>
</failure>
<system-out>
<![CDATA[
[[ATTACHMENT|transaction-history-Transa-8c663-ng-a11y-Keyboard-navigation-Mobile-Chrome/test-failed-1.png]]

[[ATTACHMENT|transaction-history-Transa-8c663-ng-a11y-Keyboard-navigation-Mobile-Chrome/video.webm]]

[[ATTACHMENT|transaction-history-Transa-8c663-ng-a11y-Keyboard-navigation-Mobile-Chrome/error-context.md]]
]]>
</system-out>
</testcase>
<testcase name="Transaction History &amp; Tracking › @a11y Screen reader compatibility" classname="transaction-history.spec.ts" time="6.284">
<failure message="transaction-history.spec.ts:458:7 @a11y Screen reader compatibility" type="FAILURE">
<![CDATA[  [Mobile Chrome] › transaction-history.spec.ts:458:7 › Transaction History & Tracking › @a11y Screen reader compatibility 

    Error: Timed out 5000ms waiting for expect(locator).toBeVisible()

    Locator: locator('[aria-label*="transaction"]')
    Expected: visible
    Received: <element(s) not found>
    Call log:
      - Expect "toBeVisible" with timeout 5000ms
      - waiting for locator('[aria-label*="transaction"]')


      460 |     
      461 |     // Verify ARIA labels are present
    > 462 |     await expect(page.locator('[aria-label*="transaction"]')).toBeVisible();
          |                                                               ^
      463 |     await expect(page.locator('[role="table"]')).toBeVisible();
      464 |     await expect(page.locator('[role="row"]')).toBeVisible();
      465 |     
        at /Users/gailad/Documents/Dev Projects/PacheduConnect/tests/e2e/transaction-history.spec.ts:462:63

    attachment #1: screenshot (image/png) ──────────────────────────────────────────────────────────
    ../../test-results/transaction-history-Transa-b7bf0-Screen-reader-compatibility-Mobile-Chrome/test-failed-1.png
    ────────────────────────────────────────────────────────────────────────────────────────────────

    attachment #2: video (video/webm) ──────────────────────────────────────────────────────────────
    ../../test-results/transaction-history-Transa-b7bf0-Screen-reader-compatibility-Mobile-Chrome/video.webm
    ────────────────────────────────────────────────────────────────────────────────────────────────

    Error Context: ../../test-results/transaction-history-Transa-b7bf0-Screen-reader-compatibility-Mobile-Chrome/error-context.md
]]>
</failure>
<system-out>
<![CDATA[
[[ATTACHMENT|transaction-history-Transa-b7bf0-Screen-reader-compatibility-Mobile-Chrome/test-failed-1.png]]

[[ATTACHMENT|transaction-history-Transa-b7bf0-Screen-reader-compatibility-Mobile-Chrome/video.webm]]

[[ATTACHMENT|transaction-history-Transa-b7bf0-Screen-reader-compatibility-Mobile-Chrome/error-context.md]]
]]>
</system-out>
</testcase>
<testcase name="Transaction History &amp; Tracking › @edge No transactions state" classname="transaction-history.spec.ts" time="6.783">
<failure message="transaction-history.spec.ts:479:7 @edge No transactions state" type="FAILURE">
<![CDATA[  [Mobile Chrome] › transaction-history.spec.ts:479:7 › Transaction History & Tracking › @edge No transactions state 

    Error: Timed out 5000ms waiting for expect(locator).toBeVisible()

    Locator: locator('text=No transactions found')
    Expected: visible
    Received: <element(s) not found>
    Call log:
      - Expect "toBeVisible" with timeout 5000ms
      - waiting for locator('text=No transactions found')


      490 |     
      491 |     // Verify empty state
    > 492 |     await expect(page.locator('text=No transactions found')).toBeVisible();
          |                                                              ^
      493 |     await expect(page.locator('text=Start your first transfer')).toBeVisible();
      494 |     await expect(page.locator('button:has-text("Send Money")')).toBeVisible();
      495 |   });
        at /Users/gailad/Documents/Dev Projects/PacheduConnect/tests/e2e/transaction-history.spec.ts:492:62

    attachment #1: screenshot (image/png) ──────────────────────────────────────────────────────────
    ../../test-results/transaction-history-Transa-c35d9--edge-No-transactions-state-Mobile-Chrome/test-failed-1.png
    ────────────────────────────────────────────────────────────────────────────────────────────────

    attachment #2: video (video/webm) ──────────────────────────────────────────────────────────────
    ../../test-results/transaction-history-Transa-c35d9--edge-No-transactions-state-Mobile-Chrome/video.webm
    ────────────────────────────────────────────────────────────────────────────────────────────────

    Error Context: ../../test-results/transaction-history-Transa-c35d9--edge-No-transactions-state-Mobile-Chrome/error-context.md
]]>
</failure>
<system-out>
<![CDATA[
[[ATTACHMENT|transaction-history-Transa-c35d9--edge-No-transactions-state-Mobile-Chrome/test-failed-1.png]]

[[ATTACHMENT|transaction-history-Transa-c35d9--edge-No-transactions-state-Mobile-Chrome/video.webm]]

[[ATTACHMENT|transaction-history-Transa-c35d9--edge-No-transactions-state-Mobile-Chrome/error-context.md]]
]]>
</system-out>
</testcase>
<testcase name="Transaction History &amp; Tracking › @edge Large transaction amounts" classname="transaction-history.spec.ts" time="6.569">
<failure message="transaction-history.spec.ts:497:7 @edge Large transaction amounts" type="FAILURE">
<![CDATA[  [Mobile Chrome] › transaction-history.spec.ts:497:7 › Transaction History & Tracking › @edge Large transaction amounts 

    Error: Timed out 5000ms waiting for expect(locator).toBeVisible()

    Locator: locator('text=$999,999,999.99')
    Expected: visible
    Received: <element(s) not found>
    Call log:
      - Expect "toBeVisible" with timeout 5000ms
      - waiting for locator('text=$999,999,999.99')


      517 |     
      518 |     // Verify large amount displays correctly
    > 519 |     await expect(page.locator('text=$999,999,999.99')).toBeVisible();
          |                                                        ^
      520 |   });
      521 |
      522 |   test('@edge Failed/cancelled transactions', async ({ page }) => {
        at /Users/gailad/Documents/Dev Projects/PacheduConnect/tests/e2e/transaction-history.spec.ts:519:56

    attachment #1: screenshot (image/png) ──────────────────────────────────────────────────────────
    ../../test-results/transaction-history-Transa-19010-e-Large-transaction-amounts-Mobile-Chrome/test-failed-1.png
    ────────────────────────────────────────────────────────────────────────────────────────────────

    attachment #2: video (video/webm) ──────────────────────────────────────────────────────────────
    ../../test-results/transaction-history-Transa-19010-e-Large-transaction-amounts-Mobile-Chrome/video.webm
    ────────────────────────────────────────────────────────────────────────────────────────────────

    Error Context: ../../test-results/transaction-history-Transa-19010-e-Large-transaction-amounts-Mobile-Chrome/error-context.md
]]>
</failure>
<system-out>
<![CDATA[
[[ATTACHMENT|transaction-history-Transa-19010-e-Large-transaction-amounts-Mobile-Chrome/test-failed-1.png]]

[[ATTACHMENT|transaction-history-Transa-19010-e-Large-transaction-amounts-Mobile-Chrome/video.webm]]

[[ATTACHMENT|transaction-history-Transa-19010-e-Large-transaction-amounts-Mobile-Chrome/error-context.md]]
]]>
</system-out>
</testcase>
<testcase name="Transaction History &amp; Tracking › @edge Failed/cancelled transactions" classname="transaction-history.spec.ts" time="6.46">
<failure message="transaction-history.spec.ts:522:7 @edge Failed/cancelled transactions" type="FAILURE">
<![CDATA[  [Mobile Chrome] › transaction-history.spec.ts:522:7 › Transaction History & Tracking › @edge Failed/cancelled transactions 

    Error: Timed out 5000ms waiting for expect(locator).toBeVisible()

    Locator: locator('text=Failed')
    Expected: visible
    Received: <element(s) not found>
    Call log:
      - Expect "toBeVisible" with timeout 5000ms
      - waiting for locator('text=Failed')


      542 |     
      543 |     // Verify failed transaction display
    > 544 |     await expect(page.locator('text=Failed')).toBeVisible();
          |                                               ^
      545 |     await expect(page.locator('text=Insufficient funds')).toBeVisible();
      546 |     
      547 |     // Test retry functionality
        at /Users/gailad/Documents/Dev Projects/PacheduConnect/tests/e2e/transaction-history.spec.ts:544:47

    attachment #1: screenshot (image/png) ──────────────────────────────────────────────────────────
    ../../test-results/transaction-history-Transa-2ab61-iled-cancelled-transactions-Mobile-Chrome/test-failed-1.png
    ────────────────────────────────────────────────────────────────────────────────────────────────

    attachment #2: video (video/webm) ──────────────────────────────────────────────────────────────
    ../../test-results/transaction-history-Transa-2ab61-iled-cancelled-transactions-Mobile-Chrome/video.webm
    ────────────────────────────────────────────────────────────────────────────────────────────────

    Error Context: ../../test-results/transaction-history-Transa-2ab61-iled-cancelled-transactions-Mobile-Chrome/error-context.md
]]>
</failure>
<system-out>
<![CDATA[
[[ATTACHMENT|transaction-history-Transa-2ab61-iled-cancelled-transactions-Mobile-Chrome/test-failed-1.png]]

[[ATTACHMENT|transaction-history-Transa-2ab61-iled-cancelled-transactions-Mobile-Chrome/video.webm]]

[[ATTACHMENT|transaction-history-Transa-2ab61-iled-cancelled-transactions-Mobile-Chrome/error-context.md]]
]]>
</system-out>
</testcase>
<testcase name="Transaction History &amp; Tracking › @edge Corrupted data handling" classname="transaction-history.spec.ts" time="6.283">
<failure message="transaction-history.spec.ts:552:7 @edge Corrupted data handling" type="FAILURE">
<![CDATA[  [Mobile Chrome] › transaction-history.spec.ts:552:7 › Transaction History & Tracking › @edge Corrupted data handling 

    Error: Timed out 5000ms waiting for expect(locator).toBeVisible()

    Locator: locator('text=Error loading transactions')
    Expected: visible
    Received: <element(s) not found>
    Call log:
      - Expect "toBeVisible" with timeout 5000ms
      - waiting for locator('text=Error loading transactions')


      563 |     
      564 |     // Verify error handling
    > 565 |     await expect(page.locator('text=Error loading transactions')).toBeVisible();
          |                                                                   ^
      566 |     await expect(page.locator('button:has-text("Retry")')).toBeVisible();
      567 |   });
      568 |
        at /Users/gailad/Documents/Dev Projects/PacheduConnect/tests/e2e/transaction-history.spec.ts:565:67

    attachment #1: screenshot (image/png) ──────────────────────────────────────────────────────────
    ../../test-results/transaction-history-Transa-f77b3-dge-Corrupted-data-handling-Mobile-Chrome/test-failed-1.png
    ────────────────────────────────────────────────────────────────────────────────────────────────

    attachment #2: video (video/webm) ──────────────────────────────────────────────────────────────
    ../../test-results/transaction-history-Transa-f77b3-dge-Corrupted-data-handling-Mobile-Chrome/video.webm
    ────────────────────────────────────────────────────────────────────────────────────────────────

    Error Context: ../../test-results/transaction-history-Transa-f77b3-dge-Corrupted-data-handling-Mobile-Chrome/error-context.md
]]>
</failure>
<system-out>
<![CDATA[
[[ATTACHMENT|transaction-history-Transa-f77b3-dge-Corrupted-data-handling-Mobile-Chrome/test-failed-1.png]]

[[ATTACHMENT|transaction-history-Transa-f77b3-dge-Corrupted-data-handling-Mobile-Chrome/video.webm]]

[[ATTACHMENT|transaction-history-Transa-f77b3-dge-Corrupted-data-handling-Mobile-Chrome/error-context.md]]
]]>
</system-out>
</testcase>
<testcase name="Transaction History &amp; Tracking › @mobile Mobile transaction list view" classname="transaction-history.spec.ts" time="6.255">
<failure message="transaction-history.spec.ts:570:7 @mobile Mobile transaction list view" type="FAILURE">
<![CDATA[  [Mobile Chrome] › transaction-history.spec.ts:570:7 › Transaction History & Tracking › @mobile Mobile transaction list view 

    Error: Timed out 5000ms waiting for expect(locator).toBeVisible()

    Locator: locator('[data-testid="mobile-transaction-card"]')
    Expected: visible
    Received: <element(s) not found>
    Call log:
      - Expect "toBeVisible" with timeout 5000ms
      - waiting for locator('[data-testid="mobile-transaction-card"]')


      575 |     
      576 |     // Verify mobile-optimized layout
    > 577 |     await expect(page.locator('[data-testid="mobile-transaction-card"]')).toBeVisible();
          |                                                                           ^
      578 |     
      579 |     // Test mobile-specific interactions
      580 |     await page.click('[data-testid="mobile-transaction-card"]:first-child');
        at /Users/gailad/Documents/Dev Projects/PacheduConnect/tests/e2e/transaction-history.spec.ts:577:75

    attachment #1: screenshot (image/png) ──────────────────────────────────────────────────────────
    ../../test-results/transaction-history-Transa-762ad-obile-transaction-list-view-Mobile-Chrome/test-failed-1.png
    ────────────────────────────────────────────────────────────────────────────────────────────────

    attachment #2: video (video/webm) ──────────────────────────────────────────────────────────────
    ../../test-results/transaction-history-Transa-762ad-obile-transaction-list-view-Mobile-Chrome/video.webm
    ────────────────────────────────────────────────────────────────────────────────────────────────

    Error Context: ../../test-results/transaction-history-Transa-762ad-obile-transaction-list-view-Mobile-Chrome/error-context.md
]]>
</failure>
<system-out>
<![CDATA[
[[ATTACHMENT|transaction-history-Transa-762ad-obile-transaction-list-view-Mobile-Chrome/test-failed-1.png]]

[[ATTACHMENT|transaction-history-Transa-762ad-obile-transaction-list-view-Mobile-Chrome/video.webm]]

[[ATTACHMENT|transaction-history-Transa-762ad-obile-transaction-list-view-Mobile-Chrome/error-context.md]]
]]>
</system-out>
</testcase>
<testcase name="Transaction History &amp; Tracking › @mobile Mobile filters and search" classname="transaction-history.spec.ts" time="30.586">
<failure message="transaction-history.spec.ts:588:7 @mobile Mobile filters and search" type="FAILURE">
<![CDATA[  [Mobile Chrome] › transaction-history.spec.ts:588:7 › Transaction History & Tracking › @mobile Mobile filters and search 

    Test timeout of 30000ms exceeded.

    Error: page.click: Test timeout of 30000ms exceeded.
    Call log:
      - waiting for locator('button[aria-label="Open filters"]')


      592 |     
      593 |     // Open mobile filter menu
    > 594 |     await page.click('button[aria-label="Open filters"]');
          |                ^
      595 |     
      596 |     // Verify mobile filter interface
      597 |     await expect(page.locator('[data-testid="mobile-filters"]')).toBeVisible();
        at /Users/gailad/Documents/Dev Projects/PacheduConnect/tests/e2e/transaction-history.spec.ts:594:16

    attachment #1: screenshot (image/png) ──────────────────────────────────────────────────────────
    ../../test-results/transaction-history-Transa-729b7-e-Mobile-filters-and-search-Mobile-Chrome/test-failed-1.png
    ────────────────────────────────────────────────────────────────────────────────────────────────

    attachment #2: video (video/webm) ──────────────────────────────────────────────────────────────
    ../../test-results/transaction-history-Transa-729b7-e-Mobile-filters-and-search-Mobile-Chrome/video.webm
    ────────────────────────────────────────────────────────────────────────────────────────────────

    Error Context: ../../test-results/transaction-history-Transa-729b7-e-Mobile-filters-and-search-Mobile-Chrome/error-context.md
]]>
</failure>
<system-out>
<![CDATA[
[[ATTACHMENT|transaction-history-Transa-729b7-e-Mobile-filters-and-search-Mobile-Chrome/test-failed-1.png]]

[[ATTACHMENT|transaction-history-Transa-729b7-e-Mobile-filters-and-search-Mobile-Chrome/video.webm]]

[[ATTACHMENT|transaction-history-Transa-729b7-e-Mobile-filters-and-search-Mobile-Chrome/error-context.md]]
]]>
</system-out>
</testcase>
<testcase name="Transaction History &amp; Tracking › @mobile Mobile bulk actions" classname="transaction-history.spec.ts" time="30.806">
<failure message="transaction-history.spec.ts:609:7 @mobile Mobile bulk actions" type="FAILURE">
<![CDATA[  [Mobile Chrome] › transaction-history.spec.ts:609:7 › Transaction History & Tracking › @mobile Mobile bulk actions 

    Test timeout of 30000ms exceeded.

    Error: page.click: Test timeout of 30000ms exceeded.
    Call log:
      - waiting for locator('[data-testid="mobile-transaction-card"]:first-child')


      613 |     
      614 |     // Long press to select (mobile gesture)
    > 615 |     await page.click('[data-testid="mobile-transaction-card"]:first-child', { button: 'right' });
          |                ^
      616 |     await expect(page.locator('[data-testid="mobile-selection-mode"]')).toBeVisible();
      617 |     
      618 |     // Select multiple items
        at /Users/gailad/Documents/Dev Projects/PacheduConnect/tests/e2e/transaction-history.spec.ts:615:16

    attachment #1: screenshot (image/png) ──────────────────────────────────────────────────────────
    ../../test-results/transaction-history-Transa-e69f3--mobile-Mobile-bulk-actions-Mobile-Chrome/test-failed-1.png
    ────────────────────────────────────────────────────────────────────────────────────────────────

    attachment #2: video (video/webm) ──────────────────────────────────────────────────────────────
    ../../test-results/transaction-history-Transa-e69f3--mobile-Mobile-bulk-actions-Mobile-Chrome/video.webm
    ────────────────────────────────────────────────────────────────────────────────────────────────

    Error Context: ../../test-results/transaction-history-Transa-e69f3--mobile-Mobile-bulk-actions-Mobile-Chrome/error-context.md
]]>
</failure>
<system-out>
<![CDATA[
[[ATTACHMENT|transaction-history-Transa-e69f3--mobile-Mobile-bulk-actions-Mobile-Chrome/test-failed-1.png]]

[[ATTACHMENT|transaction-history-Transa-e69f3--mobile-Mobile-bulk-actions-Mobile-Chrome/video.webm]]

[[ATTACHMENT|transaction-history-Transa-e69f3--mobile-Mobile-bulk-actions-Mobile-Chrome/error-context.md]]
]]>
</system-out>
</testcase>
<testcase name="Transaction History &amp; Tracking › @mobile Mobile dispute flow" classname="transaction-history.spec.ts" time="30.509">
<failure message="transaction-history.spec.ts:628:7 @mobile Mobile dispute flow" type="FAILURE">
<![CDATA[  [Mobile Chrome] › transaction-history.spec.ts:628:7 › Transaction History & Tracking › @mobile Mobile dispute flow 

    Test timeout of 30000ms exceeded.

    Error: page.click: Test timeout of 30000ms exceeded.
    Call log:
      - waiting for locator('[data-testid="mobile-transaction-card"]:first-child')


      630 |     
      631 |     await page.goto('/transactions');
    > 632 |     await page.click('[data-testid="mobile-transaction-card"]:first-child');
          |                ^
      633 |     
      634 |     // Open mobile dispute form
      635 |     await page.click('button:has-text("Report Issue")');
        at /Users/gailad/Documents/Dev Projects/PacheduConnect/tests/e2e/transaction-history.spec.ts:632:16

    attachment #1: screenshot (image/png) ──────────────────────────────────────────────────────────
    ../../test-results/transaction-history-Transa-19a14--mobile-Mobile-dispute-flow-Mobile-Chrome/test-failed-1.png
    ────────────────────────────────────────────────────────────────────────────────────────────────

    attachment #2: video (video/webm) ──────────────────────────────────────────────────────────────
    ../../test-results/transaction-history-Transa-19a14--mobile-Mobile-dispute-flow-Mobile-Chrome/video.webm
    ────────────────────────────────────────────────────────────────────────────────────────────────

    Error Context: ../../test-results/transaction-history-Transa-19a14--mobile-Mobile-dispute-flow-Mobile-Chrome/error-context.md
]]>
</failure>
<system-out>
<![CDATA[
[[ATTACHMENT|transaction-history-Transa-19a14--mobile-Mobile-dispute-flow-Mobile-Chrome/test-failed-1.png]]

[[ATTACHMENT|transaction-history-Transa-19a14--mobile-Mobile-dispute-flow-Mobile-Chrome/video.webm]]

[[ATTACHMENT|transaction-history-Transa-19a14--mobile-Mobile-dispute-flow-Mobile-Chrome/error-context.md]]
]]>
</system-out>
</testcase>
<testcase name="Transaction History &amp; Tracking › @mobile Mobile accessibility" classname="transaction-history.spec.ts" time="6.34">
<failure message="transaction-history.spec.ts:651:7 @mobile Mobile accessibility" type="FAILURE">
<![CDATA[  [Mobile Chrome] › transaction-history.spec.ts:651:7 › Transaction History & Tracking › @mobile Mobile accessibility 

    Error: Timed out 5000ms waiting for expect(locator).toBeVisible()

    Locator: locator('[aria-label*="transaction"]')
    Expected: visible
    Received: <element(s) not found>
    Call log:
      - Expect "toBeVisible" with timeout 5000ms
      - waiting for locator('[aria-label*="transaction"]')


      655 |     
      656 |     // Test mobile screen reader compatibility
    > 657 |     await expect(page.locator('[aria-label*="transaction"]')).toBeVisible();
          |                                                               ^
      658 |     
      659 |     // Test mobile keyboard navigation
      660 |     await page.keyboard.press('Tab');
        at /Users/gailad/Documents/Dev Projects/PacheduConnect/tests/e2e/transaction-history.spec.ts:657:63

    attachment #1: screenshot (image/png) ──────────────────────────────────────────────────────────
    ../../test-results/transaction-history-Transa-5f924-mobile-Mobile-accessibility-Mobile-Chrome/test-failed-1.png
    ────────────────────────────────────────────────────────────────────────────────────────────────

    attachment #2: video (video/webm) ──────────────────────────────────────────────────────────────
    ../../test-results/transaction-history-Transa-5f924-mobile-Mobile-accessibility-Mobile-Chrome/video.webm
    ────────────────────────────────────────────────────────────────────────────────────────────────

    Error Context: ../../test-results/transaction-history-Transa-5f924-mobile-Mobile-accessibility-Mobile-Chrome/error-context.md
]]>
</failure>
<system-out>
<![CDATA[
[[ATTACHMENT|transaction-history-Transa-5f924-mobile-Mobile-accessibility-Mobile-Chrome/test-failed-1.png]]

[[ATTACHMENT|transaction-history-Transa-5f924-mobile-Mobile-accessibility-Mobile-Chrome/video.webm]]

[[ATTACHMENT|transaction-history-Transa-5f924-mobile-Mobile-accessibility-Mobile-Chrome/error-context.md]]
]]>
</system-out>
</testcase>
</testsuite>
<testsuite name="login-biometric.spec.ts" timestamp="2025-07-14T13:04:14.079Z" hostname="Mobile Safari" tests="7" failures="7" skipped="0" time="186.922" errors="0">
<testcase name="Login and Biometric Authentication › @login Successful login with valid credentials" classname="login-biometric.spec.ts" time="30.213">
<failure message="login-biometric.spec.ts:8:7 @login Successful login with valid credentials" type="FAILURE">
<![CDATA[  [Mobile Safari] › login-biometric.spec.ts:8:7 › Login and Biometric Authentication › @login Successful login with valid credentials 

    Test timeout of 30000ms exceeded.

    Error: page.fill: Test timeout of 30000ms exceeded.
    Call log:
      - waiting for locator('input[placeholder*="email"]')


       8 |   test('@login Successful login with valid credentials', async ({ page }) => {
       9 |     // Fill login form
    > 10 |     await page.fill('input[placeholder*="email"]', 'test@example.com');
         |                ^
      11 |     await page.fill('input[placeholder*="password"]', 'password123');
      12 |     
      13 |     // Submit login
        at /Users/gailad/Documents/Dev Projects/PacheduConnect/tests/e2e/login-biometric.spec.ts:10:16

    attachment #1: screenshot (image/png) ──────────────────────────────────────────────────────────
    ../../test-results/login-biometric-Login-and--c5ada-ogin-with-valid-credentials-Mobile-Safari/test-failed-1.png
    ────────────────────────────────────────────────────────────────────────────────────────────────

    attachment #2: video (video/webm) ──────────────────────────────────────────────────────────────
    ../../test-results/login-biometric-Login-and--c5ada-ogin-with-valid-credentials-Mobile-Safari/video.webm
    ────────────────────────────────────────────────────────────────────────────────────────────────

    Error Context: ../../test-results/login-biometric-Login-and--c5ada-ogin-with-valid-credentials-Mobile-Safari/error-context.md
]]>
</failure>
<system-out>
<![CDATA[
[[ATTACHMENT|login-biometric-Login-and--c5ada-ogin-with-valid-credentials-Mobile-Safari/test-failed-1.png]]

[[ATTACHMENT|login-biometric-Login-and--c5ada-ogin-with-valid-credentials-Mobile-Safari/video.webm]]

[[ATTACHMENT|login-biometric-Login-and--c5ada-ogin-with-valid-credentials-Mobile-Safari/error-context.md]]
]]>
</system-out>
</testcase>
<testcase name="Login and Biometric Authentication › @login Login validation errors" classname="login-biometric.spec.ts" time="30.168">
<failure message="login-biometric.spec.ts:24:7 @login Login validation errors" type="FAILURE">
<![CDATA[  [Mobile Safari] › login-biometric.spec.ts:24:7 › Login and Biometric Authentication › @login Login validation errors 

    Test timeout of 30000ms exceeded.

    Error: page.click: Test timeout of 30000ms exceeded.
    Call log:
      - waiting for locator('button[type="submit"]')


      24 |   test('@login Login validation errors', async ({ page }) => {
      25 |     // Test empty form
    > 26 |     await page.click('button[type="submit"]');
         |                ^
      27 |     await expect(page.locator('text=required')).toBeVisible();
      28 |     
      29 |     // Test invalid credentials
        at /Users/gailad/Documents/Dev Projects/PacheduConnect/tests/e2e/login-biometric.spec.ts:26:16

    attachment #1: screenshot (image/png) ──────────────────────────────────────────────────────────
    ../../test-results/login-biometric-Login-and--733f4-gin-Login-validation-errors-Mobile-Safari/test-failed-1.png
    ────────────────────────────────────────────────────────────────────────────────────────────────

    attachment #2: video (video/webm) ──────────────────────────────────────────────────────────────
    ../../test-results/login-biometric-Login-and--733f4-gin-Login-validation-errors-Mobile-Safari/video.webm
    ────────────────────────────────────────────────────────────────────────────────────────────────

    Error Context: ../../test-results/login-biometric-Login-and--733f4-gin-Login-validation-errors-Mobile-Safari/error-context.md
]]>
</failure>
<system-out>
<![CDATA[
[[ATTACHMENT|login-biometric-Login-and--733f4-gin-Login-validation-errors-Mobile-Safari/test-failed-1.png]]

[[ATTACHMENT|login-biometric-Login-and--733f4-gin-Login-validation-errors-Mobile-Safari/video.webm]]

[[ATTACHMENT|login-biometric-Login-and--733f4-gin-Login-validation-errors-Mobile-Safari/error-context.md]]
]]>
</system-out>
</testcase>
<testcase name="Login and Biometric Authentication › @login Password reset flow" classname="login-biometric.spec.ts" time="30.17">
<failure message="login-biometric.spec.ts:37:7 @login Password reset flow" type="FAILURE">
<![CDATA[  [Mobile Safari] › login-biometric.spec.ts:37:7 › Login and Biometric Authentication › @login Password reset flow 

    Test timeout of 30000ms exceeded.

    Error: page.fill: Test timeout of 30000ms exceeded.
    Call log:
      - waiting for locator('input[placeholder*="email"]')


      40 |     
      41 |     // Fill email for password reset
    > 42 |     await page.fill('input[placeholder*="email"]', 'test@example.com');
         |                ^
      43 |     await page.click('button[type="submit"]');
      44 |     
      45 |     // Verify OTP sent message
        at /Users/gailad/Documents/Dev Projects/PacheduConnect/tests/e2e/login-biometric.spec.ts:42:16

    attachment #1: screenshot (image/png) ──────────────────────────────────────────────────────────
    ../../test-results/login-biometric-Login-and--1e0bb-n-login-Password-reset-flow-Mobile-Safari/test-failed-1.png
    ────────────────────────────────────────────────────────────────────────────────────────────────

    attachment #2: video (video/webm) ──────────────────────────────────────────────────────────────
    ../../test-results/login-biometric-Login-and--1e0bb-n-login-Password-reset-flow-Mobile-Safari/video.webm
    ────────────────────────────────────────────────────────────────────────────────────────────────

    Error Context: ../../test-results/login-biometric-Login-and--1e0bb-n-login-Password-reset-flow-Mobile-Safari/error-context.md
]]>
</failure>
<system-out>
<![CDATA[
[[ATTACHMENT|login-biometric-Login-and--1e0bb-n-login-Password-reset-flow-Mobile-Safari/test-failed-1.png]]

[[ATTACHMENT|login-biometric-Login-and--1e0bb-n-login-Password-reset-flow-Mobile-Safari/video.webm]]

[[ATTACHMENT|login-biometric-Login-and--1e0bb-n-login-Password-reset-flow-Mobile-Safari/error-context.md]]
]]>
</system-out>
</testcase>
<testcase name="Login and Biometric Authentication › @login Biometric authentication prompt" classname="login-biometric.spec.ts" time="30.185">
<failure message="login-biometric.spec.ts:58:7 @login Biometric authentication prompt" type="FAILURE">
<![CDATA[  [Mobile Safari] › login-biometric.spec.ts:58:7 › Login and Biometric Authentication › @login Biometric authentication prompt 

    Test timeout of 30000ms exceeded.

    Error: page.fill: Test timeout of 30000ms exceeded.
    Call log:
      - waiting for locator('input[placeholder*="email"]')


      68 |     
      69 |     // Login first
    > 70 |     await page.fill('input[placeholder*="email"]', 'test@example.com');
         |                ^
      71 |     await page.fill('input[placeholder*="password"]', 'password123');
      72 |     await page.click('button[type="submit"]');
      73 |     
        at /Users/gailad/Documents/Dev Projects/PacheduConnect/tests/e2e/login-biometric.spec.ts:70:16

    attachment #1: screenshot (image/png) ──────────────────────────────────────────────────────────
    ../../test-results/login-biometric-Login-and--67027-etric-authentication-prompt-Mobile-Safari/test-failed-1.png
    ────────────────────────────────────────────────────────────────────────────────────────────────

    attachment #2: video (video/webm) ──────────────────────────────────────────────────────────────
    ../../test-results/login-biometric-Login-and--67027-etric-authentication-prompt-Mobile-Safari/video.webm
    ────────────────────────────────────────────────────────────────────────────────────────────────

    Error Context: ../../test-results/login-biometric-Login-and--67027-etric-authentication-prompt-Mobile-Safari/error-context.md
]]>
</failure>
<system-out>
<![CDATA[
[[ATTACHMENT|login-biometric-Login-and--67027-etric-authentication-prompt-Mobile-Safari/test-failed-1.png]]

[[ATTACHMENT|login-biometric-Login-and--67027-etric-authentication-prompt-Mobile-Safari/video.webm]]

[[ATTACHMENT|login-biometric-Login-and--67027-etric-authentication-prompt-Mobile-Safari/error-context.md]]
]]>
</system-out>
</testcase>
<testcase name="Login and Biometric Authentication › @login Biometric login flow" classname="login-biometric.spec.ts" time="5.875">
<failure message="login-biometric.spec.ts:91:7 @login Biometric login flow" type="FAILURE">
<![CDATA[  [Mobile Safari] › login-biometric.spec.ts:91:7 › Login and Biometric Authentication › @login Biometric login flow 

    Error: Timed out 5000ms waiting for expect(locator).toBeVisible()

    Locator: locator('text=Login with biometrics')
    Expected: visible
    Received: <element(s) not found>
    Call log:
      - Expect "toBeVisible" with timeout 5000ms
      - waiting for locator('text=Login with biometrics')


      104 |     
      105 |     // Should show biometric login option
    > 106 |     await expect(page.locator('text=Login with biometrics')).toBeVisible();
          |                                                              ^
      107 |     
      108 |     // Click biometric login
      109 |     await page.click('button:has-text("Login with biometrics")');
        at /Users/gailad/Documents/Dev Projects/PacheduConnect/tests/e2e/login-biometric.spec.ts:106:62

    attachment #1: screenshot (image/png) ──────────────────────────────────────────────────────────
    ../../test-results/login-biometric-Login-and--80bd0--login-Biometric-login-flow-Mobile-Safari/test-failed-1.png
    ────────────────────────────────────────────────────────────────────────────────────────────────

    attachment #2: video (video/webm) ──────────────────────────────────────────────────────────────
    ../../test-results/login-biometric-Login-and--80bd0--login-Biometric-login-flow-Mobile-Safari/video.webm
    ────────────────────────────────────────────────────────────────────────────────────────────────

    Error Context: ../../test-results/login-biometric-Login-and--80bd0--login-Biometric-login-flow-Mobile-Safari/error-context.md
]]>
</failure>
<system-out>
<![CDATA[
[[ATTACHMENT|login-biometric-Login-and--80bd0--login-Biometric-login-flow-Mobile-Safari/test-failed-1.png]]

[[ATTACHMENT|login-biometric-Login-and--80bd0--login-Biometric-login-flow-Mobile-Safari/video.webm]]

[[ATTACHMENT|login-biometric-Login-and--80bd0--login-Biometric-login-flow-Mobile-Safari/error-context.md]]
]]>
</system-out>
</testcase>
<testcase name="Login and Biometric Authentication › @login Session management" classname="login-biometric.spec.ts" time="30.141">
<failure message="login-biometric.spec.ts:122:7 @login Session management" type="FAILURE">
<![CDATA[  [Mobile Safari] › login-biometric.spec.ts:122:7 › Login and Biometric Authentication › @login Session management 

    Test timeout of 30000ms exceeded.

    Error: page.fill: Test timeout of 30000ms exceeded.
    Call log:
      - waiting for locator('input[placeholder*="email"]')


      122 |   test('@login Session management', async ({ page }) => {
      123 |     // Login first
    > 124 |     await page.fill('input[placeholder*="email"]', 'test@example.com');
          |                ^
      125 |     await page.fill('input[placeholder*="password"]', 'password123');
      126 |     await page.click('button[type="submit"]');
      127 |     
        at /Users/gailad/Documents/Dev Projects/PacheduConnect/tests/e2e/login-biometric.spec.ts:124:16

    attachment #1: screenshot (image/png) ──────────────────────────────────────────────────────────
    ../../test-results/login-biometric-Login-and--cc850-on-login-Session-management-Mobile-Safari/test-failed-1.png
    ────────────────────────────────────────────────────────────────────────────────────────────────

    attachment #2: video (video/webm) ──────────────────────────────────────────────────────────────
    ../../test-results/login-biometric-Login-and--cc850-on-login-Session-management-Mobile-Safari/video.webm
    ────────────────────────────────────────────────────────────────────────────────────────────────

    Error Context: ../../test-results/login-biometric-Login-and--cc850-on-login-Session-management-Mobile-Safari/error-context.md
]]>
</failure>
<system-out>
<![CDATA[
[[ATTACHMENT|login-biometric-Login-and--cc850-on-login-Session-management-Mobile-Safari/test-failed-1.png]]

[[ATTACHMENT|login-biometric-Login-and--cc850-on-login-Session-management-Mobile-Safari/video.webm]]

[[ATTACHMENT|login-biometric-Login-and--cc850-on-login-Session-management-Mobile-Safari/error-context.md]]
]]>
</system-out>
</testcase>
<testcase name="Login and Biometric Authentication › @login Offline login handling" classname="login-biometric.spec.ts" time="30.17">
<failure message="login-biometric.spec.ts:145:7 @login Offline login handling" type="FAILURE">
<![CDATA[  [Mobile Safari] › login-biometric.spec.ts:145:7 › Login and Biometric Authentication › @login Offline login handling 

    Test timeout of 30000ms exceeded.

    Error: page.fill: Test timeout of 30000ms exceeded.
    Call log:
      - waiting for locator('input[placeholder*="email"]')


      148 |     
      149 |     // Try to login
    > 150 |     await page.fill('input[placeholder*="email"]', 'test@example.com');
          |                ^
      151 |     await page.fill('input[placeholder*="password"]', 'password123');
      152 |     await page.click('button[type="submit"]');
      153 |     
        at /Users/gailad/Documents/Dev Projects/PacheduConnect/tests/e2e/login-biometric.spec.ts:150:16

    attachment #1: screenshot (image/png) ──────────────────────────────────────────────────────────
    ../../test-results/login-biometric-Login-and--3bab3-ogin-Offline-login-handling-Mobile-Safari/test-failed-1.png
    ────────────────────────────────────────────────────────────────────────────────────────────────

    attachment #2: video (video/webm) ──────────────────────────────────────────────────────────────
    ../../test-results/login-biometric-Login-and--3bab3-ogin-Offline-login-handling-Mobile-Safari/video.webm
    ────────────────────────────────────────────────────────────────────────────────────────────────

    Error Context: ../../test-results/login-biometric-Login-and--3bab3-ogin-Offline-login-handling-Mobile-Safari/error-context.md
]]>
</failure>
<system-out>
<![CDATA[
[[ATTACHMENT|login-biometric-Login-and--3bab3-ogin-Offline-login-handling-Mobile-Safari/test-failed-1.png]]

[[ATTACHMENT|login-biometric-Login-and--3bab3-ogin-Offline-login-handling-Mobile-Safari/video.webm]]

[[ATTACHMENT|login-biometric-Login-and--3bab3-ogin-Offline-login-handling-Mobile-Safari/error-context.md]]
]]>
</system-out>
</testcase>
</testsuite>
<testsuite name="registration-kyc.spec.ts" timestamp="2025-07-14T13:04:14.079Z" hostname="Mobile Safari" tests="4" failures="4" skipped="0" time="22.905" errors="0">
<testcase name="Registration &amp; KYC Flow › @registration Complete registration and KYC flow" classname="registration-kyc.spec.ts" time="5.696">
<failure message="registration-kyc.spec.ts:10:7 @registration Complete registration and KYC flow" type="FAILURE">
<![CDATA[  [Mobile Safari] › registration-kyc.spec.ts:10:7 › Registration & KYC Flow › @registration Complete registration and KYC flow 

    Error: Timed out 5000ms waiting for expect(page).toHaveTitle(expected)

    Expected pattern: /PacheduConnect/
    Received string:  "Pachedu - Send Money to Zimbabwe from South Africa"
    Call log:
      - Expect "toHaveTitle" with timeout 5000ms
        9 × unexpected value "Pachedu - Send Money to Zimbabwe from South Africa"


       5 |     // Navigate to homepage
       6 |     await page.goto('/');
    >  7 |     await expect(page).toHaveTitle(/PacheduConnect/);
         |                        ^
       8 |   });
       9 |
      10 |   test('@registration Complete registration and KYC flow', async ({ page }) => {
        at /Users/gailad/Documents/Dev Projects/PacheduConnect/tests/e2e/registration-kyc.spec.ts:7:24

    attachment #1: screenshot (image/png) ──────────────────────────────────────────────────────────
    ../../test-results/registration-kyc-Registrat-1593a-e-registration-and-KYC-flow-Mobile-Safari/test-failed-1.png
    ────────────────────────────────────────────────────────────────────────────────────────────────

    attachment #2: video (video/webm) ──────────────────────────────────────────────────────────────
    ../../test-results/registration-kyc-Registrat-1593a-e-registration-and-KYC-flow-Mobile-Safari/video.webm
    ────────────────────────────────────────────────────────────────────────────────────────────────

    Error Context: ../../test-results/registration-kyc-Registrat-1593a-e-registration-and-KYC-flow-Mobile-Safari/error-context.md
]]>
</failure>
<system-out>
<![CDATA[
[[ATTACHMENT|registration-kyc-Registrat-1593a-e-registration-and-KYC-flow-Mobile-Safari/test-failed-1.png]]

[[ATTACHMENT|registration-kyc-Registrat-1593a-e-registration-and-KYC-flow-Mobile-Safari/video.webm]]

[[ATTACHMENT|registration-kyc-Registrat-1593a-e-registration-and-KYC-flow-Mobile-Safari/error-context.md]]
]]>
</system-out>
</testcase>
<testcase name="Registration &amp; KYC Flow › @registration Registration form validation" classname="registration-kyc.spec.ts" time="5.735">
<failure message="registration-kyc.spec.ts:73:7 @registration Registration form validation" type="FAILURE">
<![CDATA[  [Mobile Safari] › registration-kyc.spec.ts:73:7 › Registration & KYC Flow › @registration Registration form validation 

    Error: Timed out 5000ms waiting for expect(page).toHaveTitle(expected)

    Expected pattern: /PacheduConnect/
    Received string:  "Pachedu - Send Money to Zimbabwe from South Africa"
    Call log:
      - Expect "toHaveTitle" with timeout 5000ms
        9 × unexpected value "Pachedu - Send Money to Zimbabwe from South Africa"


       5 |     // Navigate to homepage
       6 |     await page.goto('/');
    >  7 |     await expect(page).toHaveTitle(/PacheduConnect/);
         |                        ^
       8 |   });
       9 |
      10 |   test('@registration Complete registration and KYC flow', async ({ page }) => {
        at /Users/gailad/Documents/Dev Projects/PacheduConnect/tests/e2e/registration-kyc.spec.ts:7:24

    attachment #1: screenshot (image/png) ──────────────────────────────────────────────────────────
    ../../test-results/registration-kyc-Registrat-ded3a-egistration-form-validation-Mobile-Safari/test-failed-1.png
    ────────────────────────────────────────────────────────────────────────────────────────────────

    attachment #2: video (video/webm) ──────────────────────────────────────────────────────────────
    ../../test-results/registration-kyc-Registrat-ded3a-egistration-form-validation-Mobile-Safari/video.webm
    ────────────────────────────────────────────────────────────────────────────────────────────────

    Error Context: ../../test-results/registration-kyc-Registrat-ded3a-egistration-form-validation-Mobile-Safari/error-context.md
]]>
</failure>
<system-out>
<![CDATA[
[[ATTACHMENT|registration-kyc-Registrat-ded3a-egistration-form-validation-Mobile-Safari/test-failed-1.png]]

[[ATTACHMENT|registration-kyc-Registrat-ded3a-egistration-form-validation-Mobile-Safari/video.webm]]

[[ATTACHMENT|registration-kyc-Registrat-ded3a-egistration-form-validation-Mobile-Safari/error-context.md]]
]]>
</system-out>
</testcase>
<testcase name="Registration &amp; KYC Flow › @registration KYC document upload validation" classname="registration-kyc.spec.ts" time="5.767">
<failure message="registration-kyc.spec.ts:96:7 @registration KYC document upload validation" type="FAILURE">
<![CDATA[  [Mobile Safari] › registration-kyc.spec.ts:96:7 › Registration & KYC Flow › @registration KYC document upload validation 

    Error: Timed out 5000ms waiting for expect(page).toHaveTitle(expected)

    Expected pattern: /PacheduConnect/
    Received string:  "Pachedu - Send Money to Zimbabwe from South Africa"
    Call log:
      - Expect "toHaveTitle" with timeout 5000ms
        9 × unexpected value "Pachedu - Send Money to Zimbabwe from South Africa"


       5 |     // Navigate to homepage
       6 |     await page.goto('/');
    >  7 |     await expect(page).toHaveTitle(/PacheduConnect/);
         |                        ^
       8 |   });
       9 |
      10 |   test('@registration Complete registration and KYC flow', async ({ page }) => {
        at /Users/gailad/Documents/Dev Projects/PacheduConnect/tests/e2e/registration-kyc.spec.ts:7:24

    attachment #1: screenshot (image/png) ──────────────────────────────────────────────────────────
    ../../test-results/registration-kyc-Registrat-31361--document-upload-validation-Mobile-Safari/test-failed-1.png
    ────────────────────────────────────────────────────────────────────────────────────────────────

    attachment #2: video (video/webm) ──────────────────────────────────────────────────────────────
    ../../test-results/registration-kyc-Registrat-31361--document-upload-validation-Mobile-Safari/video.webm
    ────────────────────────────────────────────────────────────────────────────────────────────────

    Error Context: ../../test-results/registration-kyc-Registrat-31361--document-upload-validation-Mobile-Safari/error-context.md
]]>
</failure>
<system-out>
<![CDATA[
[[ATTACHMENT|registration-kyc-Registrat-31361--document-upload-validation-Mobile-Safari/test-failed-1.png]]

[[ATTACHMENT|registration-kyc-Registrat-31361--document-upload-validation-Mobile-Safari/video.webm]]

[[ATTACHMENT|registration-kyc-Registrat-31361--document-upload-validation-Mobile-Safari/error-context.md]]
]]>
</system-out>
</testcase>
<testcase name="Registration &amp; KYC Flow › @registration Real-time KYC feedback" classname="registration-kyc.spec.ts" time="5.707">
<failure message="registration-kyc.spec.ts:119:7 @registration Real-time KYC feedback" type="FAILURE">
<![CDATA[  [Mobile Safari] › registration-kyc.spec.ts:119:7 › Registration & KYC Flow › @registration Real-time KYC feedback 

    Error: Timed out 5000ms waiting for expect(page).toHaveTitle(expected)

    Expected pattern: /PacheduConnect/
    Received string:  "Pachedu - Send Money to Zimbabwe from South Africa"
    Call log:
      - Expect "toHaveTitle" with timeout 5000ms
        9 × unexpected value "Pachedu - Send Money to Zimbabwe from South Africa"


       5 |     // Navigate to homepage
       6 |     await page.goto('/');
    >  7 |     await expect(page).toHaveTitle(/PacheduConnect/);
         |                        ^
       8 |   });
       9 |
      10 |   test('@registration Complete registration and KYC flow', async ({ page }) => {
        at /Users/gailad/Documents/Dev Projects/PacheduConnect/tests/e2e/registration-kyc.spec.ts:7:24

    attachment #1: screenshot (image/png) ──────────────────────────────────────────────────────────
    ../../test-results/registration-kyc-Registrat-46006-tion-Real-time-KYC-feedback-Mobile-Safari/test-failed-1.png
    ────────────────────────────────────────────────────────────────────────────────────────────────

    attachment #2: video (video/webm) ──────────────────────────────────────────────────────────────
    ../../test-results/registration-kyc-Registrat-46006-tion-Real-time-KYC-feedback-Mobile-Safari/video.webm
    ────────────────────────────────────────────────────────────────────────────────────────────────

    Error Context: ../../test-results/registration-kyc-Registrat-46006-tion-Real-time-KYC-feedback-Mobile-Safari/error-context.md
]]>
</failure>
<system-out>
<![CDATA[
[[ATTACHMENT|registration-kyc-Registrat-46006-tion-Real-time-KYC-feedback-Mobile-Safari/test-failed-1.png]]

[[ATTACHMENT|registration-kyc-Registrat-46006-tion-Real-time-KYC-feedback-Mobile-Safari/video.webm]]

[[ATTACHMENT|registration-kyc-Registrat-46006-tion-Real-time-KYC-feedback-Mobile-Safari/error-context.md]]
]]>
</system-out>
</testcase>
</testsuite>
<testsuite name="send-money.spec.ts" timestamp="2025-07-14T13:04:14.079Z" hostname="Mobile Safari" tests="6" failures="6" skipped="0" time="180.981" errors="0">
<testcase name="Send Money Journey › @send Complete send money flow" classname="send-money.spec.ts" time="30.163">
<failure message="send-money.spec.ts:13:7 @send Complete send money flow" type="FAILURE">
<![CDATA[  [Mobile Safari] › send-money.spec.ts:13:7 › Send Money Journey › @send Complete send money flow ──

    Test timeout of 30000ms exceeded while running "beforeEach" hook.

      2 |
      3 | test.describe('Send Money Journey', () => {
    > 4 |   test.beforeEach(async ({ page }) => {
        |        ^
      5 |     // Login first
      6 |     await page.goto('/auth');
      7 |     await page.fill('input[placeholder*="email"]', 'test@example.com');
        at /Users/gailad/Documents/Dev Projects/PacheduConnect/tests/e2e/send-money.spec.ts:4:8

    Error: page.fill: Test timeout of 30000ms exceeded.
    Call log:
      - waiting for locator('input[placeholder*="email"]')


       5 |     // Login first
       6 |     await page.goto('/auth');
    >  7 |     await page.fill('input[placeholder*="email"]', 'test@example.com');
         |                ^
       8 |     await page.fill('input[placeholder*="password"]', 'password123');
       9 |     await page.click('button[type="submit"]');
      10 |     await expect(page).toHaveURL(/.*dashboard/);
        at /Users/gailad/Documents/Dev Projects/PacheduConnect/tests/e2e/send-money.spec.ts:7:16

    attachment #1: screenshot (image/png) ──────────────────────────────────────────────────────────
    ../../test-results/send-money-Send-Money-Journey-send-Complete-send-money-flow-Mobile-Safari/test-failed-1.png
    ────────────────────────────────────────────────────────────────────────────────────────────────

    attachment #2: video (video/webm) ──────────────────────────────────────────────────────────────
    ../../test-results/send-money-Send-Money-Journey-send-Complete-send-money-flow-Mobile-Safari/video.webm
    ────────────────────────────────────────────────────────────────────────────────────────────────

    Error Context: ../../test-results/send-money-Send-Money-Journey-send-Complete-send-money-flow-Mobile-Safari/error-context.md
]]>
</failure>
<system-out>
<![CDATA[
[[ATTACHMENT|send-money-Send-Money-Journey-send-Complete-send-money-flow-Mobile-Safari/test-failed-1.png]]

[[ATTACHMENT|send-money-Send-Money-Journey-send-Complete-send-money-flow-Mobile-Safari/video.webm]]

[[ATTACHMENT|send-money-Send-Money-Journey-send-Complete-send-money-flow-Mobile-Safari/error-context.md]]
]]>
</system-out>
</testcase>
<testcase name="Send Money Journey › @send Currency converter validation" classname="send-money.spec.ts" time="30.132">
<failure message="send-money.spec.ts:82:7 @send Currency converter validation" type="FAILURE">
<![CDATA[  [Mobile Safari] › send-money.spec.ts:82:7 › Send Money Journey › @send Currency converter validation 

    Test timeout of 30000ms exceeded while running "beforeEach" hook.

      2 |
      3 | test.describe('Send Money Journey', () => {
    > 4 |   test.beforeEach(async ({ page }) => {
        |        ^
      5 |     // Login first
      6 |     await page.goto('/auth');
      7 |     await page.fill('input[placeholder*="email"]', 'test@example.com');
        at /Users/gailad/Documents/Dev Projects/PacheduConnect/tests/e2e/send-money.spec.ts:4:8

    Error: page.fill: Test timeout of 30000ms exceeded.
    Call log:
      - waiting for locator('input[placeholder*="email"]')


       5 |     // Login first
       6 |     await page.goto('/auth');
    >  7 |     await page.fill('input[placeholder*="email"]', 'test@example.com');
         |                ^
       8 |     await page.fill('input[placeholder*="password"]', 'password123');
       9 |     await page.click('button[type="submit"]');
      10 |     await expect(page).toHaveURL(/.*dashboard/);
        at /Users/gailad/Documents/Dev Projects/PacheduConnect/tests/e2e/send-money.spec.ts:7:16

    attachment #1: screenshot (image/png) ──────────────────────────────────────────────────────────
    ../../test-results/send-money-Send-Money-Jour-eb7a3-rrency-converter-validation-Mobile-Safari/test-failed-1.png
    ────────────────────────────────────────────────────────────────────────────────────────────────

    attachment #2: video (video/webm) ──────────────────────────────────────────────────────────────
    ../../test-results/send-money-Send-Money-Jour-eb7a3-rrency-converter-validation-Mobile-Safari/video.webm
    ────────────────────────────────────────────────────────────────────────────────────────────────

    Error Context: ../../test-results/send-money-Send-Money-Jour-eb7a3-rrency-converter-validation-Mobile-Safari/error-context.md
]]>
</failure>
<system-out>
<![CDATA[
[[ATTACHMENT|send-money-Send-Money-Jour-eb7a3-rrency-converter-validation-Mobile-Safari/test-failed-1.png]]

[[ATTACHMENT|send-money-Send-Money-Jour-eb7a3-rrency-converter-validation-Mobile-Safari/video.webm]]

[[ATTACHMENT|send-money-Send-Money-Jour-eb7a3-rrency-converter-validation-Mobile-Safari/error-context.md]]
]]>
</system-out>
</testcase>
<testcase name="Send Money Journey › @send Fee breakdown validation" classname="send-money.spec.ts" time="30.156">
<failure message="send-money.spec.ts:112:7 @send Fee breakdown validation" type="FAILURE">
<![CDATA[  [Mobile Safari] › send-money.spec.ts:112:7 › Send Money Journey › @send Fee breakdown validation ─

    Test timeout of 30000ms exceeded while running "beforeEach" hook.

      2 |
      3 | test.describe('Send Money Journey', () => {
    > 4 |   test.beforeEach(async ({ page }) => {
        |        ^
      5 |     // Login first
      6 |     await page.goto('/auth');
      7 |     await page.fill('input[placeholder*="email"]', 'test@example.com');
        at /Users/gailad/Documents/Dev Projects/PacheduConnect/tests/e2e/send-money.spec.ts:4:8

    Error: page.fill: Test timeout of 30000ms exceeded.
    Call log:
      - waiting for locator('input[placeholder*="email"]')


       5 |     // Login first
       6 |     await page.goto('/auth');
    >  7 |     await page.fill('input[placeholder*="email"]', 'test@example.com');
         |                ^
       8 |     await page.fill('input[placeholder*="password"]', 'password123');
       9 |     await page.click('button[type="submit"]');
      10 |     await expect(page).toHaveURL(/.*dashboard/);
        at /Users/gailad/Documents/Dev Projects/PacheduConnect/tests/e2e/send-money.spec.ts:7:16

    attachment #1: screenshot (image/png) ──────────────────────────────────────────────────────────
    ../../test-results/send-money-Send-Money-Journey-send-Fee-breakdown-validation-Mobile-Safari/test-failed-1.png
    ────────────────────────────────────────────────────────────────────────────────────────────────

    attachment #2: video (video/webm) ──────────────────────────────────────────────────────────────
    ../../test-results/send-money-Send-Money-Journey-send-Fee-breakdown-validation-Mobile-Safari/video.webm
    ────────────────────────────────────────────────────────────────────────────────────────────────

    Error Context: ../../test-results/send-money-Send-Money-Journey-send-Fee-breakdown-validation-Mobile-Safari/error-context.md
]]>
</failure>
<system-out>
<![CDATA[
[[ATTACHMENT|send-money-Send-Money-Journey-send-Fee-breakdown-validation-Mobile-Safari/test-failed-1.png]]

[[ATTACHMENT|send-money-Send-Money-Journey-send-Fee-breakdown-validation-Mobile-Safari/video.webm]]

[[ATTACHMENT|send-money-Send-Money-Journey-send-Fee-breakdown-validation-Mobile-Safari/error-context.md]]
]]>
</system-out>
</testcase>
<testcase name="Send Money Journey › @send Recipient management" classname="send-money.spec.ts" time="30.161">
<failure message="send-money.spec.ts:137:7 @send Recipient management" type="FAILURE">
<![CDATA[  [Mobile Safari] › send-money.spec.ts:137:7 › Send Money Journey › @send Recipient management ─────

    Test timeout of 30000ms exceeded while running "beforeEach" hook.

      2 |
      3 | test.describe('Send Money Journey', () => {
    > 4 |   test.beforeEach(async ({ page }) => {
        |        ^
      5 |     // Login first
      6 |     await page.goto('/auth');
      7 |     await page.fill('input[placeholder*="email"]', 'test@example.com');
        at /Users/gailad/Documents/Dev Projects/PacheduConnect/tests/e2e/send-money.spec.ts:4:8

    Error: page.fill: Test timeout of 30000ms exceeded.
    Call log:
      - waiting for locator('input[placeholder*="email"]')


       5 |     // Login first
       6 |     await page.goto('/auth');
    >  7 |     await page.fill('input[placeholder*="email"]', 'test@example.com');
         |                ^
       8 |     await page.fill('input[placeholder*="password"]', 'password123');
       9 |     await page.click('button[type="submit"]');
      10 |     await expect(page).toHaveURL(/.*dashboard/);
        at /Users/gailad/Documents/Dev Projects/PacheduConnect/tests/e2e/send-money.spec.ts:7:16

    attachment #1: screenshot (image/png) ──────────────────────────────────────────────────────────
    ../../test-results/send-money-Send-Money-Journey-send-Recipient-management-Mobile-Safari/test-failed-1.png
    ────────────────────────────────────────────────────────────────────────────────────────────────

    attachment #2: video (video/webm) ──────────────────────────────────────────────────────────────
    ../../test-results/send-money-Send-Money-Journey-send-Recipient-management-Mobile-Safari/video.webm
    ────────────────────────────────────────────────────────────────────────────────────────────────

    Error Context: ../../test-results/send-money-Send-Money-Journey-send-Recipient-management-Mobile-Safari/error-context.md
]]>
</failure>
<system-out>
<![CDATA[
[[ATTACHMENT|send-money-Send-Money-Journey-send-Recipient-management-Mobile-Safari/test-failed-1.png]]

[[ATTACHMENT|send-money-Send-Money-Journey-send-Recipient-management-Mobile-Safari/video.webm]]

[[ATTACHMENT|send-money-Send-Money-Journey-send-Recipient-management-Mobile-Safari/error-context.md]]
]]>
</system-out>
</testcase>
<testcase name="Send Money Journey › @send Transaction limits validation" classname="send-money.spec.ts" time="30.237">
<failure message="send-money.spec.ts:181:7 @send Transaction limits validation" type="FAILURE">
<![CDATA[  [Mobile Safari] › send-money.spec.ts:181:7 › Send Money Journey › @send Transaction limits validation 

    Test timeout of 30000ms exceeded while running "beforeEach" hook.

      2 |
      3 | test.describe('Send Money Journey', () => {
    > 4 |   test.beforeEach(async ({ page }) => {
        |        ^
      5 |     // Login first
      6 |     await page.goto('/auth');
      7 |     await page.fill('input[placeholder*="email"]', 'test@example.com');
        at /Users/gailad/Documents/Dev Projects/PacheduConnect/tests/e2e/send-money.spec.ts:4:8

    Error: page.fill: Test timeout of 30000ms exceeded.
    Call log:
      - waiting for locator('input[placeholder*="email"]')


       5 |     // Login first
       6 |     await page.goto('/auth');
    >  7 |     await page.fill('input[placeholder*="email"]', 'test@example.com');
         |                ^
       8 |     await page.fill('input[placeholder*="password"]', 'password123');
       9 |     await page.click('button[type="submit"]');
      10 |     await expect(page).toHaveURL(/.*dashboard/);
        at /Users/gailad/Documents/Dev Projects/PacheduConnect/tests/e2e/send-money.spec.ts:7:16

    attachment #1: screenshot (image/png) ──────────────────────────────────────────────────────────
    ../../test-results/send-money-Send-Money-Jour-b6f5f-ansaction-limits-validation-Mobile-Safari/test-failed-1.png
    ────────────────────────────────────────────────────────────────────────────────────────────────

    attachment #2: video (video/webm) ──────────────────────────────────────────────────────────────
    ../../test-results/send-money-Send-Money-Jour-b6f5f-ansaction-limits-validation-Mobile-Safari/video.webm
    ────────────────────────────────────────────────────────────────────────────────────────────────

    Error Context: ../../test-results/send-money-Send-Money-Jour-b6f5f-ansaction-limits-validation-Mobile-Safari/error-context.md
]]>
</failure>
<system-out>
<![CDATA[
[[ATTACHMENT|send-money-Send-Money-Jour-b6f5f-ansaction-limits-validation-Mobile-Safari/test-failed-1.png]]

[[ATTACHMENT|send-money-Send-Money-Jour-b6f5f-ansaction-limits-validation-Mobile-Safari/video.webm]]

[[ATTACHMENT|send-money-Send-Money-Jour-b6f5f-ansaction-limits-validation-Mobile-Safari/error-context.md]]
]]>
</system-out>
</testcase>
<testcase name="Send Money Journey › @send Network error handling" classname="send-money.spec.ts" time="30.132">
<failure message="send-money.spec.ts:203:7 @send Network error handling" type="FAILURE">
<![CDATA[  [Mobile Safari] › send-money.spec.ts:203:7 › Send Money Journey › @send Network error handling ───

    Test timeout of 30000ms exceeded while running "beforeEach" hook.

      2 |
      3 | test.describe('Send Money Journey', () => {
    > 4 |   test.beforeEach(async ({ page }) => {
        |        ^
      5 |     // Login first
      6 |     await page.goto('/auth');
      7 |     await page.fill('input[placeholder*="email"]', 'test@example.com');
        at /Users/gailad/Documents/Dev Projects/PacheduConnect/tests/e2e/send-money.spec.ts:4:8

    Error: page.fill: Test timeout of 30000ms exceeded.
    Call log:
      - waiting for locator('input[placeholder*="email"]')


       5 |     // Login first
       6 |     await page.goto('/auth');
    >  7 |     await page.fill('input[placeholder*="email"]', 'test@example.com');
         |                ^
       8 |     await page.fill('input[placeholder*="password"]', 'password123');
       9 |     await page.click('button[type="submit"]');
      10 |     await expect(page).toHaveURL(/.*dashboard/);
        at /Users/gailad/Documents/Dev Projects/PacheduConnect/tests/e2e/send-money.spec.ts:7:16

    attachment #1: screenshot (image/png) ──────────────────────────────────────────────────────────
    ../../test-results/send-money-Send-Money-Journey-send-Network-error-handling-Mobile-Safari/test-failed-1.png
    ────────────────────────────────────────────────────────────────────────────────────────────────

    attachment #2: video (video/webm) ──────────────────────────────────────────────────────────────
    ../../test-results/send-money-Send-Money-Journey-send-Network-error-handling-Mobile-Safari/video.webm
    ────────────────────────────────────────────────────────────────────────────────────────────────

    Error Context: ../../test-results/send-money-Send-Money-Journey-send-Network-error-handling-Mobile-Safari/error-context.md
]]>
</failure>
<system-out>
<![CDATA[
[[ATTACHMENT|send-money-Send-Money-Journey-send-Network-error-handling-Mobile-Safari/test-failed-1.png]]

[[ATTACHMENT|send-money-Send-Money-Journey-send-Network-error-handling-Mobile-Safari/video.webm]]

[[ATTACHMENT|send-money-Send-Money-Journey-send-Network-error-handling-Mobile-Safari/error-context.md]]
]]>
</system-out>
</testcase>
</testsuite>
<testsuite name="support-chatbot.spec.ts" timestamp="2025-07-14T13:04:14.079Z" hostname="Mobile Safari" tests="11" failures="11" skipped="0" time="332.347" errors="0">
<testcase name="Support and Chatbot Interaction › @support Open chatbot widget" classname="support-chatbot.spec.ts" time="30.256">
<failure message="support-chatbot.spec.ts:13:7 @support Open chatbot widget" type="FAILURE">
<![CDATA[  [Mobile Safari] › support-chatbot.spec.ts:13:7 › Support and Chatbot Interaction › @support Open chatbot widget 

    Test timeout of 30000ms exceeded while running "beforeEach" hook.

      2 |
      3 | test.describe('Support and Chatbot Interaction', () => {
    > 4 |   test.beforeEach(async ({ page }) => {
        |        ^
      5 |     // Login first
      6 |     await page.goto('/auth');
      7 |     await page.fill('input[placeholder*="email"]', 'test@example.com');
        at /Users/gailad/Documents/Dev Projects/PacheduConnect/tests/e2e/support-chatbot.spec.ts:4:8

    Error: page.fill: Test timeout of 30000ms exceeded.
    Call log:
      - waiting for locator('input[placeholder*="email"]')


       5 |     // Login first
       6 |     await page.goto('/auth');
    >  7 |     await page.fill('input[placeholder*="email"]', 'test@example.com');
         |                ^
       8 |     await page.fill('input[placeholder*="password"]', 'password123');
       9 |     await page.click('button[type="submit"]');
      10 |     await expect(page).toHaveURL(/.*dashboard/);
        at /Users/gailad/Documents/Dev Projects/PacheduConnect/tests/e2e/support-chatbot.spec.ts:7:16

    attachment #1: screenshot (image/png) ──────────────────────────────────────────────────────────
    ../../test-results/support-chatbot-Support-an-e17c1-support-Open-chatbot-widget-Mobile-Safari/test-failed-1.png
    ────────────────────────────────────────────────────────────────────────────────────────────────

    attachment #2: video (video/webm) ──────────────────────────────────────────────────────────────
    ../../test-results/support-chatbot-Support-an-e17c1-support-Open-chatbot-widget-Mobile-Safari/video.webm
    ────────────────────────────────────────────────────────────────────────────────────────────────

    Error Context: ../../test-results/support-chatbot-Support-an-e17c1-support-Open-chatbot-widget-Mobile-Safari/error-context.md
]]>
</failure>
<system-out>
<![CDATA[
[[ATTACHMENT|support-chatbot-Support-an-e17c1-support-Open-chatbot-widget-Mobile-Safari/test-failed-1.png]]

[[ATTACHMENT|support-chatbot-Support-an-e17c1-support-Open-chatbot-widget-Mobile-Safari/video.webm]]

[[ATTACHMENT|support-chatbot-Support-an-e17c1-support-Open-chatbot-widget-Mobile-Safari/error-context.md]]
]]>
</system-out>
</testcase>
<testcase name="Support and Chatbot Interaction › @support KYC upload question" classname="support-chatbot.spec.ts" time="30.255">
<failure message="support-chatbot.spec.ts:33:7 @support KYC upload question" type="FAILURE">
<![CDATA[  [Mobile Safari] › support-chatbot.spec.ts:33:7 › Support and Chatbot Interaction › @support KYC upload question 

    Test timeout of 30000ms exceeded while running "beforeEach" hook.

      2 |
      3 | test.describe('Support and Chatbot Interaction', () => {
    > 4 |   test.beforeEach(async ({ page }) => {
        |        ^
      5 |     // Login first
      6 |     await page.goto('/auth');
      7 |     await page.fill('input[placeholder*="email"]', 'test@example.com');
        at /Users/gailad/Documents/Dev Projects/PacheduConnect/tests/e2e/support-chatbot.spec.ts:4:8

    Error: page.fill: Test timeout of 30000ms exceeded.
    Call log:
      - waiting for locator('input[placeholder*="email"]')


       5 |     // Login first
       6 |     await page.goto('/auth');
    >  7 |     await page.fill('input[placeholder*="email"]', 'test@example.com');
         |                ^
       8 |     await page.fill('input[placeholder*="password"]', 'password123');
       9 |     await page.click('button[type="submit"]');
      10 |     await expect(page).toHaveURL(/.*dashboard/);
        at /Users/gailad/Documents/Dev Projects/PacheduConnect/tests/e2e/support-chatbot.spec.ts:7:16

    attachment #1: screenshot (image/png) ──────────────────────────────────────────────────────────
    ../../test-results/support-chatbot-Support-an-6c13b-support-KYC-upload-question-Mobile-Safari/test-failed-1.png
    ────────────────────────────────────────────────────────────────────────────────────────────────

    attachment #2: video (video/webm) ──────────────────────────────────────────────────────────────
    ../../test-results/support-chatbot-Support-an-6c13b-support-KYC-upload-question-Mobile-Safari/video.webm
    ────────────────────────────────────────────────────────────────────────────────────────────────

    Error Context: ../../test-results/support-chatbot-Support-an-6c13b-support-KYC-upload-question-Mobile-Safari/error-context.md
]]>
</failure>
<system-out>
<![CDATA[
[[ATTACHMENT|support-chatbot-Support-an-6c13b-support-KYC-upload-question-Mobile-Safari/test-failed-1.png]]

[[ATTACHMENT|support-chatbot-Support-an-6c13b-support-KYC-upload-question-Mobile-Safari/video.webm]]

[[ATTACHMENT|support-chatbot-Support-an-6c13b-support-KYC-upload-question-Mobile-Safari/error-context.md]]
]]>
</system-out>
</testcase>
<testcase name="Support and Chatbot Interaction › @support Transaction tracking via chat" classname="support-chatbot.spec.ts" time="30.257">
<failure message="support-chatbot.spec.ts:54:7 @support Transaction tracking via chat" type="FAILURE">
<![CDATA[  [Mobile Safari] › support-chatbot.spec.ts:54:7 › Support and Chatbot Interaction › @support Transaction tracking via chat 

    Test timeout of 30000ms exceeded while running "beforeEach" hook.

      2 |
      3 | test.describe('Support and Chatbot Interaction', () => {
    > 4 |   test.beforeEach(async ({ page }) => {
        |        ^
      5 |     // Login first
      6 |     await page.goto('/auth');
      7 |     await page.fill('input[placeholder*="email"]', 'test@example.com');
        at /Users/gailad/Documents/Dev Projects/PacheduConnect/tests/e2e/support-chatbot.spec.ts:4:8

    Error: page.fill: Test timeout of 30000ms exceeded.
    Call log:
      - waiting for locator('input[placeholder*="email"]')


       5 |     // Login first
       6 |     await page.goto('/auth');
    >  7 |     await page.fill('input[placeholder*="email"]', 'test@example.com');
         |                ^
       8 |     await page.fill('input[placeholder*="password"]', 'password123');
       9 |     await page.click('button[type="submit"]');
      10 |     await expect(page).toHaveURL(/.*dashboard/);
        at /Users/gailad/Documents/Dev Projects/PacheduConnect/tests/e2e/support-chatbot.spec.ts:7:16

    attachment #1: screenshot (image/png) ──────────────────────────────────────────────────────────
    ../../test-results/support-chatbot-Support-an-eac0f-ansaction-tracking-via-chat-Mobile-Safari/test-failed-1.png
    ────────────────────────────────────────────────────────────────────────────────────────────────

    attachment #2: video (video/webm) ──────────────────────────────────────────────────────────────
    ../../test-results/support-chatbot-Support-an-eac0f-ansaction-tracking-via-chat-Mobile-Safari/video.webm
    ────────────────────────────────────────────────────────────────────────────────────────────────

    Error Context: ../../test-results/support-chatbot-Support-an-eac0f-ansaction-tracking-via-chat-Mobile-Safari/error-context.md
]]>
</failure>
<system-out>
<![CDATA[
[[ATTACHMENT|support-chatbot-Support-an-eac0f-ansaction-tracking-via-chat-Mobile-Safari/test-failed-1.png]]

[[ATTACHMENT|support-chatbot-Support-an-eac0f-ansaction-tracking-via-chat-Mobile-Safari/video.webm]]

[[ATTACHMENT|support-chatbot-Support-an-eac0f-ansaction-tracking-via-chat-Mobile-Safari/error-context.md]]
]]>
</system-out>
</testcase>
<testcase name="Support and Chatbot Interaction › @support Exchange rate questions" classname="support-chatbot.spec.ts" time="30.257">
<failure message="support-chatbot.spec.ts:73:7 @support Exchange rate questions" type="FAILURE">
<![CDATA[  [Mobile Safari] › support-chatbot.spec.ts:73:7 › Support and Chatbot Interaction › @support Exchange rate questions 

    Test timeout of 30000ms exceeded while running "beforeEach" hook.

      2 |
      3 | test.describe('Support and Chatbot Interaction', () => {
    > 4 |   test.beforeEach(async ({ page }) => {
        |        ^
      5 |     // Login first
      6 |     await page.goto('/auth');
      7 |     await page.fill('input[placeholder*="email"]', 'test@example.com');
        at /Users/gailad/Documents/Dev Projects/PacheduConnect/tests/e2e/support-chatbot.spec.ts:4:8

    Error: page.fill: Test timeout of 30000ms exceeded.
    Call log:
      - waiting for locator('input[placeholder*="email"]')


       5 |     // Login first
       6 |     await page.goto('/auth');
    >  7 |     await page.fill('input[placeholder*="email"]', 'test@example.com');
         |                ^
       8 |     await page.fill('input[placeholder*="password"]', 'password123');
       9 |     await page.click('button[type="submit"]');
      10 |     await expect(page).toHaveURL(/.*dashboard/);
        at /Users/gailad/Documents/Dev Projects/PacheduConnect/tests/e2e/support-chatbot.spec.ts:7:16

    attachment #1: screenshot (image/png) ──────────────────────────────────────────────────────────
    ../../test-results/support-chatbot-Support-an-2f033-ort-Exchange-rate-questions-Mobile-Safari/test-failed-1.png
    ────────────────────────────────────────────────────────────────────────────────────────────────

    attachment #2: video (video/webm) ──────────────────────────────────────────────────────────────
    ../../test-results/support-chatbot-Support-an-2f033-ort-Exchange-rate-questions-Mobile-Safari/video.webm
    ────────────────────────────────────────────────────────────────────────────────────────────────

    Error Context: ../../test-results/support-chatbot-Support-an-2f033-ort-Exchange-rate-questions-Mobile-Safari/error-context.md
]]>
</failure>
<system-out>
<![CDATA[
[[ATTACHMENT|support-chatbot-Support-an-2f033-ort-Exchange-rate-questions-Mobile-Safari/test-failed-1.png]]

[[ATTACHMENT|support-chatbot-Support-an-2f033-ort-Exchange-rate-questions-Mobile-Safari/video.webm]]

[[ATTACHMENT|support-chatbot-Support-an-2f033-ort-Exchange-rate-questions-Mobile-Safari/error-context.md]]
]]>
</system-out>
</testcase>
<testcase name="Support and Chatbot Interaction › @support Fee structure questions" classname="support-chatbot.spec.ts" time="30.186">
<failure message="support-chatbot.spec.ts:91:7 @support Fee structure questions" type="FAILURE">
<![CDATA[  [Mobile Safari] › support-chatbot.spec.ts:91:7 › Support and Chatbot Interaction › @support Fee structure questions 

    Test timeout of 30000ms exceeded while running "beforeEach" hook.

      2 |
      3 | test.describe('Support and Chatbot Interaction', () => {
    > 4 |   test.beforeEach(async ({ page }) => {
        |        ^
      5 |     // Login first
      6 |     await page.goto('/auth');
      7 |     await page.fill('input[placeholder*="email"]', 'test@example.com');
        at /Users/gailad/Documents/Dev Projects/PacheduConnect/tests/e2e/support-chatbot.spec.ts:4:8

    Error: page.fill: Test timeout of 30000ms exceeded.
    Call log:
      - waiting for locator('input[placeholder*="email"]')


       5 |     // Login first
       6 |     await page.goto('/auth');
    >  7 |     await page.fill('input[placeholder*="email"]', 'test@example.com');
         |                ^
       8 |     await page.fill('input[placeholder*="password"]', 'password123');
       9 |     await page.click('button[type="submit"]');
      10 |     await expect(page).toHaveURL(/.*dashboard/);
        at /Users/gailad/Documents/Dev Projects/PacheduConnect/tests/e2e/support-chatbot.spec.ts:7:16

    attachment #1: screenshot (image/png) ──────────────────────────────────────────────────────────
    ../../test-results/support-chatbot-Support-an-9d52f-ort-Fee-structure-questions-Mobile-Safari/test-failed-1.png
    ────────────────────────────────────────────────────────────────────────────────────────────────

    attachment #2: video (video/webm) ──────────────────────────────────────────────────────────────
    ../../test-results/support-chatbot-Support-an-9d52f-ort-Fee-structure-questions-Mobile-Safari/video.webm
    ────────────────────────────────────────────────────────────────────────────────────────────────

    Error Context: ../../test-results/support-chatbot-Support-an-9d52f-ort-Fee-structure-questions-Mobile-Safari/error-context.md
]]>
</failure>
<system-out>
<![CDATA[
[[ATTACHMENT|support-chatbot-Support-an-9d52f-ort-Fee-structure-questions-Mobile-Safari/test-failed-1.png]]

[[ATTACHMENT|support-chatbot-Support-an-9d52f-ort-Fee-structure-questions-Mobile-Safari/video.webm]]

[[ATTACHMENT|support-chatbot-Support-an-9d52f-ort-Fee-structure-questions-Mobile-Safari/error-context.md]]
]]>
</system-out>
</testcase>
<testcase name="Support and Chatbot Interaction › @support Account limits questions" classname="support-chatbot.spec.ts" time="30.179">
<failure message="support-chatbot.spec.ts:110:7 @support Account limits questions" type="FAILURE">
<![CDATA[  [Mobile Safari] › support-chatbot.spec.ts:110:7 › Support and Chatbot Interaction › @support Account limits questions 

    Test timeout of 30000ms exceeded while running "beforeEach" hook.

      2 |
      3 | test.describe('Support and Chatbot Interaction', () => {
    > 4 |   test.beforeEach(async ({ page }) => {
        |        ^
      5 |     // Login first
      6 |     await page.goto('/auth');
      7 |     await page.fill('input[placeholder*="email"]', 'test@example.com');
        at /Users/gailad/Documents/Dev Projects/PacheduConnect/tests/e2e/support-chatbot.spec.ts:4:8

    Error: page.fill: Test timeout of 30000ms exceeded.
    Call log:
      - waiting for locator('input[placeholder*="email"]')


       5 |     // Login first
       6 |     await page.goto('/auth');
    >  7 |     await page.fill('input[placeholder*="email"]', 'test@example.com');
         |                ^
       8 |     await page.fill('input[placeholder*="password"]', 'password123');
       9 |     await page.click('button[type="submit"]');
      10 |     await expect(page).toHaveURL(/.*dashboard/);
        at /Users/gailad/Documents/Dev Projects/PacheduConnect/tests/e2e/support-chatbot.spec.ts:7:16

    attachment #1: screenshot (image/png) ──────────────────────────────────────────────────────────
    ../../test-results/support-chatbot-Support-an-ad940-rt-Account-limits-questions-Mobile-Safari/test-failed-1.png
    ────────────────────────────────────────────────────────────────────────────────────────────────

    attachment #2: video (video/webm) ──────────────────────────────────────────────────────────────
    ../../test-results/support-chatbot-Support-an-ad940-rt-Account-limits-questions-Mobile-Safari/video.webm
    ────────────────────────────────────────────────────────────────────────────────────────────────

    Error Context: ../../test-results/support-chatbot-Support-an-ad940-rt-Account-limits-questions-Mobile-Safari/error-context.md
]]>
</failure>
<system-out>
<![CDATA[
[[ATTACHMENT|support-chatbot-Support-an-ad940-rt-Account-limits-questions-Mobile-Safari/test-failed-1.png]]

[[ATTACHMENT|support-chatbot-Support-an-ad940-rt-Account-limits-questions-Mobile-Safari/video.webm]]

[[ATTACHMENT|support-chatbot-Support-an-ad940-rt-Account-limits-questions-Mobile-Safari/error-context.md]]
]]>
</system-out>
</testcase>
<testcase name="Support and Chatbot Interaction › @support Live agent escalation" classname="support-chatbot.spec.ts" time="30.181">
<failure message="support-chatbot.spec.ts:126:7 @support Live agent escalation" type="FAILURE">
<![CDATA[  [Mobile Safari] › support-chatbot.spec.ts:126:7 › Support and Chatbot Interaction › @support Live agent escalation 

    Test timeout of 30000ms exceeded while running "beforeEach" hook.

      2 |
      3 | test.describe('Support and Chatbot Interaction', () => {
    > 4 |   test.beforeEach(async ({ page }) => {
        |        ^
      5 |     // Login first
      6 |     await page.goto('/auth');
      7 |     await page.fill('input[placeholder*="email"]', 'test@example.com');
        at /Users/gailad/Documents/Dev Projects/PacheduConnect/tests/e2e/support-chatbot.spec.ts:4:8

    Error: page.fill: Test timeout of 30000ms exceeded.
    Call log:
      - waiting for locator('input[placeholder*="email"]')


       5 |     // Login first
       6 |     await page.goto('/auth');
    >  7 |     await page.fill('input[placeholder*="email"]', 'test@example.com');
         |                ^
       8 |     await page.fill('input[placeholder*="password"]', 'password123');
       9 |     await page.click('button[type="submit"]');
      10 |     await expect(page).toHaveURL(/.*dashboard/);
        at /Users/gailad/Documents/Dev Projects/PacheduConnect/tests/e2e/support-chatbot.spec.ts:7:16

    attachment #1: screenshot (image/png) ──────────────────────────────────────────────────────────
    ../../test-results/support-chatbot-Support-an-ebca2-pport-Live-agent-escalation-Mobile-Safari/test-failed-1.png
    ────────────────────────────────────────────────────────────────────────────────────────────────

    attachment #2: video (video/webm) ──────────────────────────────────────────────────────────────
    ../../test-results/support-chatbot-Support-an-ebca2-pport-Live-agent-escalation-Mobile-Safari/video.webm
    ────────────────────────────────────────────────────────────────────────────────────────────────

    Error Context: ../../test-results/support-chatbot-Support-an-ebca2-pport-Live-agent-escalation-Mobile-Safari/error-context.md
]]>
</failure>
<system-out>
<![CDATA[
[[ATTACHMENT|support-chatbot-Support-an-ebca2-pport-Live-agent-escalation-Mobile-Safari/test-failed-1.png]]

[[ATTACHMENT|support-chatbot-Support-an-ebca2-pport-Live-agent-escalation-Mobile-Safari/video.webm]]

[[ATTACHMENT|support-chatbot-Support-an-ebca2-pport-Live-agent-escalation-Mobile-Safari/error-context.md]]
]]>
</system-out>
</testcase>
<testcase name="Support and Chatbot Interaction › @support Chatbot language support" classname="support-chatbot.spec.ts" time="30.182">
<failure message="support-chatbot.spec.ts:148:7 @support Chatbot language support" type="FAILURE">
<![CDATA[  [Mobile Safari] › support-chatbot.spec.ts:148:7 › Support and Chatbot Interaction › @support Chatbot language support 

    Test timeout of 30000ms exceeded while running "beforeEach" hook.

      2 |
      3 | test.describe('Support and Chatbot Interaction', () => {
    > 4 |   test.beforeEach(async ({ page }) => {
        |        ^
      5 |     // Login first
      6 |     await page.goto('/auth');
      7 |     await page.fill('input[placeholder*="email"]', 'test@example.com');
        at /Users/gailad/Documents/Dev Projects/PacheduConnect/tests/e2e/support-chatbot.spec.ts:4:8

    Error: page.fill: Test timeout of 30000ms exceeded.
    Call log:
      - waiting for locator('input[placeholder*="email"]')


       5 |     // Login first
       6 |     await page.goto('/auth');
    >  7 |     await page.fill('input[placeholder*="email"]', 'test@example.com');
         |                ^
       8 |     await page.fill('input[placeholder*="password"]', 'password123');
       9 |     await page.click('button[type="submit"]');
      10 |     await expect(page).toHaveURL(/.*dashboard/);
        at /Users/gailad/Documents/Dev Projects/PacheduConnect/tests/e2e/support-chatbot.spec.ts:7:16

    attachment #1: screenshot (image/png) ──────────────────────────────────────────────────────────
    ../../test-results/support-chatbot-Support-an-ab084-rt-Chatbot-language-support-Mobile-Safari/test-failed-1.png
    ────────────────────────────────────────────────────────────────────────────────────────────────

    attachment #2: video (video/webm) ──────────────────────────────────────────────────────────────
    ../../test-results/support-chatbot-Support-an-ab084-rt-Chatbot-language-support-Mobile-Safari/video.webm
    ────────────────────────────────────────────────────────────────────────────────────────────────

    Error Context: ../../test-results/support-chatbot-Support-an-ab084-rt-Chatbot-language-support-Mobile-Safari/error-context.md
]]>
</failure>
<system-out>
<![CDATA[
[[ATTACHMENT|support-chatbot-Support-an-ab084-rt-Chatbot-language-support-Mobile-Safari/test-failed-1.png]]

[[ATTACHMENT|support-chatbot-Support-an-ab084-rt-Chatbot-language-support-Mobile-Safari/video.webm]]

[[ATTACHMENT|support-chatbot-Support-an-ab084-rt-Chatbot-language-support-Mobile-Safari/error-context.md]]
]]>
</system-out>
</testcase>
<testcase name="Support and Chatbot Interaction › @support Chatbot conversation history" classname="support-chatbot.spec.ts" time="30.144">
<failure message="support-chatbot.spec.ts:168:7 @support Chatbot conversation history" type="FAILURE">
<![CDATA[  [Mobile Safari] › support-chatbot.spec.ts:168:7 › Support and Chatbot Interaction › @support Chatbot conversation history 

    Test timeout of 30000ms exceeded while running "beforeEach" hook.

      2 |
      3 | test.describe('Support and Chatbot Interaction', () => {
    > 4 |   test.beforeEach(async ({ page }) => {
        |        ^
      5 |     // Login first
      6 |     await page.goto('/auth');
      7 |     await page.fill('input[placeholder*="email"]', 'test@example.com');
        at /Users/gailad/Documents/Dev Projects/PacheduConnect/tests/e2e/support-chatbot.spec.ts:4:8

    Error: page.fill: Test timeout of 30000ms exceeded.
    Call log:
      - waiting for locator('input[placeholder*="email"]')


       5 |     // Login first
       6 |     await page.goto('/auth');
    >  7 |     await page.fill('input[placeholder*="email"]', 'test@example.com');
         |                ^
       8 |     await page.fill('input[placeholder*="password"]', 'password123');
       9 |     await page.click('button[type="submit"]');
      10 |     await expect(page).toHaveURL(/.*dashboard/);
        at /Users/gailad/Documents/Dev Projects/PacheduConnect/tests/e2e/support-chatbot.spec.ts:7:16

    attachment #1: screenshot (image/png) ──────────────────────────────────────────────────────────
    ../../test-results/support-chatbot-Support-an-9a6ee-hatbot-conversation-history-Mobile-Safari/test-failed-1.png
    ────────────────────────────────────────────────────────────────────────────────────────────────

    attachment #2: video (video/webm) ──────────────────────────────────────────────────────────────
    ../../test-results/support-chatbot-Support-an-9a6ee-hatbot-conversation-history-Mobile-Safari/video.webm
    ────────────────────────────────────────────────────────────────────────────────────────────────

    Error Context: ../../test-results/support-chatbot-Support-an-9a6ee-hatbot-conversation-history-Mobile-Safari/error-context.md
]]>
</failure>
<system-out>
<![CDATA[
[[ATTACHMENT|support-chatbot-Support-an-9a6ee-hatbot-conversation-history-Mobile-Safari/test-failed-1.png]]

[[ATTACHMENT|support-chatbot-Support-an-9a6ee-hatbot-conversation-history-Mobile-Safari/video.webm]]

[[ATTACHMENT|support-chatbot-Support-an-9a6ee-hatbot-conversation-history-Mobile-Safari/error-context.md]]
]]>
</system-out>
</testcase>
<testcase name="Support and Chatbot Interaction › @support Chatbot offline handling" classname="support-chatbot.spec.ts" time="30.276">
<failure message="support-chatbot.spec.ts:199:7 @support Chatbot offline handling" type="FAILURE">
<![CDATA[  [Mobile Safari] › support-chatbot.spec.ts:199:7 › Support and Chatbot Interaction › @support Chatbot offline handling 

    Test timeout of 30000ms exceeded while running "beforeEach" hook.

      2 |
      3 | test.describe('Support and Chatbot Interaction', () => {
    > 4 |   test.beforeEach(async ({ page }) => {
        |        ^
      5 |     // Login first
      6 |     await page.goto('/auth');
      7 |     await page.fill('input[placeholder*="email"]', 'test@example.com');
        at /Users/gailad/Documents/Dev Projects/PacheduConnect/tests/e2e/support-chatbot.spec.ts:4:8

    Error: page.fill: Test timeout of 30000ms exceeded.
    Call log:
      - waiting for locator('input[placeholder*="email"]')


       5 |     // Login first
       6 |     await page.goto('/auth');
    >  7 |     await page.fill('input[placeholder*="email"]', 'test@example.com');
         |                ^
       8 |     await page.fill('input[placeholder*="password"]', 'password123');
       9 |     await page.click('button[type="submit"]');
      10 |     await expect(page).toHaveURL(/.*dashboard/);
        at /Users/gailad/Documents/Dev Projects/PacheduConnect/tests/e2e/support-chatbot.spec.ts:7:16

    attachment #1: screenshot (image/png) ──────────────────────────────────────────────────────────
    ../../test-results/support-chatbot-Support-an-ab948-rt-Chatbot-offline-handling-Mobile-Safari/test-failed-1.png
    ────────────────────────────────────────────────────────────────────────────────────────────────

    attachment #2: video (video/webm) ──────────────────────────────────────────────────────────────
    ../../test-results/support-chatbot-Support-an-ab948-rt-Chatbot-offline-handling-Mobile-Safari/video.webm
    ────────────────────────────────────────────────────────────────────────────────────────────────

    Error Context: ../../test-results/support-chatbot-Support-an-ab948-rt-Chatbot-offline-handling-Mobile-Safari/error-context.md
]]>
</failure>
<system-out>
<![CDATA[
[[ATTACHMENT|support-chatbot-Support-an-ab948-rt-Chatbot-offline-handling-Mobile-Safari/test-failed-1.png]]

[[ATTACHMENT|support-chatbot-Support-an-ab948-rt-Chatbot-offline-handling-Mobile-Safari/video.webm]]

[[ATTACHMENT|support-chatbot-Support-an-ab948-rt-Chatbot-offline-handling-Mobile-Safari/error-context.md]]
]]>
</system-out>
</testcase>
<testcase name="Support and Chatbot Interaction › @support Chatbot voice input" classname="support-chatbot.spec.ts" time="30.174">
<failure message="support-chatbot.spec.ts:224:7 @support Chatbot voice input" type="FAILURE">
<![CDATA[  [Mobile Safari] › support-chatbot.spec.ts:224:7 › Support and Chatbot Interaction › @support Chatbot voice input 

    Test timeout of 30000ms exceeded while running "beforeEach" hook.

      2 |
      3 | test.describe('Support and Chatbot Interaction', () => {
    > 4 |   test.beforeEach(async ({ page }) => {
        |        ^
      5 |     // Login first
      6 |     await page.goto('/auth');
      7 |     await page.fill('input[placeholder*="email"]', 'test@example.com');
        at /Users/gailad/Documents/Dev Projects/PacheduConnect/tests/e2e/support-chatbot.spec.ts:4:8

    Error: page.fill: Test timeout of 30000ms exceeded.
    Call log:
      - waiting for locator('input[placeholder*="email"]')


       5 |     // Login first
       6 |     await page.goto('/auth');
    >  7 |     await page.fill('input[placeholder*="email"]', 'test@example.com');
         |                ^
       8 |     await page.fill('input[placeholder*="password"]', 'password123');
       9 |     await page.click('button[type="submit"]');
      10 |     await expect(page).toHaveURL(/.*dashboard/);
        at /Users/gailad/Documents/Dev Projects/PacheduConnect/tests/e2e/support-chatbot.spec.ts:7:16

    attachment #1: screenshot (image/png) ──────────────────────────────────────────────────────────
    ../../test-results/support-chatbot-Support-an-43751-support-Chatbot-voice-input-Mobile-Safari/test-failed-1.png
    ────────────────────────────────────────────────────────────────────────────────────────────────

    attachment #2: video (video/webm) ──────────────────────────────────────────────────────────────
    ../../test-results/support-chatbot-Support-an-43751-support-Chatbot-voice-input-Mobile-Safari/video.webm
    ────────────────────────────────────────────────────────────────────────────────────────────────

    Error Context: ../../test-results/support-chatbot-Support-an-43751-support-Chatbot-voice-input-Mobile-Safari/error-context.md
]]>
</failure>
<system-out>
<![CDATA[
[[ATTACHMENT|support-chatbot-Support-an-43751-support-Chatbot-voice-input-Mobile-Safari/test-failed-1.png]]

[[ATTACHMENT|support-chatbot-Support-an-43751-support-Chatbot-voice-input-Mobile-Safari/video.webm]]

[[ATTACHMENT|support-chatbot-Support-an-43751-support-Chatbot-voice-input-Mobile-Safari/error-context.md]]
]]>
</system-out>
</testcase>
</testsuite>
<testsuite name="transaction-history.spec.ts" timestamp="2025-07-14T13:04:14.079Z" hostname="Mobile Safari" tests="30" failures="30" skipped="0" time="597.788" errors="0">
<testcase name="Transaction History &amp; Tracking › @transactions View transaction history" classname="transaction-history.spec.ts" time="6.418">
<failure message="transaction-history.spec.ts:12:7 @transactions View transaction history" type="FAILURE">
<![CDATA[  [Mobile Safari] › transaction-history.spec.ts:12:7 › Transaction History & Tracking › @transactions View transaction history 

    Error: Timed out 5000ms waiting for expect(locator).toBeVisible()

    Locator: locator('text=Transaction History')
    Expected: visible
    Received: <element(s) not found>
    Call log:
      - Expect "toBeVisible" with timeout 5000ms
      - waiting for locator('text=Transaction History')


      14 |     
      15 |     // Verify transaction list loads
    > 16 |     await expect(page.locator('text=Transaction History')).toBeVisible();
         |                                                            ^
      17 |     await expect(page.locator('text=Recent Transactions')).toBeVisible();
      18 |     
      19 |     // Verify transaction list structure
        at /Users/gailad/Documents/Dev Projects/PacheduConnect/tests/e2e/transaction-history.spec.ts:16:60

    attachment #1: screenshot (image/png) ──────────────────────────────────────────────────────────
    ../../test-results/transaction-history-Transa-9477a-ns-View-transaction-history-Mobile-Safari/test-failed-1.png
    ────────────────────────────────────────────────────────────────────────────────────────────────

    attachment #2: video (video/webm) ──────────────────────────────────────────────────────────────
    ../../test-results/transaction-history-Transa-9477a-ns-View-transaction-history-Mobile-Safari/video.webm
    ────────────────────────────────────────────────────────────────────────────────────────────────

    Error Context: ../../test-results/transaction-history-Transa-9477a-ns-View-transaction-history-Mobile-Safari/error-context.md
]]>
</failure>
<system-out>
<![CDATA[
[[ATTACHMENT|transaction-history-Transa-9477a-ns-View-transaction-history-Mobile-Safari/test-failed-1.png]]

[[ATTACHMENT|transaction-history-Transa-9477a-ns-View-transaction-history-Mobile-Safari/video.webm]]

[[ATTACHMENT|transaction-history-Transa-9477a-ns-View-transaction-history-Mobile-Safari/error-context.md]]
]]>
</system-out>
</testcase>
<testcase name="Transaction History &amp; Tracking › @transactions Transaction details view" classname="transaction-history.spec.ts" time="30.151">
<failure message="transaction-history.spec.ts:31:7 @transactions Transaction details view" type="FAILURE">
<![CDATA[  [Mobile Safari] › transaction-history.spec.ts:31:7 › Transaction History & Tracking › @transactions Transaction details view 

    Test timeout of 30000ms exceeded.

    Error: page.click: Test timeout of 30000ms exceeded.
    Call log:
      - waiting for locator('[data-testid="transaction-row"]:first-child')


      34 |     
      35 |     // Click on first transaction
    > 36 |     await page.click('[data-testid="transaction-row"]:first-child');
         |                ^
      37 |     
      38 |     // Verify transaction details page
      39 |     await expect(page.locator('text=Transaction Details')).toBeVisible();
        at /Users/gailad/Documents/Dev Projects/PacheduConnect/tests/e2e/transaction-history.spec.ts:36:16

    attachment #1: screenshot (image/png) ──────────────────────────────────────────────────────────
    ../../test-results/transaction-history-Transa-74ae5-ns-Transaction-details-view-Mobile-Safari/test-failed-1.png
    ────────────────────────────────────────────────────────────────────────────────────────────────

    attachment #2: video (video/webm) ──────────────────────────────────────────────────────────────
    ../../test-results/transaction-history-Transa-74ae5-ns-Transaction-details-view-Mobile-Safari/video.webm
    ────────────────────────────────────────────────────────────────────────────────────────────────

    Error Context: ../../test-results/transaction-history-Transa-74ae5-ns-Transaction-details-view-Mobile-Safari/error-context.md
]]>
</failure>
<system-out>
<![CDATA[
[[ATTACHMENT|transaction-history-Transa-74ae5-ns-Transaction-details-view-Mobile-Safari/test-failed-1.png]]

[[ATTACHMENT|transaction-history-Transa-74ae5-ns-Transaction-details-view-Mobile-Safari/video.webm]]

[[ATTACHMENT|transaction-history-Transa-74ae5-ns-Transaction-details-view-Mobile-Safari/error-context.md]]
]]>
</system-out>
</testcase>
<testcase name="Transaction History &amp; Tracking › @transactions Transaction status tracking" classname="transaction-history.spec.ts" time="30.147">
<failure message="transaction-history.spec.ts:56:7 @transactions Transaction status tracking" type="FAILURE">
<![CDATA[  [Mobile Safari] › transaction-history.spec.ts:56:7 › Transaction History & Tracking › @transactions Transaction status tracking 

    Test timeout of 30000ms exceeded.

    Error: page.click: Test timeout of 30000ms exceeded.
    Call log:
      - waiting for locator('[data-testid="transaction-row"]:first-child')


      59 |     
      60 |     // Click on a transaction
    > 61 |     await page.click('[data-testid="transaction-row"]:first-child');
         |                ^
      62 |     
      63 |     // Verify progress timeline is displayed
      64 |     await expect(page.locator('text=Transaction Progress')).toBeVisible();
        at /Users/gailad/Documents/Dev Projects/PacheduConnect/tests/e2e/transaction-history.spec.ts:61:16

    attachment #1: screenshot (image/png) ──────────────────────────────────────────────────────────
    ../../test-results/transaction-history-Transa-9d739-Transaction-status-tracking-Mobile-Safari/test-failed-1.png
    ────────────────────────────────────────────────────────────────────────────────────────────────

    attachment #2: video (video/webm) ──────────────────────────────────────────────────────────────
    ../../test-results/transaction-history-Transa-9d739-Transaction-status-tracking-Mobile-Safari/video.webm
    ────────────────────────────────────────────────────────────────────────────────────────────────

    Error Context: ../../test-results/transaction-history-Transa-9d739-Transaction-status-tracking-Mobile-Safari/error-context.md
]]>
</failure>
<system-out>
<![CDATA[
[[ATTACHMENT|transaction-history-Transa-9d739-Transaction-status-tracking-Mobile-Safari/test-failed-1.png]]

[[ATTACHMENT|transaction-history-Transa-9d739-Transaction-status-tracking-Mobile-Safari/video.webm]]

[[ATTACHMENT|transaction-history-Transa-9d739-Transaction-status-tracking-Mobile-Safari/error-context.md]]
]]>
</system-out>
</testcase>
<testcase name="Transaction History &amp; Tracking › @transactions Filter and search transactions" classname="transaction-history.spec.ts" time="30.141">
<failure message="transaction-history.spec.ts:83:7 @transactions Filter and search transactions" type="FAILURE">
<![CDATA[  [Mobile Safari] › transaction-history.spec.ts:83:7 › Transaction History & Tracking › @transactions Filter and search transactions 

    Test timeout of 30000ms exceeded.

    Error: page.click: Test timeout of 30000ms exceeded.
    Call log:
      - waiting for locator('select[name="status"]')


      86 |     
      87 |     // Test status filter
    > 88 |     await page.click('select[name="status"]');
         |                ^
      89 |     await page.selectOption('select[name="status"]', 'completed');
      90 |     
      91 |     // Verify filtered results
        at /Users/gailad/Documents/Dev Projects/PacheduConnect/tests/e2e/transaction-history.spec.ts:88:16

    attachment #1: screenshot (image/png) ──────────────────────────────────────────────────────────
    ../../test-results/transaction-history-Transa-f0b6a-ter-and-search-transactions-Mobile-Safari/test-failed-1.png
    ────────────────────────────────────────────────────────────────────────────────────────────────

    attachment #2: video (video/webm) ──────────────────────────────────────────────────────────────
    ../../test-results/transaction-history-Transa-f0b6a-ter-and-search-transactions-Mobile-Safari/video.webm
    ────────────────────────────────────────────────────────────────────────────────────────────────

    Error Context: ../../test-results/transaction-history-Transa-f0b6a-ter-and-search-transactions-Mobile-Safari/error-context.md
]]>
</failure>
<system-out>
<![CDATA[
[[ATTACHMENT|transaction-history-Transa-f0b6a-ter-and-search-transactions-Mobile-Safari/test-failed-1.png]]

[[ATTACHMENT|transaction-history-Transa-f0b6a-ter-and-search-transactions-Mobile-Safari/video.webm]]

[[ATTACHMENT|transaction-history-Transa-f0b6a-ter-and-search-transactions-Mobile-Safari/error-context.md]]
]]>
</system-out>
</testcase>
<testcase name="Transaction History &amp; Tracking › @transactions Export transaction history" classname="transaction-history.spec.ts" time="30.137">
<failure message="transaction-history.spec.ts:111:7 @transactions Export transaction history" type="FAILURE">
<![CDATA[  [Mobile Safari] › transaction-history.spec.ts:111:7 › Transaction History & Tracking › @transactions Export transaction history 

    Test timeout of 30000ms exceeded.

    Error: page.click: Test timeout of 30000ms exceeded.
    Call log:
      - waiting for locator('button:has-text("Export")')


      114 |     
      115 |     // Click export button
    > 116 |     await page.click('button:has-text("Export")');
          |                ^
      117 |     
      118 |     // Verify export options
      119 |     await expect(page.locator('text=Export Format')).toBeVisible();
        at /Users/gailad/Documents/Dev Projects/PacheduConnect/tests/e2e/transaction-history.spec.ts:116:16

    attachment #1: screenshot (image/png) ──────────────────────────────────────────────────────────
    ../../test-results/transaction-history-Transa-58cbb--Export-transaction-history-Mobile-Safari/test-failed-1.png
    ────────────────────────────────────────────────────────────────────────────────────────────────

    attachment #2: video (video/webm) ──────────────────────────────────────────────────────────────
    ../../test-results/transaction-history-Transa-58cbb--Export-transaction-history-Mobile-Safari/video.webm
    ────────────────────────────────────────────────────────────────────────────────────────────────

    Error Context: ../../test-results/transaction-history-Transa-58cbb--Export-transaction-history-Mobile-Safari/error-context.md
]]>
</failure>
<system-out>
<![CDATA[
[[ATTACHMENT|transaction-history-Transa-58cbb--Export-transaction-history-Mobile-Safari/test-failed-1.png]]

[[ATTACHMENT|transaction-history-Transa-58cbb--Export-transaction-history-Mobile-Safari/video.webm]]

[[ATTACHMENT|transaction-history-Transa-58cbb--Export-transaction-history-Mobile-Safari/error-context.md]]
]]>
</system-out>
</testcase>
<testcase name="Transaction History &amp; Tracking › @transactions Transaction receipt generation" classname="transaction-history.spec.ts" time="30.147">
<failure message="transaction-history.spec.ts:133:7 @transactions Transaction receipt generation" type="FAILURE">
<![CDATA[  [Mobile Safari] › transaction-history.spec.ts:133:7 › Transaction History & Tracking › @transactions Transaction receipt generation 

    Test timeout of 30000ms exceeded.

    Error: page.click: Test timeout of 30000ms exceeded.
    Call log:
      - waiting for locator('[data-testid="transaction-row"]:first-child')


      134 |     // Navigate to a specific transaction
      135 |     await page.goto('/transactions');
    > 136 |     await page.click('[data-testid="transaction-row"]:first-child');
          |                ^
      137 |     
      138 |     // Click download receipt
      139 |     await page.click('button:has-text("Download Receipt")');
        at /Users/gailad/Documents/Dev Projects/PacheduConnect/tests/e2e/transaction-history.spec.ts:136:16

    attachment #1: screenshot (image/png) ──────────────────────────────────────────────────────────
    ../../test-results/transaction-history-Transa-da7b6-nsaction-receipt-generation-Mobile-Safari/test-failed-1.png
    ────────────────────────────────────────────────────────────────────────────────────────────────

    attachment #2: video (video/webm) ──────────────────────────────────────────────────────────────
    ../../test-results/transaction-history-Transa-da7b6-nsaction-receipt-generation-Mobile-Safari/video.webm
    ────────────────────────────────────────────────────────────────────────────────────────────────

    Error Context: ../../test-results/transaction-history-Transa-da7b6-nsaction-receipt-generation-Mobile-Safari/error-context.md
]]>
</failure>
<system-out>
<![CDATA[
[[ATTACHMENT|transaction-history-Transa-da7b6-nsaction-receipt-generation-Mobile-Safari/test-failed-1.png]]

[[ATTACHMENT|transaction-history-Transa-da7b6-nsaction-receipt-generation-Mobile-Safari/video.webm]]

[[ATTACHMENT|transaction-history-Transa-da7b6-nsaction-receipt-generation-Mobile-Safari/error-context.md]]
]]>
</system-out>
</testcase>
<testcase name="Transaction History &amp; Tracking › @transactions Real-time status updates" classname="transaction-history.spec.ts" time="6.414">
<failure message="transaction-history.spec.ts:147:7 @transactions Real-time status updates" type="FAILURE">
<![CDATA[  [Mobile Safari] › transaction-history.spec.ts:147:7 › Transaction History & Tracking › @transactions Real-time status updates 

    Error: Timed out 5000ms waiting for expect(locator).toBeVisible()

    Locator: locator('text=Live Updates')
    Expected: visible
    Received: <element(s) not found>
    Call log:
      - Expect "toBeVisible" with timeout 5000ms
      - waiting for locator('text=Live Updates')


      159 |     
      160 |     // Verify real-time indicator
    > 161 |     await expect(page.locator('text=Live Updates')).toBeVisible();
          |                                                     ^
      162 |     
      163 |     // Simulate status change
      164 |     await page.evaluate(() => {
        at /Users/gailad/Documents/Dev Projects/PacheduConnect/tests/e2e/transaction-history.spec.ts:161:53

    attachment #1: screenshot (image/png) ──────────────────────────────────────────────────────────
    ../../test-results/transaction-history-Transa-f7ca1-ns-Real-time-status-updates-Mobile-Safari/test-failed-1.png
    ────────────────────────────────────────────────────────────────────────────────────────────────

    attachment #2: video (video/webm) ──────────────────────────────────────────────────────────────
    ../../test-results/transaction-history-Transa-f7ca1-ns-Real-time-status-updates-Mobile-Safari/video.webm
    ────────────────────────────────────────────────────────────────────────────────────────────────

    Error Context: ../../test-results/transaction-history-Transa-f7ca1-ns-Real-time-status-updates-Mobile-Safari/error-context.md
]]>
</failure>
<system-out>
<![CDATA[
[[ATTACHMENT|transaction-history-Transa-f7ca1-ns-Real-time-status-updates-Mobile-Safari/test-failed-1.png]]

[[ATTACHMENT|transaction-history-Transa-f7ca1-ns-Real-time-status-updates-Mobile-Safari/video.webm]]

[[ATTACHMENT|transaction-history-Transa-f7ca1-ns-Real-time-status-updates-Mobile-Safari/error-context.md]]
]]>
</system-out>
</testcase>
<testcase name="Transaction History &amp; Tracking › @transactions Transaction notifications" classname="transaction-history.spec.ts" time="30.278">
<failure message="transaction-history.spec.ts:176:7 @transactions Transaction notifications" type="FAILURE">
<![CDATA[  [Mobile Safari] › transaction-history.spec.ts:176:7 › Transaction History & Tracking › @transactions Transaction notifications 

    Test timeout of 30000ms exceeded.

    Error: page.click: Test timeout of 30000ms exceeded.
    Call log:
      - waiting for locator('[data-testid="transaction-row"]:first-child')


      179 |     
      180 |     // Enable notifications for a transaction
    > 181 |     await page.click('[data-testid="transaction-row"]:first-child');
          |                ^
      182 |     await page.click('button:has-text("Enable Notifications")');
      183 |     
      184 |     // Verify notification settings
        at /Users/gailad/Documents/Dev Projects/PacheduConnect/tests/e2e/transaction-history.spec.ts:181:16

    attachment #1: screenshot (image/png) ──────────────────────────────────────────────────────────
    ../../test-results/transaction-history-Transa-73cfe-s-Transaction-notifications-Mobile-Safari/test-failed-1.png
    ────────────────────────────────────────────────────────────────────────────────────────────────

    attachment #2: video (video/webm) ──────────────────────────────────────────────────────────────
    ../../test-results/transaction-history-Transa-73cfe-s-Transaction-notifications-Mobile-Safari/video.webm
    ────────────────────────────────────────────────────────────────────────────────────────────────

    Error Context: ../../test-results/transaction-history-Transa-73cfe-s-Transaction-notifications-Mobile-Safari/error-context.md
]]>
</failure>
<system-out>
<![CDATA[
[[ATTACHMENT|transaction-history-Transa-73cfe-s-Transaction-notifications-Mobile-Safari/test-failed-1.png]]

[[ATTACHMENT|transaction-history-Transa-73cfe-s-Transaction-notifications-Mobile-Safari/video.webm]]

[[ATTACHMENT|transaction-history-Transa-73cfe-s-Transaction-notifications-Mobile-Safari/error-context.md]]
]]>
</system-out>
</testcase>
<testcase name="Transaction History &amp; Tracking › @transactions Offline transaction history" classname="transaction-history.spec.ts" time="6.476">
<failure message="transaction-history.spec.ts:201:7 @transactions Offline transaction history" type="FAILURE">
<![CDATA[  [Mobile Safari] › transaction-history.spec.ts:201:7 › Transaction History & Tracking › @transactions Offline transaction history 

    Error: Timed out 5000ms waiting for expect(locator).toBeVisible()

    Locator: locator('text=Transaction History')
    Expected: visible
    Received: <element(s) not found>
    Call log:
      - Expect "toBeVisible" with timeout 5000ms
      - waiting for locator('text=Transaction History')
        - waiting for navigation to finish...


      207 |     
      208 |     // Should still show cached transactions
    > 209 |     await expect(page.locator('text=Transaction History')).toBeVisible();
          |                                                            ^
      210 |     await expect(page.locator('text=Offline Mode')).toBeVisible();
      211 |     
      212 |     // Go back online
        at /Users/gailad/Documents/Dev Projects/PacheduConnect/tests/e2e/transaction-history.spec.ts:209:60

    attachment #1: screenshot (image/png) ──────────────────────────────────────────────────────────
    ../../test-results/transaction-history-Transa-44191-Offline-transaction-history-Mobile-Safari/test-failed-1.png
    ────────────────────────────────────────────────────────────────────────────────────────────────

    attachment #2: video (video/webm) ──────────────────────────────────────────────────────────────
    ../../test-results/transaction-history-Transa-44191-Offline-transaction-history-Mobile-Safari/video.webm
    ────────────────────────────────────────────────────────────────────────────────────────────────

    Error Context: ../../test-results/transaction-history-Transa-44191-Offline-transaction-history-Mobile-Safari/error-context.md
]]>
</failure>
<system-out>
<![CDATA[
[[ATTACHMENT|transaction-history-Transa-44191-Offline-transaction-history-Mobile-Safari/test-failed-1.png]]

[[ATTACHMENT|transaction-history-Transa-44191-Offline-transaction-history-Mobile-Safari/video.webm]]

[[ATTACHMENT|transaction-history-Transa-44191-Offline-transaction-history-Mobile-Safari/error-context.md]]
]]>
</system-out>
</testcase>
<testcase name="Transaction History &amp; Tracking › @pagination Pagination functionality" classname="transaction-history.spec.ts" time="6.509">
<failure message="transaction-history.spec.ts:221:7 @pagination Pagination functionality" type="FAILURE">
<![CDATA[  [Mobile Safari] › transaction-history.spec.ts:221:7 › Transaction History & Tracking › @pagination Pagination functionality 

    Error: Timed out 5000ms waiting for expect(locator).toBeVisible()

    Locator: locator('[data-testid="pagination"]')
    Expected: visible
    Received: <element(s) not found>
    Call log:
      - Expect "toBeVisible" with timeout 5000ms
      - waiting for locator('[data-testid="pagination"]')


      223 |     
      224 |     // Verify pagination controls are visible
    > 225 |     await expect(page.locator('[data-testid="pagination"]')).toBeVisible();
          |                                                              ^
      226 |     await expect(page.locator('button:has-text("Previous")')).toBeVisible();
      227 |     await expect(page.locator('button:has-text("Next")')).toBeVisible();
      228 |     
        at /Users/gailad/Documents/Dev Projects/PacheduConnect/tests/e2e/transaction-history.spec.ts:225:62

    attachment #1: screenshot (image/png) ──────────────────────────────────────────────────────────
    ../../test-results/transaction-history-Transa-870bf-on-Pagination-functionality-Mobile-Safari/test-failed-1.png
    ────────────────────────────────────────────────────────────────────────────────────────────────

    attachment #2: video (video/webm) ──────────────────────────────────────────────────────────────
    ../../test-results/transaction-history-Transa-870bf-on-Pagination-functionality-Mobile-Safari/video.webm
    ────────────────────────────────────────────────────────────────────────────────────────────────

    Error Context: ../../test-results/transaction-history-Transa-870bf-on-Pagination-functionality-Mobile-Safari/error-context.md
]]>
</failure>
<system-out>
<![CDATA[
[[ATTACHMENT|transaction-history-Transa-870bf-on-Pagination-functionality-Mobile-Safari/test-failed-1.png]]

[[ATTACHMENT|transaction-history-Transa-870bf-on-Pagination-functionality-Mobile-Safari/video.webm]]

[[ATTACHMENT|transaction-history-Transa-870bf-on-Pagination-functionality-Mobile-Safari/error-context.md]]
]]>
</system-out>
</testcase>
<testcase name="Transaction History &amp; Tracking › @pagination Infinite scroll functionality" classname="transaction-history.spec.ts" time="30.185">
<failure message="transaction-history.spec.ts:241:7 @pagination Infinite scroll functionality" type="FAILURE">
<![CDATA[  [Mobile Safari] › transaction-history.spec.ts:241:7 › Transaction History & Tracking › @pagination Infinite scroll functionality 

    Test timeout of 30000ms exceeded.

    Error: page.waitForSelector: Test timeout of 30000ms exceeded.
    Call log:
      - waiting for locator('[data-testid="loading-spinner"]') to be visible


      248 |     
      249 |     // Wait for new content to load
    > 250 |     await page.waitForSelector('[data-testid="loading-spinner"]', { state: 'visible' });
          |                ^
      251 |     await page.waitForSelector('[data-testid="loading-spinner"]', { state: 'hidden' });
      252 |     
      253 |     // Verify more transactions loaded
        at /Users/gailad/Documents/Dev Projects/PacheduConnect/tests/e2e/transaction-history.spec.ts:250:16

    attachment #1: screenshot (image/png) ──────────────────────────────────────────────────────────
    ../../test-results/transaction-history-Transa-e9741-finite-scroll-functionality-Mobile-Safari/test-failed-1.png
    ────────────────────────────────────────────────────────────────────────────────────────────────

    attachment #2: video (video/webm) ──────────────────────────────────────────────────────────────
    ../../test-results/transaction-history-Transa-e9741-finite-scroll-functionality-Mobile-Safari/video.webm
    ────────────────────────────────────────────────────────────────────────────────────────────────

    Error Context: ../../test-results/transaction-history-Transa-e9741-finite-scroll-functionality-Mobile-Safari/error-context.md
]]>
</failure>
<system-out>
<![CDATA[
[[ATTACHMENT|transaction-history-Transa-e9741-finite-scroll-functionality-Mobile-Safari/test-failed-1.png]]

[[ATTACHMENT|transaction-history-Transa-e9741-finite-scroll-functionality-Mobile-Safari/video.webm]]

[[ATTACHMENT|transaction-history-Transa-e9741-finite-scroll-functionality-Mobile-Safari/error-context.md]]
]]>
</system-out>
</testcase>
<testcase name="Transaction History &amp; Tracking › @roles Regular user sees only own transactions" classname="transaction-history.spec.ts" time="30.206">
<failure message="transaction-history.spec.ts:273:7 @roles Regular user sees only own transactions" type="FAILURE">
<![CDATA[  [Mobile Safari] › transaction-history.spec.ts:273:7 › Transaction History & Tracking › @roles Regular user sees only own transactions 

    Test timeout of 30000ms exceeded.

    Error: page.fill: Test timeout of 30000ms exceeded.
    Call log:
      - waiting for locator('input[placeholder*="email"]')


      274 |     // Login as regular user
      275 |     await page.goto('/auth');
    > 276 |     await page.fill('input[placeholder*="email"]', 'user@example.com');
          |                ^
      277 |     await page.fill('input[placeholder*="password"]', 'password123');
      278 |     await page.click('button[type="submit"]');
      279 |     
        at /Users/gailad/Documents/Dev Projects/PacheduConnect/tests/e2e/transaction-history.spec.ts:276:16

    attachment #1: screenshot (image/png) ──────────────────────────────────────────────────────────
    ../../test-results/transaction-history-Transa-ad279--sees-only-own-transactions-Mobile-Safari/test-failed-1.png
    ────────────────────────────────────────────────────────────────────────────────────────────────

    attachment #2: video (video/webm) ──────────────────────────────────────────────────────────────
    ../../test-results/transaction-history-Transa-ad279--sees-only-own-transactions-Mobile-Safari/video.webm
    ────────────────────────────────────────────────────────────────────────────────────────────────

    Error Context: ../../test-results/transaction-history-Transa-ad279--sees-only-own-transactions-Mobile-Safari/error-context.md
]]>
</failure>
<system-out>
<![CDATA[
[[ATTACHMENT|transaction-history-Transa-ad279--sees-only-own-transactions-Mobile-Safari/test-failed-1.png]]

[[ATTACHMENT|transaction-history-Transa-ad279--sees-only-own-transactions-Mobile-Safari/video.webm]]

[[ATTACHMENT|transaction-history-Transa-ad279--sees-only-own-transactions-Mobile-Safari/error-context.md]]
]]>
</system-out>
</testcase>
<testcase name="Transaction History &amp; Tracking › @roles Admin sees all users transactions" classname="transaction-history.spec.ts" time="30.146">
<failure message="transaction-history.spec.ts:290:7 @roles Admin sees all users transactions" type="FAILURE">
<![CDATA[  [Mobile Safari] › transaction-history.spec.ts:290:7 › Transaction History & Tracking › @roles Admin sees all users transactions 

    Test timeout of 30000ms exceeded.

    Error: page.fill: Test timeout of 30000ms exceeded.
    Call log:
      - waiting for locator('input[placeholder*="email"]')


      291 |     // Login as admin
      292 |     await page.goto('/auth');
    > 293 |     await page.fill('input[placeholder*="email"]', 'admin@example.com');
          |                ^
      294 |     await page.fill('input[placeholder*="password"]', 'admin123');
      295 |     await page.click('button[type="submit"]');
      296 |     
        at /Users/gailad/Documents/Dev Projects/PacheduConnect/tests/e2e/transaction-history.spec.ts:293:16

    attachment #1: screenshot (image/png) ──────────────────────────────────────────────────────────
    ../../test-results/transaction-history-Transa-401ef-sees-all-users-transactions-Mobile-Safari/test-failed-1.png
    ────────────────────────────────────────────────────────────────────────────────────────────────

    attachment #2: video (video/webm) ──────────────────────────────────────────────────────────────
    ../../test-results/transaction-history-Transa-401ef-sees-all-users-transactions-Mobile-Safari/video.webm
    ────────────────────────────────────────────────────────────────────────────────────────────────

    Error Context: ../../test-results/transaction-history-Transa-401ef-sees-all-users-transactions-Mobile-Safari/error-context.md
]]>
</failure>
<system-out>
<![CDATA[
[[ATTACHMENT|transaction-history-Transa-401ef-sees-all-users-transactions-Mobile-Safari/test-failed-1.png]]

[[ATTACHMENT|transaction-history-Transa-401ef-sees-all-users-transactions-Mobile-Safari/video.webm]]

[[ATTACHMENT|transaction-history-Transa-401ef-sees-all-users-transactions-Mobile-Safari/error-context.md]]
]]>
</system-out>
</testcase>
<testcase name="Transaction History &amp; Tracking › @roles Unauthorized access prevention" classname="transaction-history.spec.ts" time="6.541">
<failure message="transaction-history.spec.ts:313:7 @roles Unauthorized access prevention" type="FAILURE">
<![CDATA[  [Mobile Safari] › transaction-history.spec.ts:313:7 › Transaction History & Tracking › @roles Unauthorized access prevention 

    Error: Timed out 5000ms waiting for expect(locator).toBeVisible()

    Locator: locator('text=Unauthorized')
    Expected: visible
    Received: <element(s) not found>
    Call log:
      - Expect "toBeVisible" with timeout 5000ms
      - waiting for locator('text=Unauthorized')


      316 |     
      317 |     // Should be redirected to login or show error
    > 318 |     await expect(page.locator('text=Unauthorized') || page.locator('text=Login')).toBeVisible();
          |                                                                                   ^
      319 |     
      320 |     // Try to access other user's transaction directly
      321 |     await page.goto('/transactions/TXN123');
        at /Users/gailad/Documents/Dev Projects/PacheduConnect/tests/e2e/transaction-history.spec.ts:318:83

    attachment #1: screenshot (image/png) ──────────────────────────────────────────────────────────
    ../../test-results/transaction-history-Transa-b9fda-uthorized-access-prevention-Mobile-Safari/test-failed-1.png
    ────────────────────────────────────────────────────────────────────────────────────────────────

    attachment #2: video (video/webm) ──────────────────────────────────────────────────────────────
    ../../test-results/transaction-history-Transa-b9fda-uthorized-access-prevention-Mobile-Safari/video.webm
    ────────────────────────────────────────────────────────────────────────────────────────────────

    Error Context: ../../test-results/transaction-history-Transa-b9fda-uthorized-access-prevention-Mobile-Safari/error-context.md
]]>
</failure>
<system-out>
<![CDATA[
[[ATTACHMENT|transaction-history-Transa-b9fda-uthorized-access-prevention-Mobile-Safari/test-failed-1.png]]

[[ATTACHMENT|transaction-history-Transa-b9fda-uthorized-access-prevention-Mobile-Safari/video.webm]]

[[ATTACHMENT|transaction-history-Transa-b9fda-uthorized-access-prevention-Mobile-Safari/error-context.md]]
]]>
</system-out>
</testcase>
<testcase name="Transaction History &amp; Tracking › @dispute Open dispute from transaction" classname="transaction-history.spec.ts" time="30.145">
<failure message="transaction-history.spec.ts:328:7 @dispute Open dispute from transaction" type="FAILURE">
<![CDATA[  [Mobile Safari] › transaction-history.spec.ts:328:7 › Transaction History & Tracking › @dispute Open dispute from transaction 

    Test timeout of 30000ms exceeded.

    Error: page.click: Test timeout of 30000ms exceeded.
    Call log:
      - waiting for locator('[data-testid="transaction-row"]:first-child')


      328 |   test('@dispute Open dispute from transaction', async ({ page }) => {
      329 |     await page.goto('/transactions');
    > 330 |     await page.click('[data-testid="transaction-row"]:first-child');
          |                ^
      331 |     
      332 |     // Click dispute button
      333 |     await page.click('button:has-text("Report Issue")');
        at /Users/gailad/Documents/Dev Projects/PacheduConnect/tests/e2e/transaction-history.spec.ts:330:16

    attachment #1: screenshot (image/png) ──────────────────────────────────────────────────────────
    ../../test-results/transaction-history-Transa-20d3d-en-dispute-from-transaction-Mobile-Safari/test-failed-1.png
    ────────────────────────────────────────────────────────────────────────────────────────────────

    attachment #2: video (video/webm) ──────────────────────────────────────────────────────────────
    ../../test-results/transaction-history-Transa-20d3d-en-dispute-from-transaction-Mobile-Safari/video.webm
    ────────────────────────────────────────────────────────────────────────────────────────────────

    Error Context: ../../test-results/transaction-history-Transa-20d3d-en-dispute-from-transaction-Mobile-Safari/error-context.md
]]>
</failure>
<system-out>
<![CDATA[
[[ATTACHMENT|transaction-history-Transa-20d3d-en-dispute-from-transaction-Mobile-Safari/test-failed-1.png]]

[[ATTACHMENT|transaction-history-Transa-20d3d-en-dispute-from-transaction-Mobile-Safari/video.webm]]

[[ATTACHMENT|transaction-history-Transa-20d3d-en-dispute-from-transaction-Mobile-Safari/error-context.md]]
]]>
</system-out>
</testcase>
<testcase name="Transaction History &amp; Tracking › @dispute Track dispute status" classname="transaction-history.spec.ts" time="30.184">
<failure message="transaction-history.spec.ts:353:7 @dispute Track dispute status" type="FAILURE">
<![CDATA[  [Mobile Safari] › transaction-history.spec.ts:353:7 › Transaction History & Tracking › @dispute Track dispute status 

    Test timeout of 30000ms exceeded.

    Error: page.click: Test timeout of 30000ms exceeded.
    Call log:
      - waiting for locator('[data-testid="transaction-row"]:first-child')


      353 |   test('@dispute Track dispute status', async ({ page }) => {
      354 |     await page.goto('/transactions');
    > 355 |     await page.click('[data-testid="transaction-row"]:first-child');
          |                ^
      356 |     
      357 |     // Check if transaction has active dispute
      358 |     const disputeStatus = page.locator('[data-testid="dispute-status"]');
        at /Users/gailad/Documents/Dev Projects/PacheduConnect/tests/e2e/transaction-history.spec.ts:355:16

    attachment #1: screenshot (image/png) ──────────────────────────────────────────────────────────
    ../../test-results/transaction-history-Transa-32fbb-ispute-Track-dispute-status-Mobile-Safari/test-failed-1.png
    ────────────────────────────────────────────────────────────────────────────────────────────────

    attachment #2: video (video/webm) ──────────────────────────────────────────────────────────────
    ../../test-results/transaction-history-Transa-32fbb-ispute-Track-dispute-status-Mobile-Safari/video.webm
    ────────────────────────────────────────────────────────────────────────────────────────────────

    Error Context: ../../test-results/transaction-history-Transa-32fbb-ispute-Track-dispute-status-Mobile-Safari/error-context.md
]]>
</failure>
<system-out>
<![CDATA[
[[ATTACHMENT|transaction-history-Transa-32fbb-ispute-Track-dispute-status-Mobile-Safari/test-failed-1.png]]

[[ATTACHMENT|transaction-history-Transa-32fbb-ispute-Track-dispute-status-Mobile-Safari/video.webm]]

[[ATTACHMENT|transaction-history-Transa-32fbb-ispute-Track-dispute-status-Mobile-Safari/error-context.md]]
]]>
</system-out>
</testcase>
<testcase name="Transaction History &amp; Tracking › @dispute Support chat integration" classname="transaction-history.spec.ts" time="30.159">
<failure message="transaction-history.spec.ts:373:7 @dispute Support chat integration" type="FAILURE">
<![CDATA[  [Mobile Safari] › transaction-history.spec.ts:373:7 › Transaction History & Tracking › @dispute Support chat integration 

    Test timeout of 30000ms exceeded.

    Error: page.click: Test timeout of 30000ms exceeded.
    Call log:
      - waiting for locator('[data-testid="transaction-row"]:first-child')


      373 |   test('@dispute Support chat integration', async ({ page }) => {
      374 |     await page.goto('/transactions');
    > 375 |     await page.click('[data-testid="transaction-row"]:first-child');
          |                ^
      376 |     
      377 |     // Open support chat
      378 |     await page.click('button:has-text("Get Help")');
        at /Users/gailad/Documents/Dev Projects/PacheduConnect/tests/e2e/transaction-history.spec.ts:375:16

    attachment #1: screenshot (image/png) ──────────────────────────────────────────────────────────
    ../../test-results/transaction-history-Transa-3044a-te-Support-chat-integration-Mobile-Safari/test-failed-1.png
    ────────────────────────────────────────────────────────────────────────────────────────────────

    attachment #2: video (video/webm) ──────────────────────────────────────────────────────────────
    ../../test-results/transaction-history-Transa-3044a-te-Support-chat-integration-Mobile-Safari/video.webm
    ────────────────────────────────────────────────────────────────────────────────────────────────

    Error Context: ../../test-results/transaction-history-Transa-3044a-te-Support-chat-integration-Mobile-Safari/error-context.md
]]>
</failure>
<system-out>
<![CDATA[
[[ATTACHMENT|transaction-history-Transa-3044a-te-Support-chat-integration-Mobile-Safari/test-failed-1.png]]

[[ATTACHMENT|transaction-history-Transa-3044a-te-Support-chat-integration-Mobile-Safari/video.webm]]

[[ATTACHMENT|transaction-history-Transa-3044a-te-Support-chat-integration-Mobile-Safari/error-context.md]]
]]>
</system-out>
</testcase>
<testcase name="Transaction History &amp; Tracking › @bulk Bulk transaction selection" classname="transaction-history.spec.ts" time="30.133">
<failure message="transaction-history.spec.ts:393:7 @bulk Bulk transaction selection" type="FAILURE">
<![CDATA[  [Mobile Safari] › transaction-history.spec.ts:393:7 › Transaction History & Tracking › @bulk Bulk transaction selection 

    Test timeout of 30000ms exceeded.

    Error: page.click: Test timeout of 30000ms exceeded.
    Call log:
      - waiting for locator('input[type="checkbox"]:nth-child(1)')


      395 |     
      396 |     // Select multiple transactions
    > 397 |     await page.click('input[type="checkbox"]:nth-child(1)');
          |                ^
      398 |     await page.click('input[type="checkbox"]:nth-child(2)');
      399 |     await page.click('input[type="checkbox"]:nth-child(3)');
      400 |     
        at /Users/gailad/Documents/Dev Projects/PacheduConnect/tests/e2e/transaction-history.spec.ts:397:16

    attachment #1: screenshot (image/png) ──────────────────────────────────────────────────────────
    ../../test-results/transaction-history-Transa-c87f0--Bulk-transaction-selection-Mobile-Safari/test-failed-1.png
    ────────────────────────────────────────────────────────────────────────────────────────────────

    attachment #2: video (video/webm) ──────────────────────────────────────────────────────────────
    ../../test-results/transaction-history-Transa-c87f0--Bulk-transaction-selection-Mobile-Safari/video.webm
    ────────────────────────────────────────────────────────────────────────────────────────────────

    Error Context: ../../test-results/transaction-history-Transa-c87f0--Bulk-transaction-selection-Mobile-Safari/error-context.md
]]>
</failure>
<system-out>
<![CDATA[
[[ATTACHMENT|transaction-history-Transa-c87f0--Bulk-transaction-selection-Mobile-Safari/test-failed-1.png]]

[[ATTACHMENT|transaction-history-Transa-c87f0--Bulk-transaction-selection-Mobile-Safari/video.webm]]

[[ATTACHMENT|transaction-history-Transa-c87f0--Bulk-transaction-selection-Mobile-Safari/error-context.md]]
]]>
</system-out>
</testcase>
<testcase name="Transaction History &amp; Tracking › @bulk Bulk notification settings" classname="transaction-history.spec.ts" time="30.182">
<failure message="transaction-history.spec.ts:416:7 @bulk Bulk notification settings" type="FAILURE">
<![CDATA[  [Mobile Safari] › transaction-history.spec.ts:416:7 › Transaction History & Tracking › @bulk Bulk notification settings 

    Test timeout of 30000ms exceeded.

    Error: page.click: Test timeout of 30000ms exceeded.
    Call log:
      - waiting for locator('input[type="checkbox"]:nth-child(1)')


      418 |     
      419 |     // Select transactions
    > 420 |     await page.click('input[type="checkbox"]:nth-child(1)');
          |                ^
      421 |     await page.click('input[type="checkbox"]:nth-child(2)');
      422 |     
      423 |     // Open bulk notification settings
        at /Users/gailad/Documents/Dev Projects/PacheduConnect/tests/e2e/transaction-history.spec.ts:420:16

    attachment #1: screenshot (image/png) ──────────────────────────────────────────────────────────
    ../../test-results/transaction-history-Transa-6f9d7--Bulk-notification-settings-Mobile-Safari/test-failed-1.png
    ────────────────────────────────────────────────────────────────────────────────────────────────

    attachment #2: video (video/webm) ──────────────────────────────────────────────────────────────
    ../../test-results/transaction-history-Transa-6f9d7--Bulk-notification-settings-Mobile-Safari/video.webm
    ────────────────────────────────────────────────────────────────────────────────────────────────

    Error Context: ../../test-results/transaction-history-Transa-6f9d7--Bulk-notification-settings-Mobile-Safari/error-context.md
]]>
</failure>
<system-out>
<![CDATA[
[[ATTACHMENT|transaction-history-Transa-6f9d7--Bulk-notification-settings-Mobile-Safari/test-failed-1.png]]

[[ATTACHMENT|transaction-history-Transa-6f9d7--Bulk-notification-settings-Mobile-Safari/video.webm]]

[[ATTACHMENT|transaction-history-Transa-6f9d7--Bulk-notification-settings-Mobile-Safari/error-context.md]]
]]>
</system-out>
</testcase>
<testcase name="Transaction History &amp; Tracking › @a11y Keyboard navigation" classname="transaction-history.spec.ts" time="6.532">
<failure message="transaction-history.spec.ts:438:7 @a11y Keyboard navigation" type="FAILURE">
<![CDATA[  [Mobile Safari] › transaction-history.spec.ts:438:7 › Transaction History & Tracking › @a11y Keyboard navigation 

    Error: Timed out 5000ms waiting for expect(locator).toBeVisible()

    Locator: locator(':focus')
    Expected: visible
    Received: <element(s) not found>
    Call log:
      - Expect "toBeVisible" with timeout 5000ms
      - waiting for locator(':focus')


      441 |     // Test tab navigation
      442 |     await page.keyboard.press('Tab');
    > 443 |     await expect(page.locator(':focus')).toBeVisible();
          |                                          ^
      444 |     
      445 |     // Navigate through transaction rows with keyboard
      446 |     await page.keyboard.press('Tab');
        at /Users/gailad/Documents/Dev Projects/PacheduConnect/tests/e2e/transaction-history.spec.ts:443:42

    attachment #1: screenshot (image/png) ──────────────────────────────────────────────────────────
    ../../test-results/transaction-history-Transa-8c663-ng-a11y-Keyboard-navigation-Mobile-Safari/test-failed-1.png
    ────────────────────────────────────────────────────────────────────────────────────────────────

    attachment #2: video (video/webm) ──────────────────────────────────────────────────────────────
    ../../test-results/transaction-history-Transa-8c663-ng-a11y-Keyboard-navigation-Mobile-Safari/video.webm
    ────────────────────────────────────────────────────────────────────────────────────────────────

    Error Context: ../../test-results/transaction-history-Transa-8c663-ng-a11y-Keyboard-navigation-Mobile-Safari/error-context.md
]]>
</failure>
<system-out>
<![CDATA[
[[ATTACHMENT|transaction-history-Transa-8c663-ng-a11y-Keyboard-navigation-Mobile-Safari/test-failed-1.png]]

[[ATTACHMENT|transaction-history-Transa-8c663-ng-a11y-Keyboard-navigation-Mobile-Safari/video.webm]]

[[ATTACHMENT|transaction-history-Transa-8c663-ng-a11y-Keyboard-navigation-Mobile-Safari/error-context.md]]
]]>
</system-out>
</testcase>
<testcase name="Transaction History &amp; Tracking › @a11y Screen reader compatibility" classname="transaction-history.spec.ts" time="6.404">
<failure message="transaction-history.spec.ts:458:7 @a11y Screen reader compatibility" type="FAILURE">
<![CDATA[  [Mobile Safari] › transaction-history.spec.ts:458:7 › Transaction History & Tracking › @a11y Screen reader compatibility 

    Error: Timed out 5000ms waiting for expect(locator).toBeVisible()

    Locator: locator('[aria-label*="transaction"]')
    Expected: visible
    Received: <element(s) not found>
    Call log:
      - Expect "toBeVisible" with timeout 5000ms
      - waiting for locator('[aria-label*="transaction"]')


      460 |     
      461 |     // Verify ARIA labels are present
    > 462 |     await expect(page.locator('[aria-label*="transaction"]')).toBeVisible();
          |                                                               ^
      463 |     await expect(page.locator('[role="table"]')).toBeVisible();
      464 |     await expect(page.locator('[role="row"]')).toBeVisible();
      465 |     
        at /Users/gailad/Documents/Dev Projects/PacheduConnect/tests/e2e/transaction-history.spec.ts:462:63

    attachment #1: screenshot (image/png) ──────────────────────────────────────────────────────────
    ../../test-results/transaction-history-Transa-b7bf0-Screen-reader-compatibility-Mobile-Safari/test-failed-1.png
    ────────────────────────────────────────────────────────────────────────────────────────────────

    attachment #2: video (video/webm) ──────────────────────────────────────────────────────────────
    ../../test-results/transaction-history-Transa-b7bf0-Screen-reader-compatibility-Mobile-Safari/video.webm
    ────────────────────────────────────────────────────────────────────────────────────────────────

    Error Context: ../../test-results/transaction-history-Transa-b7bf0-Screen-reader-compatibility-Mobile-Safari/error-context.md
]]>
</failure>
<system-out>
<![CDATA[
[[ATTACHMENT|transaction-history-Transa-b7bf0-Screen-reader-compatibility-Mobile-Safari/test-failed-1.png]]

[[ATTACHMENT|transaction-history-Transa-b7bf0-Screen-reader-compatibility-Mobile-Safari/video.webm]]

[[ATTACHMENT|transaction-history-Transa-b7bf0-Screen-reader-compatibility-Mobile-Safari/error-context.md]]
]]>
</system-out>
</testcase>
<testcase name="Transaction History &amp; Tracking › @edge No transactions state" classname="transaction-history.spec.ts" time="6.451">
<failure message="transaction-history.spec.ts:479:7 @edge No transactions state" type="FAILURE">
<![CDATA[  [Mobile Safari] › transaction-history.spec.ts:479:7 › Transaction History & Tracking › @edge No transactions state 

    Error: Timed out 5000ms waiting for expect(locator).toBeVisible()

    Locator: locator('text=No transactions found')
    Expected: visible
    Received: <element(s) not found>
    Call log:
      - Expect "toBeVisible" with timeout 5000ms
      - waiting for locator('text=No transactions found')


      490 |     
      491 |     // Verify empty state
    > 492 |     await expect(page.locator('text=No transactions found')).toBeVisible();
          |                                                              ^
      493 |     await expect(page.locator('text=Start your first transfer')).toBeVisible();
      494 |     await expect(page.locator('button:has-text("Send Money")')).toBeVisible();
      495 |   });
        at /Users/gailad/Documents/Dev Projects/PacheduConnect/tests/e2e/transaction-history.spec.ts:492:62

    attachment #1: screenshot (image/png) ──────────────────────────────────────────────────────────
    ../../test-results/transaction-history-Transa-c35d9--edge-No-transactions-state-Mobile-Safari/test-failed-1.png
    ────────────────────────────────────────────────────────────────────────────────────────────────

    attachment #2: video (video/webm) ──────────────────────────────────────────────────────────────
    ../../test-results/transaction-history-Transa-c35d9--edge-No-transactions-state-Mobile-Safari/video.webm
    ────────────────────────────────────────────────────────────────────────────────────────────────

    Error Context: ../../test-results/transaction-history-Transa-c35d9--edge-No-transactions-state-Mobile-Safari/error-context.md
]]>
</failure>
<system-out>
<![CDATA[
[[ATTACHMENT|transaction-history-Transa-c35d9--edge-No-transactions-state-Mobile-Safari/test-failed-1.png]]

[[ATTACHMENT|transaction-history-Transa-c35d9--edge-No-transactions-state-Mobile-Safari/video.webm]]

[[ATTACHMENT|transaction-history-Transa-c35d9--edge-No-transactions-state-Mobile-Safari/error-context.md]]
]]>
</system-out>
</testcase>
<testcase name="Transaction History &amp; Tracking › @edge Large transaction amounts" classname="transaction-history.spec.ts" time="6.847">
<failure message="transaction-history.spec.ts:497:7 @edge Large transaction amounts" type="FAILURE">
<![CDATA[  [Mobile Safari] › transaction-history.spec.ts:497:7 › Transaction History & Tracking › @edge Large transaction amounts 

    Error: Timed out 5000ms waiting for expect(locator).toBeVisible()

    Locator: locator('text=$999,999,999.99')
    Expected: visible
    Received: <element(s) not found>
    Call log:
      - Expect "toBeVisible" with timeout 5000ms
      - waiting for locator('text=$999,999,999.99')


      517 |     
      518 |     // Verify large amount displays correctly
    > 519 |     await expect(page.locator('text=$999,999,999.99')).toBeVisible();
          |                                                        ^
      520 |   });
      521 |
      522 |   test('@edge Failed/cancelled transactions', async ({ page }) => {
        at /Users/gailad/Documents/Dev Projects/PacheduConnect/tests/e2e/transaction-history.spec.ts:519:56

    attachment #1: screenshot (image/png) ──────────────────────────────────────────────────────────
    ../../test-results/transaction-history-Transa-19010-e-Large-transaction-amounts-Mobile-Safari/test-failed-1.png
    ────────────────────────────────────────────────────────────────────────────────────────────────

    attachment #2: video (video/webm) ──────────────────────────────────────────────────────────────
    ../../test-results/transaction-history-Transa-19010-e-Large-transaction-amounts-Mobile-Safari/video.webm
    ────────────────────────────────────────────────────────────────────────────────────────────────

    Error Context: ../../test-results/transaction-history-Transa-19010-e-Large-transaction-amounts-Mobile-Safari/error-context.md
]]>
</failure>
<system-out>
<![CDATA[
[[ATTACHMENT|transaction-history-Transa-19010-e-Large-transaction-amounts-Mobile-Safari/test-failed-1.png]]

[[ATTACHMENT|transaction-history-Transa-19010-e-Large-transaction-amounts-Mobile-Safari/video.webm]]

[[ATTACHMENT|transaction-history-Transa-19010-e-Large-transaction-amounts-Mobile-Safari/error-context.md]]
]]>
</system-out>
</testcase>
<testcase name="Transaction History &amp; Tracking › @edge Failed/cancelled transactions" classname="transaction-history.spec.ts" time="6.922">
<failure message="transaction-history.spec.ts:522:7 @edge Failed/cancelled transactions" type="FAILURE">
<![CDATA[  [Mobile Safari] › transaction-history.spec.ts:522:7 › Transaction History & Tracking › @edge Failed/cancelled transactions 

    Error: Timed out 5000ms waiting for expect(locator).toBeVisible()

    Locator: locator('text=Failed')
    Expected: visible
    Received: <element(s) not found>
    Call log:
      - Expect "toBeVisible" with timeout 5000ms
      - waiting for locator('text=Failed')


      542 |     
      543 |     // Verify failed transaction display
    > 544 |     await expect(page.locator('text=Failed')).toBeVisible();
          |                                               ^
      545 |     await expect(page.locator('text=Insufficient funds')).toBeVisible();
      546 |     
      547 |     // Test retry functionality
        at /Users/gailad/Documents/Dev Projects/PacheduConnect/tests/e2e/transaction-history.spec.ts:544:47

    attachment #1: screenshot (image/png) ──────────────────────────────────────────────────────────
    ../../test-results/transaction-history-Transa-2ab61-iled-cancelled-transactions-Mobile-Safari/test-failed-1.png
    ────────────────────────────────────────────────────────────────────────────────────────────────

    attachment #2: video (video/webm) ──────────────────────────────────────────────────────────────
    ../../test-results/transaction-history-Transa-2ab61-iled-cancelled-transactions-Mobile-Safari/video.webm
    ────────────────────────────────────────────────────────────────────────────────────────────────

    Error Context: ../../test-results/transaction-history-Transa-2ab61-iled-cancelled-transactions-Mobile-Safari/error-context.md
]]>
</failure>
<system-out>
<![CDATA[
[[ATTACHMENT|transaction-history-Transa-2ab61-iled-cancelled-transactions-Mobile-Safari/test-failed-1.png]]

[[ATTACHMENT|transaction-history-Transa-2ab61-iled-cancelled-transactions-Mobile-Safari/video.webm]]

[[ATTACHMENT|transaction-history-Transa-2ab61-iled-cancelled-transactions-Mobile-Safari/error-context.md]]
]]>
</system-out>
</testcase>
<testcase name="Transaction History &amp; Tracking › @edge Corrupted data handling" classname="transaction-history.spec.ts" time="6.423">
<failure message="transaction-history.spec.ts:552:7 @edge Corrupted data handling" type="FAILURE">
<![CDATA[  [Mobile Safari] › transaction-history.spec.ts:552:7 › Transaction History & Tracking › @edge Corrupted data handling 

    Error: Timed out 5000ms waiting for expect(locator).toBeVisible()

    Locator: locator('text=Error loading transactions')
    Expected: visible
    Received: <element(s) not found>
    Call log:
      - Expect "toBeVisible" with timeout 5000ms
      - waiting for locator('text=Error loading transactions')


      563 |     
      564 |     // Verify error handling
    > 565 |     await expect(page.locator('text=Error loading transactions')).toBeVisible();
          |                                                                   ^
      566 |     await expect(page.locator('button:has-text("Retry")')).toBeVisible();
      567 |   });
      568 |
        at /Users/gailad/Documents/Dev Projects/PacheduConnect/tests/e2e/transaction-history.spec.ts:565:67

    attachment #1: screenshot (image/png) ──────────────────────────────────────────────────────────
    ../../test-results/transaction-history-Transa-f77b3-dge-Corrupted-data-handling-Mobile-Safari/test-failed-1.png
    ────────────────────────────────────────────────────────────────────────────────────────────────

    attachment #2: video (video/webm) ──────────────────────────────────────────────────────────────
    ../../test-results/transaction-history-Transa-f77b3-dge-Corrupted-data-handling-Mobile-Safari/video.webm
    ────────────────────────────────────────────────────────────────────────────────────────────────

    Error Context: ../../test-results/transaction-history-Transa-f77b3-dge-Corrupted-data-handling-Mobile-Safari/error-context.md
]]>
</failure>
<system-out>
<![CDATA[
[[ATTACHMENT|transaction-history-Transa-f77b3-dge-Corrupted-data-handling-Mobile-Safari/test-failed-1.png]]

[[ATTACHMENT|transaction-history-Transa-f77b3-dge-Corrupted-data-handling-Mobile-Safari/video.webm]]

[[ATTACHMENT|transaction-history-Transa-f77b3-dge-Corrupted-data-handling-Mobile-Safari/error-context.md]]
]]>
</system-out>
</testcase>
<testcase name="Transaction History &amp; Tracking › @mobile Mobile transaction list view" classname="transaction-history.spec.ts" time="6.465">
<failure message="transaction-history.spec.ts:570:7 @mobile Mobile transaction list view" type="FAILURE">
<![CDATA[  [Mobile Safari] › transaction-history.spec.ts:570:7 › Transaction History & Tracking › @mobile Mobile transaction list view 

    Error: Timed out 5000ms waiting for expect(locator).toBeVisible()

    Locator: locator('[data-testid="mobile-transaction-card"]')
    Expected: visible
    Received: <element(s) not found>
    Call log:
      - Expect "toBeVisible" with timeout 5000ms
      - waiting for locator('[data-testid="mobile-transaction-card"]')


      575 |     
      576 |     // Verify mobile-optimized layout
    > 577 |     await expect(page.locator('[data-testid="mobile-transaction-card"]')).toBeVisible();
          |                                                                           ^
      578 |     
      579 |     // Test mobile-specific interactions
      580 |     await page.click('[data-testid="mobile-transaction-card"]:first-child');
        at /Users/gailad/Documents/Dev Projects/PacheduConnect/tests/e2e/transaction-history.spec.ts:577:75

    attachment #1: screenshot (image/png) ──────────────────────────────────────────────────────────
    ../../test-results/transaction-history-Transa-762ad-obile-transaction-list-view-Mobile-Safari/test-failed-1.png
    ────────────────────────────────────────────────────────────────────────────────────────────────

    attachment #2: video (video/webm) ──────────────────────────────────────────────────────────────
    ../../test-results/transaction-history-Transa-762ad-obile-transaction-list-view-Mobile-Safari/video.webm
    ────────────────────────────────────────────────────────────────────────────────────────────────

    Error Context: ../../test-results/transaction-history-Transa-762ad-obile-transaction-list-view-Mobile-Safari/error-context.md
]]>
</failure>
<system-out>
<![CDATA[
[[ATTACHMENT|transaction-history-Transa-762ad-obile-transaction-list-view-Mobile-Safari/test-failed-1.png]]

[[ATTACHMENT|transaction-history-Transa-762ad-obile-transaction-list-view-Mobile-Safari/video.webm]]

[[ATTACHMENT|transaction-history-Transa-762ad-obile-transaction-list-view-Mobile-Safari/error-context.md]]
]]>
</system-out>
</testcase>
<testcase name="Transaction History &amp; Tracking › @mobile Mobile filters and search" classname="transaction-history.spec.ts" time="30.156">
<failure message="transaction-history.spec.ts:588:7 @mobile Mobile filters and search" type="FAILURE">
<![CDATA[  [Mobile Safari] › transaction-history.spec.ts:588:7 › Transaction History & Tracking › @mobile Mobile filters and search 

    Test timeout of 30000ms exceeded.

    Error: page.click: Test timeout of 30000ms exceeded.
    Call log:
      - waiting for locator('button[aria-label="Open filters"]')


      592 |     
      593 |     // Open mobile filter menu
    > 594 |     await page.click('button[aria-label="Open filters"]');
          |                ^
      595 |     
      596 |     // Verify mobile filter interface
      597 |     await expect(page.locator('[data-testid="mobile-filters"]')).toBeVisible();
        at /Users/gailad/Documents/Dev Projects/PacheduConnect/tests/e2e/transaction-history.spec.ts:594:16

    attachment #1: screenshot (image/png) ──────────────────────────────────────────────────────────
    ../../test-results/transaction-history-Transa-729b7-e-Mobile-filters-and-search-Mobile-Safari/test-failed-1.png
    ────────────────────────────────────────────────────────────────────────────────────────────────

    attachment #2: video (video/webm) ──────────────────────────────────────────────────────────────
    ../../test-results/transaction-history-Transa-729b7-e-Mobile-filters-and-search-Mobile-Safari/video.webm
    ────────────────────────────────────────────────────────────────────────────────────────────────

    Error Context: ../../test-results/transaction-history-Transa-729b7-e-Mobile-filters-and-search-Mobile-Safari/error-context.md
]]>
</failure>
<system-out>
<![CDATA[
[[ATTACHMENT|transaction-history-Transa-729b7-e-Mobile-filters-and-search-Mobile-Safari/test-failed-1.png]]

[[ATTACHMENT|transaction-history-Transa-729b7-e-Mobile-filters-and-search-Mobile-Safari/video.webm]]

[[ATTACHMENT|transaction-history-Transa-729b7-e-Mobile-filters-and-search-Mobile-Safari/error-context.md]]
]]>
</system-out>
</testcase>
<testcase name="Transaction History &amp; Tracking › @mobile Mobile bulk actions" classname="transaction-history.spec.ts" time="30.136">
<failure message="transaction-history.spec.ts:609:7 @mobile Mobile bulk actions" type="FAILURE">
<![CDATA[  [Mobile Safari] › transaction-history.spec.ts:609:7 › Transaction History & Tracking › @mobile Mobile bulk actions 

    Test timeout of 30000ms exceeded.

    Error: page.click: Test timeout of 30000ms exceeded.
    Call log:
      - waiting for locator('[data-testid="mobile-transaction-card"]:first-child')


      613 |     
      614 |     // Long press to select (mobile gesture)
    > 615 |     await page.click('[data-testid="mobile-transaction-card"]:first-child', { button: 'right' });
          |                ^
      616 |     await expect(page.locator('[data-testid="mobile-selection-mode"]')).toBeVisible();
      617 |     
      618 |     // Select multiple items
        at /Users/gailad/Documents/Dev Projects/PacheduConnect/tests/e2e/transaction-history.spec.ts:615:16

    attachment #1: screenshot (image/png) ──────────────────────────────────────────────────────────
    ../../test-results/transaction-history-Transa-e69f3--mobile-Mobile-bulk-actions-Mobile-Safari/test-failed-1.png
    ────────────────────────────────────────────────────────────────────────────────────────────────

    attachment #2: video (video/webm) ──────────────────────────────────────────────────────────────
    ../../test-results/transaction-history-Transa-e69f3--mobile-Mobile-bulk-actions-Mobile-Safari/video.webm
    ────────────────────────────────────────────────────────────────────────────────────────────────

    Error Context: ../../test-results/transaction-history-Transa-e69f3--mobile-Mobile-bulk-actions-Mobile-Safari/error-context.md
]]>
</failure>
<system-out>
<![CDATA[
[[ATTACHMENT|transaction-history-Transa-e69f3--mobile-Mobile-bulk-actions-Mobile-Safari/test-failed-1.png]]

[[ATTACHMENT|transaction-history-Transa-e69f3--mobile-Mobile-bulk-actions-Mobile-Safari/video.webm]]

[[ATTACHMENT|transaction-history-Transa-e69f3--mobile-Mobile-bulk-actions-Mobile-Safari/error-context.md]]
]]>
</system-out>
</testcase>
<testcase name="Transaction History &amp; Tracking › @mobile Mobile dispute flow" classname="transaction-history.spec.ts" time="30.123">
<failure message="transaction-history.spec.ts:628:7 @mobile Mobile dispute flow" type="FAILURE">
<![CDATA[  [Mobile Safari] › transaction-history.spec.ts:628:7 › Transaction History & Tracking › @mobile Mobile dispute flow 

    Test timeout of 30000ms exceeded.

    Error: page.click: Test timeout of 30000ms exceeded.
    Call log:
      - waiting for locator('[data-testid="mobile-transaction-card"]:first-child')


      630 |     
      631 |     await page.goto('/transactions');
    > 632 |     await page.click('[data-testid="mobile-transaction-card"]:first-child');
          |                ^
      633 |     
      634 |     // Open mobile dispute form
      635 |     await page.click('button:has-text("Report Issue")');
        at /Users/gailad/Documents/Dev Projects/PacheduConnect/tests/e2e/transaction-history.spec.ts:632:16

    attachment #1: screenshot (image/png) ──────────────────────────────────────────────────────────
    ../../test-results/transaction-history-Transa-19a14--mobile-Mobile-dispute-flow-Mobile-Safari/test-failed-1.png
    ────────────────────────────────────────────────────────────────────────────────────────────────

    attachment #2: video (video/webm) ──────────────────────────────────────────────────────────────
    ../../test-results/transaction-history-Transa-19a14--mobile-Mobile-dispute-flow-Mobile-Safari/video.webm
    ────────────────────────────────────────────────────────────────────────────────────────────────

    Error Context: ../../test-results/transaction-history-Transa-19a14--mobile-Mobile-dispute-flow-Mobile-Safari/error-context.md
]]>
</failure>
<system-out>
<![CDATA[
[[ATTACHMENT|transaction-history-Transa-19a14--mobile-Mobile-dispute-flow-Mobile-Safari/test-failed-1.png]]

[[ATTACHMENT|transaction-history-Transa-19a14--mobile-Mobile-dispute-flow-Mobile-Safari/video.webm]]

[[ATTACHMENT|transaction-history-Transa-19a14--mobile-Mobile-dispute-flow-Mobile-Safari/error-context.md]]
]]>
</system-out>
</testcase>
<testcase name="Transaction History &amp; Tracking › @mobile Mobile accessibility" classname="transaction-history.spec.ts" time="6.63">
<failure message="transaction-history.spec.ts:651:7 @mobile Mobile accessibility" type="FAILURE">
<![CDATA[  [Mobile Safari] › transaction-history.spec.ts:651:7 › Transaction History & Tracking › @mobile Mobile accessibility 

    Error: Timed out 5000ms waiting for expect(locator).toBeVisible()

    Locator: locator('[aria-label*="transaction"]')
    Expected: visible
    Received: <element(s) not found>
    Call log:
      - Expect "toBeVisible" with timeout 5000ms
      - waiting for locator('[aria-label*="transaction"]')


      655 |     
      656 |     // Test mobile screen reader compatibility
    > 657 |     await expect(page.locator('[aria-label*="transaction"]')).toBeVisible();
          |                                                               ^
      658 |     
      659 |     // Test mobile keyboard navigation
      660 |     await page.keyboard.press('Tab');
        at /Users/gailad/Documents/Dev Projects/PacheduConnect/tests/e2e/transaction-history.spec.ts:657:63

    attachment #1: screenshot (image/png) ──────────────────────────────────────────────────────────
    ../../test-results/transaction-history-Transa-5f924-mobile-Mobile-accessibility-Mobile-Safari/test-failed-1.png
    ────────────────────────────────────────────────────────────────────────────────────────────────

    attachment #2: video (video/webm) ──────────────────────────────────────────────────────────────
    ../../test-results/transaction-history-Transa-5f924-mobile-Mobile-accessibility-Mobile-Safari/video.webm
    ────────────────────────────────────────────────────────────────────────────────────────────────

    Error Context: ../../test-results/transaction-history-Transa-5f924-mobile-Mobile-accessibility-Mobile-Safari/error-context.md
]]>
</failure>
<system-out>
<![CDATA[
[[ATTACHMENT|transaction-history-Transa-5f924-mobile-Mobile-accessibility-Mobile-Safari/test-failed-1.png]]

[[ATTACHMENT|transaction-history-Transa-5f924-mobile-Mobile-accessibility-Mobile-Safari/video.webm]]

[[ATTACHMENT|transaction-history-Transa-5f924-mobile-Mobile-accessibility-Mobile-Safari/error-context.md]]
]]>
</system-out>
</testcase>
</testsuite>
</testsuites>